Symbol="BANF"
AssetType="Common Stock"
Name="BancFirst Corporation"
Description="BancFirst Corporation is BancFirst's banking holding company providing a range of commercial banking services to retail and small and medium-sized business clients. The company is headquartered in Oklahoma City, Oklahoma."
CIK="760498"
Exchange="NASDAQ"
Currency="USD"
Country="USA"
Sector="FINANCE"
Industry="NATIONAL COMMERCIAL BANKS"
Address="101 N BROADWAY STE 200, OKLAHOMA CITY, OK, US"
FiscalYearEnd="December"
LatestQuarter="2023-03-31"
MarketCapitalization="3099500000"
EBITDA="None"
PERatio="14.7"
PEGRatio="2.08"
BookValue="39.84"
DividendPerShare="1.56"
DividendYield="0.017"
EPS="6.41"
RevenuePerShareTTM="17.84"
ProfitMargin="0.367"
OperatingMarginTTM="0.491"
ReturnOnAssetsTTM="0.0172"
ReturnOnEquityTTM="0.173"
RevenueTTM="585785000"
GrossProfitTTM="547344000"
DilutedEPSTTM="6.41"
QuarterlyEarningsGrowthYOY="0.593"
QuarterlyRevenueGrowthYOY="0.331"
AnalystTargetPrice="83"
TrailingPE="14.7"
ForwardPE="15.5"
PriceToSalesRatioTTM="5.64"
PriceToBookRatio="2.545"
EVToRevenue="-"
EVToEBITDA="-"
Beta="1.072"
num_52WeekHigh="115.94"
num_52WeekLow="68.13"
num_50DayMovingAverage="85.49"
num_200DayMovingAverage="88.62"
SharesOutstanding="32899900"
DividendDate="2023-07-17"
ExDividendDate="2023-06-29"
symbol="BANF"
open="92.96"
high="95.21"
low="92.92"
price="94.21"
volume="72881.00"
latest_trading_day="2023-07-07"
previous_close="92.66"
change="1.55"
change_percent="1.6728%"
aroon_positive_momentum_days="25"
aroon_negative_momentum_days="0"
trend_strength="Absent or Weak Trend"
buying_signal="Weak Buy Signal"
volume_analysis="Target Volume"
value_analysis="Expected Range"
Aroon_change="FALSE"
Aroon_momentum="25"
Volume_recent_avg="105828"
Change_recent_avg="0.1"
Delta_recent_avg="2.87"
Variance_recent_avg="1.44"
Change_ratio_recent_avg="0.08"
RSI_change="FALSE"
ADX_change="FALSE"

event="FALSE"
Aroon_signal="positive"
Aroon_change="FALSE"
Aroon_momentum_positive="25"
Aroon_momentum_negative="75"
image_negative_thumbnail_id_1="498"
image_negative_url_1="https://hehge.com/wp-content/uploads/sites/16/2023/06/MI_Finance_Negative_Landscape_0107.jpeg"
image_negative_thumbnail_id_2="136"
image_negative_url_2="https://hehge.com/wp-content/uploads/sites/16/2023/05/MI_Finance_Negative_Landscape_0040.jpeg"
image_neutral_thumbnail_id_1="523"
image_neutral_url_1="https://hehge.com/wp-content/uploads/sites/16/2023/06/MI_Finance_Neutral_Landscape_0076.jpeg"
image_neutral_thumbnail_id_2="575"
image_neutral_url_2="https://hehge.com/wp-content/uploads/sites/16/2023/06/MI_Finance_Neutral_Landscape_0024.jpeg"
image_positive_thumbnail_id_1="1009"
image_positive_url_1="https://hehge.com/wp-content/uploads/sites/16/2023/06/MI_Finance_Positive_Landscape_0171.jpeg"
image_positive_thumbnail_id_2="671"
image_positive_url_2="https://hehge.com/wp-content/uploads/sites/16/2023/06/MI_Finance_Positive_Landscape_0037.jpeg"
image_professor_thumbnail_id_1="1182"
image_professor_url_1="https://hehge.com/wp-content/uploads/sites/16/2023/06/MI_Finance_Professor_Landscape_0016.jpeg"
image_professor_thumbnail_id_2="1202"
image_professor_url_2="https://hehge.com/wp-content/uploads/sites/16/2023/06/MI_Finance_Professor_Landscape_0036.jpeg"
