Symbol="BKSC"
AssetType="Common Stock"
Name="Bank of South Carolina Corp"
Description="Bank of South Carolina Corporation is the bank holding company of The Bank of South Carolina providing financial services to individuals, professionals, and small and medium-sized businesses in South Carolina. The company is headquartered in Charleston, South Carolina."
CIK="1007273"
Exchange="NASDAQ"
Currency="USD"
Country="USA"
Sector="FINANCE"
Industry="STATE COMMERCIAL BANKS"
Address="256 MEETING ST, P O BOX 538, CHARLESTON, SC, US"
FiscalYearEnd="December"
LatestQuarter="2023-06-30"
MarketCapitalization="77342000"
EBITDA="None"
PERatio="11.62"
PEGRatio="0"
BookValue="7.67"
DividendPerShare="0.68"
DividendYield="0.0489"
EPS="1.2"
RevenuePerShareTTM="3.804"
ProfitMargin="0.308"
OperatingMarginTTM="0.39"
ReturnOnAssetsTTM="0.01"
ReturnOnEquityTTM="0.155"
RevenueTTM="21118700"
GrossProfitTTM="21036600"
DilutedEPSTTM="1.2"
QuarterlyEarningsGrowthYOY="-0.148"
QuarterlyRevenueGrowthYOY="-0.018"
AnalystTargetPrice="None"
TrailingPE="11.62"
ForwardPE="-"
PriceToSalesRatioTTM="4.374"
PriceToBookRatio="2.529"
EVToRevenue="-"
EVToEBITDA="-"
Beta="0.41"
num_52WeekHigh="17.57"
num_52WeekLow="13.36"
num_50DayMovingAverage="13.96"
num_200DayMovingAverage="15.39"
SharesOutstanding="5548200"
DividendDate="2023-07-31"
ExDividendDate="2023-06-30"
symbol="BKSC"
open="13.89"
high="13.89"
low="13.89"
price="13.89"
volume="81.00"
latest_trading_day="2023-08-11"
previous_close="13.89"
change="0.00"
change_percent="0.0000%"
aroon_positive_momentum_days="28"
aroon_negative_momentum_days="0"
trend_strength="Absent or Weak Trend"
buying_signal="Weak Buy Signal"
volume_analysis="Target Volume"
value_analysis="Expected Range"
Aroon_change="FALSE"
Aroon_momentum="28"
Volume_recent_avg="4423"
Change_recent_avg="-0.02"
Delta_recent_avg="0.36"
Variance_recent_avg="0.18"
Change_ratio_recent_avg="-0.12"
RSI_change="FALSE"
ADX_change="FALSE"

event="FALSE"
Aroon_signal="positive"
Aroon_change="FALSE"
Aroon_momentum_positive="28"
Aroon_momentum_negative="72"
image_negative_thumbnail_id_1="1155"
image_negative_url_1="https://hehge.com/wp-content/uploads/sites/16/2023/06/MI_Finance_Negative_Landscape_0189.jpeg"
image_negative_thumbnail_id_2="143"
image_negative_url_2="https://hehge.com/wp-content/uploads/sites/16/2023/05/MI_Finance_Negative_Landscape_0033.jpeg"
image_neutral_thumbnail_id_1="521"
image_neutral_url_1="https://hehge.com/wp-content/uploads/sites/16/2023/06/MI_Finance_Neutral_Landscape_0078.jpeg"
image_neutral_thumbnail_id_2="556"
image_neutral_url_2="https://hehge.com/wp-content/uploads/sites/16/2023/06/MI_Finance_Neutral_Landscape_0043.jpeg"
image_positive_thumbnail_id_1="976"
image_positive_url_1="https://hehge.com/wp-content/uploads/sites/16/2023/06/MI_Finance_Positive_Landscape_0138.jpeg"
image_positive_thumbnail_id_2="626"
image_positive_url_2="https://hehge.com/wp-content/uploads/sites/16/2023/06/MI_Finance_Positive_Landscape_0082.jpeg"
image_professor_thumbnail_id_1="1178"
image_professor_url_1="https://hehge.com/wp-content/uploads/sites/16/2023/06/MI_Finance_Professor_Landscape_0012.jpeg"
image_professor_thumbnail_id_2="1192"
image_professor_url_2="https://hehge.com/wp-content/uploads/sites/16/2023/06/MI_Finance_Professor_Landscape_0026.jpeg"
