Symbol="KFS"
AssetType="Common Stock"
Name="Kingsway Financial Services Inc"
Description="Kingsway Financial Services Inc., is involved in the leased and extended warranty real estate business. The company is headquartered in Itasca, Illinois."
CIK="1072627"
Exchange="NYSE"
Currency="USD"
Country="USA"
Sector="FINANCE"
Industry="FIRE, MARINE & CASUALTY INSURANCE"
Address="45 ST. CLAIR WEST, SUITE 400, TORONTO, ON, CA"
FiscalYearEnd="December"
LatestQuarter="2023-03-31"
MarketCapitalization="219530000"
EBITDA="9234000"
PERatio="13.43"
PEGRatio="0"
BookValue="1.099"
DividendPerShare="0"
DividendYield="0"
EPS="2.098"
RevenuePerShareTTM="4.365"
ProfitMargin="0.544"
OperatingMarginTTM="0.0276"
ReturnOnAssetsTTM="0.0052"
ReturnOnEquityTTM="722.24"
RevenueTTM="101514000"
GrossProfitTTM="66956000"
DilutedEPSTTM="2.46"
QuarterlyEarningsGrowthYOY="0"
QuarterlyRevenueGrowthYOY="0.231"
AnalystTargetPrice="1"
TrailingPE="3.386"
ForwardPE="-"
PriceToSalesRatioTTM="1.558"
PriceToBookRatio="6.03"
EVToRevenue="3.308"
EVToEBITDA="-"
Beta="-0.335"
num_52WeekHigh="10.6"
num_52WeekLow="5.77"
num_50DayMovingAverage="8.43"
num_200DayMovingAverage="8.15"
SharesOutstanding="26354100"
DividendDate="None"
ExDividendDate="2009-06-11"
symbol="KFS"
open="8.36"
high="8.48"
low="8.29"
price="8.33"
volume="28141.00"
latest_trading_day="2023-07-28"
previous_close="8.32"
change="0.01"
change_percent="0.1202%"
aroon_positive_momentum_days="0"
aroon_negative_momentum_days="59"
trend_strength="Absent or Weak Trend"
buying_signal="Weak Sell Signal"
volume_analysis="Target Volume"
value_analysis="Expected Range"
Aroon_change="FALSE"
Aroon_momentum="41"
Volume_recent_avg="81730"
Change_recent_avg="-0.03"
Delta_recent_avg="0.29"
Variance_recent_avg="0.15"
Change_ratio_recent_avg="-0.32"
RSI_change="FALSE"
ADX_change="FALSE"

event="FALSE"
Aroon_signal="negative"
Aroon_change="FALSE"
Aroon_momentum_positive="41"
Aroon_momentum_negative="59"
image_negative_thumbnail_id_1="509"
image_negative_url_1="https://hehge.com/wp-content/uploads/sites/16/2023/06/MI_Finance_Negative_Landscape_0096.jpeg"
image_negative_thumbnail_id_2="1165"
image_negative_url_2="https://hehge.com/wp-content/uploads/sites/16/2023/06/MI_Finance_Negative_Landscape_0199.jpeg"
image_neutral_thumbnail_id_1="587"
image_neutral_url_1="https://hehge.com/wp-content/uploads/sites/16/2023/06/MI_Finance_Neutral_Landscape_0012.jpeg"
image_neutral_thumbnail_id_2="582"
image_neutral_url_2="https://hehge.com/wp-content/uploads/sites/16/2023/06/MI_Finance_Neutral_Landscape_0017.jpeg"
image_positive_thumbnail_id_1="948"
image_positive_url_1="https://hehge.com/wp-content/uploads/sites/16/2023/06/MI_Finance_Positive_Landscape_0110.jpeg"
image_positive_thumbnail_id_2="642"
image_positive_url_2="https://hehge.com/wp-content/uploads/sites/16/2023/06/MI_Finance_Positive_Landscape_0066.jpeg"
image_professor_thumbnail_id_1="1188"
image_professor_url_1="https://hehge.com/wp-content/uploads/sites/16/2023/06/MI_Finance_Professor_Landscape_0022.jpeg"
image_professor_thumbnail_id_2="1201"
image_professor_url_2="https://hehge.com/wp-content/uploads/sites/16/2023/06/MI_Finance_Professor_Landscape_0035.jpeg"
