Symbol="KFS"
AssetType="Common Stock"
Name="Kingsway Financial Services Inc"
Description="Kingsway Financial Services Inc., is involved in the leased and extended warranty real estate business. The company is headquartered in Itasca, Illinois."
CIK="1072627"
Exchange="NYSE"
Currency="USD"
Country="USA"
Sector="FINANCE"
Industry="FIRE, MARINE & CASUALTY INSURANCE"
Address="45 ST. CLAIR WEST, SUITE 400, TORONTO, ON, CA"
FiscalYearEnd="December"
LatestQuarter="2023-06-30"
MarketCapitalization="219003000"
EBITDA="10128000"
PERatio="3.378"
PEGRatio="0"
BookValue="0.995"
DividendPerShare="0"
DividendYield="0"
EPS="2.46"
RevenuePerShareTTM="4.429"
ProfitMargin="0.534"
OperatingMarginTTM="0.0353"
ReturnOnAssetsTTM="0.007"
ReturnOnEquityTTM="0.343"
RevenueTTM="105679000"
GrossProfitTTM="66956000"
DilutedEPSTTM="2.46"
QuarterlyEarningsGrowthYOY="0"
QuarterlyRevenueGrowthYOY="0.172"
AnalystTargetPrice="1"
TrailingPE="3.378"
ForwardPE="-"
PriceToSalesRatioTTM="1.558"
PriceToBookRatio="6.03"
EVToRevenue="3.308"
EVToEBITDA="-"
Beta="-0.334"
num_52WeekHigh="10.6"
num_52WeekLow="5.77"
num_50DayMovingAverage="8.38"
num_200DayMovingAverage="8.25"
SharesOutstanding="26354100"
DividendDate="None"
ExDividendDate="2009-06-11"
symbol="KFS"
open="8.21"
high="8.37"
low="8.18"
price="8.31"
volume="75280.00"
latest_trading_day="2023-08-11"
previous_close="8.24"
change="0.07"
change_percent="0.8495%"
aroon_positive_momentum_days="0"
aroon_negative_momentum_days="69"
trend_strength="Absent or Weak Trend"
buying_signal="Weak Sell Signal"
volume_analysis="Target Volume"
value_analysis="Expected Range"
Aroon_change="FALSE"
Aroon_momentum="31"
Volume_recent_avg="83449"
Change_recent_avg="-0.02"
Delta_recent_avg="0.26"
Variance_recent_avg="0.13"
Change_ratio_recent_avg="-0.26"
RSI_change="FALSE"
ADX_change="FALSE"

event="FALSE"
Aroon_signal="negative"
Aroon_change="FALSE"
Aroon_momentum_positive="31"
Aroon_momentum_negative="69"
image_negative_thumbnail_id_1="509"
image_negative_url_1="https://hehge.com/wp-content/uploads/sites/16/2023/06/MI_Finance_Negative_Landscape_0096.jpeg"
image_negative_thumbnail_id_2="505"
image_negative_url_2="https://hehge.com/wp-content/uploads/sites/16/2023/06/MI_Finance_Negative_Landscape_0100.jpeg"
image_neutral_thumbnail_id_1="538"
image_neutral_url_1="https://hehge.com/wp-content/uploads/sites/16/2023/06/MI_Finance_Neutral_Landscape_0061.jpeg"
image_neutral_thumbnail_id_2="544"
image_neutral_url_2="https://hehge.com/wp-content/uploads/sites/16/2023/06/MI_Finance_Neutral_Landscape_0055.jpeg"
image_positive_thumbnail_id_1="950"
image_positive_url_1="https://hehge.com/wp-content/uploads/sites/16/2023/06/MI_Finance_Positive_Landscape_0112.jpeg"
image_positive_thumbnail_id_2="960"
image_positive_url_2="https://hehge.com/wp-content/uploads/sites/16/2023/06/MI_Finance_Positive_Landscape_0122.jpeg"
image_professor_thumbnail_id_1="1182"
image_professor_url_1="https://hehge.com/wp-content/uploads/sites/16/2023/06/MI_Finance_Professor_Landscape_0016.jpeg"
image_professor_thumbnail_id_2="1202"
image_professor_url_2="https://hehge.com/wp-content/uploads/sites/16/2023/06/MI_Finance_Professor_Landscape_0036.jpeg"
