Symbol="SUPV"
AssetType="Common Stock"
Name="Grupo Supervielle SA"
Description="Grupo Supervielle SA, a financial services holding company, offers various banking products and services in Argentina. The company is headquartered in Buenos Aires, Argentina."
CIK="1517399"
Exchange="NYSE"
Currency="USD"
Country="USA"
Sector="FINANCE"
Industry="COMMERCIAL BANKS, NEC"
Address="BARTOLOME MITRE 434, 5TH GLOOR, C1036AAH, BUENOS AIRES, AR"
FiscalYearEnd="December"
LatestQuarter="2023-03-31"
MarketCapitalization="524578000"
EBITDA="None"
PERatio="None"
PEGRatio="0.29"
BookValue="1269.61"
DividendPerShare="0"
DividendYield="0.0161"
EPS="-0.12"
RevenuePerShareTTM="1239.59"
ProfitMargin="-0.0294"
OperatingMarginTTM="-0.0561"
ReturnOnAssetsTTM="-0.0055"
ReturnOnEquityTTM="-0.0377"
RevenueTTM="111917146000"
GrossProfitTTM="111060917000"
DilutedEPSTTM="-0.12"
QuarterlyEarningsGrowthYOY="-0.71"
QuarterlyRevenueGrowthYOY="0.026"
AnalystTargetPrice="1.8"
TrailingPE="-"
ForwardPE="-"
PriceToSalesRatioTTM="0.0054"
PriceToBookRatio="0.348"
EVToRevenue="-"
EVToEBITDA="-"
Beta="1.739"
num_52WeekHigh="3.57"
num_52WeekLow="1.54"
num_50DayMovingAverage="3.006"
num_200DayMovingAverage="2.471"
SharesOutstanding="91344000"
DividendDate="2022-05-24"
ExDividendDate="2021-05-12"
symbol="SUPV"
open="2.70"
high="2.76"
low="2.69"
price="2.70"
volume="730210.00"
latest_trading_day="2023-08-22"
previous_close="2.68"
change="0.02"
change_percent="0.7463%"
aroon_positive_momentum_days="54"
aroon_negative_momentum_days="0"
trend_strength="Absent or Weak Trend"
buying_signal="Weak Buy Signal"
volume_analysis="Target Volume"
value_analysis="Expected Range"
Aroon_change="FALSE"
Aroon_momentum="54"
Volume_recent_avg="481480"
Change_recent_avg="0.01"
Delta_recent_avg="0.14"
Variance_recent_avg="0.07"
Change_ratio_recent_avg="0.27"
RSI_change="FALSE"
ADX_change="FALSE"

event="FALSE"
Aroon_signal="positive"
Aroon_change="FALSE"
Aroon_momentum_positive="54"
Aroon_momentum_negative="46"
image_negative_thumbnail_id_1="148"
image_negative_url_1="https://hehge.com/wp-content/uploads/sites/16/2023/05/MI_Finance_Negative_Landscape_0028.jpeg"
image_negative_thumbnail_id_2="1138"
image_negative_url_2="https://hehge.com/wp-content/uploads/sites/16/2023/06/MI_Finance_Negative_Landscape_0171.jpeg"
image_neutral_thumbnail_id_1="523"
image_neutral_url_1="https://hehge.com/wp-content/uploads/sites/16/2023/06/MI_Finance_Neutral_Landscape_0076.jpeg"
image_neutral_thumbnail_id_2="581"
image_neutral_url_2="https://hehge.com/wp-content/uploads/sites/16/2023/06/MI_Finance_Neutral_Landscape_0018.jpeg"
image_positive_thumbnail_id_1="998"
image_positive_url_1="https://hehge.com/wp-content/uploads/sites/16/2023/06/MI_Finance_Positive_Landscape_0160.jpeg"
image_positive_thumbnail_id_2="985"
image_positive_url_2="https://hehge.com/wp-content/uploads/sites/16/2023/06/MI_Finance_Positive_Landscape_0147.jpeg"
image_professor_thumbnail_id_1="1170"
image_professor_url_1="https://hehge.com/wp-content/uploads/sites/16/2023/06/MI_Finance_Professor_Landscape_0004.jpeg"
image_professor_thumbnail_id_2="1184"
image_professor_url_2="https://hehge.com/wp-content/uploads/sites/16/2023/06/MI_Finance_Professor_Landscape_0018.jpeg"
