Symbol="GLRE"
AssetType="Common Stock"
Name="Greenlight Capital Re Ltd"
Description="Greenlight Capital Re, Ltd., is a worldwide property and casualty reinsurance company. The company is headquartered in Grand Cayman, the Cayman Islands."
CIK="1385613"
Exchange="NASDAQ"
Currency="USD"
Country="USA"
Sector="FINANCE"
Industry="FIRE, MARINE & CASUALTY INSURANCE"
Address="65 MARKET STREET, SUITE 1207,, CAMANA BAY, P.O. BOX 31110, GRAND CAYMAN, KY"
FiscalYearEnd="December"
LatestQuarter="2023-03-31"
MarketCapitalization="359327000"
EBITDA="42044000"
PERatio="9.7"
PEGRatio="2.38"
BookValue="14.46"
DividendPerShare="0"
DividendYield="0"
EPS="1.05"
RevenuePerShareTTM="16.05"
ProfitMargin="0.0674"
OperatingMarginTTM="0.0855"
ReturnOnAssetsTTM="0.0188"
ReturnOnEquityTTM="0.0755"
RevenueTTM="548716000"
GrossProfitTTM="73634000"
DilutedEPSTTM="1.05"
QuarterlyEarningsGrowthYOY="0.424"
QuarterlyRevenueGrowthYOY="0.115"
AnalystTargetPrice="1"
TrailingPE="9.7"
ForwardPE="-"
PriceToSalesRatioTTM="0.487"
PriceToBookRatio="0.571"
EVToRevenue="0.661"
EVToEBITDA="-"
Beta="0.983"
num_52WeekHigh="10.69"
num_52WeekLow="6.96"
num_50DayMovingAverage="9.94"
num_200DayMovingAverage="9.0"
SharesOutstanding="29008000"
DividendDate="None"
ExDividendDate="None"
symbol="GLRE"
open="10.10"
high="10.31"
low="10.10"
price="10.19"
volume="53648.00"
latest_trading_day="2023-07-07"
previous_close="10.06"
change="0.13"
change_percent="1.2922%"
image_negative_thumbnail_id_1="1088"
image_negative_url_1="https://hehge.com/wp-content/uploads/sites/16/2023/06/MI_Finance_Negative_Landscape_0121.jpeg"
image_negative_thumbnail_id_2="1086"
image_negative_url_2="https://hehge.com/wp-content/uploads/sites/16/2023/06/MI_Finance_Negative_Landscape_0119.jpeg"
image_neutral_thumbnail_id_1="556"
image_neutral_url_1="https://hehge.com/wp-content/uploads/sites/16/2023/06/MI_Finance_Neutral_Landscape_0043.jpeg"
image_neutral_thumbnail_id_2="552"
image_neutral_url_2="https://hehge.com/wp-content/uploads/sites/16/2023/06/MI_Finance_Neutral_Landscape_0047.jpeg"
image_positive_thumbnail_id_1="625"
image_positive_url_1="https://hehge.com/wp-content/uploads/sites/16/2023/06/MI_Finance_Positive_Landscape_0083.jpeg"
image_positive_thumbnail_id_2="600"
image_positive_url_2="https://hehge.com/wp-content/uploads/sites/16/2023/06/MI_Finance_Positive_Landscape_0108.jpeg"
image_professor_thumbnail_id_1="1170"
image_professor_url_1="https://hehge.com/wp-content/uploads/sites/16/2023/06/MI_Finance_Professor_Landscape_0004.jpeg"
image_professor_thumbnail_id_2="1202"
image_professor_url_2="https://hehge.com/wp-content/uploads/sites/16/2023/06/MI_Finance_Professor_Landscape_0036.jpeg"
