Symbol="CADE"
AssetType="Common Stock"
Name="Cadence Bancorp"
Description="Cadence Bancorporation, a financial portfolio company, through its subsidiary, Cadence Bank, a National Association that provides banking and wealth management services to businesses, high-net-worth individuals, business owners, and retail clients. The company is headquartered in Houston, Texas."
CIK="1614184"
Exchange="NYSE"
Currency="USD"
Country="USA"
Sector="FINANCE"
Industry="NATIONAL COMMERCIAL BANKS"
Address="2800 POST OAK BOULEVARD SUITE 3800, 77056, TX, US"
FiscalYearEnd="December"
LatestQuarter="2023-03-31"
MarketCapitalization="3780891000"
EBITDA="None"
PERatio="9.15"
PEGRatio="0"
BookValue="23.67"
DividendPerShare="0.895"
DividendYield="0.0449"
EPS="2.26"
RevenuePerShareTTM="9.94"
ProfitMargin="0.234"
OperatingMarginTTM="0.355"
ReturnOnAssetsTTM="0.0086"
ReturnOnEquityTTM="0.093"
RevenueTTM="1815419000"
GrossProfitTTM="1837335000"
DilutedEPSTTM="2.26"
QuarterlyEarningsGrowthYOY="-0.333"
QuarterlyRevenueGrowthYOY="-0.05"
AnalystTargetPrice="23.96"
TrailingPE="9.15"
ForwardPE="6.14"
PriceToSalesRatioTTM="2.715"
PriceToBookRatio="1.094"
EVToRevenue="-"
EVToEBITDA="-"
Beta="0.999"
num_52WeekHigh="28.52"
num_52WeekLow="16.76"
num_50DayMovingAverage="19.51"
num_200DayMovingAverage="23.7"
SharesOutstanding="182740000"
DividendDate="2023-07-03"
ExDividendDate="2023-06-14"
symbol="CADE"
open="21.42"
high="21.45"
low="20.50"
price="20.69"
volume="1609648.00"
latest_trading_day="2023-07-14"
previous_close="21.17"
change="-0.48"
change_percent="-2.2674%"
aroon_positive_momentum_days="20"
aroon_negative_momentum_days="0"
trend_strength="Absent or Weak Trend"
buying_signal="Weak Buy Signal"
volume_analysis="Target Volume"
value_analysis="Expected Range"
Aroon_change="FALSE"
Aroon_momentum="20"
Volume_recent_avg="1580990"
Change_recent_avg="-0.07"
Delta_recent_avg="0.87"
Variance_recent_avg="0.43"
Change_ratio_recent_avg="-0.35"
RSI_change="FALSE"
ADX_change="FALSE"

event="FALSE"
Aroon_signal="positive"
Aroon_change="FALSE"
Aroon_momentum_positive="20"
Aroon_momentum_negative="80"
image_negative_thumbnail_id_1="162"
image_negative_url_1="https://hehge.com/wp-content/uploads/sites/16/2023/05/MI_Finance_Negative_Landscape_0014.jpeg"
image_negative_thumbnail_id_2="503"
image_negative_url_2="https://hehge.com/wp-content/uploads/sites/16/2023/06/MI_Finance_Negative_Landscape_0102.jpeg"
image_neutral_thumbnail_id_1="581"
image_neutral_url_1="https://hehge.com/wp-content/uploads/sites/16/2023/06/MI_Finance_Neutral_Landscape_0018.jpeg"
image_neutral_thumbnail_id_2="588"
image_neutral_url_2="https://hehge.com/wp-content/uploads/sites/16/2023/06/MI_Finance_Neutral_Landscape_0011.jpeg"
image_positive_thumbnail_id_1="1011"
image_positive_url_1="https://hehge.com/wp-content/uploads/sites/16/2023/06/MI_Finance_Positive_Landscape_0173.jpeg"
image_positive_thumbnail_id_2="994"
image_positive_url_2="https://hehge.com/wp-content/uploads/sites/16/2023/06/MI_Finance_Positive_Landscape_0156.jpeg"
image_professor_thumbnail_id_1="1176"
image_professor_url_1="https://hehge.com/wp-content/uploads/sites/16/2023/06/MI_Finance_Professor_Landscape_0010.jpeg"
image_professor_thumbnail_id_2="1182"
image_professor_url_2="https://hehge.com/wp-content/uploads/sites/16/2023/06/MI_Finance_Professor_Landscape_0016.jpeg"
aroon_positive_momentum_days="20"
aroon_negative_momentum_days="0"
trend_strength="Absent or Weak Trend"
buying_signal="Weak Buy Signal"
volume_analysis="Target Volume"
value_analysis="Expected Range"
Aroon_change="FALSE"
Aroon_momentum="20"
Volume_recent_avg="1580990"
Change_recent_avg="-0.07"
Delta_recent_avg="0.87"
Variance_recent_avg="0.43"
Change_ratio_recent_avg="-0.35"
RSI_change="FALSE"
ADX_change="FALSE"

event="FALSE"
Aroon_signal="positive"
Aroon_change="FALSE"
Aroon_momentum_positive="20"
Aroon_momentum_negative="80"
image_negative_thumbnail_id_1="1113"
image_negative_url_1="https://hehge.com/wp-content/uploads/sites/16/2023/06/MI_Finance_Negative_Landscape_0146.jpeg"
image_negative_thumbnail_id_2="1140"
image_negative_url_2="https://hehge.com/wp-content/uploads/sites/16/2023/06/MI_Finance_Negative_Landscape_0173.jpeg"
image_neutral_thumbnail_id_1="552"
image_neutral_url_1="https://hehge.com/wp-content/uploads/sites/16/2023/06/MI_Finance_Neutral_Landscape_0047.jpeg"
image_neutral_thumbnail_id_2="536"
image_neutral_url_2="https://hehge.com/wp-content/uploads/sites/16/2023/06/MI_Finance_Neutral_Landscape_0063.jpeg"
image_positive_thumbnail_id_1="958"
image_positive_url_1="https://hehge.com/wp-content/uploads/sites/16/2023/06/MI_Finance_Positive_Landscape_0120.jpeg"
image_positive_thumbnail_id_2="694"
image_positive_url_2="https://hehge.com/wp-content/uploads/sites/16/2023/06/MI_Finance_Positive_Landscape_0014.jpeg"
image_professor_thumbnail_id_1="1191"
image_professor_url_1="https://hehge.com/wp-content/uploads/sites/16/2023/06/MI_Finance_Professor_Landscape_0025.jpeg"
image_professor_thumbnail_id_2="1184"
image_professor_url_2="https://hehge.com/wp-content/uploads/sites/16/2023/06/MI_Finance_Professor_Landscape_0018.jpeg"
