Symbol="OSBC"
AssetType="Common Stock"
Name="Old Second Bancorp Inc"
Description="Old Second Bancorp, Inc. is the banking holding company for Old Second National Bank providing a range of banking services. The company is headquartered in Aurora, Illinois."
CIK="357173"
Exchange="NASDAQ"
Currency="USD"
Country="USA"
Sector="FINANCE"
Industry="STATE COMMERCIAL BANKS"
Address="37 S RIVER ST, AURORA, IL, US"
FiscalYearEnd="December"
LatestQuarter="2023-06-30"
MarketCapitalization="657617000"
EBITDA="None"
PERatio="7.25"
PEGRatio="2.6"
BookValue="11.51"
DividendPerShare="0.2"
DividendYield="0.0136"
EPS="2.03"
RevenuePerShareTTM="6.09"
ProfitMargin="0.34"
OperatingMarginTTM="0.481"
ReturnOnAssetsTTM="0.0155"
ReturnOnEquityTTM="0.192"
RevenueTTM="271840000"
GrossProfitTTM="242722000"
DilutedEPSTTM="2.03"
QuarterlyEarningsGrowthYOY="1.074"
QuarterlyRevenueGrowthYOY="0.294"
AnalystTargetPrice="18.5"
TrailingPE="7.25"
ForwardPE="8.71"
PriceToSalesRatioTTM="3.648"
PriceToBookRatio="1.718"
EVToRevenue="-"
EVToEBITDA="-"
Beta="1.116"
num_52WeekHigh="17.62"
num_52WeekLow="10.76"
num_50DayMovingAverage="14.52"
num_200DayMovingAverage="14.98"
SharesOutstanding="44675100"
DividendDate="2023-08-07"
ExDividendDate="2023-07-27"
symbol="OSBC"
open="14.90"
high="14.96"
low="14.62"
price="14.72"
volume="87821.00"
latest_trading_day="2023-08-21"
previous_close="14.83"
change="-0.11"
change_percent="-0.7417%"
aroon_positive_momentum_days="39"
aroon_negative_momentum_days="0"
trend_strength="Absent or Weak Trend"
buying_signal="Strong Buy Signal"
volume_analysis="Target Volume"
value_analysis="Expected Range"
Aroon_change="FALSE"
Aroon_momentum="39"
Volume_recent_avg="172994"
Change_recent_avg="0.01"
Delta_recent_avg="0.42"
Variance_recent_avg="0.21"
Change_ratio_recent_avg="-0.06"
RSI_change="FALSE"
ADX_change="FALSE"

event="FALSE"
Aroon_signal="positive"
Aroon_change="FALSE"
Aroon_momentum_positive="39"
Aroon_momentum_negative="61"
image_negative_thumbnail_id_1="1092"
image_negative_url_1="https://hehge.com/wp-content/uploads/sites/16/2023/06/MI_Finance_Negative_Landscape_0125.jpeg"
image_negative_thumbnail_id_2="146"
image_negative_url_2="https://hehge.com/wp-content/uploads/sites/16/2023/05/MI_Finance_Negative_Landscape_0030.jpeg"
image_neutral_thumbnail_id_1="573"
image_neutral_url_1="https://hehge.com/wp-content/uploads/sites/16/2023/06/MI_Finance_Neutral_Landscape_0026.jpeg"
image_neutral_thumbnail_id_2="530"
image_neutral_url_2="https://hehge.com/wp-content/uploads/sites/16/2023/06/MI_Finance_Neutral_Landscape_0069.jpeg"
image_positive_thumbnail_id_1="704"
image_positive_url_1="https://hehge.com/wp-content/uploads/sites/16/2023/06/MI_Finance_Positive_Landscape_0004.jpeg"
image_positive_thumbnail_id_2="678"
image_positive_url_2="https://hehge.com/wp-content/uploads/sites/16/2023/06/MI_Finance_Positive_Landscape_0030.jpeg"
image_professor_thumbnail_id_1="1176"
image_professor_url_1="https://hehge.com/wp-content/uploads/sites/16/2023/06/MI_Finance_Professor_Landscape_0010.jpeg"
image_professor_thumbnail_id_2="1168"
image_professor_url_2="https://hehge.com/wp-content/uploads/sites/16/2023/06/MI_Finance_Professor_Landscape_0002.jpeg"
