Symbol="COIN"
AssetType="Common Stock"
Name="Coinbase Global Inc"
Description="Coinbase Global, Inc. provides financial infrastructure and technology for the crypto economy. The company is headquartered in Wilmington, Delaware."
CIK="1679788"
Exchange="NASDAQ"
Currency="USD"
Country="USA"
Sector="FINANCE"
Industry="FINANCE SERVICES"
Address="C/O THE CORPORATION TRUST COMPANY, 1209 ORANGE STREET, WILMINGTON, DE, US"
FiscalYearEnd="December"
LatestQuarter="2023-03-31"
MarketCapitalization="22084012000"
EBITDA="-1534013056"
PERatio="None"
PEGRatio="1.53"
BookValue="24.2"
DividendPerShare="0"
DividendYield="0"
EPS="-9.88"
RevenuePerShareTTM="12.05"
ProfitMargin="-0.836"
OperatingMarginTTM="-0.624"
ReturnOnAssetsTTM="-0.0133"
ReturnOnEquityTTM="-0.374"
RevenueTTM="2720378000"
GrossProfitTTM="3149440000"
DilutedEPSTTM="-9.88"
QuarterlyEarningsGrowthYOY="3.27"
QuarterlyRevenueGrowthYOY="-0.368"
AnalystTargetPrice="0.4"
TrailingPE="-"
ForwardPE="60.24"
PriceToSalesRatioTTM="2.088"
PriceToBookRatio="1.623"
EVToRevenue="1.429"
EVToEBITDA="-5.33"
Beta="2.604"
num_52WeekHigh="116.3"
num_52WeekLow="31.55"
num_50DayMovingAverage="73.37"
num_200DayMovingAverage="60.64"
SharesOutstanding="186879000"
DividendDate="None"
ExDividendDate="None"
symbol="COIN"
open="95.88"
high="95.95"
low="89.23"
price="94.15"
volume="11616436.00"
latest_trading_day="2023-08-01"
previous_close="98.61"
change="-4.46"
change_percent="-4.5229%"
aroon_positive_momentum_days="55"
aroon_negative_momentum_days="0"
trend_strength="Absent or Weak Trend"
buying_signal="Weak Buy Signal"
volume_analysis="Target Volume"
value_analysis="Expected Range"
Aroon_change="FALSE"
Aroon_momentum="55"
Volume_recent_avg="16892816"
Change_recent_avg="0.35"
Delta_recent_avg="5.2"
Variance_recent_avg="2.6"
Change_ratio_recent_avg="0.34"
RSI_change="FALSE"
ADX_change="FALSE"

event="FALSE"
Aroon_signal="positive"
Aroon_change="FALSE"
Aroon_momentum_positive="55"
Aroon_momentum_negative="45"
image_negative_thumbnail_id_1="1092"
image_negative_url_1="https://hehge.com/wp-content/uploads/sites/16/2023/06/MI_Finance_Negative_Landscape_0125.jpeg"
image_negative_thumbnail_id_2="1141"
image_negative_url_2="https://hehge.com/wp-content/uploads/sites/16/2023/06/MI_Finance_Negative_Landscape_0174.jpeg"
image_neutral_thumbnail_id_1="548"
image_neutral_url_1="https://hehge.com/wp-content/uploads/sites/16/2023/06/MI_Finance_Neutral_Landscape_0051.jpeg"
image_neutral_thumbnail_id_2="563"
image_neutral_url_2="https://hehge.com/wp-content/uploads/sites/16/2023/06/MI_Finance_Neutral_Landscape_0036.jpeg"
image_positive_thumbnail_id_1="675"
image_positive_url_1="https://hehge.com/wp-content/uploads/sites/16/2023/06/MI_Finance_Positive_Landscape_0033.jpeg"
image_positive_thumbnail_id_2="1003"
image_positive_url_2="https://hehge.com/wp-content/uploads/sites/16/2023/06/MI_Finance_Positive_Landscape_0165.jpeg"
image_professor_thumbnail_id_1="1187"
image_professor_url_1="https://hehge.com/wp-content/uploads/sites/16/2023/06/MI_Finance_Professor_Landscape_0021.jpeg"
image_professor_thumbnail_id_2="1196"
image_professor_url_2="https://hehge.com/wp-content/uploads/sites/16/2023/06/MI_Finance_Professor_Landscape_0030.jpeg"
