Symbol="OPHC"
AssetType="Common Stock"
Name="OptimumBank Holdings Inc"
Description="OptimumBank Holdings, Inc. is OptimumBank's banking holding company that provides various commercial and consumer banking services to individuals and businesses. The company is headquartered in Fort Lauderdale, Florida."
CIK="1288855"
Exchange="NASDAQ"
Currency="USD"
Country="USA"
Sector="FINANCE"
Industry="NATIONAL COMMERCIAL BANKS"
Address="2477 EAST COMMERCIAL BOULEVARD, FORT LAUDERDALE, FL, US"
FiscalYearEnd="December"
LatestQuarter="2023-06-30"
MarketCapitalization="22838200"
EBITDA="None"
PERatio="4.565"
PEGRatio="0"
BookValue="8.95"
DividendPerShare="0"
DividendYield="0"
EPS="0.69"
RevenuePerShareTTM="2.574"
ProfitMargin="0.257"
OperatingMarginTTM="0.368"
ReturnOnAssetsTTM="0.0086"
ReturnOnEquityTTM="0.0757"
RevenueTTM="16813000"
GrossProfitTTM="15330000"
DilutedEPSTTM="0.69"
QuarterlyEarningsGrowthYOY="-0.084"
QuarterlyRevenueGrowthYOY="0.426"
AnalystTargetPrice="None"
TrailingPE="4.565"
ForwardPE="-"
PriceToSalesRatioTTM="1.933"
PriceToBookRatio="0.559"
EVToRevenue="-"
EVToEBITDA="-"
Beta="0.466"
num_52WeekHigh="4.8"
num_52WeekLow="2.77"
num_50DayMovingAverage="2.99"
num_200DayMovingAverage="3.628"
SharesOutstanding="7250200"
DividendDate="None"
ExDividendDate="None"
symbol="OPHC"
open="3.15"
high="3.15"
low="3.15"
price="3.15"
volume="339.00"
latest_trading_day="2023-08-04"
previous_close="3.13"
change="0.02"
change_percent="0.6390%"
aroon_positive_momentum_days="6"
aroon_negative_momentum_days="0"
trend_strength="Absent or Weak Trend"
buying_signal="Weak Buy Signal"
volume_analysis="Target Volume"
value_analysis="Expected Range"
Aroon_change="FALSE"
Aroon_momentum="6"
Volume_recent_avg="6591"
Change_recent_avg="-0.01"
Delta_recent_avg="0.11"
Variance_recent_avg="0.06"
Change_ratio_recent_avg="-0.23"
RSI_change="FALSE"
ADX_change="FALSE"

event="FALSE"
Aroon_signal="positive"
Aroon_change="FALSE"
Aroon_momentum_positive="6"
Aroon_momentum_negative="94"
image_negative_thumbnail_id_1="1101"
image_negative_url_1="https://hehge.com/wp-content/uploads/sites/16/2023/06/MI_Finance_Negative_Landscape_0134.jpeg"
image_negative_thumbnail_id_2="520"
image_negative_url_2="https://hehge.com/wp-content/uploads/sites/16/2023/06/MI_Finance_Negative_Landscape_0085.jpeg"
image_neutral_thumbnail_id_1="571"
image_neutral_url_1="https://hehge.com/wp-content/uploads/sites/16/2023/06/MI_Finance_Neutral_Landscape_0028.jpeg"
image_neutral_thumbnail_id_2="559"
image_neutral_url_2="https://hehge.com/wp-content/uploads/sites/16/2023/06/MI_Finance_Neutral_Landscape_0040.jpeg"
image_positive_thumbnail_id_1="987"
image_positive_url_1="https://hehge.com/wp-content/uploads/sites/16/2023/06/MI_Finance_Positive_Landscape_0149.jpeg"
image_positive_thumbnail_id_2="978"
image_positive_url_2="https://hehge.com/wp-content/uploads/sites/16/2023/06/MI_Finance_Positive_Landscape_0140.jpeg"
image_professor_thumbnail_id_1="1178"
image_professor_url_1="https://hehge.com/wp-content/uploads/sites/16/2023/06/MI_Finance_Professor_Landscape_0012.jpeg"
image_professor_thumbnail_id_2="1170"
image_professor_url_2="https://hehge.com/wp-content/uploads/sites/16/2023/06/MI_Finance_Professor_Landscape_0004.jpeg"
