Symbol="PACW"
AssetType="Common Stock"
Name="PacWest Bancorp"
Description="PacWest Bancorp is the banking holding company for Pacific Western Bank offering various banking products and services. The company is headquartered in Beverly Hills, California."
CIK="1102112"
Exchange="NASDAQ"
Currency="USD"
Country="USA"
Sector="FINANCE"
Industry="NATIONAL COMMERCIAL BANKS"
Address="130 S. STATE COLLEGE BLVD., BREA, CA, US"
FiscalYearEnd="December"
LatestQuarter="2023-06-30"
MarketCapitalization="1059891000"
EBITDA="None"
PERatio="None"
PEGRatio="1.56"
BookValue="21.47"
DividendPerShare="0.76"
DividendYield="0.0046"
EPS="-9.98"
RevenuePerShareTTM="8.76"
ProfitMargin="-1.173"
OperatingMarginTTM="0.206"
ReturnOnAssetsTTM="-0.0306"
ReturnOnEquityTTM="-0.372"
RevenueTTM="1033440000"
GrossProfitTTM="1341089000"
DilutedEPSTTM="-9.98"
QuarterlyEarningsGrowthYOY="-0.711"
QuarterlyRevenueGrowthYOY="-0.864"
AnalystTargetPrice="11.56"
TrailingPE="-"
ForwardPE="5.86"
PriceToSalesRatioTTM="1.911"
PriceToBookRatio="0.843"
EVToRevenue="-"
EVToEBITDA="-"
Beta="1.451"
num_52WeekHigh="29.81"
num_52WeekLow="2.475"
num_50DayMovingAverage="8.46"
num_200DayMovingAverage="16.52"
SharesOutstanding="120169000"
DividendDate="2023-08-31"
ExDividendDate="2023-05-12"
symbol="PACW"
open="8.76"
high="8.86"
low="8.58"
price="8.82"
volume="3044641.00"
latest_trading_day="2023-08-10"
previous_close="8.71"
change="0.11"
change_percent="1.2629%"
aroon_positive_momentum_days="13"
aroon_negative_momentum_days="0"
trend_strength="Absent or Weak Trend"
buying_signal="Strong Buy Signal"
volume_analysis="Target Volume"
value_analysis="Expected Range"
Aroon_change="FALSE"
Aroon_momentum="13"
Volume_recent_avg="22289587"
Change_recent_avg="-0.09"
Delta_recent_avg="0.81"
Variance_recent_avg="0.41"
Change_ratio_recent_avg="-1.26"
RSI_change="FALSE"
ADX_change="FALSE"

event="FALSE"
Aroon_signal="positive"
Aroon_change="FALSE"
Aroon_momentum_positive="13"
Aroon_momentum_negative="87"
image_negative_thumbnail_id_1="506"
image_negative_url_1="https://hehge.com/wp-content/uploads/sites/16/2023/06/MI_Finance_Negative_Landscape_0099.jpeg"
image_negative_thumbnail_id_2="1094"
image_negative_url_2="https://hehge.com/wp-content/uploads/sites/16/2023/06/MI_Finance_Negative_Landscape_0127.jpeg"
image_neutral_thumbnail_id_1="549"
image_neutral_url_1="https://hehge.com/wp-content/uploads/sites/16/2023/06/MI_Finance_Neutral_Landscape_0050.jpeg"
image_neutral_thumbnail_id_2="557"
image_neutral_url_2="https://hehge.com/wp-content/uploads/sites/16/2023/06/MI_Finance_Neutral_Landscape_0042.jpeg"
image_positive_thumbnail_id_1="646"
image_positive_url_1="https://hehge.com/wp-content/uploads/sites/16/2023/06/MI_Finance_Positive_Landscape_0062.jpeg"
image_positive_thumbnail_id_2="702"
image_positive_url_2="https://hehge.com/wp-content/uploads/sites/16/2023/06/MI_Finance_Positive_Landscape_0006.jpeg"
image_professor_thumbnail_id_1="1201"
image_professor_url_1="https://hehge.com/wp-content/uploads/sites/16/2023/06/MI_Finance_Professor_Landscape_0035.jpeg"
image_professor_thumbnail_id_2="1181"
image_professor_url_2="https://hehge.com/wp-content/uploads/sites/16/2023/06/MI_Finance_Professor_Landscape_0015.jpeg"
