Symbol="IROQ"
AssetType="Common Stock"
Name="IF Bancorp Inc"
Description="IF Bancorp, Inc. is the savings and loan holding company of the Federal Iroquois Savings and Loans Association, offering a range of banking and financial services to individual and corporate clients. The company is headquartered in Watseka, Illinois."
CIK="1514743"
Exchange="NASDAQ"
Currency="USD"
Country="USA"
Sector="FINANCE"
Industry="SAVINGS INSTITUTION, FEDERALLY CHARTERED"
Address="201 E. CHERRY ST, WATSEKA, IL, US"
FiscalYearEnd="June"
LatestQuarter="2023-03-31"
MarketCapitalization="49380200"
EBITDA="None"
PERatio="9.38"
PEGRatio="0"
BookValue="23.08"
DividendPerShare="0.4"
DividendYield="0.0257"
EPS="1.57"
RevenuePerShareTTM="8.4"
ProfitMargin="0.194"
OperatingMarginTTM="0.268"
ReturnOnAssetsTTM="0.0063"
ReturnOnEquityTTM="0.067"
RevenueTTM="26338000"
GrossProfitTTM="27275000"
DilutedEPSTTM="1.57"
QuarterlyEarningsGrowthYOY="-0.432"
QuarterlyRevenueGrowthYOY="-0.131"
AnalystTargetPrice="None"
TrailingPE="9.38"
ForwardPE="-"
PriceToSalesRatioTTM="2.059"
PriceToBookRatio="0.88"
EVToRevenue="-"
EVToEBITDA="-"
Beta="0.55"
num_52WeekHigh="21.97"
num_52WeekLow="13.75"
num_50DayMovingAverage="15.28"
num_200DayMovingAverage="16.28"
SharesOutstanding="3354600"
DividendDate="2023-10-13"
ExDividendDate="2023-09-21"
symbol="IROQ"
open="14.72"
high="14.72"
low="14.72"
price="14.72"
volume="131.00"
latest_trading_day="2023-08-28"
previous_close="15.55"
change="-0.83"
change_percent="-5.3376%"
aroon_positive_momentum_days="42"
aroon_negative_momentum_days="0"
trend_strength="Absent or Weak Trend"
buying_signal="Weak Buy Signal"
volume_analysis="Target Volume"
value_analysis="Expected Range"
Aroon_change="FALSE"
Aroon_momentum="42"
Volume_recent_avg="2915"
Change_recent_avg="0.03"
Delta_recent_avg="0.13"
Variance_recent_avg="0.06"
Change_ratio_recent_avg="0.17"
RSI_change="FALSE"
ADX_change="FALSE"

event="FALSE"
Aroon_signal="positive"
Aroon_change="FALSE"
Aroon_momentum_positive="42"
Aroon_momentum_negative="58"
image_negative_thumbnail_id_1="117"
image_negative_url_1="https://hehge.com/wp-content/uploads/sites/16/2023/05/MI_Finance_Negative_Landscape_0059.jpeg"
image_negative_thumbnail_id_2="147"
image_negative_url_2="https://hehge.com/wp-content/uploads/sites/16/2023/05/MI_Finance_Negative_Landscape_0029.jpeg"
image_neutral_thumbnail_id_1="556"
image_neutral_url_1="https://hehge.com/wp-content/uploads/sites/16/2023/06/MI_Finance_Neutral_Landscape_0043.jpeg"
image_neutral_thumbnail_id_2="537"
image_neutral_url_2="https://hehge.com/wp-content/uploads/sites/16/2023/06/MI_Finance_Neutral_Landscape_0062.jpeg"
image_positive_thumbnail_id_1="984"
image_positive_url_1="https://hehge.com/wp-content/uploads/sites/16/2023/06/MI_Finance_Positive_Landscape_0146.jpeg"
image_positive_thumbnail_id_2="988"
image_positive_url_2="https://hehge.com/wp-content/uploads/sites/16/2023/06/MI_Finance_Positive_Landscape_0150.jpeg"
image_professor_thumbnail_id_1="1191"
image_professor_url_1="https://hehge.com/wp-content/uploads/sites/16/2023/06/MI_Finance_Professor_Landscape_0025.jpeg"
image_professor_thumbnail_id_2="1187"
image_professor_url_2="https://hehge.com/wp-content/uploads/sites/16/2023/06/MI_Finance_Professor_Landscape_0021.jpeg"
