Symbol="ZION"
AssetType="Common Stock"
Name="Zions Bancorporation"
Description="Zions Bancorporation is a bank holding company headquartered in Salt Lake City, Utah."
CIK="109380"
Exchange="NASDAQ"
Currency="USD"
Country="USA"
Sector="FINANCE"
Industry="NATIONAL COMMERCIAL BANKS"
Address="ONE SOUTH MAIN STREET, 11TH FLOOR, SALT LAKE CITY, UT, US"
FiscalYearEnd="December"
LatestQuarter="2023-06-30"
MarketCapitalization="5731691000"
EBITDA="None"
PERatio="6.61"
PEGRatio="0.538"
BookValue="29.95"
DividendPerShare="0"
DividendYield="0.0424"
EPS="5.85"
RevenuePerShareTTM="20.19"
ProfitMargin="0"
OperatingMarginTTM="0"
ReturnOnAssetsTTM="0.0101"
ReturnOnEquityTTM="0.158"
RevenueTTM="3105000000"
GrossProfitTTM="3030000000"
DilutedEPSTTM="5.85"
QuarterlyEarningsGrowthYOY="0.047"
QuarterlyRevenueGrowthYOY="0.104"
AnalystTargetPrice="36.75"
TrailingPE="6.61"
ForwardPE="6.84"
PriceToSalesRatioTTM="2.404"
PriceToBookRatio="1.671"
EVToRevenue="-"
EVToEBITDA="-"
Beta="1.085"
num_52WeekHigh="57.79"
num_52WeekLow="17.94"
num_50DayMovingAverage="30.14"
num_200DayMovingAverage="40.11"
SharesOutstanding="148144000"
DividendDate="2023-05-25"
ExDividendDate="2023-05-17"
symbol="ZION"
open="38.92"
high="39.11"
low="37.65"
price="38.25"
volume="6195327.00"
latest_trading_day="2023-07-31"
previous_close="38.69"
change="-0.44"
change_percent="-1.1372%"
aroon_positive_momentum_days="13"
aroon_negative_momentum_days="0"
trend_strength="Absent or Weak Trend"
buying_signal="Strong Buy Signal"
volume_analysis="Target Volume"
value_analysis="Expected Range"
Aroon_change="FALSE"
Aroon_momentum="13"
Volume_recent_avg="6321285"
Change_recent_avg="-0.1"
Delta_recent_avg="2.11"
Variance_recent_avg="1.05"
Change_ratio_recent_avg="-0.44"
RSI_change="FALSE"
ADX_change="FALSE"

event="FALSE"
Aroon_signal="positive"
Aroon_change="FALSE"
Aroon_momentum_positive="13"
Aroon_momentum_negative="87"
image_negative_thumbnail_id_1="162"
image_negative_url_1="https://hehge.com/wp-content/uploads/sites/16/2023/05/MI_Finance_Negative_Landscape_0014.jpeg"
image_negative_thumbnail_id_2="157"
image_negative_url_2="https://hehge.com/wp-content/uploads/sites/16/2023/05/MI_Finance_Negative_Landscape_0019.jpeg"
image_neutral_thumbnail_id_1="591"
image_neutral_url_1="https://hehge.com/wp-content/uploads/sites/16/2023/06/MI_Finance_Neutral_Landscape_0008.jpeg"
image_neutral_thumbnail_id_2="564"
image_neutral_url_2="https://hehge.com/wp-content/uploads/sites/16/2023/06/MI_Finance_Neutral_Landscape_0035.jpeg"
image_positive_thumbnail_id_1="1015"
image_positive_url_1="https://hehge.com/wp-content/uploads/sites/16/2023/06/MI_Finance_Positive_Landscape_0177.jpeg"
image_positive_thumbnail_id_2="612"
image_positive_url_2="https://hehge.com/wp-content/uploads/sites/16/2023/06/MI_Finance_Positive_Landscape_0096.jpeg"
image_professor_thumbnail_id_1="1185"
image_professor_url_1="https://hehge.com/wp-content/uploads/sites/16/2023/06/MI_Finance_Professor_Landscape_0019.jpeg"
image_professor_thumbnail_id_2="1178"
image_professor_url_2="https://hehge.com/wp-content/uploads/sites/16/2023/06/MI_Finance_Professor_Landscape_0012.jpeg"
