Symbol="GSHD"
AssetType="Common Stock"
Name="Goosehead Insurance Inc"
Description="Goosehead Insurance, Inc. is a portfolio company of Goosehead Financial, LLC providing personal lines insurance agency services in the United States. The company is headquartered in Westlake, Texas."
CIK="1726978"
Exchange="NASDAQ"
Currency="USD"
Country="USA"
Sector="FINANCE"
Industry="INSURANCE AGENTS, BROKERS & SERVICE"
Address="1500 SOLANA BLVD, BUILDING 4, SUITE 4500, WESTLAKE, TX, US"
FiscalYearEnd="December"
LatestQuarter="2023-03-31"
MarketCapitalization="2295014000"
EBITDA="23123000"
PERatio="428"
PEGRatio="None"
BookValue="0.735"
DividendPerShare="0"
DividendYield="0"
EPS="0.14"
RevenuePerShareTTM="10.34"
ProfitMargin="0.0122"
OperatingMarginTTM="0.0725"
ReturnOnAssetsTTM="0.0341"
ReturnOnEquityTTM="0"
RevenueTTM="224664000"
GrossProfitTTM="74694000"
DilutedEPSTTM="0.14"
QuarterlyEarningsGrowthYOY="0.793"
QuarterlyRevenueGrowthYOY="0.404"
AnalystTargetPrice="64.79"
TrailingPE="428"
ForwardPE="43.29"
PriceToSalesRatioTTM="7.94"
PriceToBookRatio="147.23"
EVToRevenue="5.6"
EVToEBITDA="-"
Beta="1.194"
num_52WeekHigh="71.04"
num_52WeekLow="29.23"
num_50DayMovingAverage="59.06"
num_200DayMovingAverage="45.87"
SharesOutstanding="23851800"
DividendDate="2021-08-23"
ExDividendDate="2021-08-06"
symbol="GSHD"
open="61.10"
high="61.38"
low="59.45"
price="59.92"
volume="150811.00"
latest_trading_day="2023-07-06"
previous_close="61.50"
change="-1.58"
change_percent="-2.5691%"
aroon_positive_momentum_days="100"
aroon_negative_momentum_days="0"
trend_strength="Absent or Weak Trend"
buying_signal="Strong Buy Signal"
volume_analysis="Target Volume"
value_analysis="Expected Range"
Aroon_change="FALSE"
Aroon_momentum="100"
Volume_recent_avg="216270"
Change_recent_avg="0.11"
Delta_recent_avg="2.17"
Variance_recent_avg="1.09"
Change_ratio_recent_avg="0.19"
RSI_change="FALSE"
ADX_change="FALSE"
Aroon_signal="positive"
Aroon_change="FALSE"
Aroon_momentum_positive="100"
Aroon_momentum_negative="0"
image_negative_thumbnail_id_1="500"
image_negative_url_1="https://hehge.com/wp-content/uploads/sites/16/2023/06/MI_Finance_Negative_Landscape_0105.jpeg"
image_negative_thumbnail_id_2="172"
image_negative_url_2="https://hehge.com/wp-content/uploads/sites/16/2023/05/MI_Finance_Negative_Landscape_0004.jpeg"
image_neutral_thumbnail_id_1="574"
image_neutral_url_1="https://hehge.com/wp-content/uploads/sites/16/2023/06/MI_Finance_Neutral_Landscape_0025.jpeg"
image_neutral_thumbnail_id_2="573"
image_neutral_url_2="https://hehge.com/wp-content/uploads/sites/16/2023/06/MI_Finance_Neutral_Landscape_0026.jpeg"
image_positive_thumbnail_id_1="660"
image_positive_url_1="https://hehge.com/wp-content/uploads/sites/16/2023/06/MI_Finance_Positive_Landscape_0048.jpeg"
image_positive_thumbnail_id_2="1166"
image_positive_url_2="https://hehge.com/wp-content/uploads/sites/16/2023/06/MI_Finance_Positive_Negative_0187.jpeg"
image_professor_thumbnail_id_1="1178"
image_professor_url_1="https://hehge.com/wp-content/uploads/sites/16/2023/06/MI_Finance_Professor_Landscape_0012.jpeg"
image_professor_thumbnail_id_2="1173"
image_professor_url_2="https://hehge.com/wp-content/uploads/sites/16/2023/06/MI_Finance_Professor_Landscape_0007.jpeg"
