Symbol="GSHD"
AssetType="Common Stock"
Name="Goosehead Insurance Inc"
Description="Goosehead Insurance, Inc. is a portfolio company of Goosehead Financial, LLC providing personal lines insurance agency services in the United States. The company is headquartered in Westlake, Texas."
CIK="1726978"
Exchange="NASDAQ"
Currency="USD"
Country="USA"
Sector="FINANCE"
Industry="INSURANCE AGENTS, BROKERS & SERVICE"
Address="1500 SOLANA BLVD, BUILDING 4, SUITE 4500, WESTLAKE, TX, US"
FiscalYearEnd="December"
LatestQuarter="2023-06-30"
MarketCapitalization="2375882000"
EBITDA="32822000"
PERatio="482.23"
PEGRatio="None"
BookValue="1.241"
DividendPerShare="0"
DividendYield="0"
EPS="0.13"
RevenuePerShareTTM="10.68"
ProfitMargin="0.0253"
OperatingMarginTTM="0.105"
ReturnOnAssetsTTM="0.0514"
ReturnOnEquityTTM="0"
RevenueTTM="240754000"
GrossProfitTTM="74694000"
DilutedEPSTTM="0.13"
QuarterlyEarningsGrowthYOY="7.97"
QuarterlyRevenueGrowthYOY="0.307"
AnalystTargetPrice="72.88"
TrailingPE="482.23"
ForwardPE="43.29"
PriceToSalesRatioTTM="7.94"
PriceToBookRatio="147.23"
EVToRevenue="5.6"
EVToEBITDA="-"
Beta="1.217"
num_52WeekHigh="76.36"
num_52WeekLow="29.23"
num_50DayMovingAverage="63.42"
num_200DayMovingAverage="50.21"
SharesOutstanding="23851800"
DividendDate="2021-08-23"
ExDividendDate="2021-08-06"
symbol="GSHD"
open="62.72"
high="62.75"
low="61.10"
price="61.26"
volume="130358.00"
latest_trading_day="2023-08-17"
previous_close="62.69"
change="-1.43"
change_percent="-2.2811%"
aroon_positive_momentum_days="100"
aroon_negative_momentum_days="0"
trend_strength="Absent or Weak Trend"
buying_signal="Weak Buy Signal"
volume_analysis="Target Volume"
value_analysis="Expected Range"
Aroon_change="FALSE"
Aroon_momentum="100"
Volume_recent_avg="174516"
Change_recent_avg="0.03"
Delta_recent_avg="2.05"
Variance_recent_avg="1.02"
Change_ratio_recent_avg="0.04"
RSI_change="FALSE"
ADX_change="FALSE"
Aroon_signal="positive"
Aroon_change="FALSE"
Aroon_momentum_positive="100"
Aroon_momentum_negative="0"
image_negative_thumbnail_id_1="1091"
image_negative_url_1="https://hehge.com/wp-content/uploads/sites/16/2023/06/MI_Finance_Negative_Landscape_0124.jpeg"
image_negative_thumbnail_id_2="96"
image_negative_url_2="https://hehge.com/wp-content/uploads/sites/16/2023/05/MI_Finance_Negative_Landscape_0080.jpeg"
image_neutral_thumbnail_id_1="569"
image_neutral_url_1="https://hehge.com/wp-content/uploads/sites/16/2023/06/MI_Finance_Neutral_Landscape_0030.jpeg"
image_neutral_thumbnail_id_2="581"
image_neutral_url_2="https://hehge.com/wp-content/uploads/sites/16/2023/06/MI_Finance_Neutral_Landscape_0018.jpeg"
image_positive_thumbnail_id_1="976"
image_positive_url_1="https://hehge.com/wp-content/uploads/sites/16/2023/06/MI_Finance_Positive_Landscape_0138.jpeg"
image_positive_thumbnail_id_2="1008"
image_positive_url_2="https://hehge.com/wp-content/uploads/sites/16/2023/06/MI_Finance_Positive_Landscape_0170.jpeg"
image_professor_thumbnail_id_1="1178"
image_professor_url_1="https://hehge.com/wp-content/uploads/sites/16/2023/06/MI_Finance_Professor_Landscape_0012.jpeg"
image_professor_thumbnail_id_2="1202"
image_professor_url_2="https://hehge.com/wp-content/uploads/sites/16/2023/06/MI_Finance_Professor_Landscape_0036.jpeg"
