Symbol="AX"
AssetType="Common Stock"
Name="Axos Financial Inc"
Description="Axos Financial, Inc. offers commercial and consumer banking products in the United States. The company is headquartered in Las Vegas, Nevada."
CIK="1299709"
Exchange="NYSE"
Currency="USD"
Country="USA"
Sector="FINANCE"
Industry="SAVINGS INSTITUTION, FEDERALLY CHARTERED"
Address="4350 LA JOLLA VILLAGE DR., SUITE #140, SAN DIEGO, CA, US"
FiscalYearEnd="June"
LatestQuarter="2023-03-31"
MarketCapitalization="2433075000"
EBITDA="None"
PERatio="8.76"
PEGRatio="None"
BookValue="31.07"
DividendPerShare="0"
DividendYield="0"
EPS="4.7"
RevenuePerShareTTM="13.96"
ProfitMargin="0.332"
OperatingMarginTTM="0.506"
ReturnOnAssetsTTM="0.0155"
ReturnOnEquityTTM="0.162"
RevenueTTM="835910000"
GrossProfitTTM="702021000"
DilutedEPSTTM="4.7"
QuarterlyEarningsGrowthYOY="0.294"
QuarterlyRevenueGrowthYOY="0.299"
AnalystTargetPrice="48.67"
TrailingPE="8.76"
ForwardPE="7.55"
PriceToSalesRatioTTM="2.972"
PriceToBookRatio="1.334"
EVToRevenue="-"
EVToEBITDA="-"
Beta="1.454"
num_52WeekHigh="51.46"
num_52WeekLow="33.15"
num_50DayMovingAverage="39.47"
num_200DayMovingAverage="39.86"
SharesOutstanding="59113000"
DividendDate="None"
ExDividendDate="None"
symbol="AX"
open="40.30"
high="41.38"
low="40.03"
price="41.16"
volume="305589.00"
latest_trading_day="2023-07-11"
previous_close="40.21"
change="0.95"
change_percent="2.3626%"
aroon_positive_momentum_days="41"
aroon_negative_momentum_days="0"
trend_strength="Absent or Weak Trend"
buying_signal="Weak Buy Signal"
volume_analysis="Target Volume"
value_analysis="Expected Range"
Aroon_change="FALSE"
Aroon_momentum="41"
Volume_recent_avg="547629"
Change_recent_avg="-0.1"
Delta_recent_avg="1.58"
Variance_recent_avg="0.79"
Change_ratio_recent_avg="-0.29"
RSI_change="FALSE"
ADX_change="FALSE"

event="FALSE"
Aroon_signal="positive"
Aroon_change="FALSE"
Aroon_momentum_positive="41"
Aroon_momentum_negative="59"
image_negative_thumbnail_id_1="509"
image_negative_url_1="https://hehge.com/wp-content/uploads/sites/16/2023/06/MI_Finance_Negative_Landscape_0096.jpeg"
image_negative_thumbnail_id_2="507"
image_negative_url_2="https://hehge.com/wp-content/uploads/sites/16/2023/06/MI_Finance_Negative_Landscape_0098.jpeg"
image_neutral_thumbnail_id_1="573"
image_neutral_url_1="https://hehge.com/wp-content/uploads/sites/16/2023/06/MI_Finance_Neutral_Landscape_0026.jpeg"
image_neutral_thumbnail_id_2="533"
image_neutral_url_2="https://hehge.com/wp-content/uploads/sites/16/2023/06/MI_Finance_Neutral_Landscape_0066.jpeg"
image_positive_thumbnail_id_1="950"
image_positive_url_1="https://hehge.com/wp-content/uploads/sites/16/2023/06/MI_Finance_Positive_Landscape_0112.jpeg"
image_positive_thumbnail_id_2="687"
image_positive_url_2="https://hehge.com/wp-content/uploads/sites/16/2023/06/MI_Finance_Positive_Landscape_0021.jpeg"
image_professor_thumbnail_id_1="1201"
image_professor_url_1="https://hehge.com/wp-content/uploads/sites/16/2023/06/MI_Finance_Professor_Landscape_0035.jpeg"
image_professor_thumbnail_id_2="1194"
image_professor_url_2="https://hehge.com/wp-content/uploads/sites/16/2023/06/MI_Finance_Professor_Landscape_0028.jpeg"
