Symbol="IBOC"
AssetType="Common Stock"
Name="International Bancshares Corporation"
Description="International Bancshares Corporation, a multi-bank financial holding company, provides commercial and retail banking services. The company is headquartered in Laredo, Texas."
CIK="315709"
Exchange="NASDAQ"
Currency="USD"
Country="USA"
Sector="FINANCE"
Industry="STATE COMMERCIAL BANKS"
Address="12OO SAN BERNARDO AVE, PO BOX 1359, LAREDO, TX, US"
FiscalYearEnd="December"
LatestQuarter="2023-03-31"
MarketCapitalization="2797642000"
EBITDA="None"
PERatio="8.09"
PEGRatio="0"
BookValue="34.71"
DividendPerShare="1.23"
DividendYield="0.0282"
EPS="5.57"
RevenuePerShareTTM="11.51"
ProfitMargin="0.485"
OperatingMarginTTM="0.63"
ReturnOnAssetsTTM="0.0223"
ReturnOnEquityTTM="0.162"
RevenueTTM="717991000"
GrossProfitTTM="653108000"
DilutedEPSTTM="5.57"
QuarterlyEarningsGrowthYOY="0.94"
QuarterlyRevenueGrowthYOY="0.491"
AnalystTargetPrice="22"
TrailingPE="8.09"
ForwardPE="-"
PriceToSalesRatioTTM="4.717"
PriceToBookRatio="1.522"
EVToRevenue="-"
EVToEBITDA="-"
Beta="0.996"
num_52WeekHigh="52.98"
num_52WeekLow="38.46"
num_50DayMovingAverage="44.14"
num_200DayMovingAverage="45.59"
SharesOutstanding="62115000"
DividendDate="2023-02-28"
ExDividendDate="2023-02-14"
symbol="IBOC"
open="45.91"
high="46.38"
low="45.46"
price="45.86"
volume="188464.00"
latest_trading_day="2023-07-12"
previous_close="45.04"
change="0.82"
change_percent="1.8206%"
aroon_positive_momentum_days="30"
aroon_negative_momentum_days="0"
trend_strength="Absent or Weak Trend"
buying_signal="Weak Buy Signal"
volume_analysis="Target Volume"
value_analysis="Expected Range"
Aroon_change="FALSE"
Aroon_momentum="30"
Volume_recent_avg="268217"
Change_recent_avg="-0.03"
Delta_recent_avg="1.45"
Variance_recent_avg="0.72"
Change_ratio_recent_avg="-0.09"
RSI_change="FALSE"
ADX_change="FALSE"

event="FALSE"
Aroon_signal="positive"
Aroon_change="FALSE"
Aroon_momentum_positive="30"
Aroon_momentum_negative="70"
image_negative_thumbnail_id_1="1150"
image_negative_url_1="https://hehge.com/wp-content/uploads/sites/16/2023/06/MI_Finance_Negative_Landscape_0183.jpeg"
image_negative_thumbnail_id_2="1149"
image_negative_url_2="https://hehge.com/wp-content/uploads/sites/16/2023/06/MI_Finance_Negative_Landscape_0182.jpeg"
image_neutral_thumbnail_id_1="523"
image_neutral_url_1="https://hehge.com/wp-content/uploads/sites/16/2023/06/MI_Finance_Neutral_Landscape_0076.jpeg"
image_neutral_thumbnail_id_2="568"
image_neutral_url_2="https://hehge.com/wp-content/uploads/sites/16/2023/06/MI_Finance_Neutral_Landscape_0031.jpeg"
image_positive_thumbnail_id_1="627"
image_positive_url_1="https://hehge.com/wp-content/uploads/sites/16/2023/06/MI_Finance_Positive_Landscape_0081.jpeg"
image_positive_thumbnail_id_2="673"
image_positive_url_2="https://hehge.com/wp-content/uploads/sites/16/2023/06/MI_Finance_Positive_Landscape_0035.jpeg"
image_professor_thumbnail_id_1="1172"
image_professor_url_1="https://hehge.com/wp-content/uploads/sites/16/2023/06/MI_Finance_Professor_Landscape_0006.jpeg"
image_professor_thumbnail_id_2="1191"
image_professor_url_2="https://hehge.com/wp-content/uploads/sites/16/2023/06/MI_Finance_Professor_Landscape_0025.jpeg"
