Symbol="NWLI"
AssetType="Common Stock"
Name="National Western Life Insurance Co"
Description="National Western Life Group, Inc., through its subsidiary, National Western Life Insurance Company, is a joint-stock life insurance company. The company is headquartered in Austin, Texas."
CIK="1635984"
Exchange="NASDAQ"
Currency="USD"
Country="USA"
Sector="FINANCE"
Industry="LIFE INSURANCE"
Address="C/O NATIONAL WESTERN LIFE INSURANCE CO., PO BOX 209080, AUSTIN, TX, US"
FiscalYearEnd="December"
LatestQuarter="2023-06-30"
MarketCapitalization="1655516000"
EBITDA="-53491000"
PERatio="101.41"
PEGRatio="0"
BookValue="626.56"
DividendPerShare="0.36"
DividendYield="0.0008"
EPS="4.49"
RevenuePerShareTTM="176.2"
ProfitMargin="-0.0796"
OperatingMarginTTM="-0.103"
ReturnOnAssetsTTM="-0.0032"
ReturnOnEquityTTM="-0.0233"
RevenueTTM="640655000"
GrossProfitTTM="261851000"
DilutedEPSTTM="4.49"
QuarterlyEarningsGrowthYOY="-0.693"
QuarterlyRevenueGrowthYOY="0.574"
AnalystTargetPrice="None"
TrailingPE="101.41"
ForwardPE="-"
PriceToSalesRatioTTM="1.64"
PriceToBookRatio="0.409"
EVToRevenue="0.753"
EVToEBITDA="-"
Beta="0.789"
num_52WeekHigh="460"
num_52WeekLow="166.64"
num_50DayMovingAverage="415.15"
num_200DayMovingAverage="300.22"
SharesOutstanding="3436000"
DividendDate="2022-12-01"
ExDividendDate="2022-11-04"
symbol="NWLI"
open="456.38"
high="456.38"
low="446.29"
price="447.99"
volume="10019.00"
latest_trading_day="2023-08-21"
previous_close="455.31"
change="-7.32"
change_percent="-1.6077%"
aroon_positive_momentum_days="66"
aroon_negative_momentum_days="0"
trend_strength="Strong Trend"
buying_signal="Weak Buy Signal"
volume_analysis="Trending Low"
value_analysis="Bearish Trend"
Aroon_change="FALSE"
Aroon_momentum="66"
Volume_recent_avg="12755"
Change_recent_avg="1.51"
Delta_recent_avg="8.46"
Variance_recent_avg="4.23"
Change_ratio_recent_avg="0.44"
RSI_change="FALSE"
ADX_change="FALSE"

event="FALSE"
Aroon_signal="positive"
Aroon_change="FALSE"
Aroon_momentum_positive="66"
Aroon_momentum_negative="34"
image_negative_thumbnail_id_1="1108"
image_negative_url_1="https://hehge.com/wp-content/uploads/sites/16/2023/06/MI_Finance_Negative_Landscape_0141.jpeg"
image_negative_thumbnail_id_2="488"
image_negative_url_2="https://hehge.com/wp-content/uploads/sites/16/2023/06/MI_Finance_Negative_Landscape_0117.jpeg"
image_neutral_thumbnail_id_1="583"
image_neutral_url_1="https://hehge.com/wp-content/uploads/sites/16/2023/06/MI_Finance_Neutral_Landscape_0016.jpeg"
image_neutral_thumbnail_id_2="584"
image_neutral_url_2="https://hehge.com/wp-content/uploads/sites/16/2023/06/MI_Finance_Neutral_Landscape_0015.jpeg"
image_positive_thumbnail_id_1="618"
image_positive_url_1="https://hehge.com/wp-content/uploads/sites/16/2023/06/MI_Finance_Positive_Landscape_0090.jpeg"
image_positive_thumbnail_id_2="650"
image_positive_url_2="https://hehge.com/wp-content/uploads/sites/16/2023/06/MI_Finance_Positive_Landscape_0058.jpeg"
image_professor_thumbnail_id_1="1193"
image_professor_url_1="https://hehge.com/wp-content/uploads/sites/16/2023/06/MI_Finance_Professor_Landscape_0027.jpeg"
image_professor_thumbnail_id_2="1172"
image_professor_url_2="https://hehge.com/wp-content/uploads/sites/16/2023/06/MI_Finance_Professor_Landscape_0006.jpeg"
