Symbol="NWLI"
AssetType="Common Stock"
Name="National Western Life Insurance Co"
Description="National Western Life Group, Inc., through its subsidiary, National Western Life Insurance Company, is a joint-stock life insurance company. The company is headquartered in Austin, Texas."
CIK="1635984"
Exchange="NASDAQ"
Currency="USD"
Country="USA"
Sector="FINANCE"
Industry="LIFE INSURANCE"
Address="C/O NATIONAL WESTERN LIFE INSURANCE CO., PO BOX 209080, AUSTIN, TX, US"
FiscalYearEnd="December"
LatestQuarter="2023-03-31"
MarketCapitalization="1523929000"
EBITDA="31463000"
PERatio="93.35"
PEGRatio="0"
BookValue="634.27"
DividendPerShare="0.36"
DividendYield="0.0009"
EPS="4.49"
RevenuePerShareTTM="157.52"
ProfitMargin="0.0277"
OperatingMarginTTM="0.0315"
ReturnOnAssetsTTM="0.0009"
ReturnOnEquityTTM="0.0069"
RevenueTTM="572758000"
GrossProfitTTM="261851000"
DilutedEPSTTM="4.49"
QuarterlyEarningsGrowthYOY="-0.874"
QuarterlyRevenueGrowthYOY="0.104"
AnalystTargetPrice="None"
TrailingPE="93.35"
ForwardPE="-"
PriceToSalesRatioTTM="1.64"
PriceToBookRatio="0.409"
EVToRevenue="0.753"
EVToEBITDA="-"
Beta="0.791"
num_52WeekHigh="431.02"
num_52WeekLow="166.64"
num_50DayMovingAverage="398.15"
num_200DayMovingAverage="281.06"
SharesOutstanding="3436000"
DividendDate="2022-12-01"
ExDividendDate="2022-11-04"
symbol="NWLI"
open="416.54"
high="424.28"
low="415.94"
price="419.12"
volume="13866.00"
latest_trading_day="2023-07-28"
previous_close="419.82"
change="-0.70"
change_percent="-0.1667%"
aroon_positive_momentum_days="54"
aroon_negative_momentum_days="0"
trend_strength="Strong Trend"
buying_signal="Strong Buy Signal"
volume_analysis="Trending Low"
value_analysis="Bearish Trend"
Aroon_change="FALSE"
Aroon_momentum="54"
Volume_recent_avg="11557"
Change_recent_avg="1.08"
Delta_recent_avg="8.23"
Variance_recent_avg="4.11"
Change_ratio_recent_avg="0.33"
RSI_change="FALSE"
ADX_change="FALSE"

event="FALSE"
Aroon_signal="positive"
Aroon_change="FALSE"
Aroon_momentum_positive="54"
Aroon_momentum_negative="46"
image_negative_thumbnail_id_1="1155"
image_negative_url_1="https://hehge.com/wp-content/uploads/sites/16/2023/06/MI_Finance_Negative_Landscape_0189.jpeg"
image_negative_thumbnail_id_2="1151"
image_negative_url_2="https://hehge.com/wp-content/uploads/sites/16/2023/06/MI_Finance_Negative_Landscape_0184.jpeg"
image_neutral_thumbnail_id_1="562"
image_neutral_url_1="https://hehge.com/wp-content/uploads/sites/16/2023/06/MI_Finance_Neutral_Landscape_0037.jpeg"
image_neutral_thumbnail_id_2="549"
image_neutral_url_2="https://hehge.com/wp-content/uploads/sites/16/2023/06/MI_Finance_Neutral_Landscape_0050.jpeg"
image_positive_thumbnail_id_1="965"
image_positive_url_1="https://hehge.com/wp-content/uploads/sites/16/2023/06/MI_Finance_Positive_Landscape_0127.jpeg"
image_positive_thumbnail_id_2="997"
image_positive_url_2="https://hehge.com/wp-content/uploads/sites/16/2023/06/MI_Finance_Positive_Landscape_0159.jpeg"
image_professor_thumbnail_id_1="1190"
image_professor_url_1="https://hehge.com/wp-content/uploads/sites/16/2023/06/MI_Finance_Professor_Landscape_0024.jpeg"
image_professor_thumbnail_id_2="1189"
image_professor_url_2="https://hehge.com/wp-content/uploads/sites/16/2023/06/MI_Finance_Professor_Landscape_0023.jpeg"
