Symbol="USCB"
AssetType="Common Stock"
Name="US Century Bank"
Description="None"
CIK="1901637"
Exchange="NASDAQ"
Currency="USD"
Country="USA"
Sector="FINANCE"
Industry="STATE COMMERCIAL BANKS"
Address="2301 NW 87TH AVENUE, DORAL, FL, US"
FiscalYearEnd="December"
LatestQuarter="2023-03-31"
MarketCapitalization="214277000"
EBITDA="None"
PERatio="10.5"
PEGRatio="None"
BookValue="9.12"
DividendPerShare="0"
DividendYield="0"
EPS="1.04"
RevenuePerShareTTM="3.32"
ProfitMargin="0"
OperatingMarginTTM="0"
ReturnOnAssetsTTM="0.0102"
ReturnOnEquityTTM="0.112"
RevenueTTM="67936000"
GrossProfitTTM="66394000"
DilutedEPSTTM="1.04"
QuarterlyEarningsGrowthYOY="0.208"
QuarterlyRevenueGrowthYOY="0.094"
AnalystTargetPrice="11.94"
TrailingPE="10.5"
ForwardPE="-"
PriceToSalesRatioTTM="3.712"
PriceToBookRatio="1.427"
EVToRevenue="-"
EVToEBITDA="-"
Beta="None"
num_52WeekHigh="14.96"
num_52WeekLow="8.56"
num_50DayMovingAverage="10.59"
num_200DayMovingAverage="11.62"
SharesOutstanding="19622400"
DividendDate="None"
ExDividendDate="None"
symbol="USCB"
open="10.97"
high="11.47"
low="10.87"
price="10.96"
volume="49515.00"
latest_trading_day="2023-07-31"
previous_close="10.92"
change="0.04"
change_percent="0.3663%"
aroon_positive_momentum_days="27"
aroon_negative_momentum_days="0"
trend_strength="Absent or Weak Trend"
buying_signal="Strong Buy Signal"
volume_analysis="Target Volume"
value_analysis="Expected Range"
Aroon_change="FALSE"
Aroon_momentum="27"
Volume_recent_avg="22878"
Change_recent_avg="-0.01"
Delta_recent_avg="0.41"
Variance_recent_avg="0.2"
Change_ratio_recent_avg="-0.09"
RSI_change="FALSE"
ADX_change="FALSE"

event="FALSE"
Aroon_signal="positive"
Aroon_change="FALSE"
Aroon_momentum_positive="27"
Aroon_momentum_negative="73"
image_negative_thumbnail_id_1="1135"
image_negative_url_1="https://hehge.com/wp-content/uploads/sites/16/2023/06/MI_Finance_Negative_Landscape_0168.jpeg"
image_negative_thumbnail_id_2="128"
image_negative_url_2="https://hehge.com/wp-content/uploads/sites/16/2023/05/MI_Finance_Negative_Landscape_0048.jpeg"
image_neutral_thumbnail_id_1="534"
image_neutral_url_1="https://hehge.com/wp-content/uploads/sites/16/2023/06/MI_Finance_Neutral_Landscape_0065.jpeg"
image_neutral_thumbnail_id_2="594"
image_neutral_url_2="https://hehge.com/wp-content/uploads/sites/16/2023/06/MI_Finance_Neutral_Landscape_0005.jpeg"
image_positive_thumbnail_id_1="1007"
image_positive_url_1="https://hehge.com/wp-content/uploads/sites/16/2023/06/MI_Finance_Positive_Landscape_0169.jpeg"
image_positive_thumbnail_id_2="605"
image_positive_url_2="https://hehge.com/wp-content/uploads/sites/16/2023/06/MI_Finance_Positive_Landscape_0103.jpeg"
image_professor_thumbnail_id_1="1190"
image_professor_url_1="https://hehge.com/wp-content/uploads/sites/16/2023/06/MI_Finance_Professor_Landscape_0024.jpeg"
image_professor_thumbnail_id_2="1180"
image_professor_url_2="https://hehge.com/wp-content/uploads/sites/16/2023/06/MI_Finance_Professor_Landscape_0014.jpeg"
