Symbol="USCB"
AssetType="Common Stock"
Name="US Century Bank"
Description="None"
CIK="1901637"
Exchange="NASDAQ"
Currency="USD"
Country="USA"
Sector="FINANCE"
Industry="STATE COMMERCIAL BANKS"
Address="2301 NW 87TH AVENUE, DORAL, FL, US"
FiscalYearEnd="December"
LatestQuarter="2023-03-31"
MarketCapitalization="222322000"
EBITDA="None"
PERatio="10.89"
PEGRatio="None"
BookValue="9.4"
DividendPerShare="0"
DividendYield="0"
EPS="1.04"
RevenuePerShareTTM="3.392"
ProfitMargin="0.297"
OperatingMarginTTM="0.412"
ReturnOnAssetsTTM="0.0094"
ReturnOnEquityTTM="0.11"
RevenueTTM="67363000"
GrossProfitTTM="66394000"
DilutedEPSTTM="1.04"
QuarterlyEarningsGrowthYOY="-0.192"
QuarterlyRevenueGrowthYOY="-0.035"
AnalystTargetPrice="12.25"
TrailingPE="10.89"
ForwardPE="-"
PriceToSalesRatioTTM="3.712"
PriceToBookRatio="1.427"
EVToRevenue="-"
EVToEBITDA="-"
Beta="0.333"
num_52WeekHigh="14.96"
num_52WeekLow="8.56"
num_50DayMovingAverage="10.7"
num_200DayMovingAverage="11.57"
SharesOutstanding="19622400"
DividendDate="None"
ExDividendDate="None"
symbol="USCB"
open="11.01"
high="11.39"
low="11.01"
price="11.33"
volume="12141.00"
latest_trading_day="2023-08-03"
previous_close="11.20"
change="0.13"
change_percent="1.1607%"
aroon_positive_momentum_days="30"
aroon_negative_momentum_days="0"
trend_strength="Absent or Weak Trend"
buying_signal="Strong Buy Signal"
volume_analysis="Target Volume"
value_analysis="Expected Range"
Aroon_change="FALSE"
Aroon_momentum="30"
Volume_recent_avg="22974"
Change_recent_avg="0.01"
Delta_recent_avg="0.41"
Variance_recent_avg="0.2"
Change_ratio_recent_avg="-0.02"
RSI_change="FALSE"
ADX_change="FALSE"

event="aroon_milestone_positive_30"
Aroon_signal="positive"
Aroon_change="FALSE"
Aroon_momentum_positive="30"
Aroon_momentum_negative="70"
image_negative_thumbnail_id_1="122"
image_negative_url_1="https://hehge.com/wp-content/uploads/sites/16/2023/05/MI_Finance_Negative_Landscape_0054.jpeg"
image_negative_thumbnail_id_2="1128"
image_negative_url_2="https://hehge.com/wp-content/uploads/sites/16/2023/06/MI_Finance_Negative_Landscape_0161.jpeg"
image_neutral_thumbnail_id_1="576"
image_neutral_url_1="https://hehge.com/wp-content/uploads/sites/16/2023/06/MI_Finance_Neutral_Landscape_0023.jpeg"
image_neutral_thumbnail_id_2="596"
image_neutral_url_2="https://hehge.com/wp-content/uploads/sites/16/2023/06/MI_Finance_Neutral_Landscape_0003.jpeg"
image_positive_thumbnail_id_1="963"
image_positive_url_1="https://hehge.com/wp-content/uploads/sites/16/2023/06/MI_Finance_Positive_Landscape_0125.jpeg"
image_positive_thumbnail_id_2="995"
image_positive_url_2="https://hehge.com/wp-content/uploads/sites/16/2023/06/MI_Finance_Positive_Landscape_0157.jpeg"
image_professor_thumbnail_id_1="1196"
image_professor_url_1="https://hehge.com/wp-content/uploads/sites/16/2023/06/MI_Finance_Professor_Landscape_0030.jpeg"
image_professor_thumbnail_id_2="1203"
image_professor_url_2="https://hehge.com/wp-content/uploads/sites/16/2023/06/MI_Finance_Professor_Landscape_0037.jpeg"
