Symbol="BCOW"
AssetType="Common Stock"
Name="1895 of Wisconsin Inc Bancorp"
Description="1895 Bancorp of Wisconsin, Inc. is a holding company for PyraMax Bank, FSB, which offers a range of financial services. "
CIK="1847360"
Exchange="NASDAQ"
Currency="USD"
Country="USA"
Sector="FINANCE"
Industry="SAVINGS INSTITUTIONS, NOT FEDERALLY CHARTERED"
Address="7001 WEST EDGERTON AVENUE, GREENFIELD, WI, US"
FiscalYearEnd="December"
LatestQuarter="2023-03-31"
MarketCapitalization="46489800"
EBITDA="None"
PERatio="None"
PEGRatio="None"
BookValue="12.68"
DividendPerShare="0"
DividendYield="0"
EPS="-0.09"
RevenuePerShareTTM="2.822"
ProfitMargin="-0.0283"
OperatingMarginTTM="-0.0356"
ReturnOnAssetsTTM="-0.0008"
ReturnOnEquityTTM="-0.0056"
RevenueTTM="16061000"
GrossProfitTTM="15962000"
DilutedEPSTTM="-0.09"
QuarterlyEarningsGrowthYOY="0.833"
QuarterlyRevenueGrowthYOY="0.026"
AnalystTargetPrice="None"
TrailingPE="-"
ForwardPE="-"
PriceToSalesRatioTTM="4.15"
PriceToBookRatio="0.868"
EVToRevenue="-"
EVToEBITDA="-"
Beta="0.367"
num_52WeekHigh="11.16"
num_52WeekLow="6.3"
num_50DayMovingAverage="7.05"
num_200DayMovingAverage="8.92"
SharesOutstanding="6215200"
DividendDate="None"
ExDividendDate="None"
symbol="BCOW"
open="7.54"
high="7.54"
low="7.48"
price="7.48"
volume="4565.00"
latest_trading_day="2023-07-14"
previous_close="7.46"
change="0.02"
change_percent="0.2358%"
aroon_positive_momentum_days="9"
aroon_negative_momentum_days="0"
trend_strength="Absent or Weak Trend"
buying_signal="Weak Buy Signal"
volume_analysis="Target Volume"
value_analysis="Expected Range"
Aroon_change="FALSE"
Aroon_momentum="9"
Volume_recent_avg="5799"
Change_recent_avg="-0.04"
Delta_recent_avg="0.22"
Variance_recent_avg="0.11"
Change_ratio_recent_avg="-0.46"
RSI_change="FALSE"
ADX_change="FALSE"

event="FALSE"
Aroon_signal="positive"
Aroon_change="FALSE"
Aroon_momentum_positive="9"
Aroon_momentum_negative="91"
image_negative_thumbnail_id_1="488"
image_negative_url_1="https://hehge.com/wp-content/uploads/sites/16/2023/06/MI_Finance_Negative_Landscape_0117.jpeg"
image_negative_thumbnail_id_2="1117"
image_negative_url_2="https://hehge.com/wp-content/uploads/sites/16/2023/06/MI_Finance_Negative_Landscape_0150.jpeg"
image_neutral_thumbnail_id_1="562"
image_neutral_url_1="https://hehge.com/wp-content/uploads/sites/16/2023/06/MI_Finance_Neutral_Landscape_0037.jpeg"
image_neutral_thumbnail_id_2="541"
image_neutral_url_2="https://hehge.com/wp-content/uploads/sites/16/2023/06/MI_Finance_Neutral_Landscape_0058.jpeg"
image_positive_thumbnail_id_1="599"
image_positive_url_1="https://hehge.com/wp-content/uploads/sites/16/2023/06/MI_Finance_Positive_Landscape_0109.jpeg"
image_positive_thumbnail_id_2="685"
image_positive_url_2="https://hehge.com/wp-content/uploads/sites/16/2023/06/MI_Finance_Positive_Landscape_0023.jpeg"
image_professor_thumbnail_id_1="1170"
image_professor_url_1="https://hehge.com/wp-content/uploads/sites/16/2023/06/MI_Finance_Professor_Landscape_0004.jpeg"
image_professor_thumbnail_id_2="1172"
image_professor_url_2="https://hehge.com/wp-content/uploads/sites/16/2023/06/MI_Finance_Professor_Landscape_0006.jpeg"
aroon_positive_momentum_days="9"
aroon_negative_momentum_days="0"
trend_strength="Absent or Weak Trend"
buying_signal="Weak Buy Signal"
volume_analysis="Target Volume"
value_analysis="Expected Range"
Aroon_change="FALSE"
Aroon_momentum="9"
Volume_recent_avg="5799"
Change_recent_avg="-0.04"
Delta_recent_avg="0.22"
Variance_recent_avg="0.11"
Change_ratio_recent_avg="-0.46"
RSI_change="FALSE"
ADX_change="FALSE"

event="FALSE"
Aroon_signal="positive"
Aroon_change="FALSE"
Aroon_momentum_positive="9"
Aroon_momentum_negative="91"
image_negative_thumbnail_id_1="129"
image_negative_url_1="https://hehge.com/wp-content/uploads/sites/16/2023/05/MI_Finance_Negative_Landscape_0047.jpeg"
image_negative_thumbnail_id_2="125"
image_negative_url_2="https://hehge.com/wp-content/uploads/sites/16/2023/05/MI_Finance_Negative_Landscape_0051.jpeg"
image_neutral_thumbnail_id_1="592"
image_neutral_url_1="https://hehge.com/wp-content/uploads/sites/16/2023/06/MI_Finance_Neutral_Landscape_0007.jpeg"
image_neutral_thumbnail_id_2="570"
image_neutral_url_2="https://hehge.com/wp-content/uploads/sites/16/2023/06/MI_Finance_Neutral_Landscape_0029.jpeg"
image_positive_thumbnail_id_1="664"
image_positive_url_1="https://hehge.com/wp-content/uploads/sites/16/2023/06/MI_Finance_Positive_Landscape_0044.jpeg"
image_positive_thumbnail_id_2="701"
image_positive_url_2="https://hehge.com/wp-content/uploads/sites/16/2023/06/MI_Finance_Positive_Landscape_0007.jpeg"
image_professor_thumbnail_id_1="1182"
image_professor_url_1="https://hehge.com/wp-content/uploads/sites/16/2023/06/MI_Finance_Professor_Landscape_0016.jpeg"
image_professor_thumbnail_id_2="1172"
image_professor_url_2="https://hehge.com/wp-content/uploads/sites/16/2023/06/MI_Finance_Professor_Landscape_0006.jpeg"
