Symbol="FGBIP"
AssetType="Preferred Stock"
Name="First Guaranty Bancshares Inc"
Description="First Guaranty Bancshares, Inc. is the holding company of First Guaranty Bank providing commercial banking services in Louisiana and Texas. The company is headquartered in Hammond, Louisiana."
CIK="1408534"
Exchange="NASDAQ"
Currency="USD"
Country="USA"
Sector="FINANCE"
Industry="SAVINGS INSTITUTION, FEDERALLY CHARTERED"
Address="400 EAST THOMAS STREET, HAMMOND, LA, US"
FiscalYearEnd="December"
LatestQuarter="2023-03-31"
MarketCapitalization="None"
EBITDA="None"
PERatio="7.01"
PEGRatio="None"
BookValue="18.25"
DividendPerShare="0.64"
DividendYield="0.0902"
EPS="2.603"
RevenuePerShareTTM="9.87"
ProfitMargin="0.234"
OperatingMarginTTM="0.296"
ReturnOnAssetsTTM="0.0081"
ReturnOnEquityTTM="0.11"
RevenueTTM="105773000"
GrossProfitTTM="107395000"
DilutedEPSTTM="2.603"
QuarterlyEarningsGrowthYOY="-0.588"
QuarterlyRevenueGrowthYOY="-0.062"
AnalystTargetPrice="None"
TrailingPE="7.01"
ForwardPE="-"
PriceToSalesRatioTTM="-"
PriceToBookRatio="-"
EVToRevenue="-"
EVToEBITDA="-"
Beta="0.383"
num_52WeekHigh="26.29"
num_52WeekLow="15.57"
num_50DayMovingAverage="18.82"
num_200DayMovingAverage="22.61"
SharesOutstanding="0"
DividendDate="2023-06-01"
ExDividendDate="2023-05-12"
symbol="FGBIP"
open="18.40"
high="18.40"
low="18.25"
price="18.25"
volume="1459.00"
latest_trading_day="2023-07-06"
previous_close="18.45"
change="-0.20"
change_percent="-1.0840%"
aroon_positive_momentum_days="0"
aroon_negative_momentum_days="97"
trend_strength="Absent or Weak Trend"
buying_signal="Weak Sell Signal"
volume_analysis="Target Volume"
value_analysis="Expected Range"
Aroon_change="FALSE"
Aroon_momentum="3"
Volume_recent_avg="1727"
Change_recent_avg="-0.1"
Delta_recent_avg="0.76"
Variance_recent_avg="0.38"
Change_ratio_recent_avg="-0.56"
RSI_change="FALSE"
ADX_change="FALSE"

event="FALSE"
Aroon_signal="negative"
Aroon_change="FALSE"
Aroon_momentum_positive="3"
Aroon_momentum_negative="97"
image_negative_thumbnail_id_1="167"
image_negative_url_1="https://hehge.com/wp-content/uploads/sites/16/2023/05/MI_Finance_Negative_Landscape_0009.jpeg"
image_negative_thumbnail_id_2="170"
image_negative_url_2="https://hehge.com/wp-content/uploads/sites/16/2023/05/MI_Finance_Negative_Landscape_0006.jpeg"
image_neutral_thumbnail_id_1="523"
image_neutral_url_1="https://hehge.com/wp-content/uploads/sites/16/2023/06/MI_Finance_Neutral_Landscape_0076.jpeg"
image_neutral_thumbnail_id_2="538"
image_neutral_url_2="https://hehge.com/wp-content/uploads/sites/16/2023/06/MI_Finance_Neutral_Landscape_0061.jpeg"
image_positive_thumbnail_id_1="956"
image_positive_url_1="https://hehge.com/wp-content/uploads/sites/16/2023/06/MI_Finance_Positive_Landscape_0118.jpeg"
image_positive_thumbnail_id_2="650"
image_positive_url_2="https://hehge.com/wp-content/uploads/sites/16/2023/06/MI_Finance_Positive_Landscape_0058.jpeg"
image_professor_thumbnail_id_1="1185"
image_professor_url_1="https://hehge.com/wp-content/uploads/sites/16/2023/06/MI_Finance_Professor_Landscape_0019.jpeg"
image_professor_thumbnail_id_2="1182"
image_professor_url_2="https://hehge.com/wp-content/uploads/sites/16/2023/06/MI_Finance_Professor_Landscape_0016.jpeg"
