Symbol="FSBW"
AssetType="Common Stock"
Name="FS Bancorp Inc"
Description="FS Bancorp, Inc. is a bank holding company for 1st Security Bank of Washington providing banking and financial services to local families, local and regional businesses, and industry niches. The company is headquartered in Mountlake Terrace, Washington."
CIK="1530249"
Exchange="NASDAQ"
Currency="USD"
Country="USA"
Sector="FINANCE"
Industry="SAVINGS INSTITUTIONS, NOT FEDERALLY CHARTERED"
Address="6920 220TH STREET SW, SUITE 300, MOUNTLAKE TERRACE, WA, US"
FiscalYearEnd="December"
LatestQuarter="2023-06-30"
MarketCapitalization="248792000"
EBITDA="None"
PERatio="8.22"
PEGRatio="0"
BookValue="32.71"
DividendPerShare="0.9"
DividendYield="0.0314"
EPS="3.91"
RevenuePerShareTTM="17.21"
ProfitMargin="0.255"
OperatingMarginTTM="0.369"
ReturnOnAssetsTTM="0.0126"
ReturnOnEquityTTM="0.141"
RevenueTTM="130845000"
GrossProfitTTM="116171000"
DilutedEPSTTM="3.91"
QuarterlyEarningsGrowthYOY="0.398"
QuarterlyRevenueGrowthYOY="0.311"
AnalystTargetPrice="36"
TrailingPE="8.22"
ForwardPE="7.64"
PriceToSalesRatioTTM="2.219"
PriceToBookRatio="1.19"
EVToRevenue="-"
EVToEBITDA="-"
Beta="1.033"
num_52WeekHigh="36.53"
num_52WeekLow="25.65"
num_50DayMovingAverage="30.81"
num_200DayMovingAverage="31.71"
SharesOutstanding="7743300"
DividendDate="2023-08-24"
ExDividendDate="2023-08-09"
symbol="FSBW"
open="31.83"
high="32.35"
low="31.21"
price="32.13"
volume="17744.00"
latest_trading_day="2023-08-09"
previous_close="31.83"
change="0.30"
change_percent="0.9425%"
aroon_positive_momentum_days="43"
aroon_negative_momentum_days="0"
trend_strength="Absent or Weak Trend"
buying_signal="Strong Buy Signal"
volume_analysis="Target Volume"
value_analysis="Expected Range"
Aroon_change="FALSE"
Aroon_momentum="43"
Volume_recent_avg="27202"
Change_recent_avg="-0.05"
Delta_recent_avg="0.94"
Variance_recent_avg="0.47"
Change_ratio_recent_avg="-0.17"
RSI_change="FALSE"
ADX_change="FALSE"

event="FALSE"
Aroon_signal="positive"
Aroon_change="FALSE"
Aroon_momentum_positive="43"
Aroon_momentum_negative="57"
image_negative_thumbnail_id_1="495"
image_negative_url_1="https://hehge.com/wp-content/uploads/sites/16/2023/06/MI_Finance_Negative_Landscape_0110.jpeg"
image_negative_thumbnail_id_2="171"
image_negative_url_2="https://hehge.com/wp-content/uploads/sites/16/2023/05/MI_Finance_Negative_Landscape_0005.jpeg"
image_neutral_thumbnail_id_1="548"
image_neutral_url_1="https://hehge.com/wp-content/uploads/sites/16/2023/06/MI_Finance_Neutral_Landscape_0051.jpeg"
image_neutral_thumbnail_id_2="584"
image_neutral_url_2="https://hehge.com/wp-content/uploads/sites/16/2023/06/MI_Finance_Neutral_Landscape_0015.jpeg"
image_positive_thumbnail_id_1="1010"
image_positive_url_1="https://hehge.com/wp-content/uploads/sites/16/2023/06/MI_Finance_Positive_Landscape_0172.jpeg"
image_positive_thumbnail_id_2="984"
image_positive_url_2="https://hehge.com/wp-content/uploads/sites/16/2023/06/MI_Finance_Positive_Landscape_0146.jpeg"
image_professor_thumbnail_id_1="1168"
image_professor_url_1="https://hehge.com/wp-content/uploads/sites/16/2023/06/MI_Finance_Professor_Landscape_0002.jpeg"
image_professor_thumbnail_id_2="1199"
image_professor_url_2="https://hehge.com/wp-content/uploads/sites/16/2023/06/MI_Finance_Professor_Landscape_0033.jpeg"
