Symbol="TRST"
AssetType="Common Stock"
Name="TrustCo Bank Corp NY"
Description="TrustCo Bank Corp NY is the holding company of Trustco Bank, a federal savings bank that provides personal and business banking services to individuals, partnerships, and corporations. The company is headquartered in Glenville, New York."
CIK="357301"
Exchange="NASDAQ"
Currency="USD"
Country="USA"
Sector="FINANCE"
Industry="STATE COMMERCIAL BANKS"
Address="6 METRO PARK ROAD, ALBANY, NY, US"
FiscalYearEnd="December"
LatestQuarter="2023-06-30"
MarketCapitalization="545239000"
EBITDA="None"
PERatio="7.35"
PEGRatio="3.73"
BookValue="32.66"
DividendPerShare="1.43"
DividendYield="0.0502"
EPS="3.9"
RevenuePerShareTTM="10.83"
ProfitMargin="0.361"
OperatingMarginTTM="0.499"
ReturnOnAssetsTTM="0.0121"
ReturnOnEquityTTM="0.122"
RevenueTTM="206274000"
GrossProfitTTM="199736000"
DilutedEPSTTM="3.9"
QuarterlyEarningsGrowthYOY="-0.075"
QuarterlyRevenueGrowthYOY="0.014"
AnalystTargetPrice="26"
TrailingPE="7.35"
ForwardPE="-"
PriceToSalesRatioTTM="3.683"
PriceToBookRatio="1.22"
EVToRevenue="-"
EVToEBITDA="-"
Beta="0.925"
num_52WeekHigh="38.11"
num_52WeekLow="26.91"
num_50DayMovingAverage="29.41"
num_200DayMovingAverage="32.93"
SharesOutstanding="19024400"
DividendDate="2023-10-02"
ExDividendDate="2023-08-31"
symbol="TRST"
open="28.60"
high="28.69"
low="28.45"
price="28.54"
volume="43786.00"
latest_trading_day="2023-08-30"
previous_close="28.66"
change="-0.12"
change_percent="-0.4187%"
aroon_positive_momentum_days="0"
aroon_negative_momentum_days="59"
trend_strength="Absent or Weak Trend"
buying_signal="Weak Sell Signal"
volume_analysis="Target Volume"
value_analysis="Expected Range"
Aroon_change="FALSE"
Aroon_momentum="41"
Volume_recent_avg="82798"
Change_recent_avg="-0.03"
Delta_recent_avg="0.77"
Variance_recent_avg="0.38"
Change_ratio_recent_avg="-0.1"
RSI_change="FALSE"
ADX_change="FALSE"

event="FALSE"
Aroon_signal="negative"
Aroon_change="FALSE"
Aroon_momentum_positive="41"
Aroon_momentum_negative="59"
image_negative_thumbnail_id_1="511"
image_negative_url_1="https://hehge.com/wp-content/uploads/sites/16/2023/06/MI_Finance_Negative_Landscape_0094.jpeg"
image_negative_thumbnail_id_2="129"
image_negative_url_2="https://hehge.com/wp-content/uploads/sites/16/2023/05/MI_Finance_Negative_Landscape_0047.jpeg"
image_neutral_thumbnail_id_1="525"
image_neutral_url_1="https://hehge.com/wp-content/uploads/sites/16/2023/06/MI_Finance_Neutral_Landscape_0074.jpeg"
image_neutral_thumbnail_id_2="526"
image_neutral_url_2="https://hehge.com/wp-content/uploads/sites/16/2023/06/MI_Finance_Neutral_Landscape_0073.jpeg"
image_positive_thumbnail_id_1="993"
image_positive_url_1="https://hehge.com/wp-content/uploads/sites/16/2023/06/MI_Finance_Positive_Landscape_0155.jpeg"
image_positive_thumbnail_id_2="702"
image_positive_url_2="https://hehge.com/wp-content/uploads/sites/16/2023/06/MI_Finance_Positive_Landscape_0006.jpeg"
image_professor_thumbnail_id_1="1202"
image_professor_url_1="https://hehge.com/wp-content/uploads/sites/16/2023/06/MI_Finance_Professor_Landscape_0036.jpeg"
image_professor_thumbnail_id_2="1195"
image_professor_url_2="https://hehge.com/wp-content/uploads/sites/16/2023/06/MI_Finance_Professor_Landscape_0029.jpeg"
