Symbol="AURC"
AssetType="Common Stock"
Name="Aurora Acquisition Corp"
Description="Aurora Acquisition Corp. The company is headquartered in London, the United Kingdom."
CIK="1835856"
Exchange="NASDAQ"
Currency="USD"
Country="USA"
Sector="FINANCE"
Industry="LOAN BROKERS"
Address="P.O. BOX 309, UGLAND HOUSE, GRAND CAYMAN, KY"
FiscalYearEnd="December"
LatestQuarter="2023-06-30"
MarketCapitalization="322791000"
EBITDA="None"
PERatio="83.42"
PEGRatio="None"
BookValue="0.103"
DividendPerShare="0"
DividendYield="0"
EPS="0.43"
RevenuePerShareTTM="0"
ProfitMargin="0"
OperatingMarginTTM="0"
ReturnOnAssetsTTM="-0.0352"
ReturnOnEquityTTM="0.517"
RevenueTTM="0"
GrossProfitTTM="0"
DilutedEPSTTM="0.43"
QuarterlyEarningsGrowthYOY="6.31"
QuarterlyRevenueGrowthYOY="0"
AnalystTargetPrice="None"
TrailingPE="83.42"
ForwardPE="-"
PriceToSalesRatioTTM="-"
PriceToBookRatio="1.337"
EVToRevenue="-"
EVToEBITDA="-31.78"
Beta="1.226"
num_52WeekHigh="62.91"
num_52WeekLow="9.85"
num_50DayMovingAverage="18.21"
num_200DayMovingAverage="12.13"
SharesOutstanding="2048800"
DividendDate="None"
ExDividendDate="None"
symbol="AURC"
open="36.44"
high="37.76"
low="34.00"
price="35.87"
volume="71389.00"
latest_trading_day="2023-08-11"
previous_close="40.21"
change="-4.34"
change_percent="-10.7933%"
aroon_positive_momentum_days="98"
aroon_negative_momentum_days="0"
trend_strength="Strong Trend"
buying_signal="Strong Buy Signal"
volume_analysis="Trending Low"
value_analysis="Bearish Trend"
Aroon_change="FALSE"
Aroon_momentum="98"
Volume_recent_avg="166053"
Change_recent_avg="0.27"
Delta_recent_avg="2.01"
Variance_recent_avg="1.01"
Change_ratio_recent_avg="0.51"
RSI_change="FALSE"
ADX_change="FALSE"

event="FALSE"
Aroon_signal="positive"
Aroon_change="FALSE"
Aroon_momentum_positive="98"
Aroon_momentum_negative="2"
image_negative_thumbnail_id_1="135"
image_negative_url_1="https://hehge.com/wp-content/uploads/sites/16/2023/05/MI_Finance_Negative_Landscape_0041.jpeg"
image_negative_thumbnail_id_2="1120"
image_negative_url_2="https://hehge.com/wp-content/uploads/sites/16/2023/06/MI_Finance_Negative_Landscape_0153.jpeg"
image_neutral_thumbnail_id_1="571"
image_neutral_url_1="https://hehge.com/wp-content/uploads/sites/16/2023/06/MI_Finance_Neutral_Landscape_0028.jpeg"
image_neutral_thumbnail_id_2="586"
image_neutral_url_2="https://hehge.com/wp-content/uploads/sites/16/2023/06/MI_Finance_Neutral_Landscape_0013.jpeg"
image_positive_thumbnail_id_1="603"
image_positive_url_1="https://hehge.com/wp-content/uploads/sites/16/2023/06/MI_Finance_Positive_Landscape_0105.jpeg"
image_positive_thumbnail_id_2="618"
image_positive_url_2="https://hehge.com/wp-content/uploads/sites/16/2023/06/MI_Finance_Positive_Landscape_0090.jpeg"
image_professor_thumbnail_id_1="1168"
image_professor_url_1="https://hehge.com/wp-content/uploads/sites/16/2023/06/MI_Finance_Professor_Landscape_0002.jpeg"
image_professor_thumbnail_id_2="1177"
image_professor_url_2="https://hehge.com/wp-content/uploads/sites/16/2023/06/MI_Finance_Professor_Landscape_0011.jpeg"
