Symbol="FVCB"
AssetType="Common Stock"
Name="FVCBankcorp Inc"
Description="FVCBankcorp, Inc. is the FVCbank holding company offering various banking products and services in Virginia. The company is headquartered in Fairfax, Virginia."
CIK="1675644"
Exchange="NASDAQ"
Currency="USD"
Country="USA"
Sector="FINANCE"
Industry="STATE COMMERCIAL BANKS"
Address="11325 RANDOM HILLS ROAD, SUITE 240, FAIRFAX, VA, US"
FiscalYearEnd="December"
LatestQuarter="2023-03-31"
MarketCapitalization="191736000"
EBITDA="None"
PERatio="10.72"
PEGRatio="0"
BookValue="11.53"
DividendPerShare="0"
DividendYield="0"
EPS="1.01"
RevenuePerShareTTM="3.329"
ProfitMargin="0.326"
OperatingMarginTTM="0.414"
ReturnOnAssetsTTM="0.0086"
ReturnOnEquityTTM="0.0938"
RevenueTTM="58269000"
GrossProfitTTM="65449000"
DilutedEPSTTM="1.01"
QuarterlyEarningsGrowthYOY="-0.917"
QuarterlyRevenueGrowthYOY="-0.44"
AnalystTargetPrice="11.25"
TrailingPE="10.72"
ForwardPE="10.37"
PriceToSalesRatioTTM="3.896"
PriceToBookRatio="1.38"
EVToRevenue="-"
EVToEBITDA="-"
Beta="0.246"
num_52WeekHigh="16.74"
num_52WeekLow="8.3"
num_50DayMovingAverage="9.94"
num_200DayMovingAverage="13.21"
SharesOutstanding="17704200"
DividendDate="None"
ExDividendDate="None"
symbol="FVCB"
open="10.50"
high="10.50"
low="10.11"
price="10.11"
volume="35028.00"
latest_trading_day="2023-07-06"
previous_close="10.71"
change="-0.60"
change_percent="-5.6022%"
aroon_positive_momentum_days="6"
aroon_negative_momentum_days="0"
trend_strength="Absent or Weak Trend"
buying_signal="High Volatility / Hold Signal"
volume_analysis="Target Volume"
value_analysis="Expected Range"
Aroon_change="FALSE"
Aroon_momentum="6"
Volume_recent_avg="52749"
Change_recent_avg="-0.03"
Delta_recent_avg="0.48"
Variance_recent_avg="0.24"
Change_ratio_recent_avg="-0.33"
RSI_change="FALSE"
ADX_change="FALSE"

event="FALSE"
Aroon_signal="positive"
Aroon_change="FALSE"
Aroon_momentum_positive="6"
Aroon_momentum_negative="94"
image_negative_thumbnail_id_1="1130"
image_negative_url_1="https://hehge.com/wp-content/uploads/sites/16/2023/06/MI_Finance_Negative_Landscape_0163.jpeg"
image_negative_thumbnail_id_2="129"
image_negative_url_2="https://hehge.com/wp-content/uploads/sites/16/2023/05/MI_Finance_Negative_Landscape_0047.jpeg"
image_neutral_thumbnail_id_1="546"
image_neutral_url_1="https://hehge.com/wp-content/uploads/sites/16/2023/06/MI_Finance_Neutral_Landscape_0053.jpeg"
image_neutral_thumbnail_id_2="575"
image_neutral_url_2="https://hehge.com/wp-content/uploads/sites/16/2023/06/MI_Finance_Neutral_Landscape_0024.jpeg"
image_positive_thumbnail_id_1="694"
image_positive_url_1="https://hehge.com/wp-content/uploads/sites/16/2023/06/MI_Finance_Positive_Landscape_0014.jpeg"
image_positive_thumbnail_id_2="636"
image_positive_url_2="https://hehge.com/wp-content/uploads/sites/16/2023/06/MI_Finance_Positive_Landscape_0072.jpeg"
image_professor_thumbnail_id_1="1175"
image_professor_url_1="https://hehge.com/wp-content/uploads/sites/16/2023/06/MI_Finance_Professor_Landscape_0009.jpeg"
image_professor_thumbnail_id_2="1180"
image_professor_url_2="https://hehge.com/wp-content/uploads/sites/16/2023/06/MI_Finance_Professor_Landscape_0014.jpeg"
