Symbol="FVCB"
AssetType="Common Stock"
Name="FVCBankcorp Inc"
Description="FVCBankcorp, Inc. is the FVCbank holding company offering various banking products and services in Virginia. The company is headquartered in Fairfax, Virginia."
CIK="1675644"
Exchange="NASDAQ"
Currency="USD"
Country="USA"
Sector="FINANCE"
Industry="STATE COMMERCIAL BANKS"
Address="11325 RANDOM HILLS ROAD, SUITE 240, FAIRFAX, VA, US"
FiscalYearEnd="December"
LatestQuarter="2023-06-30"
MarketCapitalization="223536000"
EBITDA="None"
PERatio="12.09"
PEGRatio="0"
BookValue="11.58"
DividendPerShare="0"
DividendYield="0"
EPS="1.04"
RevenuePerShareTTM="3.755"
ProfitMargin="0"
OperatingMarginTTM="0"
ReturnOnAssetsTTM="0.0086"
ReturnOnEquityTTM="0.0938"
RevenueTTM="58269000"
GrossProfitTTM="65449000"
DilutedEPSTTM="1.04"
QuarterlyEarningsGrowthYOY="-0.917"
QuarterlyRevenueGrowthYOY="-0.44"
AnalystTargetPrice="11.25"
TrailingPE="12.09"
ForwardPE="10.37"
PriceToSalesRatioTTM="3.896"
PriceToBookRatio="1.38"
EVToRevenue="-"
EVToEBITDA="-"
Beta="0.251"
num_52WeekHigh="16.74"
num_52WeekLow="8.3"
num_50DayMovingAverage="10.73"
num_200DayMovingAverage="12.84"
SharesOutstanding="17783300"
DividendDate="None"
ExDividendDate="None"
symbol="FVCB"
open="12.65"
high="12.65"
low="12.26"
price="12.57"
volume="12132.00"
latest_trading_day="2023-07-28"
previous_close="12.52"
change="0.05"
change_percent="0.3994%"
aroon_positive_momentum_days="22"
aroon_negative_momentum_days="0"
trend_strength="Absent or Weak Trend"
buying_signal="Strong Buy Signal"
volume_analysis="Target Volume"
value_analysis="Expected Range"
Aroon_change="FALSE"
Aroon_momentum="22"
Volume_recent_avg="42600"
Change_recent_avg="-0.01"
Delta_recent_avg="0.56"
Variance_recent_avg="0.28"
Change_ratio_recent_avg="-0.15"
RSI_change="FALSE"
ADX_change="FALSE"

event="FALSE"
Aroon_signal="positive"
Aroon_change="FALSE"
Aroon_momentum_positive="22"
Aroon_momentum_negative="78"
image_negative_thumbnail_id_1="127"
image_negative_url_1="https://hehge.com/wp-content/uploads/sites/16/2023/05/MI_Finance_Negative_Landscape_0049.jpeg"
image_negative_thumbnail_id_2="143"
image_negative_url_2="https://hehge.com/wp-content/uploads/sites/16/2023/05/MI_Finance_Negative_Landscape_0033.jpeg"
image_neutral_thumbnail_id_1="558"
image_neutral_url_1="https://hehge.com/wp-content/uploads/sites/16/2023/06/MI_Finance_Neutral_Landscape_0041.jpeg"
image_neutral_thumbnail_id_2="580"
image_neutral_url_2="https://hehge.com/wp-content/uploads/sites/16/2023/06/MI_Finance_Neutral_Landscape_0019.jpeg"
image_positive_thumbnail_id_1="687"
image_positive_url_1="https://hehge.com/wp-content/uploads/sites/16/2023/06/MI_Finance_Positive_Landscape_0021.jpeg"
image_positive_thumbnail_id_2="980"
image_positive_url_2="https://hehge.com/wp-content/uploads/sites/16/2023/06/MI_Finance_Positive_Landscape_0142.jpeg"
image_professor_thumbnail_id_1="1170"
image_professor_url_1="https://hehge.com/wp-content/uploads/sites/16/2023/06/MI_Finance_Professor_Landscape_0004.jpeg"
image_professor_thumbnail_id_2="1196"
image_professor_url_2="https://hehge.com/wp-content/uploads/sites/16/2023/06/MI_Finance_Professor_Landscape_0030.jpeg"
