Symbol="CFG-P-E"
AssetType="Common Stock"
Name="Citizens Financial Group Inc"
Description="Citizens Financial Group, Inc. is an American bank headquartered in Providence, Rhode Island."
CIK="759944"
Exchange="NYSE"
Currency="USD"
Country="USA"
Sector="FINANCE"
Industry="STATE COMMERCIAL BANKS"
Address="870 WESTMINSTER ST, 1 CITIZENS PLZ THIRD FL, PROVIDENCE, RI, US"
FiscalYearEnd="None"
LatestQuarter="0000-00-00"
MarketCapitalization="None"
EBITDA="None"
PERatio="None"
PEGRatio="None"
BookValue="None"
DividendPerShare="None"
DividendYield="None"
EPS="None"
RevenuePerShareTTM="0"
ProfitMargin="0"
OperatingMarginTTM="0"
ReturnOnAssetsTTM="0"
ReturnOnEquityTTM="0"
RevenueTTM="0"
GrossProfitTTM="0"
DilutedEPSTTM="0"
QuarterlyEarningsGrowthYOY="0"
QuarterlyRevenueGrowthYOY="0"
AnalystTargetPrice="None"
TrailingPE="-"
ForwardPE="-"
PriceToSalesRatioTTM="-"
PriceToBookRatio="-"
EVToRevenue="-"
EVToEBITDA="-"
Beta="None"
num_52WeekHigh="22.38"
num_52WeekLow="18.06"
num_50DayMovingAverage="0"
num_200DayMovingAverage="0"
SharesOutstanding="0"
DividendDate="None"
ExDividendDate="None"
symbol="CFG-P-E"
open="18.70"
high="18.89"
low="18.65"
price="18.68"
volume="18990.00"
latest_trading_day="2023-08-11"
previous_close="19.01"
change="-0.33"
change_percent="-1.7359%"
aroon_positive_momentum_days="30"
aroon_negative_momentum_days="0"
trend_strength="Absent or Weak Trend"
buying_signal="Weak Buy Signal"
volume_analysis="Target Volume"
value_analysis="Expected Range"
Aroon_change="FALSE"
Aroon_momentum="30"
Volume_recent_avg="54180"
Change_recent_avg="-0.03"
Delta_recent_avg="0.58"
Variance_recent_avg="0.29"
Change_ratio_recent_avg="-0.16"
RSI_change="FALSE"
ADX_change="FALSE"

event="FALSE"
Aroon_signal="positive"
Aroon_change="FALSE"
Aroon_momentum_positive="30"
Aroon_momentum_negative="70"
image_negative_thumbnail_id_1="1095"
image_negative_url_1="https://hehge.com/wp-content/uploads/sites/16/2023/06/MI_Finance_Negative_Landscape_0128.jpeg"
image_negative_thumbnail_id_2="1163"
image_negative_url_2="https://hehge.com/wp-content/uploads/sites/16/2023/06/MI_Finance_Negative_Landscape_0197.jpeg"
image_neutral_thumbnail_id_1="564"
image_neutral_url_1="https://hehge.com/wp-content/uploads/sites/16/2023/06/MI_Finance_Neutral_Landscape_0035.jpeg"
image_neutral_thumbnail_id_2="538"
image_neutral_url_2="https://hehge.com/wp-content/uploads/sites/16/2023/06/MI_Finance_Neutral_Landscape_0061.jpeg"
image_positive_thumbnail_id_1="640"
image_positive_url_1="https://hehge.com/wp-content/uploads/sites/16/2023/06/MI_Finance_Positive_Landscape_0068.jpeg"
image_positive_thumbnail_id_2="684"
image_positive_url_2="https://hehge.com/wp-content/uploads/sites/16/2023/06/MI_Finance_Positive_Landscape_0024.jpeg"
image_professor_thumbnail_id_1="1185"
image_professor_url_1="https://hehge.com/wp-content/uploads/sites/16/2023/06/MI_Finance_Professor_Landscape_0019.jpeg"
image_professor_thumbnail_id_2="1180"
image_professor_url_2="https://hehge.com/wp-content/uploads/sites/16/2023/06/MI_Finance_Professor_Landscape_0014.jpeg"
