Symbol="PNC"
AssetType="Common Stock"
Name="PNC Financial Services Group Inc"
Description="PNC Financial Services Group, Inc. (stylized as PNC) is a bank holding company and financial services corporation based in Pittsburgh, Pennsylvania. Its banking subsidiary, PNC Bank, operates in 21 states and the District of Columbia with 2,296 branches and 9,051 ATMs. The company also provides financial services such as asset management, wealth management, estate planning, loan servicing, and information processing."
CIK="713676"
Exchange="NYSE"
Currency="USD"
Country="USA"
Sector="FINANCE"
Industry="NATIONAL COMMERCIAL BANKS"
Address="THE TOWER AT PNC PLAZA, 300 FIFTH AVENUE, PITTSBURGH, PA, US"
FiscalYearEnd="December"
LatestQuarter="2023-06-30"
MarketCapitalization="52321083000"
EBITDA="None"
PERatio="9.02"
PEGRatio="0.415"
BookValue="105.74"
DividendPerShare="6"
DividendYield="0.046"
EPS="14.58"
RevenuePerShareTTM="52.42"
ProfitMargin="0.298"
OperatingMarginTTM="0.365"
ReturnOnAssetsTTM="0.0116"
ReturnOnEquityTTM="0.132"
RevenueTTM="21177999000"
GrossProfitTTM="20643000000"
DilutedEPSTTM="14.58"
QuarterlyEarningsGrowthYOY="-0.008"
QuarterlyRevenueGrowthYOY="0.013"
AnalystTargetPrice="141.59"
TrailingPE="9.02"
ForwardPE="9.12"
PriceToSalesRatioTTM="2.92"
PriceToBookRatio="1.292"
EVToRevenue="-"
EVToEBITDA="-"
Beta="1.114"
num_52WeekHigh="168.89"
num_52WeekLow="108.99"
num_50DayMovingAverage="127.49"
num_200DayMovingAverage="141.49"
SharesOutstanding="398000000"
DividendDate="2023-08-05"
ExDividendDate="2023-07-14"
symbol="PNC"
open="132.85"
high="133.72"
low="130.71"
price="131.46"
volume="2858665.00"
latest_trading_day="2023-08-04"
previous_close="133.02"
change="-1.56"
change_percent="-1.1728%"
aroon_positive_momentum_days="14"
aroon_negative_momentum_days="0"
trend_strength="Absent or Weak Trend"
buying_signal="Strong Buy Signal"
volume_analysis="Target Volume"
value_analysis="Expected Range"
Aroon_change="FALSE"
Aroon_momentum="14"
Volume_recent_avg="3559213"
Change_recent_avg="-0.1"
Delta_recent_avg="3.55"
Variance_recent_avg="1.78"
Change_ratio_recent_avg="-0.1"
RSI_change="FALSE"
ADX_change="FALSE"

event="FALSE"
Aroon_signal="positive"
Aroon_change="FALSE"
Aroon_momentum_positive="14"
Aroon_momentum_negative="86"
image_negative_thumbnail_id_1="138"
image_negative_url_1="https://hehge.com/wp-content/uploads/sites/16/2023/05/MI_Finance_Negative_Landscape_0038.jpeg"
image_negative_thumbnail_id_2="126"
image_negative_url_2="https://hehge.com/wp-content/uploads/sites/16/2023/05/MI_Finance_Negative_Landscape_0050.jpeg"
image_neutral_thumbnail_id_1="542"
image_neutral_url_1="https://hehge.com/wp-content/uploads/sites/16/2023/06/MI_Finance_Neutral_Landscape_0057.jpeg"
image_neutral_thumbnail_id_2="574"
image_neutral_url_2="https://hehge.com/wp-content/uploads/sites/16/2023/06/MI_Finance_Neutral_Landscape_0025.jpeg"
image_positive_thumbnail_id_1="994"
image_positive_url_1="https://hehge.com/wp-content/uploads/sites/16/2023/06/MI_Finance_Positive_Landscape_0156.jpeg"
image_positive_thumbnail_id_2="607"
image_positive_url_2="https://hehge.com/wp-content/uploads/sites/16/2023/06/MI_Finance_Positive_Landscape_0101.jpeg"
image_professor_thumbnail_id_1="1177"
image_professor_url_1="https://hehge.com/wp-content/uploads/sites/16/2023/06/MI_Finance_Professor_Landscape_0011.jpeg"
image_professor_thumbnail_id_2="1200"
image_professor_url_2="https://hehge.com/wp-content/uploads/sites/16/2023/06/MI_Finance_Professor_Landscape_0034.jpeg"
