Symbol="BSRR"
AssetType="Common Stock"
Name="Sierra Bancorp"
Description="Sierra Bancorp is the bank holding company for Bank of the Sierra that provides retail and business banking services to individuals and businesses in California. The company is headquartered in Porterville, California."
CIK="1130144"
Exchange="NASDAQ"
Currency="USD"
Country="USA"
Sector="FINANCE"
Industry="STATE COMMERCIAL BANKS"
Address="86 NORTH MAIN STREET, PORTERVILLE, CA, US"
FiscalYearEnd="December"
LatestQuarter="2023-06-30"
MarketCapitalization="297711000"
EBITDA="None"
PERatio="8.38"
PEGRatio="2.27"
BookValue="21.18"
DividendPerShare="0.92"
DividendYield="0.0458"
EPS="2.4"
RevenuePerShareTTM="9.11"
ProfitMargin="0.263"
OperatingMarginTTM="0.348"
ReturnOnAssetsTTM="0.01"
ReturnOnEquityTTM="0.117"
RevenueTTM="135651000"
GrossProfitTTM="129718000"
DilutedEPSTTM="2.4"
QuarterlyEarningsGrowthYOY="0.098"
QuarterlyRevenueGrowthYOY="0.052"
AnalystTargetPrice="22.7"
TrailingPE="8.38"
ForwardPE="7.38"
PriceToSalesRatioTTM="2.39"
PriceToBookRatio="1.106"
EVToRevenue="-"
EVToEBITDA="-"
Beta="0.948"
num_52WeekHigh="22.32"
num_52WeekLow="14.85"
num_50DayMovingAverage="19.2"
num_200DayMovingAverage="19.18"
SharesOutstanding="14811500"
DividendDate="2023-08-14"
ExDividendDate="2023-07-28"
symbol="BSRR"
open="20.05"
high="20.25"
low="20.00"
price="20.10"
volume="63038.00"
latest_trading_day="2023-08-25"
previous_close="20.02"
change="0.08"
change_percent="0.3996%"
aroon_positive_momentum_days="49"
aroon_negative_momentum_days="0"
trend_strength="Absent or Weak Trend"
buying_signal="Strong Buy Signal"
volume_analysis="Target Volume"
value_analysis="Expected Range"
Aroon_change="FALSE"
Aroon_momentum="49"
Volume_recent_avg="44138"
Change_recent_avg="0.02"
Delta_recent_avg="0.46"
Variance_recent_avg="0.23"
Change_ratio_recent_avg="0.07"
RSI_change="FALSE"
ADX_change="FALSE"

event="FALSE"
Aroon_signal="positive"
Aroon_change="FALSE"
Aroon_momentum_positive="49"
Aroon_momentum_negative="51"
image_negative_thumbnail_id_1="1105"
image_negative_url_1="https://hehge.com/wp-content/uploads/sites/16/2023/06/MI_Finance_Negative_Landscape_0138.jpeg"
image_negative_thumbnail_id_2="1108"
image_negative_url_2="https://hehge.com/wp-content/uploads/sites/16/2023/06/MI_Finance_Negative_Landscape_0141.jpeg"
image_neutral_thumbnail_id_1="594"
image_neutral_url_1="https://hehge.com/wp-content/uploads/sites/16/2023/06/MI_Finance_Neutral_Landscape_0005.jpeg"
image_neutral_thumbnail_id_2="580"
image_neutral_url_2="https://hehge.com/wp-content/uploads/sites/16/2023/06/MI_Finance_Neutral_Landscape_0019.jpeg"
image_positive_thumbnail_id_1="617"
image_positive_url_1="https://hehge.com/wp-content/uploads/sites/16/2023/06/MI_Finance_Positive_Landscape_0091.jpeg"
image_positive_thumbnail_id_2="648"
image_positive_url_2="https://hehge.com/wp-content/uploads/sites/16/2023/06/MI_Finance_Positive_Landscape_0060.jpeg"
image_professor_thumbnail_id_1="1167"
image_professor_url_1="https://hehge.com/wp-content/uploads/sites/16/2023/06/MI_Finance_Professor_Landscape_0001.jpeg"
image_professor_thumbnail_id_2="1189"
image_professor_url_2="https://hehge.com/wp-content/uploads/sites/16/2023/06/MI_Finance_Professor_Landscape_0023.jpeg"
