Symbol="FRBK"
AssetType="Common Stock"
Name="Republic First Bancorp Inc"
Description="Republic First Bancorp, Inc. is the holding company of Republic First Bank offering a range of deposit and credit banking products and services to individuals and businesses. The company is headquartered in Philadelphia, Pennsylvania."
CIK="834285"
Exchange="NASDAQ"
Currency="USD"
Country="USA"
Sector="FINANCE"
Industry="STATE COMMERCIAL BANKS"
Address="TWO LIBERTY PLACE, 50 S. 16TH STREET SUITE 2400, PHILADELPHIA, PA, US"
FiscalYearEnd="December"
LatestQuarter="2023-03-31"
MarketCapitalization="53848000"
EBITDA="None"
PERatio="3.65"
PEGRatio="0"
BookValue="3.081"
DividendPerShare="0"
DividendYield="0"
EPS="0.21"
RevenuePerShareTTM="2.671"
ProfitMargin="0.109"
OperatingMarginTTM="0.176"
ReturnOnAssetsTTM="0.0031"
ReturnOnEquityTTM="0.0696"
RevenueTTM="164067000"
GrossProfitTTM="156207000"
DilutedEPSTTM="0.21"
QuarterlyEarningsGrowthYOY="-0.876"
QuarterlyRevenueGrowthYOY="-0.377"
AnalystTargetPrice="2.5"
TrailingPE="3.65"
ForwardPE="-"
PriceToSalesRatioTTM="0.917"
PriceToBookRatio="0.601"
EVToRevenue="-"
EVToEBITDA="-"
Beta="0.805"
num_52WeekHigh="3.75"
num_52WeekLow="0.62"
num_50DayMovingAverage="1.043"
num_200DayMovingAverage="1.896"
SharesOutstanding="70261000"
DividendDate="None"
ExDividendDate="None"
symbol="FRBK"
open="0.80"
high="0.81"
low="0.76"
price="0.77"
volume="549482.00"
latest_trading_day="2023-07-14"
previous_close="0.80"
change="-0.04"
change_percent="-4.4627%"
aroon_positive_momentum_days="11"
aroon_negative_momentum_days="0"
trend_strength="Absent or Weak Trend"
buying_signal="Weak Buy Signal"
volume_analysis="Trending High"
value_analysis="Bullish Trend"
Aroon_change="FALSE"
Aroon_momentum="11"
Volume_recent_avg="1020558"
Change_recent_avg="-0.03"
Delta_recent_avg="0.11"
Variance_recent_avg="0.06"
Change_ratio_recent_avg="-2.56"
RSI_change="FALSE"
ADX_change="FALSE"

event="FALSE"
Aroon_signal="positive"
Aroon_change="FALSE"
Aroon_momentum_positive="11"
Aroon_momentum_negative="89"
image_negative_thumbnail_id_1="516"
image_negative_url_1="https://hehge.com/wp-content/uploads/sites/16/2023/06/MI_Finance_Negative_Landscape_0089.jpeg"
image_negative_thumbnail_id_2="1124"
image_negative_url_2="https://hehge.com/wp-content/uploads/sites/16/2023/06/MI_Finance_Negative_Landscape_0157.jpeg"
image_neutral_thumbnail_id_1="570"
image_neutral_url_1="https://hehge.com/wp-content/uploads/sites/16/2023/06/MI_Finance_Neutral_Landscape_0029.jpeg"
image_neutral_thumbnail_id_2="554"
image_neutral_url_2="https://hehge.com/wp-content/uploads/sites/16/2023/06/MI_Finance_Neutral_Landscape_0045.jpeg"
image_positive_thumbnail_id_1="650"
image_positive_url_1="https://hehge.com/wp-content/uploads/sites/16/2023/06/MI_Finance_Positive_Landscape_0058.jpeg"
image_positive_thumbnail_id_2="633"
image_positive_url_2="https://hehge.com/wp-content/uploads/sites/16/2023/06/MI_Finance_Positive_Landscape_0075.jpeg"
image_professor_thumbnail_id_1="1182"
image_professor_url_1="https://hehge.com/wp-content/uploads/sites/16/2023/06/MI_Finance_Professor_Landscape_0016.jpeg"
image_professor_thumbnail_id_2="1191"
image_professor_url_2="https://hehge.com/wp-content/uploads/sites/16/2023/06/MI_Finance_Professor_Landscape_0025.jpeg"
