Symbol="FRBK"
AssetType="Common Stock"
Name="Republic First Bancorp Inc"
Description="Republic First Bancorp, Inc. is the holding company of Republic First Bank offering a range of deposit and credit banking products and services to individuals and businesses. The company is headquartered in Philadelphia, Pennsylvania."
CIK="834285"
Exchange="NASDAQ"
Currency="USD"
Country="USA"
Sector="FINANCE"
Industry="STATE COMMERCIAL BANKS"
Address="TWO LIBERTY PLACE, 50 S. 16TH STREET SUITE 2400, PHILADELPHIA, PA, US"
FiscalYearEnd="December"
LatestQuarter="2023-03-31"
MarketCapitalization="64970000"
EBITDA="None"
PERatio="4.203"
PEGRatio="0"
BookValue="3.081"
DividendPerShare="0"
DividendYield="0"
EPS="0.22"
RevenuePerShareTTM="2.671"
ProfitMargin="0.109"
OperatingMarginTTM="0.176"
ReturnOnAssetsTTM="0.0031"
ReturnOnEquityTTM="0.0696"
RevenueTTM="164067000"
GrossProfitTTM="156207000"
DilutedEPSTTM="0.22"
QuarterlyEarningsGrowthYOY="-0.876"
QuarterlyRevenueGrowthYOY="-0.377"
AnalystTargetPrice="2.5"
TrailingPE="4.203"
ForwardPE="-"
PriceToSalesRatioTTM="0.917"
PriceToBookRatio="0.601"
EVToRevenue="-"
EVToEBITDA="-"
Beta="0.919"
num_52WeekHigh="4.08"
num_52WeekLow="0.62"
num_50DayMovingAverage="1.098"
num_200DayMovingAverage="1.985"
SharesOutstanding="70261000"
DividendDate="None"
ExDividendDate="None"
symbol="FRBK"
open="0.90"
high="0.93"
low="0.86"
price="0.86"
volume="398419.00"
latest_trading_day="2023-07-06"
previous_close="0.92"
change="-0.06"
change_percent="-5.9783%"
aroon_positive_momentum_days="5"
aroon_negative_momentum_days="0"
trend_strength="Absent or Weak Trend"
buying_signal="Weak Buy Signal"
volume_analysis="Target Volume"
value_analysis="Expected Range"
Aroon_change="FALSE"
Aroon_momentum="5"
Volume_recent_avg="1000323"
Change_recent_avg="-0.03"
Delta_recent_avg="0.12"
Variance_recent_avg="0.06"
Change_ratio_recent_avg="-2.4"
RSI_change="FALSE"
ADX_change="FALSE"

event="FALSE"
Aroon_signal="positive"
Aroon_change="FALSE"
Aroon_momentum_positive="5"
Aroon_momentum_negative="95"
image_negative_thumbnail_id_1="518"
image_negative_url_1="https://hehge.com/wp-content/uploads/sites/16/2023/06/MI_Finance_Negative_Landscape_0087.jpeg"
image_negative_thumbnail_id_2="1144"
image_negative_url_2="https://hehge.com/wp-content/uploads/sites/16/2023/06/MI_Finance_Negative_Landscape_0177.jpeg"
image_neutral_thumbnail_id_1="575"
image_neutral_url_1="https://hehge.com/wp-content/uploads/sites/16/2023/06/MI_Finance_Neutral_Landscape_0024.jpeg"
image_neutral_thumbnail_id_2="593"
image_neutral_url_2="https://hehge.com/wp-content/uploads/sites/16/2023/06/MI_Finance_Neutral_Landscape_0006.jpeg"
image_positive_thumbnail_id_1="990"
image_positive_url_1="https://hehge.com/wp-content/uploads/sites/16/2023/06/MI_Finance_Positive_Landscape_0152.jpeg"
image_positive_thumbnail_id_2="657"
image_positive_url_2="https://hehge.com/wp-content/uploads/sites/16/2023/06/MI_Finance_Positive_Landscape_0051.jpeg"
image_professor_thumbnail_id_1="1170"
image_professor_url_1="https://hehge.com/wp-content/uploads/sites/16/2023/06/MI_Finance_Professor_Landscape_0004.jpeg"
image_professor_thumbnail_id_2="1174"
image_professor_url_2="https://hehge.com/wp-content/uploads/sites/16/2023/06/MI_Finance_Professor_Landscape_0008.jpeg"
