Symbol="NBHC"
AssetType="Common Stock"
Name="National Bank Holdings Corporation"
Description="National Bank Holdings Corporation is the banking holding company for NBH Bank offering various banking products and financial services to commercial, commercial and consumer clients in the United States. The company is headquartered in Greenwood Village, Colorado."
CIK="1475841"
Exchange="NYSE"
Currency="USD"
Country="USA"
Sector="FINANCE"
Industry="NATIONAL COMMERCIAL BANKS"
Address="7800 EAST ORCHARD ROAD, SUITE 300, GREENWOOD VILLAGE, CO, US"
FiscalYearEnd="December"
LatestQuarter="2023-03-31"
MarketCapitalization="1109826000"
EBITDA="None"
PERatio="10.98"
PEGRatio="2.9"
BookValue="30.12"
DividendPerShare="0.99"
DividendYield="0.0351"
EPS="2.68"
RevenuePerShareTTM="9.92"
ProfitMargin="0.274"
OperatingMarginTTM="0.401"
ReturnOnAssetsTTM="0.0108"
ReturnOnEquityTTM="0.0954"
RevenueTTM="340095000"
GrossProfitTTM="297478000"
DilutedEPSTTM="2.68"
QuarterlyEarningsGrowthYOY="0.767"
QuarterlyRevenueGrowthYOY="0.645"
AnalystTargetPrice="38.8"
TrailingPE="10.98"
ForwardPE="-"
PriceToSalesRatioTTM="5.66"
PriceToBookRatio="1.77"
EVToRevenue="-"
EVToEBITDA="-"
Beta="0.921"
num_52WeekHigh="49.03"
num_52WeekLow="26.26"
num_50DayMovingAverage="30.75"
num_200DayMovingAverage="38.02"
SharesOutstanding="37710700"
DividendDate="2023-06-15"
ExDividendDate="2023-05-25"
symbol="NBHC"
open="29.50"
high="30.50"
low="29.50"
price="30.13"
volume="140705.00"
latest_trading_day="2023-07-07"
previous_close="29.43"
change="0.70"
change_percent="2.3785%"
aroon_positive_momentum_days="14"
aroon_negative_momentum_days="0"
trend_strength="Absent or Weak Trend"
buying_signal="Weak Buy Signal"
volume_analysis="Target Volume"
value_analysis="Expected Range"
Aroon_change="FALSE"
Aroon_momentum="14"
Volume_recent_avg="254036"
Change_recent_avg="-0.11"
Delta_recent_avg="1.29"
Variance_recent_avg="0.64"
Change_ratio_recent_avg="-0.35"
RSI_change="FALSE"
ADX_change="FALSE"

event="FALSE"
Aroon_signal="positive"
Aroon_change="FALSE"
Aroon_momentum_positive="14"
Aroon_momentum_negative="86"
image_negative_thumbnail_id_1="94"
image_negative_url_1="https://hehge.com/wp-content/uploads/sites/16/2023/05/MI_Finance_Negative_Landscape_0082.jpeg"
image_negative_thumbnail_id_2="171"
image_negative_url_2="https://hehge.com/wp-content/uploads/sites/16/2023/05/MI_Finance_Negative_Landscape_0005.jpeg"
image_neutral_thumbnail_id_1="577"
image_neutral_url_1="https://hehge.com/wp-content/uploads/sites/16/2023/06/MI_Finance_Neutral_Landscape_0022.jpeg"
image_neutral_thumbnail_id_2="573"
image_neutral_url_2="https://hehge.com/wp-content/uploads/sites/16/2023/06/MI_Finance_Neutral_Landscape_0026.jpeg"
image_positive_thumbnail_id_1="679"
image_positive_url_1="https://hehge.com/wp-content/uploads/sites/16/2023/06/MI_Finance_Positive_Landscape_0029.jpeg"
image_positive_thumbnail_id_2="635"
image_positive_url_2="https://hehge.com/wp-content/uploads/sites/16/2023/06/MI_Finance_Positive_Landscape_0073.jpeg"
image_professor_thumbnail_id_1="1193"
image_professor_url_1="https://hehge.com/wp-content/uploads/sites/16/2023/06/MI_Finance_Professor_Landscape_0027.jpeg"
image_professor_thumbnail_id_2="1194"
image_professor_url_2="https://hehge.com/wp-content/uploads/sites/16/2023/06/MI_Finance_Professor_Landscape_0028.jpeg"
