Symbol="BSBR"
AssetType="Common Stock"
Name="Banco Santander Brasil SA ADR"
Description="Banco Santander (Brasil) SA offers various banking products and services to individuals, small and medium-sized companies and corporate clients in Brazil and internationally. The company is headquartered in So Paulo, Brazil."
CIK="1471055"
Exchange="NYSE"
Currency="USD"
Country="USA"
Sector="FINANCE"
Industry="COMMERCIAL BANKS, NEC"
Address="AV. JUSCELINO KUBITSCHEK, 2235, AV. JUSCELINO KUBITSCHEK, 2041, SAO PAULO, SP, BR"
FiscalYearEnd="December"
LatestQuarter="2023-06-30"
MarketCapitalization="40734220000"
EBITDA="None"
PERatio="18.83"
PEGRatio="0.89"
BookValue="30.25"
DividendPerShare="0.93"
DividendYield="0.0628"
EPS="0.29"
RevenuePerShareTTM="10.32"
ProfitMargin="0.286"
OperatingMarginTTM="0.452"
ReturnOnAssetsTTM="0.0108"
ReturnOnEquityTTM="0.0993"
RevenueTTM="38394540000"
GrossProfitTTM="40881532000"
DilutedEPSTTM="0.29"
QuarterlyEarningsGrowthYOY="-0.616"
QuarterlyRevenueGrowthYOY="-0.069"
AnalystTargetPrice="6.32"
TrailingPE="18.83"
ForwardPE="5.71"
PriceToSalesRatioTTM="0.919"
PriceToBookRatio="1.771"
EVToRevenue="-"
EVToEBITDA="-"
Beta="0.605"
num_52WeekHigh="6.54"
num_52WeekLow="4.585"
num_50DayMovingAverage="5.97"
num_200DayMovingAverage="5.6"
SharesOutstanding="7460480000"
DividendDate="2023-08-23"
ExDividendDate="2023-04-25"
symbol="BSBR"
open="5.43"
high="5.48"
low="5.39"
price="5.46"
volume="1290423.00"
latest_trading_day="2023-08-25"
previous_close="5.45"
change="0.01"
change_percent="0.1835%"
aroon_positive_momentum_days="0"
aroon_negative_momentum_days="39"
trend_strength="Absent or Weak Trend"
buying_signal="Weak Sell Signal"
volume_analysis="Target Volume"
value_analysis="Expected Range"
Aroon_change="FALSE"
Aroon_momentum="61"
Volume_recent_avg="613705"
Change_recent_avg="0.01"
Delta_recent_avg="0.12"
Variance_recent_avg="0.06"
Change_ratio_recent_avg="0.15"
RSI_change="FALSE"
ADX_change="FALSE"

event="FALSE"
Aroon_signal="negative"
Aroon_change="FALSE"
Aroon_momentum_positive="61"
Aroon_momentum_negative="39"
image_negative_thumbnail_id_1="1136"
image_negative_url_1="https://hehge.com/wp-content/uploads/sites/16/2023/06/MI_Finance_Negative_Landscape_0169.jpeg"
image_negative_thumbnail_id_2="104"
image_negative_url_2="https://hehge.com/wp-content/uploads/sites/16/2023/05/MI_Finance_Negative_Landscape_0072.jpeg"
image_neutral_thumbnail_id_1="595"
image_neutral_url_1="https://hehge.com/wp-content/uploads/sites/16/2023/06/MI_Finance_Neutral_Landscape_0004.jpeg"
image_neutral_thumbnail_id_2="537"
image_neutral_url_2="https://hehge.com/wp-content/uploads/sites/16/2023/06/MI_Finance_Neutral_Landscape_0062.jpeg"
image_positive_thumbnail_id_1="645"
image_positive_url_1="https://hehge.com/wp-content/uploads/sites/16/2023/06/MI_Finance_Positive_Landscape_0063.jpeg"
image_positive_thumbnail_id_2="970"
image_positive_url_2="https://hehge.com/wp-content/uploads/sites/16/2023/06/MI_Finance_Positive_Landscape_0132.jpeg"
image_professor_thumbnail_id_1="1197"
image_professor_url_1="https://hehge.com/wp-content/uploads/sites/16/2023/06/MI_Finance_Professor_Landscape_0031.jpeg"
image_professor_thumbnail_id_2="1181"
image_professor_url_2="https://hehge.com/wp-content/uploads/sites/16/2023/06/MI_Finance_Professor_Landscape_0015.jpeg"
