Symbol="GHLD"
AssetType="Common Stock"
Name="Guild Holdings Co"
Description="Guild Holdings Company, a mortgage company, originates, sells and services residential mortgage loans in the United States. "
CIK="1821160"
Exchange="NYSE"
Currency="USD"
Country="USA"
Sector="FINANCE"
Industry="MORTGAGE BANKERS & LOAN CORRESPONDENTS"
Address="5887 COPLEY DRIVE, SAN DIEGO, CA, US"
FiscalYearEnd="December"
LatestQuarter="2023-03-31"
MarketCapitalization="757564000"
EBITDA="108689000"
PERatio="9.07"
PEGRatio="None"
BookValue="19.93"
DividendPerShare="0"
DividendYield="0"
EPS="1.37"
RevenuePerShareTTM="13.69"
ProfitMargin="0.1"
OperatingMarginTTM="0.112"
ReturnOnAssetsTTM="0.0171"
ReturnOnEquityTTM="0.0713"
RevenueTTM="834308000"
GrossProfitTTM="1214061000"
DilutedEPSTTM="1.37"
QuarterlyEarningsGrowthYOY="0.077"
QuarterlyRevenueGrowthYOY="-0.766"
AnalystTargetPrice="13.71"
TrailingPE="9.07"
ForwardPE="4.405"
PriceToSalesRatioTTM="0.483"
PriceToBookRatio="0.558"
EVToRevenue="-"
EVToEBITDA="-"
Beta="0.936"
num_52WeekHigh="12.91"
num_52WeekLow="8.3"
num_50DayMovingAverage="11.26"
num_200DayMovingAverage="10.79"
SharesOutstanding="20629500"
DividendDate="2021-12-08"
ExDividendDate="2021-11-19"
symbol="GHLD"
open="12.62"
high="12.77"
low="12.24"
price="12.25"
volume="10946.00"
latest_trading_day="2023-08-02"
previous_close="12.40"
change="-0.15"
change_percent="-1.2097%"
aroon_positive_momentum_days="61"
aroon_negative_momentum_days="0"
trend_strength="Absent or Weak Trend"
buying_signal="Strong Buy Signal"
volume_analysis="Target Volume"
value_analysis="Expected Range"
Aroon_change="FALSE"
Aroon_momentum="61"
Volume_recent_avg="8032"
Change_recent_avg="0.01"
Delta_recent_avg="0.43"
Variance_recent_avg="0.21"
Change_ratio_recent_avg="0.03"
RSI_change="FALSE"
ADX_change="FALSE"

event="FALSE"
Aroon_signal="positive"
Aroon_change="FALSE"
Aroon_momentum_positive="61"
Aroon_momentum_negative="39"
image_negative_thumbnail_id_1="165"
image_negative_url_1="https://hehge.com/wp-content/uploads/sites/16/2023/05/MI_Finance_Negative_Landscape_0011.jpeg"
image_negative_thumbnail_id_2="130"
image_negative_url_2="https://hehge.com/wp-content/uploads/sites/16/2023/05/MI_Finance_Negative_Landscape_0046.jpeg"
image_neutral_thumbnail_id_1="536"
image_neutral_url_1="https://hehge.com/wp-content/uploads/sites/16/2023/06/MI_Finance_Neutral_Landscape_0063.jpeg"
image_neutral_thumbnail_id_2="565"
image_neutral_url_2="https://hehge.com/wp-content/uploads/sites/16/2023/06/MI_Finance_Neutral_Landscape_0034.jpeg"
image_positive_thumbnail_id_1="1000"
image_positive_url_1="https://hehge.com/wp-content/uploads/sites/16/2023/06/MI_Finance_Positive_Landscape_0162.jpeg"
image_positive_thumbnail_id_2="992"
image_positive_url_2="https://hehge.com/wp-content/uploads/sites/16/2023/06/MI_Finance_Positive_Landscape_0154.jpeg"
image_professor_thumbnail_id_1="1189"
image_professor_url_1="https://hehge.com/wp-content/uploads/sites/16/2023/06/MI_Finance_Professor_Landscape_0023.jpeg"
image_professor_thumbnail_id_2="1171"
image_professor_url_2="https://hehge.com/wp-content/uploads/sites/16/2023/06/MI_Finance_Professor_Landscape_0005.jpeg"
