Symbol="RBKB"
AssetType="Common Stock"
Name="Rhinebeck Bancorp Inc"
Description="Rhinebeck Bancorp, Inc. is the banking holding company for Rhinebeck Bank providing banking and financial products and services to consumers and business customers in the Hudson Valley region of New York. "
CIK="1751783"
Exchange="NASDAQ"
Currency="USD"
Country="USA"
Sector="FINANCE"
Industry="SAVINGS INSTITUTIONS, NOT FEDERALLY CHARTERED"
Address="2 JEFFERSON PLAZA, POUGHKEEPSIE, NY, US"
FiscalYearEnd="December"
LatestQuarter="2023-03-31"
MarketCapitalization="78877000"
EBITDA="None"
PERatio="13.44"
PEGRatio="None"
BookValue="10.12"
DividendPerShare="0"
DividendYield="0"
EPS="0.52"
RevenuePerShareTTM="4.14"
ProfitMargin="0.128"
OperatingMarginTTM="0.188"
ReturnOnAssetsTTM="0.0044"
ReturnOnEquityTTM="0.0504"
RevenueTTM="44940000"
GrossProfitTTM="46318000"
DilutedEPSTTM="0.52"
QuarterlyEarningsGrowthYOY="-0.631"
QuarterlyRevenueGrowthYOY="-0.119"
AnalystTargetPrice="None"
TrailingPE="13.44"
ForwardPE="-"
PriceToSalesRatioTTM="1.998"
PriceToBookRatio="0.919"
EVToRevenue="-"
EVToEBITDA="-"
Beta="0.715"
num_52WeekHigh="10.15"
num_52WeekLow="6.07"
num_50DayMovingAverage="6.85"
num_200DayMovingAverage="8.46"
SharesOutstanding="11284200"
DividendDate="None"
ExDividendDate="None"
symbol="RBKB"
open="6.84"
high="7.06"
low="6.84"
price="6.99"
volume="35412.00"
latest_trading_day="2023-07-21"
previous_close="6.95"
change="0.04"
change_percent="0.5755%"
aroon_positive_momentum_days="0"
aroon_negative_momentum_days="87"
trend_strength="Absent or Weak Trend"
buying_signal="High Volatility / Hold Signal"
volume_analysis="Target Volume"
value_analysis="Expected Range"
Aroon_change="FALSE"
Aroon_momentum="13"
Volume_recent_avg="7288"
Change_recent_avg="0.01"
Delta_recent_avg="0.21"
Variance_recent_avg="0.11"
Change_ratio_recent_avg="0.03"
RSI_change="FALSE"
ADX_change="FALSE"

event="FALSE"
Aroon_signal="negative"
Aroon_change="FALSE"
Aroon_momentum_positive="13"
Aroon_momentum_negative="87"
image_negative_thumbnail_id_1="520"
image_negative_url_1="https://hehge.com/wp-content/uploads/sites/16/2023/06/MI_Finance_Negative_Landscape_0085.jpeg"
image_negative_thumbnail_id_2="1105"
image_negative_url_2="https://hehge.com/wp-content/uploads/sites/16/2023/06/MI_Finance_Negative_Landscape_0138.jpeg"
image_neutral_thumbnail_id_1="565"
image_neutral_url_1="https://hehge.com/wp-content/uploads/sites/16/2023/06/MI_Finance_Neutral_Landscape_0034.jpeg"
image_neutral_thumbnail_id_2="579"
image_neutral_url_2="https://hehge.com/wp-content/uploads/sites/16/2023/06/MI_Finance_Neutral_Landscape_0020.jpeg"
image_positive_thumbnail_id_1="703"
image_positive_url_1="https://hehge.com/wp-content/uploads/sites/16/2023/06/MI_Finance_Positive_Landscape_0005.jpeg"
image_positive_thumbnail_id_2="970"
image_positive_url_2="https://hehge.com/wp-content/uploads/sites/16/2023/06/MI_Finance_Positive_Landscape_0132.jpeg"
image_professor_thumbnail_id_1="1179"
image_professor_url_1="https://hehge.com/wp-content/uploads/sites/16/2023/06/MI_Finance_Professor_Landscape_0013.jpeg"
image_professor_thumbnail_id_2="1177"
image_professor_url_2="https://hehge.com/wp-content/uploads/sites/16/2023/06/MI_Finance_Professor_Landscape_0011.jpeg"
