Symbol="XP"
AssetType="Common Stock"
Name="Xp Inc"
Description="XP Inc. offers financial products and services in Brazil. The company is headquartered in So Paulo, Brazil."
CIK="1787425"
Exchange="NASDAQ"
Currency="USD"
Country="USA"
Sector="FINANCE"
Industry="SECURITY BROKERS, DEALERS & FLOTATION COMPANIES"
Address="AV. CHEDID JAFET 75, TORRE SUL, 30TH FLOOR, VILA OLIMPIA, SAO PAULO, BR"
FiscalYearEnd="December"
LatestQuarter="2023-06-30"
MarketCapitalization="12924121000"
EBITDA="3554560000"
PERatio="17.77"
PEGRatio="None"
BookValue="30.39"
DividendPerShare="0"
DividendYield="0"
EPS="1.33"
RevenuePerShareTTM="23.31"
ProfitMargin="0"
OperatingMarginTTM="0"
ReturnOnAssetsTTM="0.0197"
ReturnOnEquityTTM="0.216"
RevenueTTM="12843015000"
GrossProfitTTM="9073991000"
DilutedEPSTTM="1.33"
QuarterlyEarningsGrowthYOY="0"
QuarterlyRevenueGrowthYOY="-0.033"
AnalystTargetPrice="26.76"
TrailingPE="17.77"
ForwardPE="10.68"
PriceToSalesRatioTTM="0.606"
PriceToBookRatio="2.511"
EVToRevenue="0.836"
EVToEBITDA="1.249"
Beta="1.645"
num_52WeekHigh="27.67"
num_52WeekLow="10.3"
num_50DayMovingAverage="24.08"
num_200DayMovingAverage="17.44"
SharesOutstanding="435277000"
DividendDate="None"
ExDividendDate="None"
symbol="XP"
open="24.10"
high="25.06"
low="23.88"
price="24.88"
volume="3664092.00"
latest_trading_day="2023-08-18"
previous_close="23.63"
change="1.25"
change_percent="5.2899%"
aroon_positive_momentum_days="66"
aroon_negative_momentum_days="0"
trend_strength="Absent or Weak Trend"
buying_signal="Strong Buy Signal"
volume_analysis="Target Volume"
value_analysis="Expected Range"
Aroon_change="FALSE"
Aroon_momentum="66"
Volume_recent_avg="5854098"
Change_recent_avg="0.08"
Delta_recent_avg="0.8"
Variance_recent_avg="0.4"
Change_ratio_recent_avg="0.43"
RSI_change="FALSE"
ADX_change="FALSE"

event="FALSE"
Aroon_signal="positive"
Aroon_change="FALSE"
Aroon_momentum_positive="66"
Aroon_momentum_negative="34"
image_negative_thumbnail_id_1="100"
image_negative_url_1="https://hehge.com/wp-content/uploads/sites/16/2023/05/MI_Finance_Negative_Landscape_0076.jpeg"
image_negative_thumbnail_id_2="1136"
image_negative_url_2="https://hehge.com/wp-content/uploads/sites/16/2023/06/MI_Finance_Negative_Landscape_0169.jpeg"
image_neutral_thumbnail_id_1="563"
image_neutral_url_1="https://hehge.com/wp-content/uploads/sites/16/2023/06/MI_Finance_Neutral_Landscape_0036.jpeg"
image_neutral_thumbnail_id_2="554"
image_neutral_url_2="https://hehge.com/wp-content/uploads/sites/16/2023/06/MI_Finance_Neutral_Landscape_0045.jpeg"
image_positive_thumbnail_id_1="646"
image_positive_url_1="https://hehge.com/wp-content/uploads/sites/16/2023/06/MI_Finance_Positive_Landscape_0062.jpeg"
image_positive_thumbnail_id_2="621"
image_positive_url_2="https://hehge.com/wp-content/uploads/sites/16/2023/06/MI_Finance_Positive_Landscape_0087.jpeg"
image_professor_thumbnail_id_1="1170"
image_professor_url_1="https://hehge.com/wp-content/uploads/sites/16/2023/06/MI_Finance_Professor_Landscape_0004.jpeg"
image_professor_thumbnail_id_2="1195"
image_professor_url_2="https://hehge.com/wp-content/uploads/sites/16/2023/06/MI_Finance_Professor_Landscape_0029.jpeg"
