Symbol="UVSP"
AssetType="Common Stock"
Name="Univest Corporation Pennsylvania"
Description="Univest Financial Corporation is the banking holding company for Univest Bank and Trust Co. offering banking products and services primarily in Pennsylvania. The company is headquartered in Souderton, Pennsylvania."
CIK="102212"
Exchange="NASDAQ"
Currency="USD"
Country="USA"
Sector="FINANCE"
Industry="STATE COMMERCIAL BANKS"
Address="14 NORTH MAIN STREET, PO BOX 197, SOUDERTON, PA, US"
FiscalYearEnd="December"
LatestQuarter="2023-03-31"
MarketCapitalization="610660000"
EBITDA="None"
PERatio="7.77"
PEGRatio="4.47"
BookValue="27.13"
DividendPerShare="0.85"
DividendYield="0.0426"
EPS="2.67"
RevenuePerShareTTM="9.85"
ProfitMargin="0.273"
OperatingMarginTTM="0.351"
ReturnOnAssetsTTM="0.0109"
ReturnOnEquityTTM="0.1"
RevenueTTM="289014000"
GrossProfitTTM="283984000"
DilutedEPSTTM="2.67"
QuarterlyEarningsGrowthYOY="0.044"
QuarterlyRevenueGrowthYOY="0.071"
AnalystTargetPrice="22.33"
TrailingPE="7.77"
ForwardPE="-"
PriceToSalesRatioTTM="2.767"
PriceToBookRatio="1.01"
EVToRevenue="-"
EVToEBITDA="-"
Beta="0.903"
num_52WeekHigh="28.7"
num_52WeekLow="16.11"
num_50DayMovingAverage="18.83"
num_200DayMovingAverage="23.83"
SharesOutstanding="29429400"
DividendDate="2023-05-24"
ExDividendDate="2023-05-09"
symbol="UVSP"
open="19.96"
high="20.66"
low="19.76"
price="19.81"
volume="106174.00"
latest_trading_day="2023-07-27"
previous_close="20.75"
change="-0.94"
change_percent="-4.5301%"
aroon_positive_momentum_days="7"
aroon_negative_momentum_days="0"
trend_strength="Absent or Weak Trend"
buying_signal="Weak Buy Signal"
volume_analysis="Target Volume"
value_analysis="Expected Range"
Aroon_change="FALSE"
Aroon_momentum="7"
Volume_recent_avg="115106"
Change_recent_avg="-0.1"
Delta_recent_avg="0.77"
Variance_recent_avg="0.38"
Change_ratio_recent_avg="-0.47"
RSI_change="FALSE"
ADX_change="FALSE"

event="FALSE"
Aroon_signal="positive"
Aroon_change="FALSE"
Aroon_momentum_positive="7"
Aroon_momentum_negative="93"
image_negative_thumbnail_id_1="1141"
image_negative_url_1="https://hehge.com/wp-content/uploads/sites/16/2023/06/MI_Finance_Negative_Landscape_0174.jpeg"
image_negative_thumbnail_id_2="493"
image_negative_url_2="https://hehge.com/wp-content/uploads/sites/16/2023/06/MI_Finance_Negative_Landscape_0112.jpeg"
image_neutral_thumbnail_id_1="536"
image_neutral_url_1="https://hehge.com/wp-content/uploads/sites/16/2023/06/MI_Finance_Neutral_Landscape_0063.jpeg"
image_neutral_thumbnail_id_2="532"
image_neutral_url_2="https://hehge.com/wp-content/uploads/sites/16/2023/06/MI_Finance_Neutral_Landscape_0067.jpeg"
image_positive_thumbnail_id_1="616"
image_positive_url_1="https://hehge.com/wp-content/uploads/sites/16/2023/06/MI_Finance_Positive_Landscape_0092.jpeg"
image_positive_thumbnail_id_2="600"
image_positive_url_2="https://hehge.com/wp-content/uploads/sites/16/2023/06/MI_Finance_Positive_Landscape_0108.jpeg"
image_professor_thumbnail_id_1="1175"
image_professor_url_1="https://hehge.com/wp-content/uploads/sites/16/2023/06/MI_Finance_Professor_Landscape_0009.jpeg"
image_professor_thumbnail_id_2="1186"
image_professor_url_2="https://hehge.com/wp-content/uploads/sites/16/2023/06/MI_Finance_Professor_Landscape_0020.jpeg"
