Symbol="SMBK"
AssetType="Common Stock"
Name="SmartFinancial Inc"
Description="SmartFinancial, Inc. is SmartBank's banking holding company that provides various financial services to individual and corporate clients. The company is headquartered in Knoxville, Tennessee."
CIK="1038773"
Exchange="NASDAQ"
Currency="USD"
Country="USA"
Sector="FINANCE"
Industry="NATIONAL COMMERCIAL BANKS"
Address="5401 KINGSTON PIKE, SUITE 600, KNOXVILLE, TN, US"
FiscalYearEnd="December"
LatestQuarter="2023-03-31"
MarketCapitalization="378171000"
EBITDA="None"
PERatio="8.15"
PEGRatio="0"
BookValue="26.08"
DividendPerShare="0.29"
DividendYield="0.0149"
EPS="2.73"
RevenuePerShareTTM="9.98"
ProfitMargin="0.277"
OperatingMarginTTM="0.4"
ReturnOnAssetsTTM="0.0098"
ReturnOnEquityTTM="0.107"
RevenueTTM="167332000"
GrossProfitTTM="161198000"
DilutedEPSTTM="2.73"
QuarterlyEarningsGrowthYOY="0.388"
QuarterlyRevenueGrowthYOY="0.169"
AnalystTargetPrice="24.33"
TrailingPE="8.15"
ForwardPE="8.86"
PriceToSalesRatioTTM="2.936"
PriceToBookRatio="1.118"
EVToRevenue="-"
EVToEBITDA="-"
Beta="0.735"
num_52WeekHigh="30.29"
num_52WeekLow="18.79"
num_50DayMovingAverage="21.63"
num_200DayMovingAverage="25.22"
SharesOutstanding="17004100"
DividendDate="2023-05-29"
ExDividendDate="2023-05-11"
symbol="SMBK"
open="22.54"
high="22.54"
low="22.06"
price="22.37"
volume="16736.00"
latest_trading_day="2023-07-14"
previous_close="22.41"
change="-0.04"
change_percent="-0.1785%"
aroon_positive_momentum_days="22"
aroon_negative_momentum_days="0"
trend_strength="Absent or Weak Trend"
buying_signal="Weak Buy Signal"
volume_analysis="Target Volume"
value_analysis="Expected Range"
Aroon_change="FALSE"
Aroon_momentum="22"
Volume_recent_avg="41852"
Change_recent_avg="-0.09"
Delta_recent_avg="0.75"
Variance_recent_avg="0.37"
Change_ratio_recent_avg="-0.41"
RSI_change="FALSE"
ADX_change="FALSE"

event="FALSE"
Aroon_signal="positive"
Aroon_change="FALSE"
Aroon_momentum_positive="22"
Aroon_momentum_negative="78"
image_negative_thumbnail_id_1="1147"
image_negative_url_1="https://hehge.com/wp-content/uploads/sites/16/2023/06/MI_Finance_Negative_Landscape_0180.jpeg"
image_negative_thumbnail_id_2="1113"
image_negative_url_2="https://hehge.com/wp-content/uploads/sites/16/2023/06/MI_Finance_Negative_Landscape_0146.jpeg"
image_neutral_thumbnail_id_1="550"
image_neutral_url_1="https://hehge.com/wp-content/uploads/sites/16/2023/06/MI_Finance_Neutral_Landscape_0049.jpeg"
image_neutral_thumbnail_id_2="521"
image_neutral_url_2="https://hehge.com/wp-content/uploads/sites/16/2023/06/MI_Finance_Neutral_Landscape_0078.jpeg"
image_positive_thumbnail_id_1="1016"
image_positive_url_1="https://hehge.com/wp-content/uploads/sites/16/2023/06/MI_Finance_Positive_Landscape_0178.jpeg"
image_positive_thumbnail_id_2="983"
image_positive_url_2="https://hehge.com/wp-content/uploads/sites/16/2023/06/MI_Finance_Positive_Landscape_0145.jpeg"
image_professor_thumbnail_id_1="1184"
image_professor_url_1="https://hehge.com/wp-content/uploads/sites/16/2023/06/MI_Finance_Professor_Landscape_0018.jpeg"
image_professor_thumbnail_id_2="1202"
image_professor_url_2="https://hehge.com/wp-content/uploads/sites/16/2023/06/MI_Finance_Professor_Landscape_0036.jpeg"
