Symbol="HGTY"
AssetType="Common Stock"
Name="Hagerty Inc"
Description="None"
CIK="1840776"
Exchange="NYSE"
Currency="USD"
Country="USA"
Sector="FINANCE"
Industry="INSURANCE AGENTS, BROKERS & SERVICE"
Address="105 S MAPLE STREET, ITASCA, IL, US"
FiscalYearEnd="December"
LatestQuarter="2023-03-31"
MarketCapitalization="5289987000"
EBITDA="-6709000"
PERatio="None"
PEGRatio="None"
BookValue="0.745"
DividendPerShare="0"
DividendYield="0"
EPS="-0.09"
RevenuePerShareTTM="10.11"
ProfitMargin="0.0029"
OperatingMarginTTM="-0.0563"
ReturnOnAssetsTTM="-0.0254"
ReturnOnEquityTTM="-0.0881"
RevenueTTM="838129000"
GrossProfitTTM="405644000"
DilutedEPSTTM="-0.09"
QuarterlyEarningsGrowthYOY="-0.46"
QuarterlyRevenueGrowthYOY="0.301"
AnalystTargetPrice="11"
TrailingPE="-"
ForwardPE="-"
PriceToSalesRatioTTM="3.796"
PriceToBookRatio="7.46"
EVToRevenue="0.939"
EVToEBITDA="24.85"
Beta="0.75"
num_52WeekHigh="13.58"
num_52WeekLow="7.72"
num_50DayMovingAverage="9.23"
num_200DayMovingAverage="9.02"
SharesOutstanding="84406000"
DividendDate="None"
ExDividendDate="None"
symbol="HGTY"
open="8.99"
high="9.07"
low="8.88"
price="8.97"
volume="60412.00"
latest_trading_day="2023-07-21"
previous_close="9.02"
change="-0.05"
change_percent="-0.5543%"
aroon_positive_momentum_days="0"
aroon_negative_momentum_days="34"
trend_strength="Absent or Weak Trend"
buying_signal="Weak Sell Signal"
volume_analysis="Target Volume"
value_analysis="Expected Range"
Aroon_change="FALSE"
Aroon_momentum="66"
Volume_recent_avg="106086"
Change_recent_avg="0.01"
Delta_recent_avg="0.3"
Variance_recent_avg="0.15"
Change_ratio_recent_avg="0.09"
RSI_change="FALSE"
ADX_change="FALSE"

event="FALSE"
Aroon_signal="negative"
Aroon_change="FALSE"
Aroon_momentum_positive="66"
Aroon_momentum_negative="34"
image_negative_thumbnail_id_1="160"
image_negative_url_1="https://hehge.com/wp-content/uploads/sites/16/2023/05/MI_Finance_Negative_Landscape_0016.jpeg"
image_negative_thumbnail_id_2="1115"
image_negative_url_2="https://hehge.com/wp-content/uploads/sites/16/2023/06/MI_Finance_Negative_Landscape_0148.jpeg"
image_neutral_thumbnail_id_1="542"
image_neutral_url_1="https://hehge.com/wp-content/uploads/sites/16/2023/06/MI_Finance_Neutral_Landscape_0057.jpeg"
image_neutral_thumbnail_id_2="554"
image_neutral_url_2="https://hehge.com/wp-content/uploads/sites/16/2023/06/MI_Finance_Neutral_Landscape_0045.jpeg"
image_positive_thumbnail_id_1="1012"
image_positive_url_1="https://hehge.com/wp-content/uploads/sites/16/2023/06/MI_Finance_Positive_Landscape_0174.jpeg"
image_positive_thumbnail_id_2="643"
image_positive_url_2="https://hehge.com/wp-content/uploads/sites/16/2023/06/MI_Finance_Positive_Landscape_0065.jpeg"
image_professor_thumbnail_id_1="1168"
image_professor_url_1="https://hehge.com/wp-content/uploads/sites/16/2023/06/MI_Finance_Professor_Landscape_0002.jpeg"
image_professor_thumbnail_id_2="1180"
image_professor_url_2="https://hehge.com/wp-content/uploads/sites/16/2023/06/MI_Finance_Professor_Landscape_0014.jpeg"
