Symbol="HGTY"
AssetType="Common Stock"
Name="Hagerty Inc"
Description="None"
CIK="1840776"
Exchange="NYSE"
Currency="USD"
Country="USA"
Sector="FINANCE"
Industry="INSURANCE AGENTS, BROKERS & SERVICE"
Address="105 S MAPLE STREET, ITASCA, IL, US"
FiscalYearEnd="December"
LatestQuarter="2023-03-31"
MarketCapitalization="5307581000"
EBITDA="-6709000"
PERatio="None"
PEGRatio="None"
BookValue="0.745"
DividendPerShare="0"
DividendYield="0"
EPS="-0.09"
RevenuePerShareTTM="10.11"
ProfitMargin="0.0029"
OperatingMarginTTM="-0.0563"
ReturnOnAssetsTTM="-0.0254"
ReturnOnEquityTTM="-0.0881"
RevenueTTM="838129000"
GrossProfitTTM="405644000"
DilutedEPSTTM="-0.09"
QuarterlyEarningsGrowthYOY="-0.46"
QuarterlyRevenueGrowthYOY="0.301"
AnalystTargetPrice="11"
TrailingPE="-"
ForwardPE="-"
PriceToSalesRatioTTM="3.796"
PriceToBookRatio="7.46"
EVToRevenue="0.939"
EVToEBITDA="24.85"
Beta="0.75"
num_52WeekHigh="13.58"
num_52WeekLow="7.72"
num_50DayMovingAverage="9.37"
num_200DayMovingAverage="9.04"
SharesOutstanding="84406000"
DividendDate="None"
ExDividendDate="None"
symbol="HGTY"
open="9.17"
high="9.26"
low="9.02"
price="9.05"
volume="63972.00"
latest_trading_day="2023-07-07"
previous_close="9.19"
change="-0.14"
change_percent="-1.5234%"
aroon_positive_momentum_days="75"
aroon_negative_momentum_days="0"
trend_strength="Absent or Weak Trend"
buying_signal="Weak Buy Signal"
volume_analysis="Target Volume"
value_analysis="Expected Range"
Aroon_change="FALSE"
Aroon_momentum="75"
Volume_recent_avg="101097"
Change_recent_avg="0.01"
Delta_recent_avg="0.3"
Variance_recent_avg="0.15"
Change_ratio_recent_avg="0.07"
RSI_change="FALSE"
ADX_change="FALSE"

event="aroon_milestone_positive_45"
Aroon_signal="positive"
Aroon_change="FALSE"
Aroon_momentum_positive="75"
Aroon_momentum_negative="25"
image_negative_thumbnail_id_1="147"
image_negative_url_1="https://hehge.com/wp-content/uploads/sites/16/2023/05/MI_Finance_Negative_Landscape_0029.jpeg"
image_negative_thumbnail_id_2="150"
image_negative_url_2="https://hehge.com/wp-content/uploads/sites/16/2023/05/MI_Finance_Negative_Landscape_0026.jpeg"
image_neutral_thumbnail_id_1="556"
image_neutral_url_1="https://hehge.com/wp-content/uploads/sites/16/2023/06/MI_Finance_Neutral_Landscape_0043.jpeg"
image_neutral_thumbnail_id_2="557"
image_neutral_url_2="https://hehge.com/wp-content/uploads/sites/16/2023/06/MI_Finance_Neutral_Landscape_0042.jpeg"
image_positive_thumbnail_id_1="992"
image_positive_url_1="https://hehge.com/wp-content/uploads/sites/16/2023/06/MI_Finance_Positive_Landscape_0154.jpeg"
image_positive_thumbnail_id_2="1012"
image_positive_url_2="https://hehge.com/wp-content/uploads/sites/16/2023/06/MI_Finance_Positive_Landscape_0174.jpeg"
image_professor_thumbnail_id_1="1190"
image_professor_url_1="https://hehge.com/wp-content/uploads/sites/16/2023/06/MI_Finance_Professor_Landscape_0024.jpeg"
image_professor_thumbnail_id_2="1191"
image_professor_url_2="https://hehge.com/wp-content/uploads/sites/16/2023/06/MI_Finance_Professor_Landscape_0025.jpeg"
