Symbol="DGICA"
AssetType="Common Stock"
Name="Donegal Group A Inc"
Description="Donegal Group Inc., an insurance company, offers personal and commercial property and casualty lines of insurance to businesses and individuals in the Mid-Atlantic, Midwest, New England and southern states. The company is headquartered in Marietta, Pennsylvania."
CIK="800457"
Exchange="NASDAQ"
Currency="USD"
Country="USA"
Sector="FINANCE"
Industry="FIRE, MARINE & CASUALTY INSURANCE"
Address="1195 RIVER RD PO BOX 302, MARIETTA, PA, US"
FiscalYearEnd="December"
LatestQuarter="2023-06-30"
MarketCapitalization="468166000"
EBITDA="-8326383"
PERatio="None"
PEGRatio="3.06"
BookValue="14.79"
DividendPerShare="0"
DividendYield="0.0457"
EPS="-0.34"
RevenuePerShareTTM="26.52"
ProfitMargin="0"
OperatingMarginTTM="0"
ReturnOnAssetsTTM="-0.0036"
ReturnOnEquityTTM="-0.0195"
RevenueTTM="865340000"
GrossProfitTTM="-1772593"
DilutedEPSTTM="-0.34"
QuarterlyEarningsGrowthYOY="-0.623"
QuarterlyRevenueGrowthYOY="0.082"
AnalystTargetPrice="14"
TrailingPE="-"
ForwardPE="15.11"
PriceToSalesRatioTTM="0.533"
PriceToBookRatio="0.968"
EVToRevenue="0.571"
EVToEBITDA="-"
Beta="-0.0352"
num_52WeekHigh="15.58"
num_52WeekLow="12.47"
num_50DayMovingAverage="14.77"
num_200DayMovingAverage="14.81"
SharesOutstanding="27343600"
DividendDate="2023-08-15"
ExDividendDate="2023-07-31"
symbol="DGICA"
open="14.49"
high="14.70"
low="14.37"
price="14.64"
volume="30941.00"
latest_trading_day="2023-08-01"
previous_close="14.57"
change="0.07"
change_percent="0.4804%"
aroon_positive_momentum_days="60"
aroon_negative_momentum_days="0"
trend_strength="Absent or Weak Trend"
buying_signal="Weak Buy Signal"
volume_analysis="Target Volume"
value_analysis="Expected Range"
Aroon_change="FALSE"
Aroon_momentum="60"
Volume_recent_avg="36866"
Change_recent_avg="0.01"
Delta_recent_avg="0.36"
Variance_recent_avg="0.18"
Change_ratio_recent_avg="-0.01"
RSI_change="FALSE"
ADX_change="FALSE"

event="FALSE"
Aroon_signal="positive"
Aroon_change="FALSE"
Aroon_momentum_positive="60"
Aroon_momentum_negative="40"
image_negative_thumbnail_id_1="517"
image_negative_url_1="https://hehge.com/wp-content/uploads/sites/16/2023/06/MI_Finance_Negative_Landscape_0088.jpeg"
image_negative_thumbnail_id_2="98"
image_negative_url_2="https://hehge.com/wp-content/uploads/sites/16/2023/05/MI_Finance_Negative_Landscape_0078.jpeg"
image_neutral_thumbnail_id_1="572"
image_neutral_url_1="https://hehge.com/wp-content/uploads/sites/16/2023/06/MI_Finance_Neutral_Landscape_0027.jpeg"
image_neutral_thumbnail_id_2="549"
image_neutral_url_2="https://hehge.com/wp-content/uploads/sites/16/2023/06/MI_Finance_Neutral_Landscape_0050.jpeg"
image_positive_thumbnail_id_1="665"
image_positive_url_1="https://hehge.com/wp-content/uploads/sites/16/2023/06/MI_Finance_Positive_Landscape_0043.jpeg"
image_positive_thumbnail_id_2="965"
image_positive_url_2="https://hehge.com/wp-content/uploads/sites/16/2023/06/MI_Finance_Positive_Landscape_0127.jpeg"
image_professor_thumbnail_id_1="1198"
image_professor_url_1="https://hehge.com/wp-content/uploads/sites/16/2023/06/MI_Finance_Professor_Landscape_0032.jpeg"
image_professor_thumbnail_id_2="1167"
image_professor_url_2="https://hehge.com/wp-content/uploads/sites/16/2023/06/MI_Finance_Professor_Landscape_0001.jpeg"
