Symbol="BANR"
AssetType="Common Stock"
Name="Banner Corporation"
Description="Banner Corporation is Banner Bank's banking holding company providing commercial and financial banking products and services to individuals, businesses, and public sector entities in the United States. The company is headquartered in Walla Walla, Washington."
CIK="946673"
Exchange="NASDAQ"
Currency="USD"
Country="USA"
Sector="FINANCE"
Industry="STATE COMMERCIAL BANKS"
Address="10 S FIRST AVENUE, WALLA WALLA, WA, US"
FiscalYearEnd="December"
LatestQuarter="2023-03-31"
MarketCapitalization="1598962000"
EBITDA="None"
PERatio="7.75"
PEGRatio="2.18"
BookValue="44.65"
DividendPerShare="1.8"
DividendYield="0.0413"
EPS="6.01"
RevenuePerShareTTM="18.57"
ProfitMargin="0.325"
OperatingMarginTTM="0.42"
ReturnOnAssetsTTM="0.0128"
ReturnOnEquityTTM="0.134"
RevenueTTM="636141000"
GrossProfitTTM="618070000"
DilutedEPSTTM="6.01"
QuarterlyEarningsGrowthYOY="0.268"
QuarterlyRevenueGrowthYOY="0.125"
AnalystTargetPrice="57.33"
TrailingPE="7.75"
ForwardPE="10.58"
PriceToSalesRatioTTM="3.535"
PriceToBookRatio="1.605"
EVToRevenue="-"
EVToEBITDA="-"
Beta="0.987"
num_52WeekHigh="74.44"
num_52WeekLow="41.57"
num_50DayMovingAverage="45.26"
num_200DayMovingAverage="57.93"
SharesOutstanding="34334600"
DividendDate="2023-05-12"
ExDividendDate="2023-05-01"
symbol="BANR"
open="47.73"
high="47.73"
low="46.17"
price="46.57"
volume="123308.00"
latest_trading_day="2023-07-14"
previous_close="47.27"
change="-0.70"
change_percent="-1.4809%"
aroon_positive_momentum_days="0"
aroon_negative_momentum_days="100"
trend_strength="Absent or Weak Trend"
buying_signal="Weak Sell Signal"
volume_analysis="Target Volume"
value_analysis="Expected Range"
Aroon_change="FALSE"
Aroon_momentum="0"
Volume_recent_avg="219988"
Change_recent_avg="-0.22"
Delta_recent_avg="1.89"
Variance_recent_avg="0.94"
Change_ratio_recent_avg="-0.45"
RSI_change="FALSE"
ADX_change="FALSE"
Aroon_signal="negative"
Aroon_change="FALSE"
Aroon_momentum_positive="0"
Aroon_momentum_negative="100"
image_negative_thumbnail_id_1="108"
image_negative_url_1="https://hehge.com/wp-content/uploads/sites/16/2023/05/MI_Finance_Negative_Landscape_0068.jpeg"
image_negative_thumbnail_id_2="1094"
image_negative_url_2="https://hehge.com/wp-content/uploads/sites/16/2023/06/MI_Finance_Negative_Landscape_0127.jpeg"
image_neutral_thumbnail_id_1="591"
image_neutral_url_1="https://hehge.com/wp-content/uploads/sites/16/2023/06/MI_Finance_Neutral_Landscape_0008.jpeg"
image_neutral_thumbnail_id_2="523"
image_neutral_url_2="https://hehge.com/wp-content/uploads/sites/16/2023/06/MI_Finance_Neutral_Landscape_0076.jpeg"
image_positive_thumbnail_id_1="620"
image_positive_url_1="https://hehge.com/wp-content/uploads/sites/16/2023/06/MI_Finance_Positive_Landscape_0088.jpeg"
image_positive_thumbnail_id_2="668"
image_positive_url_2="https://hehge.com/wp-content/uploads/sites/16/2023/06/MI_Finance_Positive_Landscape_0040.jpeg"
image_professor_thumbnail_id_1="1196"
image_professor_url_1="https://hehge.com/wp-content/uploads/sites/16/2023/06/MI_Finance_Professor_Landscape_0030.jpeg"
image_professor_thumbnail_id_2="1175"
image_professor_url_2="https://hehge.com/wp-content/uploads/sites/16/2023/06/MI_Finance_Professor_Landscape_0009.jpeg"
