Symbol="SAFT"
AssetType="Common Stock"
Name="Safety Insurance Group Inc"
Description="Safety Insurance Group, Inc. offers private passenger and commercial auto and homeowners insurance in the United States. The company is headquartered in Boston, Massachusetts."
CIK="1172052"
Exchange="NASDAQ"
Currency="USD"
Country="USA"
Sector="FINANCE"
Industry="FIRE, MARINE & CASUALTY INSURANCE"
Address="20 CUSTOM HOUSE STREET, BOSTON, MA, US"
FiscalYearEnd="December"
LatestQuarter="2023-03-31"
MarketCapitalization="1020814000"
EBITDA="41358000"
PERatio="40.39"
PEGRatio="1.31"
BookValue="54.01"
DividendPerShare="3.6"
DividendYield="0.0501"
EPS="1.7"
RevenuePerShareTTM="55.83"
ProfitMargin="0.0323"
OperatingMarginTTM="0.0426"
ReturnOnAssetsTTM="0.0109"
ReturnOnEquityTTM="0.0317"
RevenueTTM="816315000"
GrossProfitTTM="60435000"
DilutedEPSTTM="1.7"
QuarterlyEarningsGrowthYOY="-0.247"
QuarterlyRevenueGrowthYOY="0.096"
AnalystTargetPrice="70"
TrailingPE="40.39"
ForwardPE="-"
PriceToSalesRatioTTM="1.528"
PriceToBookRatio="1.581"
EVToRevenue="1.614"
EVToEBITDA="-"
Beta="0.274"
num_52WeekHigh="93.45"
num_52WeekLow="66.78"
num_50DayMovingAverage="72.08"
num_200DayMovingAverage="79.8"
SharesOutstanding="14865500"
DividendDate="2023-06-15"
ExDividendDate="2023-05-31"
symbol="SAFT"
open="68.59"
high="69.39"
low="67.97"
price="68.23"
volume="81306.00"
latest_trading_day="2023-07-10"
previous_close="68.67"
change="-0.44"
change_percent="-0.6407%"
aroon_positive_momentum_days="0"
aroon_negative_momentum_days="82"
trend_strength="Absent or Weak Trend"
buying_signal="Weak Sell Signal"
volume_analysis="Target Volume"
value_analysis="Expected Range"
Aroon_change="FALSE"
Aroon_momentum="18"
Volume_recent_avg="78330"
Change_recent_avg="-0.04"
Delta_recent_avg="1.79"
Variance_recent_avg="0.89"
Change_ratio_recent_avg="-0.07"
RSI_change="FALSE"
ADX_change="FALSE"

event="FALSE"
Aroon_signal="negative"
Aroon_change="FALSE"
Aroon_momentum_positive="18"
Aroon_momentum_negative="82"
image_negative_thumbnail_id_1="1161"
image_negative_url_1="https://hehge.com/wp-content/uploads/sites/16/2023/06/MI_Finance_Negative_Landscape_0195.jpeg"
image_negative_thumbnail_id_2="126"
image_negative_url_2="https://hehge.com/wp-content/uploads/sites/16/2023/05/MI_Finance_Negative_Landscape_0050.jpeg"
image_neutral_thumbnail_id_1="581"
image_neutral_url_1="https://hehge.com/wp-content/uploads/sites/16/2023/06/MI_Finance_Neutral_Landscape_0018.jpeg"
image_neutral_thumbnail_id_2="583"
image_neutral_url_2="https://hehge.com/wp-content/uploads/sites/16/2023/06/MI_Finance_Neutral_Landscape_0016.jpeg"
image_positive_thumbnail_id_1="602"
image_positive_url_1="https://hehge.com/wp-content/uploads/sites/16/2023/06/MI_Finance_Positive_Landscape_0106.jpeg"
image_positive_thumbnail_id_2="996"
image_positive_url_2="https://hehge.com/wp-content/uploads/sites/16/2023/06/MI_Finance_Positive_Landscape_0158.jpeg"
image_professor_thumbnail_id_1="1176"
image_professor_url_1="https://hehge.com/wp-content/uploads/sites/16/2023/06/MI_Finance_Professor_Landscape_0010.jpeg"
image_professor_thumbnail_id_2="1181"
image_professor_url_2="https://hehge.com/wp-content/uploads/sites/16/2023/06/MI_Finance_Professor_Landscape_0015.jpeg"
