Symbol="TCBC"
AssetType="Common Stock"
Name="TC Bancshares Inc"
Description="None"
CIK="1850398"
Exchange="NASDAQ"
Currency="USD"
Country="USA"
Sector="FINANCE"
Industry="SAVINGS INSTITUTION, FEDERALLY CHARTERED"
Address="131 S DAWSON ST, THOMASVILLE, GA, US"
FiscalYearEnd="December"
LatestQuarter="2023-06-30"
MarketCapitalization="67231000"
EBITDA="None"
PERatio="70.51"
PEGRatio="None"
BookValue="18.71"
DividendPerShare="0.1"
DividendYield="0.0069"
EPS="0.2"
RevenuePerShareTTM="3.287"
ProfitMargin="0.059"
OperatingMarginTTM="0.0956"
ReturnOnAssetsTTM="0.0022"
ReturnOnEquityTTM="0.0112"
RevenueTTM="16080700"
GrossProfitTTM="15897100"
DilutedEPSTTM="0.2"
QuarterlyEarningsGrowthYOY="-0.75"
QuarterlyRevenueGrowthYOY="-0.005"
AnalystTargetPrice="None"
TrailingPE="70.51"
ForwardPE="-"
PriceToSalesRatioTTM="4.193"
PriceToBookRatio="0.791"
EVToRevenue="-"
EVToEBITDA="-"
Beta="0.0543"
num_52WeekHigh="17.21"
num_52WeekLow="12.96"
num_50DayMovingAverage="14.31"
num_200DayMovingAverage="14.75"
SharesOutstanding="4767600"
DividendDate="2023-07-21"
ExDividendDate="2023-07-06"
symbol="TCBC"
open="14.23"
high="14.23"
low="14.10"
price="14.10"
volume="865.00"
latest_trading_day="2023-08-22"
previous_close="14.39"
change="-0.29"
change_percent="-2.0042%"
aroon_positive_momentum_days="34"
aroon_negative_momentum_days="0"
trend_strength="Absent or Weak Trend"
buying_signal="Weak Buy Signal"
volume_analysis="Target Volume"
value_analysis="Expected Range"
Aroon_change="FALSE"
Aroon_momentum="34"
Volume_recent_avg="7388"
Change_recent_avg="0.02"
Delta_recent_avg="0.21"
Variance_recent_avg="0.1"
Change_ratio_recent_avg="0.11"
RSI_change="FALSE"
ADX_change="FALSE"

event="FALSE"
Aroon_signal="positive"
Aroon_change="FALSE"
Aroon_momentum_positive="34"
Aroon_momentum_negative="66"
image_negative_thumbnail_id_1="1154"
image_negative_url_1="https://hehge.com/wp-content/uploads/sites/16/2023/06/MI_Finance_Negative_Landscape_0188.jpeg"
image_negative_thumbnail_id_2="95"
image_negative_url_2="https://hehge.com/wp-content/uploads/sites/16/2023/05/MI_Finance_Negative_Landscape_0081.jpeg"
image_neutral_thumbnail_id_1="537"
image_neutral_url_1="https://hehge.com/wp-content/uploads/sites/16/2023/06/MI_Finance_Neutral_Landscape_0062.jpeg"
image_neutral_thumbnail_id_2="524"
image_neutral_url_2="https://hehge.com/wp-content/uploads/sites/16/2023/06/MI_Finance_Neutral_Landscape_0075.jpeg"
image_positive_thumbnail_id_1="603"
image_positive_url_1="https://hehge.com/wp-content/uploads/sites/16/2023/06/MI_Finance_Positive_Landscape_0105.jpeg"
image_positive_thumbnail_id_2="707"
image_positive_url_2="https://hehge.com/wp-content/uploads/sites/16/2023/06/MI_Finance_Positive_Landscape_0001.jpeg"
image_professor_thumbnail_id_1="1202"
image_professor_url_1="https://hehge.com/wp-content/uploads/sites/16/2023/06/MI_Finance_Professor_Landscape_0036.jpeg"
image_professor_thumbnail_id_2="1181"
image_professor_url_2="https://hehge.com/wp-content/uploads/sites/16/2023/06/MI_Finance_Professor_Landscape_0015.jpeg"
