Symbol="FRMEP"
AssetType="Common Stock"
Name="First Merchants Corporation Depository Shares"
Description="None"
CIK="712534"
Exchange="NASDAQ"
Currency="USD"
Country="USA"
Sector="FINANCE"
Industry="NATIONAL COMMERCIAL BANKS"
Address="200 E JACKSON ST, PO BOX 792, MUNCIE, IN, US"
FiscalYearEnd="December"
LatestQuarter="2023-03-31"
MarketCapitalization="None"
EBITDA="None"
PERatio="6.43"
PEGRatio="None"
BookValue="35.39"
DividendPerShare="1.28"
DividendYield="0.0763"
EPS="3.81"
RevenuePerShareTTM="11.03"
ProfitMargin="0.364"
OperatingMarginTTM="0.471"
ReturnOnAssetsTTM="0.0141"
ReturnOnEquityTTM="0.121"
RevenueTTM="652328000"
GrossProfitTTM="611389000"
DilutedEPSTTM="3.81"
QuarterlyEarningsGrowthYOY="0.176"
QuarterlyRevenueGrowthYOY="0.319"
AnalystTargetPrice="None"
TrailingPE="6.43"
ForwardPE="-"
PriceToSalesRatioTTM="-"
PriceToBookRatio="-"
EVToRevenue="-"
EVToEBITDA="-"
Beta="1.082"
num_52WeekHigh="25.9"
num_52WeekLow="21.64"
num_50DayMovingAverage="24.27"
num_200DayMovingAverage="24.96"
SharesOutstanding="0"
DividendDate="2023-05-15"
ExDividendDate="2023-04-27"
symbol="FRMEP"
open="24.50"
high="24.50"
low="24.50"
price="24.50"
volume="3502.00"
latest_trading_day="2023-07-20"
previous_close="24.43"
change="0.07"
change_percent="0.2865%"
aroon_positive_momentum_days="0"
aroon_negative_momentum_days="88"
trend_strength="Absent or Weak Trend"
buying_signal="High Volatility / Hold Signal"
volume_analysis="Target Volume"
value_analysis="Expected Range"
Aroon_change="FALSE"
Aroon_momentum="12"
Volume_recent_avg="1764"
Change_recent_avg="-0.01"
Delta_recent_avg="0.33"
Variance_recent_avg="0.17"
Change_ratio_recent_avg="-0.05"
RSI_change="FALSE"
ADX_change="FALSE"

event="FALSE"
Aroon_signal="negative"
Aroon_change="FALSE"
Aroon_momentum_positive="12"
Aroon_momentum_negative="88"
image_negative_thumbnail_id_1="1103"
image_negative_url_1="https://hehge.com/wp-content/uploads/sites/16/2023/06/MI_Finance_Negative_Landscape_0136.jpeg"
image_negative_thumbnail_id_2="1124"
image_negative_url_2="https://hehge.com/wp-content/uploads/sites/16/2023/06/MI_Finance_Negative_Landscape_0157.jpeg"
image_neutral_thumbnail_id_1="559"
image_neutral_url_1="https://hehge.com/wp-content/uploads/sites/16/2023/06/MI_Finance_Neutral_Landscape_0040.jpeg"
image_neutral_thumbnail_id_2="564"
image_neutral_url_2="https://hehge.com/wp-content/uploads/sites/16/2023/06/MI_Finance_Neutral_Landscape_0035.jpeg"
image_positive_thumbnail_id_1="659"
image_positive_url_1="https://hehge.com/wp-content/uploads/sites/16/2023/06/MI_Finance_Positive_Landscape_0049.jpeg"
image_positive_thumbnail_id_2="1010"
image_positive_url_2="https://hehge.com/wp-content/uploads/sites/16/2023/06/MI_Finance_Positive_Landscape_0172.jpeg"
image_professor_thumbnail_id_1="1197"
image_professor_url_1="https://hehge.com/wp-content/uploads/sites/16/2023/06/MI_Finance_Professor_Landscape_0031.jpeg"
image_professor_thumbnail_id_2="1204"
image_professor_url_2="https://hehge.com/wp-content/uploads/sites/16/2023/06/MI_Finance_Professor_Landscape_0038.jpeg"
