Symbol="ESNT"
AssetType="Common Stock"
Name="Essent Group Ltd"
Description="Essent Group Ltd., provides private mortgage insurance and reinsurance for mortgages secured by residential properties located in the United States. The company is headquartered in Hamilton, Bermuda."
CIK="1448893"
Exchange="NYSE"
Currency="USD"
Country="USA"
Sector="FINANCE"
Industry="SURETY INSURANCE"
Address="CLARENDON HOUSE, 2 CHURCH STREET, HAMILTON, BM"
FiscalYearEnd="December"
LatestQuarter="2023-03-31"
MarketCapitalization="5325409000"
EBITDA="887720000"
PERatio="7.31"
PEGRatio="0.84"
BookValue="43.18"
DividendPerShare="0.91"
DividendYield="0.0202"
EPS="6.79"
RevenuePerShareTTM="9.28"
ProfitMargin="0.734"
OperatingMarginTTM="0.891"
ReturnOnAssetsTTM="0.096"
ReturnOnEquityTTM="0.164"
RevenueTTM="992459000"
GrossProfitTTM="1121853000"
DilutedEPSTTM="6.79"
QuarterlyEarningsGrowthYOY="-0.369"
QuarterlyRevenueGrowthYOY="-0.032"
AnalystTargetPrice="50.44"
TrailingPE="7.31"
ForwardPE="6.04"
PriceToSalesRatioTTM="3.993"
PriceToBookRatio="0.947"
EVToRevenue="4.512"
EVToEBITDA="-"
Beta="1.146"
num_52WeekHigh="50.37"
num_52WeekLow="33.68"
num_50DayMovingAverage="46.58"
num_200DayMovingAverage="41.85"
SharesOutstanding="107259000"
DividendDate="2023-06-12"
ExDividendDate="2023-05-31"
symbol="ESNT"
open="49.38"
high="49.70"
low="49.19"
price="49.65"
volume="285152.00"
latest_trading_day="2023-08-01"
previous_close="49.60"
change="0.05"
change_percent="0.1008%"
aroon_positive_momentum_days="56"
aroon_negative_momentum_days="0"
trend_strength="Absent or Weak Trend"
buying_signal="Strong Buy Signal"
volume_analysis="Target Volume"
value_analysis="Expected Range"
Aroon_change="FALSE"
Aroon_momentum="56"
Volume_recent_avg="478851"
Change_recent_avg="0.06"
Delta_recent_avg="0.86"
Variance_recent_avg="0.43"
Change_ratio_recent_avg="0.12"
RSI_change="FALSE"
ADX_change="FALSE"

event="FALSE"
Aroon_signal="positive"
Aroon_change="FALSE"
Aroon_momentum_positive="56"
Aroon_momentum_negative="44"
image_negative_thumbnail_id_1="488"
image_negative_url_1="https://hehge.com/wp-content/uploads/sites/16/2023/06/MI_Finance_Negative_Landscape_0117.jpeg"
image_negative_thumbnail_id_2="1124"
image_negative_url_2="https://hehge.com/wp-content/uploads/sites/16/2023/06/MI_Finance_Negative_Landscape_0157.jpeg"
image_neutral_thumbnail_id_1="535"
image_neutral_url_1="https://hehge.com/wp-content/uploads/sites/16/2023/06/MI_Finance_Neutral_Landscape_0064.jpeg"
image_neutral_thumbnail_id_2="583"
image_neutral_url_2="https://hehge.com/wp-content/uploads/sites/16/2023/06/MI_Finance_Neutral_Landscape_0016.jpeg"
image_positive_thumbnail_id_1="1016"
image_positive_url_1="https://hehge.com/wp-content/uploads/sites/16/2023/06/MI_Finance_Positive_Landscape_0178.jpeg"
image_positive_thumbnail_id_2="630"
image_positive_url_2="https://hehge.com/wp-content/uploads/sites/16/2023/06/MI_Finance_Positive_Landscape_0078.jpeg"
image_professor_thumbnail_id_1="1184"
image_professor_url_1="https://hehge.com/wp-content/uploads/sites/16/2023/06/MI_Finance_Professor_Landscape_0018.jpeg"
image_professor_thumbnail_id_2="1190"
image_professor_url_2="https://hehge.com/wp-content/uploads/sites/16/2023/06/MI_Finance_Professor_Landscape_0024.jpeg"
