Symbol="WBS"
AssetType="Common Stock"
Name="Webster Financial Corporation"
Description="Webster Financial Corporation is the banking holding company for Webster Bank, a National Association that provides a variety of banking, investment, and financial services to individuals, families, and businesses in the United States. The company is headquartered in Waterbury, Connecticut."
CIK="801337"
Exchange="NYSE"
Currency="USD"
Country="USA"
Sector="FINANCE"
Industry="NATIONAL COMMERCIAL BANKS"
Address="FRED SMITH, 132 GRAND STREET, WATERBURY, CT, US"
FiscalYearEnd="December"
LatestQuarter="2023-03-31"
MarketCapitalization="7246417000"
EBITDA="None"
PERatio="8.13"
PEGRatio="1.93"
BookValue="45.85"
DividendPerShare="1.6"
DividendYield="0.0401"
EPS="5.04"
RevenuePerShareTTM="14.39"
ProfitMargin="0.353"
OperatingMarginTTM="0.547"
ReturnOnAssetsTTM="0.0126"
ReturnOnEquityTTM="0.107"
RevenueTTM="2501812000"
GrossProfitTTM="2191950000"
DilutedEPSTTM="5.04"
QuarterlyEarningsGrowthYOY="0.152"
QuarterlyRevenueGrowthYOY="1.001"
AnalystTargetPrice="48.55"
TrailingPE="8.13"
ForwardPE="6.7"
PriceToSalesRatioTTM="4.143"
PriceToBookRatio="1.058"
EVToRevenue="-"
EVToEBITDA="-"
Beta="1.243"
num_52WeekHigh="55.35"
num_52WeekLow="30.64"
num_50DayMovingAverage="37.0"
num_200DayMovingAverage="44.8"
SharesOutstanding="174745000"
DividendDate="2023-05-22"
ExDividendDate="2023-05-05"
symbol="WBS"
open="42.29"
high="42.29"
low="40.28"
price="40.99"
volume="1080496.00"
latest_trading_day="2023-07-14"
previous_close="41.71"
change="-0.72"
change_percent="-1.7262%"
aroon_positive_momentum_days="31"
aroon_negative_momentum_days="0"
trend_strength="Absent or Weak Trend"
buying_signal="Strong Buy Signal"
volume_analysis="Target Volume"
value_analysis="Expected Range"
Aroon_change="FALSE"
Aroon_momentum="31"
Volume_recent_avg="1484372"
Change_recent_avg="-0.13"
Delta_recent_avg="1.56"
Variance_recent_avg="0.78"
Change_ratio_recent_avg="-0.32"
RSI_change="FALSE"
ADX_change="FALSE"

event="FALSE"
Aroon_signal="positive"
Aroon_change="FALSE"
Aroon_momentum_positive="31"
Aroon_momentum_negative="69"
image_negative_thumbnail_id_1="491"
image_negative_url_1="https://hehge.com/wp-content/uploads/sites/16/2023/06/MI_Finance_Negative_Landscape_0114.jpeg"
image_negative_thumbnail_id_2="510"
image_negative_url_2="https://hehge.com/wp-content/uploads/sites/16/2023/06/MI_Finance_Negative_Landscape_0095.jpeg"
image_neutral_thumbnail_id_1="576"
image_neutral_url_1="https://hehge.com/wp-content/uploads/sites/16/2023/06/MI_Finance_Neutral_Landscape_0023.jpeg"
image_neutral_thumbnail_id_2="593"
image_neutral_url_2="https://hehge.com/wp-content/uploads/sites/16/2023/06/MI_Finance_Neutral_Landscape_0006.jpeg"
image_positive_thumbnail_id_1="664"
image_positive_url_1="https://hehge.com/wp-content/uploads/sites/16/2023/06/MI_Finance_Positive_Landscape_0044.jpeg"
image_positive_thumbnail_id_2="619"
image_positive_url_2="https://hehge.com/wp-content/uploads/sites/16/2023/06/MI_Finance_Positive_Landscape_0089.jpeg"
image_professor_thumbnail_id_1="1200"
image_professor_url_1="https://hehge.com/wp-content/uploads/sites/16/2023/06/MI_Finance_Professor_Landscape_0034.jpeg"
image_professor_thumbnail_id_2="1172"
image_professor_url_2="https://hehge.com/wp-content/uploads/sites/16/2023/06/MI_Finance_Professor_Landscape_0006.jpeg"
