Symbol="NIC"
AssetType="Common Stock"
Name="Nicolet Bankshares Inc."
Description="Nicolet Bankshares, Inc. is the bank holding company of Nicolet National Bank that offers banking products and services for businesses and individuals. The company is headquartered in Green Bay, Wisconsin."
CIK="1174850"
Exchange="NYSE"
Currency="USD"
Country="USA"
Sector="FINANCE"
Industry="NATIONAL COMMERCIAL BANKS"
Address="111 N WASHINGTON ST, GREEN BAY, WI, US"
FiscalYearEnd="December"
LatestQuarter="2023-06-30"
MarketCapitalization="1166394000"
EBITDA="None"
PERatio="19.62"
PEGRatio="None"
BookValue="66.2"
DividendPerShare="0"
DividendYield="0.0126"
EPS="4.04"
RevenuePerShareTTM="20.59"
ProfitMargin="0"
OperatingMarginTTM="0"
ReturnOnAssetsTTM="0.0079"
ReturnOnEquityTTM="6.58"
RevenueTTM="248730000"
GrossProfitTTM="286381000"
DilutedEPSTTM="4.04"
QuarterlyEarningsGrowthYOY="0.463"
QuarterlyRevenueGrowthYOY="-0.542"
AnalystTargetPrice="84.8"
TrailingPE="19.62"
ForwardPE="-"
PriceToSalesRatioTTM="4.28"
PriceToBookRatio="1.249"
EVToRevenue="-"
EVToEBITDA="-"
Beta="0.716"
num_52WeekHigh="86.15"
num_52WeekLow="51.56"
num_50DayMovingAverage="68.33"
num_200DayMovingAverage="71.24"
SharesOutstanding="14717900"
DividendDate="2023-06-15"
ExDividendDate="2023-05-31"
symbol="NIC"
open="80.11"
high="82.64"
low="79.99"
price="82.61"
volume="64005.00"
latest_trading_day="2023-07-26"
previous_close="79.25"
change="3.36"
change_percent="4.2397%"
aroon_positive_momentum_days="35"
aroon_negative_momentum_days="0"
trend_strength="Absent or Weak Trend"
buying_signal="Strong Buy Signal"
volume_analysis="Target Volume"
value_analysis="Expected Range"
Aroon_change="FALSE"
Aroon_momentum="35"
Volume_recent_avg="47211"
Change_recent_avg="0.08"
Delta_recent_avg="2.35"
Variance_recent_avg="1.18"
Change_ratio_recent_avg="0.09"
RSI_change="FALSE"
ADX_change="FALSE"

event="FALSE"
Aroon_signal="positive"
Aroon_change="FALSE"
Aroon_momentum_positive="35"
Aroon_momentum_negative="65"
image_negative_thumbnail_id_1="1114"
image_negative_url_1="https://hehge.com/wp-content/uploads/sites/16/2023/06/MI_Finance_Negative_Landscape_0147.jpeg"
image_negative_thumbnail_id_2="141"
image_negative_url_2="https://hehge.com/wp-content/uploads/sites/16/2023/05/MI_Finance_Negative_Landscape_0035.jpeg"
image_neutral_thumbnail_id_1="550"
image_neutral_url_1="https://hehge.com/wp-content/uploads/sites/16/2023/06/MI_Finance_Neutral_Landscape_0049.jpeg"
image_neutral_thumbnail_id_2="587"
image_neutral_url_2="https://hehge.com/wp-content/uploads/sites/16/2023/06/MI_Finance_Neutral_Landscape_0012.jpeg"
image_positive_thumbnail_id_1="672"
image_positive_url_1="https://hehge.com/wp-content/uploads/sites/16/2023/06/MI_Finance_Positive_Landscape_0036.jpeg"
image_positive_thumbnail_id_2="1010"
image_positive_url_2="https://hehge.com/wp-content/uploads/sites/16/2023/06/MI_Finance_Positive_Landscape_0172.jpeg"
image_professor_thumbnail_id_1="1204"
image_professor_url_1="https://hehge.com/wp-content/uploads/sites/16/2023/06/MI_Finance_Professor_Landscape_0038.jpeg"
image_professor_thumbnail_id_2="1184"
image_professor_url_2="https://hehge.com/wp-content/uploads/sites/16/2023/06/MI_Finance_Professor_Landscape_0018.jpeg"
