Symbol="AFBI"
AssetType="Common Stock"
Name="Affinity Bancshares Inc"
Description="Affinity Bancshares, Inc. is the holding company of Affinity Bank offering various banking products and services. The company is headquartered in Covington, Georgia."
CIK="1823406"
Exchange="NASDAQ"
Currency="USD"
Country="USA"
Sector="FINANCE"
Industry="SAVINGS INSTITUTIONS, NOT FEDERALLY CHARTERED"
Address="3175 HIGHWAY 278, COVINGTON, GA, US"
FiscalYearEnd="December"
LatestQuarter="2023-03-31"
MarketCapitalization="79532000"
EBITDA="None"
PERatio="11.17"
PEGRatio="None"
BookValue="18.02"
DividendPerShare="0"
DividendYield="0"
EPS="1.09"
RevenuePerShareTTM="4.654"
ProfitMargin="0.229"
OperatingMarginTTM="0.3"
ReturnOnAssetsTTM="0.0084"
ReturnOnEquityTTM="0.0602"
RevenueTTM="30800000"
GrossProfitTTM="31453000"
DilutedEPSTTM="1.09"
QuarterlyEarningsGrowthYOY="0"
QuarterlyRevenueGrowthYOY="-0.081"
AnalystTargetPrice="None"
TrailingPE="11.17"
ForwardPE="-"
PriceToSalesRatioTTM="3.13"
PriceToBookRatio="0.827"
EVToRevenue="-"
EVToEBITDA="-"
Beta="0.345"
num_52WeekHigh="16.5"
num_52WeekLow="11.29"
num_50DayMovingAverage="12.34"
num_200DayMovingAverage="14.15"
SharesOutstanding="6535000"
DividendDate="None"
ExDividendDate="None"
symbol="AFBI"
open="12.05"
high="12.17"
low="12.05"
price="12.17"
volume="7755.00"
latest_trading_day="2023-07-11"
previous_close="12.01"
change="0.16"
change_percent="1.3322%"
aroon_positive_momentum_days="0"
aroon_negative_momentum_days="83"
trend_strength="Absent or Weak Trend"
buying_signal="High Volatility / Hold Signal"
volume_analysis="Target Volume"
value_analysis="Expected Range"
Aroon_change="FALSE"
Aroon_momentum="17"
Volume_recent_avg="8110"
Change_recent_avg="-0.02"
Delta_recent_avg="0.35"
Variance_recent_avg="0.18"
Change_ratio_recent_avg="-0.21"
RSI_change="FALSE"
ADX_change="FALSE"

event="FALSE"
Aroon_signal="negative"
Aroon_change="FALSE"
Aroon_momentum_positive="17"
Aroon_momentum_negative="83"
image_negative_thumbnail_id_1="1113"
image_negative_url_1="https://hehge.com/wp-content/uploads/sites/16/2023/06/MI_Finance_Negative_Landscape_0146.jpeg"
image_negative_thumbnail_id_2="500"
image_negative_url_2="https://hehge.com/wp-content/uploads/sites/16/2023/06/MI_Finance_Negative_Landscape_0105.jpeg"
image_neutral_thumbnail_id_1="567"
image_neutral_url_1="https://hehge.com/wp-content/uploads/sites/16/2023/06/MI_Finance_Neutral_Landscape_0032.jpeg"
image_neutral_thumbnail_id_2="537"
image_neutral_url_2="https://hehge.com/wp-content/uploads/sites/16/2023/06/MI_Finance_Neutral_Landscape_0062.jpeg"
image_positive_thumbnail_id_1="990"
image_positive_url_1="https://hehge.com/wp-content/uploads/sites/16/2023/06/MI_Finance_Positive_Landscape_0152.jpeg"
image_positive_thumbnail_id_2="659"
image_positive_url_2="https://hehge.com/wp-content/uploads/sites/16/2023/06/MI_Finance_Positive_Landscape_0049.jpeg"
image_professor_thumbnail_id_1="1169"
image_professor_url_1="https://hehge.com/wp-content/uploads/sites/16/2023/06/MI_Finance_Professor_Landscape_0003.jpeg"
image_professor_thumbnail_id_2="1193"
image_professor_url_2="https://hehge.com/wp-content/uploads/sites/16/2023/06/MI_Finance_Professor_Landscape_0027.jpeg"
