Symbol="AFBI"
AssetType="Common Stock"
Name="Affinity Bancshares Inc"
Description="Affinity Bancshares, Inc. is the holding company of Affinity Bank offering various banking products and services. The company is headquartered in Covington, Georgia."
CIK="1823406"
Exchange="NASDAQ"
Currency="USD"
Country="USA"
Sector="FINANCE"
Industry="SAVINGS INSTITUTIONS, NOT FEDERALLY CHARTERED"
Address="3175 HIGHWAY 278, COVINGTON, GA, US"
FiscalYearEnd="December"
LatestQuarter="2023-03-31"
MarketCapitalization="86982000"
EBITDA="None"
PERatio="11.88"
PEGRatio="None"
BookValue="18.02"
DividendPerShare="0"
DividendYield="0"
EPS="1.12"
RevenuePerShareTTM="4.654"
ProfitMargin="0.229"
OperatingMarginTTM="0.3"
ReturnOnAssetsTTM="0.0084"
ReturnOnEquityTTM="0.0602"
RevenueTTM="30800000"
GrossProfitTTM="31453000"
DilutedEPSTTM="1.12"
QuarterlyEarningsGrowthYOY="0"
QuarterlyRevenueGrowthYOY="-0.081"
AnalystTargetPrice="None"
TrailingPE="11.88"
ForwardPE="-"
PriceToSalesRatioTTM="3.13"
PriceToBookRatio="0.827"
EVToRevenue="-"
EVToEBITDA="-"
Beta="0.345"
num_52WeekHigh="16.5"
num_52WeekLow="11.29"
num_50DayMovingAverage="12.18"
num_200DayMovingAverage="14.06"
SharesOutstanding="6535000"
DividendDate="None"
ExDividendDate="None"
symbol="AFBI"
open="13.19"
high="13.52"
low="13.19"
price="13.31"
volume="5223.00"
latest_trading_day="2023-07-21"
previous_close="13.10"
change="0.21"
change_percent="1.6031%"
aroon_positive_momentum_days="0"
aroon_negative_momentum_days="91"
trend_strength="Absent or Weak Trend"
buying_signal="High Volatility / Hold Signal"
volume_analysis="Target Volume"
value_analysis="Expected Range"
Aroon_change="FALSE"
Aroon_momentum="9"
Volume_recent_avg="8280"
Change_recent_avg="0.01"
Delta_recent_avg="0.37"
Variance_recent_avg="0.18"
Change_ratio_recent_avg="-0.07"
RSI_change="FALSE"
ADX_change="FALSE"

event="FALSE"
Aroon_signal="negative"
Aroon_change="FALSE"
Aroon_momentum_positive="9"
Aroon_momentum_negative="91"
image_negative_thumbnail_id_1="160"
image_negative_url_1="https://hehge.com/wp-content/uploads/sites/16/2023/05/MI_Finance_Negative_Landscape_0016.jpeg"
image_negative_thumbnail_id_2="151"
image_negative_url_2="https://hehge.com/wp-content/uploads/sites/16/2023/05/MI_Finance_Negative_Landscape_0025.jpeg"
image_neutral_thumbnail_id_1="549"
image_neutral_url_1="https://hehge.com/wp-content/uploads/sites/16/2023/06/MI_Finance_Neutral_Landscape_0050.jpeg"
image_neutral_thumbnail_id_2="548"
image_neutral_url_2="https://hehge.com/wp-content/uploads/sites/16/2023/06/MI_Finance_Neutral_Landscape_0051.jpeg"
image_positive_thumbnail_id_1="704"
image_positive_url_1="https://hehge.com/wp-content/uploads/sites/16/2023/06/MI_Finance_Positive_Landscape_0004.jpeg"
image_positive_thumbnail_id_2="1010"
image_positive_url_2="https://hehge.com/wp-content/uploads/sites/16/2023/06/MI_Finance_Positive_Landscape_0172.jpeg"
image_professor_thumbnail_id_1="1204"
image_professor_url_1="https://hehge.com/wp-content/uploads/sites/16/2023/06/MI_Finance_Professor_Landscape_0038.jpeg"
image_professor_thumbnail_id_2="1184"
image_professor_url_2="https://hehge.com/wp-content/uploads/sites/16/2023/06/MI_Finance_Professor_Landscape_0018.jpeg"
