Symbol="AFBI"
AssetType="Common Stock"
Name="Affinity Bancshares Inc"
Description="Affinity Bancshares, Inc. is the holding company of Affinity Bank offering various banking products and services. The company is headquartered in Covington, Georgia."
CIK="1823406"
Exchange="NASDAQ"
Currency="USD"
Country="USA"
Sector="FINANCE"
Industry="SAVINGS INSTITUTIONS, NOT FEDERALLY CHARTERED"
Address="3175 HIGHWAY 278, COVINGTON, GA, US"
FiscalYearEnd="December"
LatestQuarter="2023-06-30"
MarketCapitalization="91491000"
EBITDA="None"
PERatio="13.21"
PEGRatio="None"
BookValue="18.34"
DividendPerShare="0"
DividendYield="0"
EPS="1.06"
RevenuePerShareTTM="4.642"
ProfitMargin="0.225"
OperatingMarginTTM="0.294"
ReturnOnAssetsTTM="0.0084"
ReturnOnEquityTTM="0.0589"
RevenueTTM="30599000"
GrossProfitTTM="31453000"
DilutedEPSTTM="1.06"
QuarterlyEarningsGrowthYOY="-0.111"
QuarterlyRevenueGrowthYOY="-0.027"
AnalystTargetPrice="None"
TrailingPE="13.21"
ForwardPE="-"
PriceToSalesRatioTTM="3.13"
PriceToBookRatio="0.827"
EVToRevenue="-"
EVToEBITDA="-"
Beta="0.37"
num_52WeekHigh="16.5"
num_52WeekLow="11.29"
num_50DayMovingAverage="12.88"
num_200DayMovingAverage="14.02"
SharesOutstanding="6535000"
DividendDate="None"
ExDividendDate="None"
symbol="AFBI"
open="14.00"
high="14.35"
low="14.00"
price="14.35"
volume="1597.00"
latest_trading_day="2023-08-18"
previous_close="14.01"
change="0.34"
change_percent="2.4268%"
aroon_positive_momentum_days="14"
aroon_negative_momentum_days="0"
trend_strength="Absent or Weak Trend"
buying_signal="Weak Buy Signal"
volume_analysis="Target Volume"
value_analysis="Expected Range"
Aroon_change="FALSE"
Aroon_momentum="14"
Volume_recent_avg="6564"
Change_recent_avg="-0.01"
Delta_recent_avg="0.33"
Variance_recent_avg="0.16"
Change_ratio_recent_avg="-0.08"
RSI_change="FALSE"
ADX_change="FALSE"

event="FALSE"
Aroon_signal="positive"
Aroon_change="FALSE"
Aroon_momentum_positive="14"
Aroon_momentum_negative="86"
image_negative_thumbnail_id_1="102"
image_negative_url_1="https://hehge.com/wp-content/uploads/sites/16/2023/05/MI_Finance_Negative_Landscape_0074.jpeg"
image_negative_thumbnail_id_2="497"
image_negative_url_2="https://hehge.com/wp-content/uploads/sites/16/2023/06/MI_Finance_Negative_Landscape_0108.jpeg"
image_neutral_thumbnail_id_1="587"
image_neutral_url_1="https://hehge.com/wp-content/uploads/sites/16/2023/06/MI_Finance_Neutral_Landscape_0012.jpeg"
image_neutral_thumbnail_id_2="523"
image_neutral_url_2="https://hehge.com/wp-content/uploads/sites/16/2023/06/MI_Finance_Neutral_Landscape_0076.jpeg"
image_positive_thumbnail_id_1="986"
image_positive_url_1="https://hehge.com/wp-content/uploads/sites/16/2023/06/MI_Finance_Positive_Landscape_0148.jpeg"
image_positive_thumbnail_id_2="1004"
image_positive_url_2="https://hehge.com/wp-content/uploads/sites/16/2023/06/MI_Finance_Positive_Landscape_0166.jpeg"
image_professor_thumbnail_id_1="1201"
image_professor_url_1="https://hehge.com/wp-content/uploads/sites/16/2023/06/MI_Finance_Professor_Landscape_0035.jpeg"
image_professor_thumbnail_id_2="1194"
image_professor_url_2="https://hehge.com/wp-content/uploads/sites/16/2023/06/MI_Finance_Professor_Landscape_0028.jpeg"
