Symbol="BWB"
AssetType="Common Stock"
Name="Bridgewater Bancshares Inc"
Description="Bridgewater Bancshares, Inc. is the banking holding company for Bridgewater Bank providing banking products and services to commercial real estate investors, small business entrepreneurs and high net worth individuals in the United States. The company is headquartered in Saint Louis Park, Minnesota."
CIK="1341317"
Exchange="NASDAQ"
Currency="USD"
Country="USA"
Sector="FINANCE"
Industry="STATE COMMERCIAL BANKS"
Address="3800 AMERICAN BOULEVARD WEST, SUITE 100, BLOOMINGTON, MN, US"
FiscalYearEnd="December"
LatestQuarter="2023-03-31"
MarketCapitalization="267614000"
EBITDA="None"
PERatio="5.74"
PEGRatio="None"
BookValue="12.05"
DividendPerShare="0"
DividendYield="0"
EPS="1.67"
RevenuePerShareTTM="4.619"
ProfitMargin="0.413"
OperatingMarginTTM="0.555"
ReturnOnAssetsTTM="0.0129"
ReturnOnEquityTTM="0.135"
RevenueTTM="127748000"
GrossProfitTTM="127922000"
DilutedEPSTTM="1.67"
QuarterlyEarningsGrowthYOY="-0.051"
QuarterlyRevenueGrowthYOY="-0.006"
AnalystTargetPrice="12.83"
TrailingPE="5.74"
ForwardPE="-"
PriceToSalesRatioTTM="3.899"
PriceToBookRatio="1.596"
EVToRevenue="-"
EVToEBITDA="-"
Beta="0.671"
num_52WeekHigh="20.2"
num_52WeekLow="7.9"
num_50DayMovingAverage="9.4"
num_200DayMovingAverage="14.26"
SharesOutstanding="27934700"
DividendDate="None"
ExDividendDate="None"
symbol="BWB"
open="9.32"
high="9.71"
low="9.32"
price="9.58"
volume="134063.00"
latest_trading_day="2023-07-07"
previous_close="9.32"
change="0.26"
change_percent="2.7897%"
aroon_positive_momentum_days="7"
aroon_negative_momentum_days="0"
trend_strength="Absent or Weak Trend"
buying_signal="Weak Buy Signal"
volume_analysis="Target Volume"
value_analysis="Expected Range"
Aroon_change="FALSE"
Aroon_momentum="7"
Volume_recent_avg="120958"
Change_recent_avg="-0.07"
Delta_recent_avg="0.46"
Variance_recent_avg="0.23"
Change_ratio_recent_avg="-0.61"
RSI_change="FALSE"
ADX_change="FALSE"

event="FALSE"
Aroon_signal="positive"
Aroon_change="FALSE"
Aroon_momentum_positive="7"
Aroon_momentum_negative="93"
image_negative_thumbnail_id_1="117"
image_negative_url_1="https://hehge.com/wp-content/uploads/sites/16/2023/05/MI_Finance_Negative_Landscape_0059.jpeg"
image_negative_thumbnail_id_2="492"
image_negative_url_2="https://hehge.com/wp-content/uploads/sites/16/2023/06/MI_Finance_Negative_Landscape_0113.jpeg"
image_neutral_thumbnail_id_1="562"
image_neutral_url_1="https://hehge.com/wp-content/uploads/sites/16/2023/06/MI_Finance_Neutral_Landscape_0037.jpeg"
image_neutral_thumbnail_id_2="547"
image_neutral_url_2="https://hehge.com/wp-content/uploads/sites/16/2023/06/MI_Finance_Neutral_Landscape_0052.jpeg"
image_positive_thumbnail_id_1="669"
image_positive_url_1="https://hehge.com/wp-content/uploads/sites/16/2023/06/MI_Finance_Positive_Landscape_0039.jpeg"
image_positive_thumbnail_id_2="1013"
image_positive_url_2="https://hehge.com/wp-content/uploads/sites/16/2023/06/MI_Finance_Positive_Landscape_0175.jpeg"
image_professor_thumbnail_id_1="1172"
image_professor_url_1="https://hehge.com/wp-content/uploads/sites/16/2023/06/MI_Finance_Professor_Landscape_0006.jpeg"
image_professor_thumbnail_id_2="1173"
image_professor_url_2="https://hehge.com/wp-content/uploads/sites/16/2023/06/MI_Finance_Professor_Landscape_0007.jpeg"
