Symbol="CM"
AssetType="Common Stock"
Name="Canadian Imperial Bank Of Commerce"
Description="Canadian Imperial Bank of Commerce, a diversified financial institution, offers a variety of financial products and services to personal, commercial, public sector, and institutional clients in Canada, the United States, and internationally. The company is headquartered in Toronto, Canada."
CIK="1045520"
Exchange="NYSE"
Currency="USD"
Country="USA"
Sector="FINANCE"
Industry="COMMERCIAL BANKS, NEC"
Address="PO BOX 770, SUITE 4440, BCE PLACE, 181 BAY STREET, TORONTO ONTARIO, ON, CA"
FiscalYearEnd="October"
LatestQuarter="2023-04-30"
MarketCapitalization="40199991000"
EBITDA="None"
PERatio="11.11"
PEGRatio="4.11"
BookValue="53.03"
DividendPerShare="3.36"
DividendYield="0.0604"
EPS="3.94"
RevenuePerShareTTM="23.35"
ProfitMargin="0.233"
OperatingMarginTTM="0.39"
ReturnOnAssetsTTM="0.0054"
ReturnOnEquityTTM="0.1"
RevenueTTM="21176001000"
GrossProfitTTM="20776000000"
DilutedEPSTTM="3.94"
QuarterlyEarningsGrowthYOY="0.086"
QuarterlyRevenueGrowthYOY="0.038"
AnalystTargetPrice="43.04"
TrailingPE="11.11"
ForwardPE="8.42"
PriceToSalesRatioTTM="1.791"
PriceToBookRatio="1.168"
EVToRevenue="-"
EVToEBITDA="-"
Beta="1.019"
num_52WeekHigh="50.26"
num_52WeekLow="37.81"
num_50DayMovingAverage="42.67"
num_200DayMovingAverage="43.36"
SharesOutstanding="917736000"
DividendDate="2023-07-28"
ExDividendDate="2023-06-27"
symbol="CM"
open="43.79"
high="43.99"
low="43.53"
price="43.76"
volume="522226.00"
latest_trading_day="2023-07-28"
previous_close="43.47"
change="0.29"
change_percent="0.6671%"
aroon_positive_momentum_days="48"
aroon_negative_momentum_days="0"
trend_strength="Absent or Weak Trend"
buying_signal="Strong Buy Signal"
volume_analysis="Target Volume"
value_analysis="Expected Range"
Aroon_change="FALSE"
Aroon_momentum="48"
Volume_recent_avg="1286537"
Change_recent_avg="-0.04"
Delta_recent_avg="0.69"
Variance_recent_avg="0.34"
Change_ratio_recent_avg="-0.09"
RSI_change="FALSE"
ADX_change="FALSE"

event="FALSE"
Aroon_signal="positive"
Aroon_change="FALSE"
Aroon_momentum_positive="48"
Aroon_momentum_negative="52"
image_negative_thumbnail_id_1="1104"
image_negative_url_1="https://hehge.com/wp-content/uploads/sites/16/2023/06/MI_Finance_Negative_Landscape_0137.jpeg"
image_negative_thumbnail_id_2="108"
image_negative_url_2="https://hehge.com/wp-content/uploads/sites/16/2023/05/MI_Finance_Negative_Landscape_0068.jpeg"
image_neutral_thumbnail_id_1="569"
image_neutral_url_1="https://hehge.com/wp-content/uploads/sites/16/2023/06/MI_Finance_Neutral_Landscape_0030.jpeg"
image_neutral_thumbnail_id_2="543"
image_neutral_url_2="https://hehge.com/wp-content/uploads/sites/16/2023/06/MI_Finance_Neutral_Landscape_0056.jpeg"
image_positive_thumbnail_id_1="670"
image_positive_url_1="https://hehge.com/wp-content/uploads/sites/16/2023/06/MI_Finance_Positive_Landscape_0038.jpeg"
image_positive_thumbnail_id_2="985"
image_positive_url_2="https://hehge.com/wp-content/uploads/sites/16/2023/06/MI_Finance_Positive_Landscape_0147.jpeg"
image_professor_thumbnail_id_1="1191"
image_professor_url_1="https://hehge.com/wp-content/uploads/sites/16/2023/06/MI_Finance_Professor_Landscape_0025.jpeg"
image_professor_thumbnail_id_2="1193"
image_professor_url_2="https://hehge.com/wp-content/uploads/sites/16/2023/06/MI_Finance_Professor_Landscape_0027.jpeg"
