Symbol="FBP"
AssetType="Common Stock"
Name="First Bancorp"
Description="First BanCorp. The company is headquartered in Santurce, Puerto Rico."
CIK="1057706"
Exchange="NYSE"
Currency="USD"
Country="USA"
Sector="FINANCE"
Industry="STATE COMMERCIAL BANKS"
Address="1519 PONCE DE LEON AVE, SANTURCE, SAN JUAN, PR"
FiscalYearEnd="December"
LatestQuarter="2023-03-31"
MarketCapitalization="2335455000"
EBITDA="None"
PERatio="8.19"
PEGRatio="0.86"
BookValue="7.86"
DividendPerShare="0.5"
DividendYield="0.0431"
EPS="1.565"
RevenuePerShareTTM="4.703"
ProfitMargin="0.335"
OperatingMarginTTM="0.484"
ReturnOnAssetsTTM="0.0151"
ReturnOnEquityTTM="18.4"
RevenueTTM="876240000"
GrossProfitTTM="890623000"
DilutedEPSTTM="1.55"
QuarterlyEarningsGrowthYOY="-0.049"
QuarterlyRevenueGrowthYOY="-0.062"
AnalystTargetPrice="14.1"
TrailingPE="8.38"
ForwardPE="-"
PriceToSalesRatioTTM="2.609"
PriceToBookRatio="2.026"
EVToRevenue="-"
EVToEBITDA="-"
Beta="1.121"
num_52WeekHigh="15.79"
num_52WeekLow="10.06"
num_50DayMovingAverage="11.97"
num_200DayMovingAverage="13.13"
SharesOutstanding="179789000"
DividendDate="2023-06-09"
ExDividendDate="2023-05-23"
symbol="FBP"
open="13.21"
high="13.21"
low="12.84"
price="12.99"
volume="880101.00"
latest_trading_day="2023-07-14"
previous_close="13.15"
change="-0.16"
change_percent="-1.2167%"
aroon_positive_momentum_days="31"
aroon_negative_momentum_days="0"
trend_strength="Absent or Weak Trend"
buying_signal="Strong Buy Signal"
volume_analysis="Target Volume"
value_analysis="Expected Range"
Aroon_change="FALSE"
Aroon_momentum="31"
Volume_recent_avg="1467015"
Change_recent_avg="-0.02"
Delta_recent_avg="0.42"
Variance_recent_avg="0.21"
Change_ratio_recent_avg="-0.19"
RSI_change="FALSE"
ADX_change="FALSE"

event="FALSE"
Aroon_signal="positive"
Aroon_change="FALSE"
Aroon_momentum_positive="31"
Aroon_momentum_negative="69"
image_negative_thumbnail_id_1="99"
image_negative_url_1="https://hehge.com/wp-content/uploads/sites/16/2023/05/MI_Finance_Negative_Landscape_0077.jpeg"
image_negative_thumbnail_id_2="1149"
image_negative_url_2="https://hehge.com/wp-content/uploads/sites/16/2023/06/MI_Finance_Negative_Landscape_0182.jpeg"
image_neutral_thumbnail_id_1="524"
image_neutral_url_1="https://hehge.com/wp-content/uploads/sites/16/2023/06/MI_Finance_Neutral_Landscape_0075.jpeg"
image_neutral_thumbnail_id_2="578"
image_neutral_url_2="https://hehge.com/wp-content/uploads/sites/16/2023/06/MI_Finance_Neutral_Landscape_0021.jpeg"
image_positive_thumbnail_id_1="657"
image_positive_url_1="https://hehge.com/wp-content/uploads/sites/16/2023/06/MI_Finance_Positive_Landscape_0051.jpeg"
image_positive_thumbnail_id_2="1166"
image_positive_url_2="https://hehge.com/wp-content/uploads/sites/16/2023/06/MI_Finance_Positive_Negative_0187.jpeg"
image_professor_thumbnail_id_1="1175"
image_professor_url_1="https://hehge.com/wp-content/uploads/sites/16/2023/06/MI_Finance_Professor_Landscape_0009.jpeg"
image_professor_thumbnail_id_2="1189"
image_professor_url_2="https://hehge.com/wp-content/uploads/sites/16/2023/06/MI_Finance_Professor_Landscape_0023.jpeg"
