Symbol="BRP"
AssetType="Common Stock"
Name="Brp Group Inc"
Description="BRP Group, Inc. markets and sells insurance products and services in the United States. The company is headquartered in Tampa, Florida."
CIK="1781755"
Exchange="NASDAQ"
Currency="USD"
Country="USA"
Sector="FINANCE"
Industry="INSURANCE AGENTS, BROKERS & SERVICE"
Address="4211 W. BOY SCOUT BLVD., SUITE 800, TAMPA, FL, US"
FiscalYearEnd="December"
LatestQuarter="2023-03-31"
MarketCapitalization="1576853000"
EBITDA="90099000"
PERatio="None"
PEGRatio="None"
BookValue="9.69"
DividendPerShare="0"
DividendYield="0"
EPS="-1.41"
RevenuePerShareTTM="18.56"
ProfitMargin="-0.0737"
OperatingMarginTTM="-0.0021"
ReturnOnAssetsTTM="-0.0004"
ReturnOnEquityTTM="-0.125"
RevenueTTM="1068318000"
GrossProfitTTM="261275000"
DilutedEPSTTM="-1.41"
QuarterlyEarningsGrowthYOY="0.182"
QuarterlyRevenueGrowthYOY="0.361"
AnalystTargetPrice="30.83"
TrailingPE="-"
ForwardPE="22.62"
PriceToSalesRatioTTM="1.897"
PriceToBookRatio="2.64"
EVToRevenue="3.368"
EVToEBITDA="29.09"
Beta="1.573"
num_52WeekHigh="33.34"
num_52WeekLow="19.26"
num_50DayMovingAverage="23.66"
num_200DayMovingAverage="26.09"
SharesOutstanding="63737000"
DividendDate="None"
ExDividendDate="None"
symbol="BRP"
open="25.00"
high="25.52"
low="24.71"
price="24.74"
volume="406212.00"
latest_trading_day="2023-08-04"
previous_close="24.97"
change="-0.23"
change_percent="-0.9211%"
aroon_positive_momentum_days="9"
aroon_negative_momentum_days="0"
trend_strength="Absent or Weak Trend"
buying_signal="Weak Buy Signal"
volume_analysis="Target Volume"
value_analysis="Expected Range"
Aroon_change="FALSE"
Aroon_momentum="9"
Volume_recent_avg="380302"
Change_recent_avg="0.01"
Delta_recent_avg="0.93"
Variance_recent_avg="0.47"
Change_ratio_recent_avg="0.01"
RSI_change="FALSE"
ADX_change="FALSE"

event="FALSE"
Aroon_signal="positive"
Aroon_change="FALSE"
Aroon_momentum_positive="9"
Aroon_momentum_negative="91"
image_negative_thumbnail_id_1="147"
image_negative_url_1="https://hehge.com/wp-content/uploads/sites/16/2023/05/MI_Finance_Negative_Landscape_0029.jpeg"
image_negative_thumbnail_id_2="101"
image_negative_url_2="https://hehge.com/wp-content/uploads/sites/16/2023/05/MI_Finance_Negative_Landscape_0075.jpeg"
image_neutral_thumbnail_id_1="529"
image_neutral_url_1="https://hehge.com/wp-content/uploads/sites/16/2023/06/MI_Finance_Neutral_Landscape_0070.jpeg"
image_neutral_thumbnail_id_2="524"
image_neutral_url_2="https://hehge.com/wp-content/uploads/sites/16/2023/06/MI_Finance_Neutral_Landscape_0075.jpeg"
image_positive_thumbnail_id_1="976"
image_positive_url_1="https://hehge.com/wp-content/uploads/sites/16/2023/06/MI_Finance_Positive_Landscape_0138.jpeg"
image_positive_thumbnail_id_2="981"
image_positive_url_2="https://hehge.com/wp-content/uploads/sites/16/2023/06/MI_Finance_Positive_Landscape_0143.jpeg"
image_professor_thumbnail_id_1="1183"
image_professor_url_1="https://hehge.com/wp-content/uploads/sites/16/2023/06/MI_Finance_Professor_Landscape_0017.jpeg"
image_professor_thumbnail_id_2="1203"
image_professor_url_2="https://hehge.com/wp-content/uploads/sites/16/2023/06/MI_Finance_Professor_Landscape_0037.jpeg"
