Symbol="NSTS"
AssetType="Common Stock"
Name="NSTS Bancorp Inc"
Description="NSTS Bancorp, Inc. is focused on operating as a savings and loan holding company for North Shore Trust and Savings which provides banking products and services in Illinois. The company is headquartered in Waukegan, Illinois."
CIK="1881592"
Exchange="NASDAQ"
Currency="USD"
Country="USA"
Sector="FINANCE"
Industry="SAVINGS INSTITUTION, FEDERALLY CHARTERED"
Address="700 LEWIS AVE., WAUKEGAN, IL, US"
FiscalYearEnd="December"
LatestQuarter="2023-03-31"
MarketCapitalization="48782000"
EBITDA="None"
PERatio="82.91"
PEGRatio="None"
BookValue="15.2"
DividendPerShare="0"
DividendYield="0"
EPS="0.11"
RevenuePerShareTTM="1.519"
ProfitMargin="0.0629"
OperatingMarginTTM="0.0885"
ReturnOnAssetsTTM="0.0017"
ReturnOnEquityTTM="0.0056"
RevenueTTM="7570000"
GrossProfitTTM="5330000"
DilutedEPSTTM="0.11"
QuarterlyEarningsGrowthYOY="0"
QuarterlyRevenueGrowthYOY="0.402"
AnalystTargetPrice="None"
TrailingPE="82.91"
ForwardPE="-"
PriceToSalesRatioTTM="8.48"
PriceToBookRatio="0.682"
EVToRevenue="-"
EVToEBITDA="-"
Beta="None"
num_52WeekHigh="11.19"
num_52WeekLow="8.25"
num_50DayMovingAverage="9.08"
num_200DayMovingAverage="9.59"
SharesOutstanding="5348900"
DividendDate="None"
ExDividendDate="None"
symbol="NSTS"
open="9.12"
high="9.13"
low="9.11"
price="9.12"
volume="21009.00"
latest_trading_day="2023-08-10"
previous_close="9.12"
change="0.00"
change_percent="0.0000%"
aroon_positive_momentum_days="38"
aroon_negative_momentum_days="0"
trend_strength="Absent or Weak Trend"
buying_signal="Weak Buy Signal"
volume_analysis="Target Volume"
value_analysis="Expected Range"
Aroon_change="FALSE"
Aroon_momentum="38"
Volume_recent_avg="5765"
Change_recent_avg="0.03"
Delta_recent_avg="0.14"
Variance_recent_avg="0.07"
Change_ratio_recent_avg="0.31"
RSI_change="FALSE"
ADX_change="FALSE"

event="FALSE"
Aroon_signal="positive"
Aroon_change="FALSE"
Aroon_momentum_positive="38"
Aroon_momentum_negative="62"
image_negative_thumbnail_id_1="169"
image_negative_url_1="https://hehge.com/wp-content/uploads/sites/16/2023/05/MI_Finance_Negative_Landscape_0007.jpeg"
image_negative_thumbnail_id_2="1142"
image_negative_url_2="https://hehge.com/wp-content/uploads/sites/16/2023/06/MI_Finance_Negative_Landscape_0175.jpeg"
image_neutral_thumbnail_id_1="539"
image_neutral_url_1="https://hehge.com/wp-content/uploads/sites/16/2023/06/MI_Finance_Neutral_Landscape_0060.jpeg"
image_neutral_thumbnail_id_2="556"
image_neutral_url_2="https://hehge.com/wp-content/uploads/sites/16/2023/06/MI_Finance_Neutral_Landscape_0043.jpeg"
image_positive_thumbnail_id_1="678"
image_positive_url_1="https://hehge.com/wp-content/uploads/sites/16/2023/06/MI_Finance_Positive_Landscape_0030.jpeg"
image_positive_thumbnail_id_2="606"
image_positive_url_2="https://hehge.com/wp-content/uploads/sites/16/2023/06/MI_Finance_Positive_Landscape_0102.jpeg"
image_professor_thumbnail_id_1="1175"
image_professor_url_1="https://hehge.com/wp-content/uploads/sites/16/2023/06/MI_Finance_Professor_Landscape_0009.jpeg"
image_professor_thumbnail_id_2="1182"
image_professor_url_2="https://hehge.com/wp-content/uploads/sites/16/2023/06/MI_Finance_Professor_Landscape_0016.jpeg"
