Symbol="GBNY"
AssetType="Common Stock"
Name="Generations Bancorp NY Inc"
Description="Generations Bancorp NY, Inc. is a portfolio company of Generations Bank offering various banking products and services. The company is headquartered in Seneca Falls, New York."
CIK="1823365"
Exchange="NASDAQ"
Currency="USD"
Country="USA"
Sector="FINANCE"
Industry="SAVINGS INSTITUTIONS, NOT FEDERALLY CHARTERED"
Address="20 EAST BAYARD STREET, SENECA FALLS, NY, US"
FiscalYearEnd="December"
LatestQuarter="2023-03-31"
MarketCapitalization="21538600"
EBITDA="None"
PERatio="40"
PEGRatio="None"
BookValue="16.03"
DividendPerShare="0"
DividendYield="0"
EPS="0.23"
RevenuePerShareTTM="5.45"
ProfitMargin="0.0434"
OperatingMarginTTM="0.0515"
ReturnOnAssetsTTM="0.0014"
ReturnOnEquityTTM="0.0135"
RevenueTTM="12430000"
GrossProfitTTM="14105000"
DilutedEPSTTM="0.23"
QuarterlyEarningsGrowthYOY="-0.92"
QuarterlyRevenueGrowthYOY="-0.127"
AnalystTargetPrice="None"
TrailingPE="40"
ForwardPE="-"
PriceToSalesRatioTTM="1.849"
PriceToBookRatio="0.671"
EVToRevenue="-"
EVToEBITDA="-"
Beta="0.402"
num_52WeekHigh="11.68"
num_52WeekLow="8.25"
num_50DayMovingAverage="8.87"
num_200DayMovingAverage="10.27"
SharesOutstanding="2341200"
DividendDate="None"
ExDividendDate="2012-02-15"
symbol="GBNY"
open="9.41"
high="9.41"
low="9.41"
price="9.41"
volume="41.00"
latest_trading_day="2023-07-07"
previous_close="9.41"
change="0.00"
change_percent="0.0000%"
aroon_positive_momentum_days="0"
aroon_negative_momentum_days="80"
trend_strength="Absent or Weak Trend"
buying_signal="Weak Sell Signal"
volume_analysis="Target Volume"
value_analysis="Expected Range"
Aroon_change="FALSE"
Aroon_momentum="20"
Volume_recent_avg="1903"
Change_recent_avg="-0.02"
Delta_recent_avg="0.19"
Variance_recent_avg="0.1"
Change_ratio_recent_avg="-0.23"
RSI_change="FALSE"
ADX_change="FALSE"

event="FALSE"
Aroon_signal="negative"
Aroon_change="FALSE"
Aroon_momentum_positive="20"
Aroon_momentum_negative="80"
image_negative_thumbnail_id_1="101"
image_negative_url_1="https://hehge.com/wp-content/uploads/sites/16/2023/05/MI_Finance_Negative_Landscape_0075.jpeg"
image_negative_thumbnail_id_2="1118"
image_negative_url_2="https://hehge.com/wp-content/uploads/sites/16/2023/06/MI_Finance_Negative_Landscape_0151.jpeg"
image_neutral_thumbnail_id_1="570"
image_neutral_url_1="https://hehge.com/wp-content/uploads/sites/16/2023/06/MI_Finance_Neutral_Landscape_0029.jpeg"
image_neutral_thumbnail_id_2="540"
image_neutral_url_2="https://hehge.com/wp-content/uploads/sites/16/2023/06/MI_Finance_Neutral_Landscape_0059.jpeg"
image_positive_thumbnail_id_1="948"
image_positive_url_1="https://hehge.com/wp-content/uploads/sites/16/2023/06/MI_Finance_Positive_Landscape_0110.jpeg"
image_positive_thumbnail_id_2="957"
image_positive_url_2="https://hehge.com/wp-content/uploads/sites/16/2023/06/MI_Finance_Positive_Landscape_0119.jpeg"
image_professor_thumbnail_id_1="1201"
image_professor_url_1="https://hehge.com/wp-content/uploads/sites/16/2023/06/MI_Finance_Professor_Landscape_0035.jpeg"
image_professor_thumbnail_id_2="1180"
image_professor_url_2="https://hehge.com/wp-content/uploads/sites/16/2023/06/MI_Finance_Professor_Landscape_0014.jpeg"
