Symbol="LDI"
AssetType="Common Stock"
Name="Loandepot Inc"
Description="LoanDepot, Inc. is dedicated to the origination and servicing of conventional and government mortgage loans in the United States. The company is headquartered in Foothill Ranch, California."
CIK="1831631"
Exchange="NYSE"
Currency="USD"
Country="USA"
Sector="FINANCE"
Industry="FINANCE SERVICES"
Address="26642 TOWNE CENTRE DRIVE, FOOTHILL RANCH, CA, US"
FiscalYearEnd="December"
LatestQuarter="2023-06-30"
MarketCapitalization="604800000"
EBITDA="None"
PERatio="None"
PEGRatio="None"
BookValue="2.225"
DividendPerShare="0"
DividendYield="0.199"
EPS="-1.19"
RevenuePerShareTTM="5.08"
ProfitMargin="-0.237"
OperatingMarginTTM="-0.566"
ReturnOnAssetsTTM="-0.0567"
ReturnOnEquityTTM="-0.434"
RevenueTTM="858160000"
GrossProfitTTM="828824000"
DilutedEPSTTM="-1.19"
QuarterlyEarningsGrowthYOY="-0.988"
QuarterlyRevenueGrowthYOY="-0.034"
AnalystTargetPrice="2.2"
TrailingPE="-"
ForwardPE="91.74"
PriceToSalesRatioTTM="0.326"
PriceToBookRatio="0.569"
EVToRevenue="-"
EVToEBITDA="-"
Beta="2.491"
num_52WeekHigh="3.02"
num_52WeekLow="0.604"
num_50DayMovingAverage="2.112"
num_200DayMovingAverage="1.928"
SharesOutstanding="78893000"
DividendDate="2022-04-18"
ExDividendDate="2022-04-01"
symbol="LDI"
open="1.88"
high="1.97"
low="1.88"
price="1.89"
volume="162774.00"
latest_trading_day="2023-08-29"
previous_close="1.89"
change="0.00"
change_percent="0.0000%"
aroon_positive_momentum_days="0"
aroon_negative_momentum_days="39"
trend_strength="Absent or Weak Trend"
buying_signal="Weak Sell Signal"
volume_analysis="Target Volume"
value_analysis="Expected Range"
Aroon_change="TRUE"
Aroon_momentum="61"
Volume_recent_avg="284340"
Change_recent_avg="0.01"
Delta_recent_avg="0.11"
Variance_recent_avg="0.05"
Change_ratio_recent_avg="0.07"
RSI_change="FALSE"
ADX_change="FALSE"
Aroon_signal="negative"
Aroon_change="TRUE"
Aroon_momentum_positive="61"
Aroon_momentum_negative="39"
image_negative_thumbnail_id_1="515"
image_negative_url_1="https://hehge.com/wp-content/uploads/sites/16/2023/06/MI_Finance_Negative_Landscape_0090.jpeg"
image_negative_thumbnail_id_2="164"
image_negative_url_2="https://hehge.com/wp-content/uploads/sites/16/2023/05/MI_Finance_Negative_Landscape_0012.jpeg"
image_neutral_thumbnail_id_1="568"
image_neutral_url_1="https://hehge.com/wp-content/uploads/sites/16/2023/06/MI_Finance_Neutral_Landscape_0031.jpeg"
image_neutral_thumbnail_id_2="566"
image_neutral_url_2="https://hehge.com/wp-content/uploads/sites/16/2023/06/MI_Finance_Neutral_Landscape_0033.jpeg"
image_positive_thumbnail_id_1="605"
image_positive_url_1="https://hehge.com/wp-content/uploads/sites/16/2023/06/MI_Finance_Positive_Landscape_0103.jpeg"
image_positive_thumbnail_id_2="615"
image_positive_url_2="https://hehge.com/wp-content/uploads/sites/16/2023/06/MI_Finance_Positive_Landscape_0093.jpeg"
image_professor_thumbnail_id_1="1203"
image_professor_url_1="https://hehge.com/wp-content/uploads/sites/16/2023/06/MI_Finance_Professor_Landscape_0037.jpeg"
image_professor_thumbnail_id_2="1200"
image_professor_url_2="https://hehge.com/wp-content/uploads/sites/16/2023/06/MI_Finance_Professor_Landscape_0034.jpeg"
