Symbol="ECBK"
AssetType="Common Stock"
Name="ECB Bancorp Inc."
Description="None"
CIK="1914605"
Exchange="NASDAQ"
Currency="USD"
Country="USA"
Sector="FINANCE"
Industry="SAVINGS INSTITUTIONS, NOT FEDERALLY CHARTERED"
Address="419 BROADWAY, EVERETT, MA, US"
FiscalYearEnd="December"
LatestQuarter="2023-03-31"
MarketCapitalization="117718000"
EBITDA="None"
PERatio="53.46"
PEGRatio="None"
BookValue="17.77"
DividendPerShare="0"
DividendYield="0"
EPS="0.24"
RevenuePerShareTTM="2.481"
ProfitMargin="0.0983"
OperatingMarginTTM="0.281"
ReturnOnAssetsTTM="0.0024"
ReturnOnEquityTTM="0.0185"
RevenueTTM="22761000"
GrossProfitTTM="19556000"
DilutedEPSTTM="0.24"
QuarterlyEarningsGrowthYOY="0"
QuarterlyRevenueGrowthYOY="0.132"
AnalystTargetPrice="None"
TrailingPE="53.46"
ForwardPE="-"
PriceToSalesRatioTTM="6.95"
PriceToBookRatio="0.928"
EVToRevenue="-"
EVToEBITDA="-"
Beta="None"
num_52WeekHigh="16.91"
num_52WeekLow="10.32"
num_50DayMovingAverage="12.27"
num_200DayMovingAverage="14.46"
SharesOutstanding="9175200"
DividendDate="None"
ExDividendDate="None"
symbol="ECBK"
open="12.88"
high="12.92"
low="12.81"
price="12.83"
volume="11245.00"
latest_trading_day="2023-07-14"
previous_close="12.90"
change="-0.07"
change_percent="-0.5426%"
aroon_positive_momentum_days="8"
aroon_negative_momentum_days="0"
trend_strength="Absent or Weak Trend"
buying_signal="Weak Buy Signal"
volume_analysis="Target Volume"
value_analysis="Expected Range"
Aroon_change="FALSE"
Aroon_momentum="8"
Volume_recent_avg="15836"
Change_recent_avg="-0.03"
Delta_recent_avg="0.32"
Variance_recent_avg="0.16"
Change_ratio_recent_avg="-0.23"
RSI_change="FALSE"
ADX_change="FALSE"

event="FALSE"
Aroon_signal="positive"
Aroon_change="FALSE"
Aroon_momentum_positive="8"
Aroon_momentum_negative="92"
image_negative_thumbnail_id_1="1092"
image_negative_url_1="https://hehge.com/wp-content/uploads/sites/16/2023/06/MI_Finance_Negative_Landscape_0125.jpeg"
image_negative_thumbnail_id_2="1159"
image_negative_url_2="https://hehge.com/wp-content/uploads/sites/16/2023/06/MI_Finance_Negative_Landscape_0193.jpeg"
image_neutral_thumbnail_id_1="581"
image_neutral_url_1="https://hehge.com/wp-content/uploads/sites/16/2023/06/MI_Finance_Neutral_Landscape_0018.jpeg"
image_neutral_thumbnail_id_2="562"
image_neutral_url_2="https://hehge.com/wp-content/uploads/sites/16/2023/06/MI_Finance_Neutral_Landscape_0037.jpeg"
image_positive_thumbnail_id_1="629"
image_positive_url_1="https://hehge.com/wp-content/uploads/sites/16/2023/06/MI_Finance_Positive_Landscape_0079.jpeg"
image_positive_thumbnail_id_2="948"
image_positive_url_2="https://hehge.com/wp-content/uploads/sites/16/2023/06/MI_Finance_Positive_Landscape_0110.jpeg"
image_professor_thumbnail_id_1="1180"
image_professor_url_1="https://hehge.com/wp-content/uploads/sites/16/2023/06/MI_Finance_Professor_Landscape_0014.jpeg"
image_professor_thumbnail_id_2="1186"
image_professor_url_2="https://hehge.com/wp-content/uploads/sites/16/2023/06/MI_Finance_Professor_Landscape_0020.jpeg"
aroon_positive_momentum_days="8"
aroon_negative_momentum_days="0"
trend_strength="Absent or Weak Trend"
buying_signal="Weak Buy Signal"
volume_analysis="Target Volume"
value_analysis="Expected Range"
Aroon_change="FALSE"
Aroon_momentum="8"
Volume_recent_avg="15836"
Change_recent_avg="-0.03"
Delta_recent_avg="0.32"
Variance_recent_avg="0.16"
Change_ratio_recent_avg="-0.23"
RSI_change="FALSE"
ADX_change="FALSE"

event="FALSE"
Aroon_signal="positive"
Aroon_change="FALSE"
Aroon_momentum_positive="8"
Aroon_momentum_negative="92"
image_negative_thumbnail_id_1="150"
image_negative_url_1="https://hehge.com/wp-content/uploads/sites/16/2023/05/MI_Finance_Negative_Landscape_0026.jpeg"
image_negative_thumbnail_id_2="1119"
image_negative_url_2="https://hehge.com/wp-content/uploads/sites/16/2023/06/MI_Finance_Negative_Landscape_0152.jpeg"
image_neutral_thumbnail_id_1="557"
image_neutral_url_1="https://hehge.com/wp-content/uploads/sites/16/2023/06/MI_Finance_Neutral_Landscape_0042.jpeg"
image_neutral_thumbnail_id_2="583"
image_neutral_url_2="https://hehge.com/wp-content/uploads/sites/16/2023/06/MI_Finance_Neutral_Landscape_0016.jpeg"
image_positive_thumbnail_id_1="620"
image_positive_url_1="https://hehge.com/wp-content/uploads/sites/16/2023/06/MI_Finance_Positive_Landscape_0088.jpeg"
image_positive_thumbnail_id_2="632"
image_positive_url_2="https://hehge.com/wp-content/uploads/sites/16/2023/06/MI_Finance_Positive_Landscape_0076.jpeg"
image_professor_thumbnail_id_1="1201"
image_professor_url_1="https://hehge.com/wp-content/uploads/sites/16/2023/06/MI_Finance_Professor_Landscape_0035.jpeg"
image_professor_thumbnail_id_2="1190"
image_professor_url_2="https://hehge.com/wp-content/uploads/sites/16/2023/06/MI_Finance_Professor_Landscape_0024.jpeg"
