Symbol="UPST"
AssetType="Common Stock"
Name="Upstart Holdings Inc"
Description="Upstart Holdings, Inc. operates a cloud-based artificial intelligence (AI) lending platform. The company is headquartered in San Mateo, California."
CIK="1647639"
Exchange="NASDAQ"
Currency="USD"
Country="USA"
Sector="FINANCE"
Industry="FINANCE SERVICES"
Address="2950 S. DELAWARE STREET, SUITE 300, SAN MATEO, CA, US"
FiscalYearEnd="December"
LatestQuarter="2023-03-31"
MarketCapitalization="5702646000"
EBITDA="-246342000"
PERatio="None"
PEGRatio="None"
BookValue="7.59"
DividendPerShare="0"
DividendYield="0"
EPS="-3.82"
RevenuePerShareTTM="7.94"
ProfitMargin="-0.415"
OperatingMarginTTM="-0.404"
ReturnOnAssetsTTM="-0.0865"
ReturnOnEquityTTM="-0.36"
RevenueTTM="652251000"
GrossProfitTTM="665293000"
DilutedEPSTTM="-3.82"
QuarterlyEarningsGrowthYOY="2.091"
QuarterlyRevenueGrowthYOY="-0.646"
AnalystTargetPrice="22.93"
TrailingPE="-"
ForwardPE="10.56"
PriceToSalesRatioTTM="1.289"
PriceToBookRatio="1.946"
EVToRevenue="-"
EVToEBITDA="-"
Beta="1.811"
num_52WeekHigh="72.58"
num_52WeekLow="11.93"
num_50DayMovingAverage="40.77"
num_200DayMovingAverage="23.23"
SharesOutstanding="82671000"
DividendDate="None"
ExDividendDate="None"
symbol="UPST"
open="66.94"
high="71.08"
low="65.54"
price="68.21"
volume="8140905.00"
latest_trading_day="2023-08-03"
previous_close="67.99"
change="0.22"
change_percent="0.3236%"
aroon_positive_momentum_days="69"
aroon_negative_momentum_days="0"
trend_strength="Absent or Weak Trend"
buying_signal="Strong Buy Signal"
volume_analysis="Trending Low"
value_analysis="Bearish Trend"
Aroon_change="FALSE"
Aroon_momentum="69"
Volume_recent_avg="8976013"
Change_recent_avg="0.44"
Delta_recent_avg="2.74"
Variance_recent_avg="1.37"
Change_ratio_recent_avg="0.83"
RSI_change="FALSE"
ADX_change="FALSE"

event="FALSE"
Aroon_signal="positive"
Aroon_change="FALSE"
Aroon_momentum_positive="69"
Aroon_momentum_negative="31"
image_negative_thumbnail_id_1="94"
image_negative_url_1="https://hehge.com/wp-content/uploads/sites/16/2023/05/MI_Finance_Negative_Landscape_0082.jpeg"
image_negative_thumbnail_id_2="1157"
image_negative_url_2="https://hehge.com/wp-content/uploads/sites/16/2023/06/MI_Finance_Negative_Landscape_0191.jpeg"
image_neutral_thumbnail_id_1="525"
image_neutral_url_1="https://hehge.com/wp-content/uploads/sites/16/2023/06/MI_Finance_Neutral_Landscape_0074.jpeg"
image_neutral_thumbnail_id_2="593"
image_neutral_url_2="https://hehge.com/wp-content/uploads/sites/16/2023/06/MI_Finance_Neutral_Landscape_0006.jpeg"
image_positive_thumbnail_id_1="697"
image_positive_url_1="https://hehge.com/wp-content/uploads/sites/16/2023/06/MI_Finance_Positive_Landscape_0011.jpeg"
image_positive_thumbnail_id_2="608"
image_positive_url_2="https://hehge.com/wp-content/uploads/sites/16/2023/06/MI_Finance_Positive_Landscape_0100.jpeg"
image_professor_thumbnail_id_1="1170"
image_professor_url_1="https://hehge.com/wp-content/uploads/sites/16/2023/06/MI_Finance_Professor_Landscape_0004.jpeg"
image_professor_thumbnail_id_2="1202"
image_professor_url_2="https://hehge.com/wp-content/uploads/sites/16/2023/06/MI_Finance_Professor_Landscape_0036.jpeg"
