Symbol="FITBI"
AssetType="Preferred Stock"
Name="Fifth Third Bancorp"
Description="Fifth Third Bancorp is a diversified financial services company based in Cincinnati, Ohio, and the indirect parent company of Fifth Third Bank, National Association, a federally chartered institution. "
CIK="35527"
Exchange="NASDAQ"
Currency="USD"
Country="USA"
Sector="FINANCE"
Industry="STATE COMMERCIAL BANKS"
Address="38 FOUNTAIN SQ PLZ, FIFTH THIRD CENTER, CINCINNATI, OH, US"
FiscalYearEnd="December"
LatestQuarter="2023-03-31"
MarketCapitalization="17215656000"
EBITDA="None"
PERatio="7.07"
PEGRatio="0"
BookValue="23.88"
DividendPerShare="1.29"
DividendYield="0.0669"
EPS="3.483"
RevenuePerShareTTM="11.68"
ProfitMargin="0.312"
OperatingMarginTTM="0.4"
ReturnOnAssetsTTM="0.012"
ReturnOnEquityTTM="0.13"
RevenueTTM="8036000000"
GrossProfitTTM="7823000000"
DilutedEPSTTM="3.483"
QuarterlyEarningsGrowthYOY="0.147"
QuarterlyRevenueGrowthYOY="0.116"
AnalystTargetPrice="None"
TrailingPE="7.07"
ForwardPE="-"
PriceToSalesRatioTTM="2.292"
PriceToBookRatio="-"
EVToRevenue="-"
EVToEBITDA="-"
Beta="1.204"
num_52WeekHigh="25.29"
num_52WeekLow="20.37"
num_50DayMovingAverage="24.61"
num_200DayMovingAverage="24.8"
SharesOutstanding="655616000"
DividendDate="2023-06-30"
ExDividendDate="2023-06-27"
symbol="FITBI"
open="24.62"
high="24.85"
low="24.55"
price="24.61"
volume="13969.00"
latest_trading_day="2023-07-07"
previous_close="24.55"
change="0.06"
change_percent="0.2444%"
aroon_positive_momentum_days="49"
aroon_negative_momentum_days="0"
trend_strength="Absent or Weak Trend"
buying_signal="Strong Buy Signal"
volume_analysis="Target Volume"
value_analysis="Expected Range"
Aroon_change="FALSE"
Aroon_momentum="49"
Volume_recent_avg="70716"
Change_recent_avg="-0.01"
Delta_recent_avg="0.41"
Variance_recent_avg="0.21"
Change_ratio_recent_avg="-0.07"
RSI_change="FALSE"
ADX_change="FALSE"

event="aroon_milestone_positive_30"
Aroon_signal="positive"
Aroon_change="FALSE"
Aroon_momentum_positive="49"
Aroon_momentum_negative="51"
image_negative_thumbnail_id_1="517"
image_negative_url_1="https://hehge.com/wp-content/uploads/sites/16/2023/06/MI_Finance_Negative_Landscape_0088.jpeg"
image_negative_thumbnail_id_2="152"
image_negative_url_2="https://hehge.com/wp-content/uploads/sites/16/2023/05/MI_Finance_Negative_Landscape_0024.jpeg"
image_neutral_thumbnail_id_1="545"
image_neutral_url_1="https://hehge.com/wp-content/uploads/sites/16/2023/06/MI_Finance_Neutral_Landscape_0054.jpeg"
image_neutral_thumbnail_id_2="547"
image_neutral_url_2="https://hehge.com/wp-content/uploads/sites/16/2023/06/MI_Finance_Neutral_Landscape_0052.jpeg"
image_positive_thumbnail_id_1="996"
image_positive_url_1="https://hehge.com/wp-content/uploads/sites/16/2023/06/MI_Finance_Positive_Landscape_0158.jpeg"
image_positive_thumbnail_id_2="973"
image_positive_url_2="https://hehge.com/wp-content/uploads/sites/16/2023/06/MI_Finance_Positive_Landscape_0135.jpeg"
image_professor_thumbnail_id_1="1174"
image_professor_url_1="https://hehge.com/wp-content/uploads/sites/16/2023/06/MI_Finance_Professor_Landscape_0008.jpeg"
image_professor_thumbnail_id_2="1182"
image_professor_url_2="https://hehge.com/wp-content/uploads/sites/16/2023/06/MI_Finance_Professor_Landscape_0016.jpeg"
