Symbol="WTFCM"
AssetType="Preferred Stock"
Name="Wintrust Financial Corp Pref"
Description="Wintrust Financial Corporation is a financial holding company. The company is headquartered in Rosemont, Illinois."
CIK="1015328"
Exchange="NASDAQ"
Currency="USD"
Country="USA"
Sector="FINANCE"
Industry="STATE COMMERCIAL BANKS"
Address="9700 WEST HIGGINS ROAD, 8TH FLOOR, ROSEMONT, IL, US"
FiscalYearEnd="December"
LatestQuarter="2023-06-30"
MarketCapitalization="3154805000"
EBITDA="None"
PERatio="3.128"
PEGRatio="0"
BookValue="75.65"
DividendPerShare="1.48"
DividendYield="0.0755"
EPS="7.11"
RevenuePerShareTTM="34.03"
ProfitMargin="0.3"
OperatingMarginTTM="0.428"
ReturnOnAssetsTTM="0.0118"
ReturnOnEquityTTM="0.128"
RevenueTTM="2073456000"
GrossProfitTTM="1877132000"
DilutedEPSTTM="7.11"
QuarterlyEarningsGrowthYOY="0.597"
QuarterlyRevenueGrowthYOY="0.266"
AnalystTargetPrice="None"
TrailingPE="3.128"
ForwardPE="-"
PriceToSalesRatioTTM="1.942"
PriceToBookRatio="-"
EVToRevenue="-"
EVToEBITDA="-"
Beta="1.214"
num_52WeekHigh="25.32"
num_52WeekLow="18.07"
num_50DayMovingAverage="22.82"
num_200DayMovingAverage="23.48"
SharesOutstanding="56392000"
DividendDate="2023-10-15"
ExDividendDate="2023-09-28"
symbol="WTFCM"
open="22.38"
high="22.73"
low="22.05"
price="22.25"
volume="3182.00"
latest_trading_day="2023-08-25"
previous_close="22.44"
change="-0.19"
change_percent="-0.8467%"
aroon_positive_momentum_days="55"
aroon_negative_momentum_days="0"
trend_strength="Absent or Weak Trend"
buying_signal="High Volatility / Hold Signal"
volume_analysis="Target Volume"
value_analysis="Expected Range"
Aroon_change="FALSE"
Aroon_momentum="55"
Volume_recent_avg="9881"
Change_recent_avg="0.01"
Delta_recent_avg="0.6"
Variance_recent_avg="0.3"
Change_ratio_recent_avg="-0.01"
RSI_change="FALSE"
ADX_change="FALSE"

event="FALSE"
Aroon_signal="positive"
Aroon_change="FALSE"
Aroon_momentum_positive="55"
Aroon_momentum_negative="45"
image_negative_thumbnail_id_1="169"
image_negative_url_1="https://hehge.com/wp-content/uploads/sites/16/2023/05/MI_Finance_Negative_Landscape_0007.jpeg"
image_negative_thumbnail_id_2="117"
image_negative_url_2="https://hehge.com/wp-content/uploads/sites/16/2023/05/MI_Finance_Negative_Landscape_0059.jpeg"
image_neutral_thumbnail_id_1="566"
image_neutral_url_1="https://hehge.com/wp-content/uploads/sites/16/2023/06/MI_Finance_Neutral_Landscape_0033.jpeg"
image_neutral_thumbnail_id_2="547"
image_neutral_url_2="https://hehge.com/wp-content/uploads/sites/16/2023/06/MI_Finance_Neutral_Landscape_0052.jpeg"
image_positive_thumbnail_id_1="601"
image_positive_url_1="https://hehge.com/wp-content/uploads/sites/16/2023/06/MI_Finance_Positive_Landscape_0107.jpeg"
image_positive_thumbnail_id_2="640"
image_positive_url_2="https://hehge.com/wp-content/uploads/sites/16/2023/06/MI_Finance_Positive_Landscape_0068.jpeg"
image_professor_thumbnail_id_1="1175"
image_professor_url_1="https://hehge.com/wp-content/uploads/sites/16/2023/06/MI_Finance_Professor_Landscape_0009.jpeg"
image_professor_thumbnail_id_2="1167"
image_professor_url_2="https://hehge.com/wp-content/uploads/sites/16/2023/06/MI_Finance_Professor_Landscape_0001.jpeg"
