Symbol="SNFCA"
AssetType="Common Stock"
Name="Security National Financial"
Description="Security National Financial Corporation is engaged in the life, cemetery and mortuary, and mortgage insurance businesses. The company is headquartered in Draper, Utah."
CIK="318673"
Exchange="NASDAQ"
Currency="USD"
Country="USA"
Sector="FINANCE"
Industry="FINANCE SERVICES"
Address="PO BOX 57220, SALT LAKE CITY, UT, US"
FiscalYearEnd="December"
LatestQuarter="2023-03-31"
MarketCapitalization="199233000"
EBITDA="56886000"
PERatio="8.55"
PEGRatio="0"
BookValue="13.53"
DividendPerShare="0"
DividendYield="0"
EPS="1.02"
RevenuePerShareTTM="16.58"
ProfitMargin="0.0646"
OperatingMarginTTM="0.107"
ReturnOnAssetsTTM="0.0165"
ReturnOnEquityTTM="0.0804"
RevenueTTM="366727000"
GrossProfitTTM="228539000"
DilutedEPSTTM="1.02"
QuarterlyEarningsGrowthYOY="-0.608"
QuarterlyRevenueGrowthYOY="-0.224"
AnalystTargetPrice="None"
TrailingPE="8.55"
ForwardPE="-"
PriceToSalesRatioTTM="0.335"
PriceToBookRatio="0.502"
EVToRevenue="0.641"
EVToEBITDA="-"
Beta="0.759"
num_52WeekHigh="8.86"
num_52WeekLow="5.23"
num_50DayMovingAverage="8.32"
num_200DayMovingAverage="7.01"
SharesOutstanding="19814500"
DividendDate="None"
ExDividendDate="None"
symbol="SNFCA"
open="8.83"
high="8.84"
low="8.66"
price="8.67"
volume="40061.00"
latest_trading_day="2023-08-11"
previous_close="8.83"
change="-0.16"
change_percent="-1.8120%"
aroon_positive_momentum_days="80"
aroon_negative_momentum_days="0"
trend_strength="Absent or Weak Trend"
buying_signal="Strong Buy Signal"
volume_analysis="Target Volume"
value_analysis="Expected Range"
Aroon_change="FALSE"
Aroon_momentum="80"
Volume_recent_avg="40501"
Change_recent_avg="0.03"
Delta_recent_avg="0.28"
Variance_recent_avg="0.14"
Change_ratio_recent_avg="0.31"
RSI_change="FALSE"
ADX_change="FALSE"

event="FALSE"
Aroon_signal="positive"
Aroon_change="FALSE"
Aroon_momentum_positive="80"
Aroon_momentum_negative="20"
image_negative_thumbnail_id_1="130"
image_negative_url_1="https://hehge.com/wp-content/uploads/sites/16/2023/05/MI_Finance_Negative_Landscape_0046.jpeg"
image_negative_thumbnail_id_2="174"
image_negative_url_2="https://hehge.com/wp-content/uploads/sites/16/2023/05/MI_Finance_Negative_Landscape_0002.jpeg"
image_neutral_thumbnail_id_1="432"
image_neutral_url_1="https://hehge.com/wp-content/uploads/sites/16/2023/05/MI_Finance_Neutral_Landscape_0019.jpeg"
image_neutral_thumbnail_id_2="533"
image_neutral_url_2="https://hehge.com/wp-content/uploads/sites/16/2023/06/MI_Finance_Neutral_Landscape_0066.jpeg"
image_positive_thumbnail_id_1="607"
image_positive_url_1="https://hehge.com/wp-content/uploads/sites/16/2023/06/MI_Finance_Positive_Landscape_0101.jpeg"
image_positive_thumbnail_id_2="623"
image_positive_url_2="https://hehge.com/wp-content/uploads/sites/16/2023/06/MI_Finance_Positive_Landscape_0085.jpeg"
image_professor_thumbnail_id_1="1194"
image_professor_url_1="https://hehge.com/wp-content/uploads/sites/16/2023/06/MI_Finance_Professor_Landscape_0028.jpeg"
image_professor_thumbnail_id_2="1198"
image_professor_url_2="https://hehge.com/wp-content/uploads/sites/16/2023/06/MI_Finance_Professor_Landscape_0032.jpeg"
