Symbol="VRTS"
AssetType="Common Stock"
Name="Virtus Investment Partners Inc"
Description="Virtus Investment Partners, Inc. is a publicly owned investment manager. The company is headquartered in Hartford, Connecticut."
CIK="883237"
Exchange="NASDAQ"
Currency="USD"
Country="USA"
Sector="FINANCE"
Industry="INVESTMENT ADVICE"
Address="ONE FINANCIAL PLAZA, 26TH FLOOR, HARTFORD, CT, US"
FiscalYearEnd="December"
LatestQuarter="2023-06-30"
MarketCapitalization="1470655000"
EBITDA="236665000"
PERatio="12.24"
PEGRatio="0.62"
BookValue="113.77"
DividendPerShare="0"
DividendYield="0.0327"
EPS="16.49"
RevenuePerShareTTM="119.93"
ProfitMargin="0"
OperatingMarginTTM="0"
ReturnOnAssetsTTM="0.0291"
ReturnOnEquityTTM="0.107"
RevenueTTM="831813000"
GrossProfitTTM="402508000"
DilutedEPSTTM="16.49"
QuarterlyEarningsGrowthYOY="0.235"
QuarterlyRevenueGrowthYOY="-0.216"
AnalystTargetPrice="209.5"
TrailingPE="12.24"
ForwardPE="-"
PriceToSalesRatioTTM="1.424"
PriceToBookRatio="1.759"
EVToRevenue="3.298"
EVToEBITDA="8.85"
Beta="1.57"
num_52WeekHigh="244.0"
num_52WeekLow="136.99"
num_50DayMovingAverage="202.1"
num_200DayMovingAverage="192.36"
SharesOutstanding="7288400"
DividendDate="2023-08-15"
ExDividendDate="2023-07-28"
symbol="VRTS"
open="202.88"
high="208.68"
low="202.36"
price="205.73"
volume="46248.00"
latest_trading_day="2023-07-31"
previous_close="201.78"
change="3.95"
change_percent="1.9576%"
aroon_positive_momentum_days="43"
aroon_negative_momentum_days="0"
trend_strength="Absent or Weak Trend"
buying_signal="Strong Buy Signal"
volume_analysis="Target Volume"
value_analysis="Expected Range"
Aroon_change="FALSE"
Aroon_momentum="43"
Volume_recent_avg="57359"
Change_recent_avg="0.14"
Delta_recent_avg="5.47"
Variance_recent_avg="2.73"
Change_ratio_recent_avg="0.05"
RSI_change="FALSE"
ADX_change="FALSE"

event="FALSE"
Aroon_signal="positive"
Aroon_change="FALSE"
Aroon_momentum_positive="43"
Aroon_momentum_negative="57"
image_negative_thumbnail_id_1="1087"
image_negative_url_1="https://hehge.com/wp-content/uploads/sites/16/2023/06/MI_Finance_Negative_Landscape_0120.jpeg"
image_negative_thumbnail_id_2="96"
image_negative_url_2="https://hehge.com/wp-content/uploads/sites/16/2023/05/MI_Finance_Negative_Landscape_0080.jpeg"
image_neutral_thumbnail_id_1="562"
image_neutral_url_1="https://hehge.com/wp-content/uploads/sites/16/2023/06/MI_Finance_Neutral_Landscape_0037.jpeg"
image_neutral_thumbnail_id_2="534"
image_neutral_url_2="https://hehge.com/wp-content/uploads/sites/16/2023/06/MI_Finance_Neutral_Landscape_0065.jpeg"
image_positive_thumbnail_id_1="612"
image_positive_url_1="https://hehge.com/wp-content/uploads/sites/16/2023/06/MI_Finance_Positive_Landscape_0096.jpeg"
image_positive_thumbnail_id_2="1012"
image_positive_url_2="https://hehge.com/wp-content/uploads/sites/16/2023/06/MI_Finance_Positive_Landscape_0174.jpeg"
image_professor_thumbnail_id_1="1202"
image_professor_url_1="https://hehge.com/wp-content/uploads/sites/16/2023/06/MI_Finance_Professor_Landscape_0036.jpeg"
image_professor_thumbnail_id_2="1194"
image_professor_url_2="https://hehge.com/wp-content/uploads/sites/16/2023/06/MI_Finance_Professor_Landscape_0028.jpeg"
