Symbol="UBFO"
AssetType="Common Stock"
Name="United Security Bancshares"
Description="United Security Bancshares is the banking holding company for United Security Bank, a state-licensed bank that provides a variety of commercial banking services to the business and professional community and individuals in California. The company is headquartered in Fresno, California."
CIK="1137547"
Exchange="NASDAQ"
Currency="USD"
Country="USA"
Sector="FINANCE"
Industry="NATIONAL COMMERCIAL BANKS"
Address="1525 E SHAW AVENUE, FRESO, CA, US"
FiscalYearEnd="December"
LatestQuarter="2023-03-31"
MarketCapitalization="118293000"
EBITDA="None"
PERatio="6.07"
PEGRatio="0"
BookValue="6.61"
DividendPerShare="0.44"
DividendYield="0.0694"
EPS="1.14"
RevenuePerShareTTM="3.035"
ProfitMargin="0.374"
OperatingMarginTTM="0.545"
ReturnOnAssetsTTM="0.0148"
ReturnOnEquityTTM="0.171"
RevenueTTM="51757000"
GrossProfitTTM="46098000"
DilutedEPSTTM="1.14"
QuarterlyEarningsGrowthYOY="1.562"
QuarterlyRevenueGrowthYOY="0.613"
AnalystTargetPrice="0"
TrailingPE="6.07"
ForwardPE="-"
PriceToSalesRatioTTM="2.805"
PriceToBookRatio="1.124"
EVToRevenue="-"
EVToEBITDA="-"
Beta="0.611"
num_52WeekHigh="8.09"
num_52WeekLow="5.4"
num_50DayMovingAverage="6.49"
num_200DayMovingAverage="6.86"
SharesOutstanding="17094300"
DividendDate="2023-07-24"
ExDividendDate="2023-07-07"
symbol="UBFO"
open="7.09"
high="7.09"
low="6.91"
price="6.92"
volume="14082.00"
latest_trading_day="2023-07-21"
previous_close="7.12"
change="-0.20"
change_percent="-2.8090%"
aroon_positive_momentum_days="37"
aroon_negative_momentum_days="0"
trend_strength="Absent or Weak Trend"
buying_signal="Strong Buy Signal"
volume_analysis="Target Volume"
value_analysis="Expected Range"
Aroon_change="FALSE"
Aroon_momentum="37"
Volume_recent_avg="23097"
Change_recent_avg="-0.02"
Delta_recent_avg="0.2"
Variance_recent_avg="0.1"
Change_ratio_recent_avg="-0.27"
RSI_change="FALSE"
ADX_change="FALSE"

event="FALSE"
Aroon_signal="positive"
Aroon_change="FALSE"
Aroon_momentum_positive="37"
Aroon_momentum_negative="63"
image_negative_thumbnail_id_1="1109"
image_negative_url_1="https://hehge.com/wp-content/uploads/sites/16/2023/06/MI_Finance_Negative_Landscape_0142.jpeg"
image_negative_thumbnail_id_2="174"
image_negative_url_2="https://hehge.com/wp-content/uploads/sites/16/2023/05/MI_Finance_Negative_Landscape_0002.jpeg"
image_neutral_thumbnail_id_1="563"
image_neutral_url_1="https://hehge.com/wp-content/uploads/sites/16/2023/06/MI_Finance_Neutral_Landscape_0036.jpeg"
image_neutral_thumbnail_id_2="543"
image_neutral_url_2="https://hehge.com/wp-content/uploads/sites/16/2023/06/MI_Finance_Neutral_Landscape_0056.jpeg"
image_positive_thumbnail_id_1="988"
image_positive_url_1="https://hehge.com/wp-content/uploads/sites/16/2023/06/MI_Finance_Positive_Landscape_0150.jpeg"
image_positive_thumbnail_id_2="624"
image_positive_url_2="https://hehge.com/wp-content/uploads/sites/16/2023/06/MI_Finance_Positive_Landscape_0084.jpeg"
image_professor_thumbnail_id_1="1171"
image_professor_url_1="https://hehge.com/wp-content/uploads/sites/16/2023/06/MI_Finance_Professor_Landscape_0005.jpeg"
image_professor_thumbnail_id_2="1201"
image_professor_url_2="https://hehge.com/wp-content/uploads/sites/16/2023/06/MI_Finance_Professor_Landscape_0035.jpeg"
