Symbol="SMFG"
AssetType="Common Stock"
Name="Sumitomo Mitsui Financial Group Inc"
Description="Sumitomo Mitsui Financial Group, Inc. provides commercial banking, finance leasing, securities, consumer finance, and other services primarily in Japan. The company is headquartered in Tokyo, Japan."
CIK="1022837"
Exchange="NYSE"
Currency="USD"
Country="USA"
Sector="FINANCE"
Industry="COMMERCIAL BANKS, NEC"
Address="1-2, MARUNOUCHI 1-CHOME, CHIYODA-KU, TOKYO, JP"
FiscalYearEnd="March"
LatestQuarter="2023-06-30"
MarketCapitalization="60939600000"
EBITDA="None"
PERatio="11.28"
PEGRatio="1.271"
BookValue="1996.07"
DividendPerShare="240"
DividendYield="0.0378"
EPS="0.81"
RevenuePerShareTTM="533.11"
ProfitMargin="0.254"
OperatingMarginTTM="0.371"
ReturnOnAssetsTTM="0.0034"
ReturnOnEquityTTM="0.072"
RevenueTTM="3614394024000"
GrossProfitTTM="3988548000000"
DilutedEPSTTM="0.81"
QuarterlyEarningsGrowthYOY="0.008"
QuarterlyRevenueGrowthYOY="0.047"
AnalystTargetPrice="9.47"
TrailingPE="11.28"
ForwardPE="6.99"
PriceToSalesRatioTTM="0.0152"
PriceToBookRatio="0.508"
EVToRevenue="-"
EVToEBITDA="-"
Beta="0.779"
num_52WeekHigh="9.58"
num_52WeekLow="5.38"
num_50DayMovingAverage="8.84"
num_200DayMovingAverage="8.23"
SharesOutstanding="6670710000"
DividendDate="2023-07-10"
ExDividendDate="2023-03-30"
symbol="SMFG"
open="9.14"
high="9.16"
low="9.08"
price="9.10"
volume="1247587.00"
latest_trading_day="2023-08-30"
previous_close="9.06"
change="0.04"
change_percent="0.4415%"
aroon_positive_momentum_days="60"
aroon_negative_momentum_days="0"
trend_strength="Absent or Weak Trend"
buying_signal="Weak Buy Signal"
volume_analysis="Target Volume"
value_analysis="Expected Range"
Aroon_change="FALSE"
Aroon_momentum="60"
Volume_recent_avg="1965933"
Change_recent_avg="0.01"
Delta_recent_avg="0.1"
Variance_recent_avg="0.05"
Change_ratio_recent_avg="-0.03"
RSI_change="FALSE"
ADX_change="FALSE"

event="aroon_milestone_positive_60"
Aroon_signal="positive"
Aroon_change="FALSE"
Aroon_momentum_positive="60"
Aroon_momentum_negative="40"
image_negative_thumbnail_id_1="124"
image_negative_url_1="https://hehge.com/wp-content/uploads/sites/16/2023/05/MI_Finance_Negative_Landscape_0052.jpeg"
image_negative_thumbnail_id_2="172"
image_negative_url_2="https://hehge.com/wp-content/uploads/sites/16/2023/05/MI_Finance_Negative_Landscape_0004.jpeg"
image_neutral_thumbnail_id_1="554"
image_neutral_url_1="https://hehge.com/wp-content/uploads/sites/16/2023/06/MI_Finance_Neutral_Landscape_0045.jpeg"
image_neutral_thumbnail_id_2="574"
image_neutral_url_2="https://hehge.com/wp-content/uploads/sites/16/2023/06/MI_Finance_Neutral_Landscape_0025.jpeg"
image_positive_thumbnail_id_1="669"
image_positive_url_1="https://hehge.com/wp-content/uploads/sites/16/2023/06/MI_Finance_Positive_Landscape_0039.jpeg"
image_positive_thumbnail_id_2="978"
image_positive_url_2="https://hehge.com/wp-content/uploads/sites/16/2023/06/MI_Finance_Positive_Landscape_0140.jpeg"
image_professor_thumbnail_id_1="1180"
image_professor_url_1="https://hehge.com/wp-content/uploads/sites/16/2023/06/MI_Finance_Professor_Landscape_0014.jpeg"
image_professor_thumbnail_id_2="1170"
image_professor_url_2="https://hehge.com/wp-content/uploads/sites/16/2023/06/MI_Finance_Professor_Landscape_0004.jpeg"
