Symbol="ARGO"
AssetType="Common Stock"
Name="Argo Group International Holdings Ltd"
Description="Argo Group International Holdings, Ltd. underwrites insurance and reinsurance products specialized in the P&C markets. The company is headquartered in Pembroke, Bermuda."
CIK="1091748"
Exchange="NYSE"
Currency="USD"
Country="USA"
Sector="FINANCE"
Industry="TITLE INSURANCE"
Address="110 PITTS BAY ROAD, PEMBROKE, BM"
FiscalYearEnd="December"
LatestQuarter="2023-06-30"
MarketCapitalization="1046797000"
EBITDA="-108600000"
PERatio="None"
PEGRatio="None"
BookValue="31.0"
DividendPerShare="0.62"
DividendYield="0.0446"
EPS="-5.72"
RevenuePerShareTTM="45.43"
ProfitMargin="-0.119"
OperatingMarginTTM="-0.0779"
ReturnOnAssetsTTM="-0.0086"
ReturnOnEquityTTM="-0.141"
RevenueTTM="1593900000"
GrossProfitTTM="-82700000"
DilutedEPSTTM="-5.72"
QuarterlyEarningsGrowthYOY="0"
QuarterlyRevenueGrowthYOY="-0.178"
AnalystTargetPrice="30"
TrailingPE="-"
ForwardPE="6.68"
PriceToSalesRatioTTM="0.472"
PriceToBookRatio="0.686"
EVToRevenue="0.692"
EVToEBITDA="-"
Beta="0.992"
num_52WeekHigh="30.13"
num_52WeekLow="18.78"
num_50DayMovingAverage="29.67"
num_200DayMovingAverage="28.52"
SharesOutstanding="35198300"
DividendDate="2022-12-15"
ExDividendDate="2022-11-29"
symbol="ARGO"
open="29.76"
high="29.80"
low="29.74"
price="29.74"
volume="231598.00"
latest_trading_day="2023-08-25"
previous_close="29.73"
change="0.01"
change_percent="0.0336%"
aroon_positive_momentum_days="93"
aroon_negative_momentum_days="0"
trend_strength="Absent or Weak Trend"
buying_signal="Weak Buy Signal"
volume_analysis="Target Volume"
value_analysis="Expected Range"
Aroon_change="FALSE"
Aroon_momentum="93"
Volume_recent_avg="347622"
Change_recent_avg="0.01"
Delta_recent_avg="0.09"
Variance_recent_avg="0.04"
Change_ratio_recent_avg="0.01"
RSI_change="FALSE"
ADX_change="FALSE"

event="FALSE"
Aroon_signal="positive"
Aroon_change="FALSE"
Aroon_momentum_positive="93"
Aroon_momentum_negative="7"
image_negative_thumbnail_id_1="116"
image_negative_url_1="https://hehge.com/wp-content/uploads/sites/16/2023/05/MI_Finance_Negative_Landscape_0060.jpeg"
image_negative_thumbnail_id_2="173"
image_negative_url_2="https://hehge.com/wp-content/uploads/sites/16/2023/05/MI_Finance_Negative_Landscape_0003.jpeg"
image_neutral_thumbnail_id_1="560"
image_neutral_url_1="https://hehge.com/wp-content/uploads/sites/16/2023/06/MI_Finance_Neutral_Landscape_0039.jpeg"
image_neutral_thumbnail_id_2="538"
image_neutral_url_2="https://hehge.com/wp-content/uploads/sites/16/2023/06/MI_Finance_Neutral_Landscape_0061.jpeg"
image_positive_thumbnail_id_1="678"
image_positive_url_1="https://hehge.com/wp-content/uploads/sites/16/2023/06/MI_Finance_Positive_Landscape_0030.jpeg"
image_positive_thumbnail_id_2="1007"
image_positive_url_2="https://hehge.com/wp-content/uploads/sites/16/2023/06/MI_Finance_Positive_Landscape_0169.jpeg"
image_professor_thumbnail_id_1="1194"
image_professor_url_1="https://hehge.com/wp-content/uploads/sites/16/2023/06/MI_Finance_Professor_Landscape_0028.jpeg"
image_professor_thumbnail_id_2="1187"
image_professor_url_2="https://hehge.com/wp-content/uploads/sites/16/2023/06/MI_Finance_Professor_Landscape_0021.jpeg"
