Symbol="MKTX"
AssetType="Common Stock"
Name="MarketAxess Holdings Inc"
Description="MarketAxess Holdings Inc. (MarketAxess) is an international financial technology company that operates an electronic trading platform for the institutional credit markets, and also provides market data and post-trade services."
CIK="1278021"
Exchange="NASDAQ"
Currency="USD"
Country="USA"
Sector="FINANCE"
Industry="SECURITY BROKERS, DEALERS & FLOTATION COMPANIES"
Address="55 HUDSON YARDS, 15TH FLOOR, NEW YORK, NY, US"
FiscalYearEnd="December"
LatestQuarter="2023-06-30"
MarketCapitalization="10149643000"
EBITDA="388663000"
PERatio="40.04"
PEGRatio="2.784"
BookValue="28.72"
DividendPerShare="0"
DividendYield="0.0106"
EPS="6.73"
RevenuePerShareTTM="19.17"
ProfitMargin="0"
OperatingMarginTTM="0"
ReturnOnAssetsTTM="0.125"
ReturnOnEquityTTM="0.242"
RevenueTTM="735412000"
GrossProfitTTM="665336000"
DilutedEPSTTM="6.73"
QuarterlyEarningsGrowthYOY="0.146"
QuarterlyRevenueGrowthYOY="0.092"
AnalystTargetPrice="284.1"
TrailingPE="40.04"
ForwardPE="37.74"
PriceToSalesRatioTTM="14.86"
PriceToBookRatio="10.38"
EVToRevenue="14.61"
EVToEBITDA="25.92"
Beta="0.767"
num_52WeekHigh="398.82"
num_52WeekLow="215.85"
num_50DayMovingAverage="269.61"
num_200DayMovingAverage="300.38"
SharesOutstanding="37669400"
DividendDate="2023-05-24"
ExDividendDate="2023-08-01"
symbol="MKTX"
open="269.04"
high="275.14"
low="267.45"
price="274.38"
volume="232185.00"
latest_trading_day="2023-07-26"
previous_close="269.44"
change="4.94"
change_percent="1.8334%"
aroon_positive_momentum_days="0"
aroon_negative_momentum_days="65"
trend_strength="Absent or Weak Trend"
buying_signal="Strong Sell Signal"
volume_analysis="Target Volume"
value_analysis="Expected Range"
Aroon_change="FALSE"
Aroon_momentum="35"
Volume_recent_avg="377188"
Change_recent_avg="-0.64"
Delta_recent_avg="8.34"
Variance_recent_avg="4.17"
Change_ratio_recent_avg="-0.22"
RSI_change="FALSE"
ADX_change="FALSE"

event="FALSE"
Aroon_signal="negative"
Aroon_change="FALSE"
Aroon_momentum_positive="35"
Aroon_momentum_negative="65"
image_negative_thumbnail_id_1="153"
image_negative_url_1="https://hehge.com/wp-content/uploads/sites/16/2023/05/MI_Finance_Negative_Landscape_0023.jpeg"
image_negative_thumbnail_id_2="500"
image_negative_url_2="https://hehge.com/wp-content/uploads/sites/16/2023/06/MI_Finance_Negative_Landscape_0105.jpeg"
image_neutral_thumbnail_id_1="591"
image_neutral_url_1="https://hehge.com/wp-content/uploads/sites/16/2023/06/MI_Finance_Neutral_Landscape_0008.jpeg"
image_neutral_thumbnail_id_2="533"
image_neutral_url_2="https://hehge.com/wp-content/uploads/sites/16/2023/06/MI_Finance_Neutral_Landscape_0066.jpeg"
image_positive_thumbnail_id_1="980"
image_positive_url_1="https://hehge.com/wp-content/uploads/sites/16/2023/06/MI_Finance_Positive_Landscape_0142.jpeg"
image_positive_thumbnail_id_2="1008"
image_positive_url_2="https://hehge.com/wp-content/uploads/sites/16/2023/06/MI_Finance_Positive_Landscape_0170.jpeg"
image_professor_thumbnail_id_1="1185"
image_professor_url_1="https://hehge.com/wp-content/uploads/sites/16/2023/06/MI_Finance_Professor_Landscape_0019.jpeg"
image_professor_thumbnail_id_2="1204"
image_professor_url_2="https://hehge.com/wp-content/uploads/sites/16/2023/06/MI_Finance_Professor_Landscape_0038.jpeg"
