Symbol="BMO"
AssetType="Common Stock"
Name="Bank of Montreal"
Description="Bank of Montreal offers diversified financial services primarily in North America. The company is headquartered in Montreal, Canada."
CIK="927971"
Exchange="NYSE"
Currency="USD"
Country="USA"
Sector="FINANCE"
Industry="COMMERCIAL BANKS, NEC"
Address="1 FIRST CANADIAN PLACE, TORONTO, ON, CA"
FiscalYearEnd="October"
LatestQuarter="2023-04-30"
MarketCapitalization="65591259000"
EBITDA="None"
PERatio="12.12"
PEGRatio="3.5"
BookValue="102.05"
DividendPerShare="5.64"
DividendYield="0.0484"
EPS="7.59"
RevenuePerShareTTM="43.53"
ProfitMargin="0.239"
OperatingMarginTTM="0.343"
ReturnOnAssetsTTM="0.0062"
ReturnOnEquityTTM="0.101"
RevenueTTM="29955000000"
GrossProfitTTM="33375000000"
DilutedEPSTTM="7.59"
QuarterlyEarningsGrowthYOY="-0.818"
QuarterlyRevenueGrowthYOY="-0.198"
AnalystTargetPrice="95.31"
TrailingPE="12.12"
ForwardPE="8.73"
PriceToSalesRatioTTM="1.804"
PriceToBookRatio="1.225"
EVToRevenue="-"
EVToEBITDA="-"
Beta="1.145"
num_52WeekHigh="100.72"
num_52WeekLow="77.95"
num_50DayMovingAverage="89.2"
num_200DayMovingAverage="92.04"
SharesOutstanding="713026000"
DividendDate="2023-08-28"
ExDividendDate="2023-07-27"
symbol="BMO"
open="92.03"
high="92.14"
low="90.52"
price="91.11"
volume="1520239.00"
latest_trading_day="2023-08-01"
previous_close="92.92"
change="-1.81"
change_percent="-1.9479%"
aroon_positive_momentum_days="35"
aroon_negative_momentum_days="0"
trend_strength="Absent or Weak Trend"
buying_signal="Strong Buy Signal"
volume_analysis="Target Volume"
value_analysis="Expected Range"
Aroon_change="FALSE"
Aroon_momentum="35"
Volume_recent_avg="636653"
Change_recent_avg="-0.02"
Delta_recent_avg="1.39"
Variance_recent_avg="0.69"
Change_ratio_recent_avg="-0.02"
RSI_change="FALSE"
ADX_change="FALSE"

event="FALSE"
Aroon_signal="positive"
Aroon_change="FALSE"
Aroon_momentum_positive="35"
Aroon_momentum_negative="65"
image_negative_thumbnail_id_1="1135"
image_negative_url_1="https://hehge.com/wp-content/uploads/sites/16/2023/06/MI_Finance_Negative_Landscape_0168.jpeg"
image_negative_thumbnail_id_2="106"
image_negative_url_2="https://hehge.com/wp-content/uploads/sites/16/2023/05/MI_Finance_Negative_Landscape_0070.jpeg"
image_neutral_thumbnail_id_1="574"
image_neutral_url_1="https://hehge.com/wp-content/uploads/sites/16/2023/06/MI_Finance_Neutral_Landscape_0025.jpeg"
image_neutral_thumbnail_id_2="538"
image_neutral_url_2="https://hehge.com/wp-content/uploads/sites/16/2023/06/MI_Finance_Neutral_Landscape_0061.jpeg"
image_positive_thumbnail_id_1="681"
image_positive_url_1="https://hehge.com/wp-content/uploads/sites/16/2023/06/MI_Finance_Positive_Landscape_0027.jpeg"
image_positive_thumbnail_id_2="620"
image_positive_url_2="https://hehge.com/wp-content/uploads/sites/16/2023/06/MI_Finance_Positive_Landscape_0088.jpeg"
image_professor_thumbnail_id_1="1182"
image_professor_url_1="https://hehge.com/wp-content/uploads/sites/16/2023/06/MI_Finance_Professor_Landscape_0016.jpeg"
image_professor_thumbnail_id_2="1203"
image_professor_url_2="https://hehge.com/wp-content/uploads/sites/16/2023/06/MI_Finance_Professor_Landscape_0037.jpeg"
