Symbol="RLI"
AssetType="Common Stock"
Name="RLI Corp"
Description="RLI Corp. The company is headquartered in Peoria, Illinois."
CIK="84246"
Exchange="NYSE"
Currency="USD"
Country="USA"
Sector="FINANCE"
Industry="FIRE, MARINE & CASUALTY INSURANCE"
Address="9025 N. LINDBERGH DRIVE, PEORIA, IL, US"
FiscalYearEnd="December"
LatestQuarter="2023-06-30"
MarketCapitalization="5877350000"
EBITDA="909007000"
PERatio="8.28"
PEGRatio="3.82"
BookValue="29.65"
DividendPerShare="1.05"
DividendYield="0.0084"
EPS="15.57"
RevenuePerShareTTM="43.24"
ProfitMargin="0.363"
OperatingMarginTTM="0.458"
ReturnOnAssetsTTM="0.119"
ReturnOnEquityTTM="0.596"
RevenueTTM="1966872000"
GrossProfitTTM="832600000"
DilutedEPSTTM="15.57"
QuarterlyEarningsGrowthYOY="1.048"
QuarterlyRevenueGrowthYOY="0.792"
AnalystTargetPrice="155.67"
TrailingPE="8.28"
ForwardPE="27.4"
PriceToSalesRatioTTM="3.433"
PriceToBookRatio="4.143"
EVToRevenue="3.154"
EVToEBITDA="-"
Beta="0.399"
num_52WeekHigh="149.33"
num_52WeekLow="95.21"
num_50DayMovingAverage="134.27"
num_200DayMovingAverage="132.69"
SharesOutstanding="45596200"
DividendDate="2023-09-20"
ExDividendDate="2023-08-30"
symbol="RLI"
open="129.88"
high="130.57"
low="128.60"
price="128.90"
volume="177359.00"
latest_trading_day="2023-08-25"
previous_close="129.81"
change="-0.91"
change_percent="-0.7010%"
aroon_positive_momentum_days="44"
aroon_negative_momentum_days="0"
trend_strength="Absent or Weak Trend"
buying_signal="Weak Buy Signal"
volume_analysis="Target Volume"
value_analysis="Expected Range"
Aroon_change="FALSE"
Aroon_momentum="44"
Volume_recent_avg="265998"
Change_recent_avg="0.01"
Delta_recent_avg="2.85"
Variance_recent_avg="1.43"
Change_ratio_recent_avg="-0.01"
RSI_change="FALSE"
ADX_change="FALSE"

event="FALSE"
Aroon_signal="positive"
Aroon_change="FALSE"
Aroon_momentum_positive="44"
Aroon_momentum_negative="56"
image_negative_thumbnail_id_1="99"
image_negative_url_1="https://hehge.com/wp-content/uploads/sites/16/2023/05/MI_Finance_Negative_Landscape_0077.jpeg"
image_negative_thumbnail_id_2="1161"
image_negative_url_2="https://hehge.com/wp-content/uploads/sites/16/2023/06/MI_Finance_Negative_Landscape_0195.jpeg"
image_neutral_thumbnail_id_1="571"
image_neutral_url_1="https://hehge.com/wp-content/uploads/sites/16/2023/06/MI_Finance_Neutral_Landscape_0028.jpeg"
image_neutral_thumbnail_id_2="572"
image_neutral_url_2="https://hehge.com/wp-content/uploads/sites/16/2023/06/MI_Finance_Neutral_Landscape_0027.jpeg"
image_positive_thumbnail_id_1="975"
image_positive_url_1="https://hehge.com/wp-content/uploads/sites/16/2023/06/MI_Finance_Positive_Landscape_0137.jpeg"
image_positive_thumbnail_id_2="663"
image_positive_url_2="https://hehge.com/wp-content/uploads/sites/16/2023/06/MI_Finance_Positive_Landscape_0045.jpeg"
image_professor_thumbnail_id_1="1185"
image_professor_url_1="https://hehge.com/wp-content/uploads/sites/16/2023/06/MI_Finance_Professor_Landscape_0019.jpeg"
image_professor_thumbnail_id_2="1189"
image_professor_url_2="https://hehge.com/wp-content/uploads/sites/16/2023/06/MI_Finance_Professor_Landscape_0023.jpeg"
