Symbol="PIPR"
AssetType="Common Stock"
Name="Piper Sandler Companies"
Description="Piper Sandler Companies is an investment bank and institutional securities firm serving corporations, private equity groups, public entities, non-profit entities, and institutional investors in the United States and internationally. The company is headquartered in Minneapolis, Minnesota."
CIK="1230245"
Exchange="NYSE"
Currency="USD"
Country="USA"
Sector="FINANCE"
Industry="SECURITY BROKERS, DEALERS & FLOTATION COMPANIES"
Address="800 NICOLLET MALL, SUITE 900, MINNEAPOLIS, MN, US"
FiscalYearEnd="December"
LatestQuarter="2023-03-31"
MarketCapitalization="1874564000"
EBITDA="None"
PERatio="22.02"
PEGRatio="None"
BookValue="69.9"
DividendPerShare="2.4"
DividendYield="0.0184"
EPS="5.77"
RevenuePerShareTTM="98.14"
ProfitMargin="0.0726"
OperatingMarginTTM="0.0981"
ReturnOnAssetsTTM="0.0597"
ReturnOnEquityTTM="0.0918"
RevenueTTM="1372898000"
GrossProfitTTM="1269825000"
DilutedEPSTTM="5.77"
QuarterlyEarningsGrowthYOY="-0.297"
QuarterlyRevenueGrowthYOY="-0.15"
AnalystTargetPrice="151.5"
TrailingPE="22.02"
ForwardPE="-"
PriceToSalesRatioTTM="1.428"
PriceToBookRatio="2.499"
EVToRevenue="-"
EVToEBITDA="-"
Beta="1.352"
num_52WeekHigh="159.44"
num_52WeekLow="99.94"
num_50DayMovingAverage="130.61"
num_200DayMovingAverage="133.62"
SharesOutstanding="14755700"
DividendDate="2023-06-09"
ExDividendDate="2023-05-25"
symbol="PIPR"
open="126.80"
high="129.75"
low="126.80"
price="129.28"
volume="106662.00"
latest_trading_day="2023-07-07"
previous_close="127.04"
change="2.24"
change_percent="1.7632%"
aroon_positive_momentum_days="0"
aroon_negative_momentum_days="82"
trend_strength="Absent or Weak Trend"
buying_signal="High Volatility / Hold Signal"
volume_analysis="Target Volume"
value_analysis="Expected Range"
Aroon_change="FALSE"
Aroon_momentum="18"
Volume_recent_avg="116410"
Change_recent_avg="-0.11"
Delta_recent_avg="3.6"
Variance_recent_avg="1.8"
Change_ratio_recent_avg="-0.09"
RSI_change="FALSE"
ADX_change="FALSE"

event="FALSE"
Aroon_signal="negative"
Aroon_change="FALSE"
Aroon_momentum_positive="18"
Aroon_momentum_negative="82"
image_negative_thumbnail_id_1="136"
image_negative_url_1="https://hehge.com/wp-content/uploads/sites/16/2023/05/MI_Finance_Negative_Landscape_0040.jpeg"
image_negative_thumbnail_id_2="1128"
image_negative_url_2="https://hehge.com/wp-content/uploads/sites/16/2023/06/MI_Finance_Negative_Landscape_0161.jpeg"
image_neutral_thumbnail_id_1="548"
image_neutral_url_1="https://hehge.com/wp-content/uploads/sites/16/2023/06/MI_Finance_Neutral_Landscape_0051.jpeg"
image_neutral_thumbnail_id_2="542"
image_neutral_url_2="https://hehge.com/wp-content/uploads/sites/16/2023/06/MI_Finance_Neutral_Landscape_0057.jpeg"
image_positive_thumbnail_id_1="1002"
image_positive_url_1="https://hehge.com/wp-content/uploads/sites/16/2023/06/MI_Finance_Positive_Landscape_0164.jpeg"
image_positive_thumbnail_id_2="950"
image_positive_url_2="https://hehge.com/wp-content/uploads/sites/16/2023/06/MI_Finance_Positive_Landscape_0112.jpeg"
image_professor_thumbnail_id_1="1170"
image_professor_url_1="https://hehge.com/wp-content/uploads/sites/16/2023/06/MI_Finance_Professor_Landscape_0004.jpeg"
image_professor_thumbnail_id_2="1179"
image_professor_url_2="https://hehge.com/wp-content/uploads/sites/16/2023/06/MI_Finance_Professor_Landscape_0013.jpeg"
