Symbol="ASRV"
AssetType="Common Stock"
Name="AmeriServ Financial Inc"
Description="AmeriServ Financial, Inc. is the banking holding company for AmeriServ Financial Bank offering a variety of consumer, mortgage and commercial financial products. The company is headquartered in Johnstown, Pennsylvania."
CIK="707605"
Exchange="NASDAQ"
Currency="USD"
Country="USA"
Sector="FINANCE"
Industry="NATIONAL COMMERCIAL BANKS"
Address="MAIN & FRANKLIN STS, PO BOX 430, JOHNSTOWN, PA, US"
FiscalYearEnd="December"
LatestQuarter="2023-06-30"
MarketCapitalization="57101000"
EBITDA="None"
PERatio="13.32"
PEGRatio="0"
BookValue="6.18"
DividendPerShare="0.12"
DividendYield="0.0387"
EPS="0.25"
RevenuePerShareTTM="3.304"
ProfitMargin="0.116"
OperatingMarginTTM="0.151"
ReturnOnAssetsTTM="0.0049"
ReturnOnEquityTTM="0.0596"
RevenueTTM="56553000"
GrossProfitTTM="57205000"
DilutedEPSTTM="0.25"
QuarterlyEarningsGrowthYOY="-0.368"
QuarterlyRevenueGrowthYOY="-0.045"
AnalystTargetPrice="5.19"
TrailingPE="13.32"
ForwardPE="-"
PriceToSalesRatioTTM="1.184"
PriceToBookRatio="0.676"
EVToRevenue="-"
EVToEBITDA="-"
Beta="0.56"
num_52WeekHigh="4.077"
num_52WeekLow="2.41"
num_50DayMovingAverage="2.723"
num_200DayMovingAverage="3.475"
SharesOutstanding="17147300"
DividendDate="2023-08-21"
ExDividendDate="2023-08-04"
symbol="ASRV"
open="3.31"
high="3.40"
low="3.25"
price="3.33"
volume="30922.00"
latest_trading_day="2023-07-27"
previous_close="3.30"
change="0.03"
change_percent="0.9091%"
aroon_positive_momentum_days="8"
aroon_negative_momentum_days="0"
trend_strength="Strong Trend"
buying_signal="High Volatility / Hold Signal"
volume_analysis="Target Volume"
value_analysis="Expected Range"
Aroon_change="FALSE"
Aroon_momentum="8"
Volume_recent_avg="16233"
Change_recent_avg="-0.01"
Delta_recent_avg="0.11"
Variance_recent_avg="0.06"
Change_ratio_recent_avg="-0.43"
RSI_change="FALSE"
ADX_change="FALSE"

event="FALSE"
Aroon_signal="positive"
Aroon_change="FALSE"
Aroon_momentum_positive="8"
Aroon_momentum_negative="92"
image_negative_thumbnail_id_1="1147"
image_negative_url_1="https://hehge.com/wp-content/uploads/sites/16/2023/06/MI_Finance_Negative_Landscape_0180.jpeg"
image_negative_thumbnail_id_2="1135"
image_negative_url_2="https://hehge.com/wp-content/uploads/sites/16/2023/06/MI_Finance_Negative_Landscape_0168.jpeg"
image_neutral_thumbnail_id_1="537"
image_neutral_url_1="https://hehge.com/wp-content/uploads/sites/16/2023/06/MI_Finance_Neutral_Landscape_0062.jpeg"
image_neutral_thumbnail_id_2="577"
image_neutral_url_2="https://hehge.com/wp-content/uploads/sites/16/2023/06/MI_Finance_Neutral_Landscape_0022.jpeg"
image_positive_thumbnail_id_1="666"
image_positive_url_1="https://hehge.com/wp-content/uploads/sites/16/2023/06/MI_Finance_Positive_Landscape_0042.jpeg"
image_positive_thumbnail_id_2="619"
image_positive_url_2="https://hehge.com/wp-content/uploads/sites/16/2023/06/MI_Finance_Positive_Landscape_0089.jpeg"
image_professor_thumbnail_id_1="1176"
image_professor_url_1="https://hehge.com/wp-content/uploads/sites/16/2023/06/MI_Finance_Professor_Landscape_0010.jpeg"
image_professor_thumbnail_id_2="1170"
image_professor_url_2="https://hehge.com/wp-content/uploads/sites/16/2023/06/MI_Finance_Professor_Landscape_0004.jpeg"
