Symbol="MET"
AssetType="Common Stock"
Name="MetLife Inc"
Description="MetLife, Inc. is the holding corporation for the Metropolitan Life Insurance Company (MLIC), better known as MetLife, and its affiliates. MetLife is among the largest global providers of insurance, annuities, and employee benefit programs, with 90 million customers in over 60 countries."
CIK="1099219"
Exchange="NYSE"
Currency="USD"
Country="USA"
Sector="FINANCE"
Industry="LIFE INSURANCE"
Address="200 PARK AVENUE, NEW YORK, NY, US"
FiscalYearEnd="December"
LatestQuarter="2023-06-30"
MarketCapitalization="46587765000"
EBITDA="3608000000"
PERatio="144.07"
PEGRatio="5.19"
BookValue="39.96"
DividendPerShare="2.02"
DividendYield="0.0336"
EPS="0.43"
RevenuePerShareTTM="91.05"
ProfitMargin="0.0067"
OperatingMarginTTM="0.0449"
ReturnOnAssetsTTM="0.003"
ReturnOnEquityTTM="0.0147"
RevenueTTM="71029998000"
GrossProfitTTM="14893000000"
DilutedEPSTTM="0.43"
QuarterlyEarningsGrowthYOY="-0.556"
QuarterlyRevenueGrowthYOY="0.074"
AnalystTargetPrice="76.51"
TrailingPE="144.07"
ForwardPE="8.83"
PriceToSalesRatioTTM="0.764"
PriceToBookRatio="2.279"
EVToRevenue="1.085"
EVToEBITDA="-"
Beta="1.093"
num_52WeekHigh="75.45"
num_52WeekLow="48.55"
num_50DayMovingAverage="59.04"
num_200DayMovingAverage="64.05"
SharesOutstanding="752022000"
DividendDate="2023-09-14"
ExDividendDate="2023-08-07"
symbol="MET"
open="62.26"
high="62.56"
low="61.45"
price="61.95"
volume="2138015.00"
latest_trading_day="2023-08-21"
previous_close="62.26"
change="-0.31"
change_percent="-0.4979%"
aroon_positive_momentum_days="22"
aroon_negative_momentum_days="0"
trend_strength="Absent or Weak Trend"
buying_signal="Strong Buy Signal"
volume_analysis="Target Volume"
value_analysis="Expected Range"
Aroon_change="FALSE"
Aroon_momentum="22"
Volume_recent_avg="5052015"
Change_recent_avg="0.03"
Delta_recent_avg="1.25"
Variance_recent_avg="0.63"
Change_ratio_recent_avg="0.03"
RSI_change="FALSE"
ADX_change="FALSE"

event="FALSE"
Aroon_signal="positive"
Aroon_change="FALSE"
Aroon_momentum_positive="22"
Aroon_momentum_negative="78"
image_negative_thumbnail_id_1="106"
image_negative_url_1="https://hehge.com/wp-content/uploads/sites/16/2023/05/MI_Finance_Negative_Landscape_0070.jpeg"
image_negative_thumbnail_id_2="152"
image_negative_url_2="https://hehge.com/wp-content/uploads/sites/16/2023/05/MI_Finance_Negative_Landscape_0024.jpeg"
image_neutral_thumbnail_id_1="527"
image_neutral_url_1="https://hehge.com/wp-content/uploads/sites/16/2023/06/MI_Finance_Neutral_Landscape_0072.jpeg"
image_neutral_thumbnail_id_2="544"
image_neutral_url_2="https://hehge.com/wp-content/uploads/sites/16/2023/06/MI_Finance_Neutral_Landscape_0055.jpeg"
image_positive_thumbnail_id_1="991"
image_positive_url_1="https://hehge.com/wp-content/uploads/sites/16/2023/06/MI_Finance_Positive_Landscape_0153.jpeg"
image_positive_thumbnail_id_2="668"
image_positive_url_2="https://hehge.com/wp-content/uploads/sites/16/2023/06/MI_Finance_Positive_Landscape_0040.jpeg"
image_professor_thumbnail_id_1="1181"
image_professor_url_1="https://hehge.com/wp-content/uploads/sites/16/2023/06/MI_Finance_Professor_Landscape_0015.jpeg"
image_professor_thumbnail_id_2="1168"
image_professor_url_2="https://hehge.com/wp-content/uploads/sites/16/2023/06/MI_Finance_Professor_Landscape_0002.jpeg"
