Symbol="SSB"
AssetType="Common Stock"
Name="South State Corp"
Description="South State Corporation is the banking holding company for South State Bank offering a range of banking products and services. The company is headquartered in Winter Haven, Florida."
CIK="764038"
Exchange="NASDAQ"
Currency="USD"
Country="USA"
Sector="FINANCE"
Industry="STATE COMMERCIAL BANKS"
Address="520 GERVAIS STREET, COLUMBIA, SC, US"
FiscalYearEnd="December"
LatestQuarter="2023-03-31"
MarketCapitalization="5886302000"
EBITDA="None"
PERatio="11.01"
PEGRatio="1.61"
BookValue="69.22"
DividendPerShare="2"
DividendYield="0.0263"
EPS="7.04"
RevenuePerShareTTM="21.48"
ProfitMargin="0.33"
OperatingMarginTTM="0.473"
ReturnOnAssetsTTM="0.0118"
ReturnOnEquityTTM="0.103"
RevenueTTM="1625617000"
GrossProfitTTM="1563063000"
DilutedEPSTTM="7.04"
QuarterlyEarningsGrowthYOY="0.317"
QuarterlyRevenueGrowthYOY="0.176"
AnalystTargetPrice="81.81"
TrailingPE="11.01"
ForwardPE="9.68"
PriceToSalesRatioTTM="3.762"
PriceToBookRatio="1.179"
EVToRevenue="-"
EVToEBITDA="-"
Beta="0.799"
num_52WeekHigh="90.16"
num_52WeekLow="59.04"
num_50DayMovingAverage="68.4"
num_200DayMovingAverage="75.71"
SharesOutstanding="75923000"
DividendDate="2023-05-19"
ExDividendDate="2023-05-11"
symbol="SSB"
open="78.86"
high="78.94"
low="75.80"
price="76.33"
volume="594556.00"
latest_trading_day="2023-07-27"
previous_close="78.12"
change="-1.79"
change_percent="-2.2913%"
aroon_positive_momentum_days="26"
aroon_negative_momentum_days="0"
trend_strength="Absent or Weak Trend"
buying_signal="Strong Buy Signal"
volume_analysis="Target Volume"
value_analysis="Expected Range"
Aroon_change="FALSE"
Aroon_momentum="26"
Volume_recent_avg="822762"
Change_recent_avg="-0.1"
Delta_recent_avg="2.53"
Variance_recent_avg="1.26"
Change_ratio_recent_avg="-0.16"
RSI_change="FALSE"
ADX_change="FALSE"

event="FALSE"
Aroon_signal="positive"
Aroon_change="FALSE"
Aroon_momentum_positive="26"
Aroon_momentum_negative="74"
image_negative_thumbnail_id_1="169"
image_negative_url_1="https://hehge.com/wp-content/uploads/sites/16/2023/05/MI_Finance_Negative_Landscape_0007.jpeg"
image_negative_thumbnail_id_2="506"
image_negative_url_2="https://hehge.com/wp-content/uploads/sites/16/2023/06/MI_Finance_Negative_Landscape_0099.jpeg"
image_neutral_thumbnail_id_1="523"
image_neutral_url_1="https://hehge.com/wp-content/uploads/sites/16/2023/06/MI_Finance_Neutral_Landscape_0076.jpeg"
image_neutral_thumbnail_id_2="532"
image_neutral_url_2="https://hehge.com/wp-content/uploads/sites/16/2023/06/MI_Finance_Neutral_Landscape_0067.jpeg"
image_positive_thumbnail_id_1="674"
image_positive_url_1="https://hehge.com/wp-content/uploads/sites/16/2023/06/MI_Finance_Positive_Landscape_0034.jpeg"
image_positive_thumbnail_id_2="651"
image_positive_url_2="https://hehge.com/wp-content/uploads/sites/16/2023/06/MI_Finance_Positive_Landscape_0057.jpeg"
image_professor_thumbnail_id_1="1180"
image_professor_url_1="https://hehge.com/wp-content/uploads/sites/16/2023/06/MI_Finance_Professor_Landscape_0014.jpeg"
image_professor_thumbnail_id_2="1186"
image_professor_url_2="https://hehge.com/wp-content/uploads/sites/16/2023/06/MI_Finance_Professor_Landscape_0020.jpeg"
