Symbol="MNSB"
AssetType="Common Stock"
Name="Mainstreet Bank"
Description="MainStreet Bancshares, Inc. is the banking holding company for MainStreet Bank offering a variety of banking products and services to individuals, small and medium-sized businesses and professional service organizations primarily in Northern Virginia and the greater Washington, District of Columbia area. The company is headquartered in Fairfax, Virginia."
CIK="1693577"
Exchange="NASDAQ"
Currency="USD"
Country="USA"
Sector="FINANCE"
Industry="STATE COMMERCIAL BANKS"
Address="10089 FAIRFAX BOULEVARD, FAIRFAX, VA, US"
FiscalYearEnd="December"
LatestQuarter="2023-03-31"
MarketCapitalization="170230000"
EBITDA="None"
PERatio="6.22"
PEGRatio="0"
BookValue="24.36"
DividendPerShare="0.35"
DividendYield="0.0177"
EPS="3.64"
RevenuePerShareTTM="10.5"
ProfitMargin="0.374"
OperatingMarginTTM="0.477"
ReturnOnAssetsTTM="0.0154"
ReturnOnEquityTTM="0.149"
RevenueTTM="78697000"
GrossProfitTTM="72445000"
DilutedEPSTTM="3.64"
QuarterlyEarningsGrowthYOY="0.581"
QuarterlyRevenueGrowthYOY="0.402"
AnalystTargetPrice="26.63"
TrailingPE="6.22"
ForwardPE="8.63"
PriceToSalesRatioTTM="3.082"
PriceToBookRatio="1.282"
EVToRevenue="-"
EVToEBITDA="-"
Beta="0.494"
num_52WeekHigh="30.72"
num_52WeekLow="19.43"
num_50DayMovingAverage="21.82"
num_200DayMovingAverage="25.3"
SharesOutstanding="7522300"
DividendDate="2023-05-12"
ExDividendDate="2023-02-02"
symbol="MNSB"
open="22.43"
high="22.87"
low="22.10"
price="22.63"
volume="21401.00"
latest_trading_day="2023-07-10"
previous_close="22.63"
change="0.00"
change_percent="0.0000%"
aroon_positive_momentum_days="20"
aroon_negative_momentum_days="0"
trend_strength="Absent or Weak Trend"
buying_signal="Weak Buy Signal"
volume_analysis="Target Volume"
value_analysis="Expected Range"
Aroon_change="FALSE"
Aroon_momentum="20"
Volume_recent_avg="28678"
Change_recent_avg="-0.06"
Delta_recent_avg="0.79"
Variance_recent_avg="0.39"
Change_ratio_recent_avg="-0.26"
RSI_change="FALSE"
ADX_change="FALSE"

event="FALSE"
Aroon_signal="positive"
Aroon_change="FALSE"
Aroon_momentum_positive="20"
Aroon_momentum_negative="80"
image_negative_thumbnail_id_1="120"
image_negative_url_1="https://hehge.com/wp-content/uploads/sites/16/2023/05/MI_Finance_Negative_Landscape_0056.jpeg"
image_negative_thumbnail_id_2="513"
image_negative_url_2="https://hehge.com/wp-content/uploads/sites/16/2023/06/MI_Finance_Negative_Landscape_0092.jpeg"
image_neutral_thumbnail_id_1="594"
image_neutral_url_1="https://hehge.com/wp-content/uploads/sites/16/2023/06/MI_Finance_Neutral_Landscape_0005.jpeg"
image_neutral_thumbnail_id_2="525"
image_neutral_url_2="https://hehge.com/wp-content/uploads/sites/16/2023/06/MI_Finance_Neutral_Landscape_0074.jpeg"
image_positive_thumbnail_id_1="995"
image_positive_url_1="https://hehge.com/wp-content/uploads/sites/16/2023/06/MI_Finance_Positive_Landscape_0157.jpeg"
image_positive_thumbnail_id_2="629"
image_positive_url_2="https://hehge.com/wp-content/uploads/sites/16/2023/06/MI_Finance_Positive_Landscape_0079.jpeg"
image_professor_thumbnail_id_1="1169"
image_professor_url_1="https://hehge.com/wp-content/uploads/sites/16/2023/06/MI_Finance_Professor_Landscape_0003.jpeg"
image_professor_thumbnail_id_2="1175"
image_professor_url_2="https://hehge.com/wp-content/uploads/sites/16/2023/06/MI_Finance_Professor_Landscape_0009.jpeg"
