Symbol="PRA"
AssetType="Common Stock"
Name="ProAssurance Corporation"
Description="ProAssurance Corporation, offers property and casualty insurance and reinsurance products in the United States. The company is headquartered in Birmingham, Alabama."
CIK="1127703"
Exchange="NYSE"
Currency="USD"
Country="USA"
Sector="FINANCE"
Industry="FIRE, MARINE & CASUALTY INSURANCE"
Address="100 BROOKWOOD PLACE, BIRMINGHAM, AL, US"
FiscalYearEnd="December"
LatestQuarter="2023-06-30"
MarketCapitalization="923109000"
EBITDA="60255000"
PERatio="104.29"
PEGRatio="1.02"
BookValue="21.24"
DividendPerShare="0.15"
DividendYield="0.0163"
EPS="0.17"
RevenuePerShareTTM="20.99"
ProfitMargin="0.0082"
OperatingMarginTTM="0.0256"
ReturnOnAssetsTTM="0.0031"
ReturnOnEquityTTM="0.0081"
RevenueTTM="1132297000"
GrossProfitTTM="196751000"
DilutedEPSTTM="0.17"
QuarterlyEarningsGrowthYOY="-0.566"
QuarterlyRevenueGrowthYOY="0.141"
AnalystTargetPrice="20.5"
TrailingPE="104.29"
ForwardPE="31.95"
PriceToSalesRatioTTM="0.86"
PriceToBookRatio="0.926"
EVToRevenue="1.262"
EVToEBITDA="-"
Beta="0.469"
num_52WeekHigh="22.69"
num_52WeekLow="11.87"
num_50DayMovingAverage="16.44"
num_200DayMovingAverage="17.45"
SharesOutstanding="52065000"
DividendDate="2023-04-13"
ExDividendDate="2023-03-28"
symbol="PRA"
open="17.78"
high="17.93"
low="17.69"
price="17.73"
volume="197311.00"
latest_trading_day="2023-08-29"
previous_close="17.73"
change="0.00"
change_percent="0.0000%"
aroon_positive_momentum_days="16"
aroon_negative_momentum_days="0"
trend_strength="Absent or Weak Trend"
buying_signal="Strong Buy Signal"
volume_analysis="Target Volume"
value_analysis="Expected Range"
Aroon_change="FALSE"
Aroon_momentum="16"
Volume_recent_avg="333787"
Change_recent_avg="0.01"
Delta_recent_avg="0.45"
Variance_recent_avg="0.22"
Change_ratio_recent_avg="0.06"
RSI_change="FALSE"
ADX_change="FALSE"

event="FALSE"
Aroon_signal="positive"
Aroon_change="FALSE"
Aroon_momentum_positive="16"
Aroon_momentum_negative="84"
image_negative_thumbnail_id_1="1134"
image_negative_url_1="https://hehge.com/wp-content/uploads/sites/16/2023/06/MI_Finance_Negative_Landscape_0167.jpeg"
image_negative_thumbnail_id_2="502"
image_negative_url_2="https://hehge.com/wp-content/uploads/sites/16/2023/06/MI_Finance_Negative_Landscape_0103.jpeg"
image_neutral_thumbnail_id_1="574"
image_neutral_url_1="https://hehge.com/wp-content/uploads/sites/16/2023/06/MI_Finance_Neutral_Landscape_0025.jpeg"
image_neutral_thumbnail_id_2="536"
image_neutral_url_2="https://hehge.com/wp-content/uploads/sites/16/2023/06/MI_Finance_Neutral_Landscape_0063.jpeg"
image_positive_thumbnail_id_1="991"
image_positive_url_1="https://hehge.com/wp-content/uploads/sites/16/2023/06/MI_Finance_Positive_Landscape_0153.jpeg"
image_positive_thumbnail_id_2="605"
image_positive_url_2="https://hehge.com/wp-content/uploads/sites/16/2023/06/MI_Finance_Positive_Landscape_0103.jpeg"
image_professor_thumbnail_id_1="1189"
image_professor_url_1="https://hehge.com/wp-content/uploads/sites/16/2023/06/MI_Finance_Professor_Landscape_0023.jpeg"
image_professor_thumbnail_id_2="1186"
image_professor_url_2="https://hehge.com/wp-content/uploads/sites/16/2023/06/MI_Finance_Professor_Landscape_0020.jpeg"
