Symbol="LX"
AssetType="Common Stock"
Name="Lexinfintech Holdings Ltd"
Description="LexinFintech Holdings Ltd., is an online consumer finance and consumer platform for young professionals in the People's Republic of China. The company is headquartered in Shenzhen, the People's Republic of China."
CIK="1708259"
Exchange="NASDAQ"
Currency="USD"
Country="China"
Sector="FINANCE"
Industry="FINANCE SERVICES"
Address="27/F, CES TOWER, 3099 KE YUAN SOUTH ROAD, NANSHAN DISTRICT, SHENZHEN, CHINA"
FiscalYearEnd="December"
LatestQuarter="2023-03-31"
MarketCapitalization="435285000"
EBITDA="836241000"
PERatio="3.069"
PEGRatio="None"
BookValue="55.04"
DividendPerShare="0"
DividendYield="0"
EPS="0.87"
RevenuePerShareTTM="66.01"
ProfitMargin="0.096"
OperatingMarginTTM="0.0665"
ReturnOnAssetsTTM="0.0202"
ReturnOnEquityTTM="0.125"
RevenueTTM="11136332000"
GrossProfitTTM="3499904000"
DilutedEPSTTM="0.87"
QuarterlyEarningsGrowthYOY="3.381"
QuarterlyRevenueGrowthYOY="0.742"
AnalystTargetPrice="3.43"
TrailingPE="3.069"
ForwardPE="1.735"
PriceToSalesRatioTTM="0.0358"
PriceToBookRatio="0.309"
EVToRevenue="0.157"
EVToEBITDA="1.392"
Beta="0.77"
num_52WeekHigh="3.86"
num_52WeekLow="1.26"
num_50DayMovingAverage="2.465"
num_200DayMovingAverage="2.392"
SharesOutstanding="163028000"
DividendDate="None"
ExDividendDate="None"
symbol="LX"
open="2.69"
high="2.73"
low="2.64"
price="2.67"
volume="374281.00"
latest_trading_day="2023-08-04"
previous_close="2.70"
change="-0.03"
change_percent="-1.1111%"
aroon_positive_momentum_days="26"
aroon_negative_momentum_days="0"
trend_strength="Absent or Weak Trend"
buying_signal="Strong Buy Signal"
volume_analysis="Target Volume"
value_analysis="Expected Range"
Aroon_change="FALSE"
Aroon_momentum="26"
Volume_recent_avg="467089"
Change_recent_avg="0.01"
Delta_recent_avg="0.14"
Variance_recent_avg="0.07"
Change_ratio_recent_avg="-0.1"
RSI_change="FALSE"
ADX_change="FALSE"

event="FALSE"
Aroon_signal="positive"
Aroon_change="FALSE"
Aroon_momentum_positive="26"
Aroon_momentum_negative="74"
image_negative_thumbnail_id_1="1103"
image_negative_url_1="https://hehge.com/wp-content/uploads/sites/16/2023/06/MI_Finance_Negative_Landscape_0136.jpeg"
image_negative_thumbnail_id_2="119"
image_negative_url_2="https://hehge.com/wp-content/uploads/sites/16/2023/05/MI_Finance_Negative_Landscape_0057.jpeg"
image_neutral_thumbnail_id_1="588"
image_neutral_url_1="https://hehge.com/wp-content/uploads/sites/16/2023/06/MI_Finance_Neutral_Landscape_0011.jpeg"
image_neutral_thumbnail_id_2="544"
image_neutral_url_2="https://hehge.com/wp-content/uploads/sites/16/2023/06/MI_Finance_Neutral_Landscape_0055.jpeg"
image_positive_thumbnail_id_1="622"
image_positive_url_1="https://hehge.com/wp-content/uploads/sites/16/2023/06/MI_Finance_Positive_Landscape_0086.jpeg"
image_positive_thumbnail_id_2="640"
image_positive_url_2="https://hehge.com/wp-content/uploads/sites/16/2023/06/MI_Finance_Positive_Landscape_0068.jpeg"
image_professor_thumbnail_id_1="1195"
image_professor_url_1="https://hehge.com/wp-content/uploads/sites/16/2023/06/MI_Finance_Professor_Landscape_0029.jpeg"
image_professor_thumbnail_id_2="1173"
image_professor_url_2="https://hehge.com/wp-content/uploads/sites/16/2023/06/MI_Finance_Professor_Landscape_0007.jpeg"
