Symbol="SFNC"
AssetType="Common Stock"
Name="Simmons First National Corporation"
Description="Simmons First National Corporation is the holding company of Simmons Bank providing banking and financial products and services to individuals and businesses. The company is headquartered in Pine Bluff, Arkansas."
CIK="90498"
Exchange="NASDAQ"
Currency="USD"
Country="USA"
Sector="FINANCE"
Industry="NATIONAL COMMERCIAL BANKS"
Address="501 MAIN STREET, PINE BLUFF, AR, US"
FiscalYearEnd="December"
LatestQuarter="2023-06-30"
MarketCapitalization="2242413000"
EBITDA="None"
PERatio="8.42"
PEGRatio="3.72"
BookValue="26.59"
DividendPerShare="0.78"
DividendYield="0.0455"
EPS="2.11"
RevenuePerShareTTM="6.89"
ProfitMargin="0.305"
OperatingMarginTTM="0.385"
ReturnOnAssetsTTM="0.0097"
ReturnOnEquityTTM="0.0809"
RevenueTTM="877746000"
GrossProfitTTM="869387000"
DilutedEPSTTM="2.11"
QuarterlyEarningsGrowthYOY="1.185"
QuarterlyRevenueGrowthYOY="0.087"
AnalystTargetPrice="19.7"
TrailingPE="8.42"
ForwardPE="-"
PriceToSalesRatioTTM="2.994"
PriceToBookRatio="0.852"
EVToRevenue="-"
EVToEBITDA="-"
Beta="0.852"
num_52WeekHigh="24.1"
num_52WeekLow="14.52"
num_50DayMovingAverage="18.34"
num_200DayMovingAverage="19.47"
SharesOutstanding="126262000"
DividendDate="2023-10-02"
ExDividendDate="2023-09-14"
symbol="SFNC"
open="17.71"
high="17.86"
low="17.57"
price="17.75"
volume="256843.00"
latest_trading_day="2023-08-30"
previous_close="17.76"
change="-0.01"
change_percent="-0.0563%"
aroon_positive_momentum_days="52"
aroon_negative_momentum_days="0"
trend_strength="Absent or Weak Trend"
buying_signal="Weak Buy Signal"
volume_analysis="Target Volume"
value_analysis="Expected Range"
Aroon_change="FALSE"
Aroon_momentum="52"
Volume_recent_avg="538008"
Change_recent_avg="0.01"
Delta_recent_avg="0.62"
Variance_recent_avg="0.31"
Change_ratio_recent_avg="0.01"
RSI_change="FALSE"
ADX_change="FALSE"

event="FALSE"
Aroon_signal="positive"
Aroon_change="FALSE"
Aroon_momentum_positive="52"
Aroon_momentum_negative="48"
image_negative_thumbnail_id_1="1132"
image_negative_url_1="https://hehge.com/wp-content/uploads/sites/16/2023/06/MI_Finance_Negative_Landscape_0165.jpeg"
image_negative_thumbnail_id_2="121"
image_negative_url_2="https://hehge.com/wp-content/uploads/sites/16/2023/05/MI_Finance_Negative_Landscape_0055.jpeg"
image_neutral_thumbnail_id_1="545"
image_neutral_url_1="https://hehge.com/wp-content/uploads/sites/16/2023/06/MI_Finance_Neutral_Landscape_0054.jpeg"
image_neutral_thumbnail_id_2="583"
image_neutral_url_2="https://hehge.com/wp-content/uploads/sites/16/2023/06/MI_Finance_Neutral_Landscape_0016.jpeg"
image_positive_thumbnail_id_1="676"
image_positive_url_1="https://hehge.com/wp-content/uploads/sites/16/2023/06/MI_Finance_Positive_Landscape_0032.jpeg"
image_positive_thumbnail_id_2="666"
image_positive_url_2="https://hehge.com/wp-content/uploads/sites/16/2023/06/MI_Finance_Positive_Landscape_0042.jpeg"
image_professor_thumbnail_id_1="1194"
image_professor_url_1="https://hehge.com/wp-content/uploads/sites/16/2023/06/MI_Finance_Professor_Landscape_0028.jpeg"
image_professor_thumbnail_id_2="1185"
image_professor_url_2="https://hehge.com/wp-content/uploads/sites/16/2023/06/MI_Finance_Professor_Landscape_0019.jpeg"
