Symbol="NFBK"
AssetType="Common Stock"
Name="Northfield Bancorp Inc"
Description="Northfield Bancorp, Inc. (Staten Island, NY) is the banking holding company for Northfield Bank providing various banking services primarily to individual and corporate clients. The company is headquartered in Woodbridge, New Jersey."
CIK="1493225"
Exchange="NASDAQ"
Currency="USD"
Country="USA"
Sector="FINANCE"
Industry="SAVINGS INSTITUTION, FEDERALLY CHARTERED"
Address="581 MAIN STREET, SUITE 810, WOODBRIDGE, NJ, US"
FiscalYearEnd="December"
LatestQuarter="2023-06-30"
MarketCapitalization="476421000"
EBITDA="None"
PERatio="9.13"
PEGRatio="2.35"
BookValue="15.18"
DividendPerShare="0.52"
DividendYield="0.0484"
EPS="1.16"
RevenuePerShareTTM="3.423"
ProfitMargin="0.34"
OperatingMarginTTM="0.484"
ReturnOnAssetsTTM="0.0094"
ReturnOnEquityTTM="0.0747"
RevenueTTM="154238000"
GrossProfitTTM="161807000"
DilutedEPSTTM="1.16"
QuarterlyEarningsGrowthYOY="-0.36"
QuarterlyRevenueGrowthYOY="-0.166"
AnalystTargetPrice="11.67"
TrailingPE="9.13"
ForwardPE="-"
PriceToSalesRatioTTM="4.502"
PriceToBookRatio="1.073"
EVToRevenue="-"
EVToEBITDA="-"
Beta="0.632"
num_52WeekHigh="15.57"
num_52WeekLow="8.91"
num_50DayMovingAverage="11.42"
num_200DayMovingAverage="12.87"
SharesOutstanding="44987800"
DividendDate="2023-08-23"
ExDividendDate="2023-08-08"
symbol="NFBK"
open="10.75"
high="11.00"
low="10.54"
price="10.59"
volume="109421.00"
latest_trading_day="2023-08-25"
previous_close="10.73"
change="-0.14"
change_percent="-1.3048%"
aroon_positive_momentum_days="40"
aroon_negative_momentum_days="0"
trend_strength="Absent or Weak Trend"
buying_signal="Weak Buy Signal"
volume_analysis="Target Volume"
value_analysis="Expected Range"
Aroon_change="FALSE"
Aroon_momentum="40"
Volume_recent_avg="164206"
Change_recent_avg="-0.01"
Delta_recent_avg="0.31"
Variance_recent_avg="0.15"
Change_ratio_recent_avg="-0.08"
RSI_change="FALSE"
ADX_change="FALSE"

event="FALSE"
Aroon_signal="positive"
Aroon_change="FALSE"
Aroon_momentum_positive="40"
Aroon_momentum_negative="60"
image_negative_thumbnail_id_1="137"
image_negative_url_1="https://hehge.com/wp-content/uploads/sites/16/2023/05/MI_Finance_Negative_Landscape_0039.jpeg"
image_negative_thumbnail_id_2="494"
image_negative_url_2="https://hehge.com/wp-content/uploads/sites/16/2023/06/MI_Finance_Negative_Landscape_0111.jpeg"
image_neutral_thumbnail_id_1="575"
image_neutral_url_1="https://hehge.com/wp-content/uploads/sites/16/2023/06/MI_Finance_Neutral_Landscape_0024.jpeg"
image_neutral_thumbnail_id_2="592"
image_neutral_url_2="https://hehge.com/wp-content/uploads/sites/16/2023/06/MI_Finance_Neutral_Landscape_0007.jpeg"
image_positive_thumbnail_id_1="661"
image_positive_url_1="https://hehge.com/wp-content/uploads/sites/16/2023/06/MI_Finance_Positive_Landscape_0047.jpeg"
image_positive_thumbnail_id_2="623"
image_positive_url_2="https://hehge.com/wp-content/uploads/sites/16/2023/06/MI_Finance_Positive_Landscape_0085.jpeg"
image_professor_thumbnail_id_1="1188"
image_professor_url_1="https://hehge.com/wp-content/uploads/sites/16/2023/06/MI_Finance_Professor_Landscape_0022.jpeg"
image_professor_thumbnail_id_2="1170"
image_professor_url_2="https://hehge.com/wp-content/uploads/sites/16/2023/06/MI_Finance_Professor_Landscape_0004.jpeg"
