Symbol="VBNK"
AssetType="Common Stock"
Name="VersaBank"
Description="None"
CIK="1690639"
Exchange="NASDAQ"
Currency="USD"
Country="USA"
Sector="FINANCE"
Industry="COMMERCIAL BANKS, NEC"
Address="140 FULLARTON STREET, SUITE 2002, LONDON, ON, CA"
FiscalYearEnd="October"
LatestQuarter="2023-04-30"
MarketCapitalization="211071000"
EBITDA="None"
PERatio="9.56"
PEGRatio="None"
BookValue="13.19"
DividendPerShare="0.1"
DividendYield="0.0093"
EPS="0.85"
RevenuePerShareTTM="3.388"
ProfitMargin="0.348"
OperatingMarginTTM="0.431"
ReturnOnAssetsTTM="0.0099"
ReturnOnEquityTTM="0.0912"
RevenueTTM="91501000"
GrossProfitTTM="76341000"
DilutedEPSTTM="0.85"
QuarterlyEarningsGrowthYOY="1.235"
QuarterlyRevenueGrowthYOY="0.425"
AnalystTargetPrice="11.6"
TrailingPE="9.56"
ForwardPE="8.4"
PriceToSalesRatioTTM="2.657"
PriceToBookRatio="0.799"
EVToRevenue="-"
EVToEBITDA="-"
Beta="0.981"
num_52WeekHigh="9.02"
num_52WeekLow="6.35"
num_50DayMovingAverage="8.02"
num_200DayMovingAverage="7.47"
SharesOutstanding="25944400"
DividendDate="2023-07-31"
ExDividendDate="2023-07-06"
symbol="VBNK"
open="8.16"
high="8.16"
low="8.10"
price="8.13"
volume="5306.00"
latest_trading_day="2023-08-22"
previous_close="8.08"
change="0.05"
change_percent="0.6188%"
aroon_positive_momentum_days="53"
aroon_negative_momentum_days="0"
trend_strength="Absent or Weak Trend"
buying_signal="Strong Buy Signal"
volume_analysis="Target Volume"
value_analysis="Expected Range"
Aroon_change="FALSE"
Aroon_momentum="53"
Volume_recent_avg="13555"
Change_recent_avg="-0.01"
Delta_recent_avg="0.19"
Variance_recent_avg="0.09"
Change_ratio_recent_avg="-0.2"
RSI_change="FALSE"
ADX_change="FALSE"

event="FALSE"
Aroon_signal="positive"
Aroon_change="FALSE"
Aroon_momentum_positive="53"
Aroon_momentum_negative="47"
image_negative_thumbnail_id_1="508"
image_negative_url_1="https://hehge.com/wp-content/uploads/sites/16/2023/06/MI_Finance_Negative_Landscape_0097.jpeg"
image_negative_thumbnail_id_2="122"
image_negative_url_2="https://hehge.com/wp-content/uploads/sites/16/2023/05/MI_Finance_Negative_Landscape_0054.jpeg"
image_neutral_thumbnail_id_1="546"
image_neutral_url_1="https://hehge.com/wp-content/uploads/sites/16/2023/06/MI_Finance_Neutral_Landscape_0053.jpeg"
image_neutral_thumbnail_id_2="533"
image_neutral_url_2="https://hehge.com/wp-content/uploads/sites/16/2023/06/MI_Finance_Neutral_Landscape_0066.jpeg"
image_positive_thumbnail_id_1="619"
image_positive_url_1="https://hehge.com/wp-content/uploads/sites/16/2023/06/MI_Finance_Positive_Landscape_0089.jpeg"
image_positive_thumbnail_id_2="695"
image_positive_url_2="https://hehge.com/wp-content/uploads/sites/16/2023/06/MI_Finance_Positive_Landscape_0013.jpeg"
image_professor_thumbnail_id_1="1188"
image_professor_url_1="https://hehge.com/wp-content/uploads/sites/16/2023/06/MI_Finance_Professor_Landscape_0022.jpeg"
image_professor_thumbnail_id_2="1181"
image_professor_url_2="https://hehge.com/wp-content/uploads/sites/16/2023/06/MI_Finance_Professor_Landscape_0015.jpeg"
