Symbol="DOMA"
AssetType="Common Stock"
Name="Doma Holdings Inc"
Description="None"
CIK="1722438"
Exchange="NYSE"
Currency="USD"
Country="USA"
Sector="FINANCE"
Industry="TITLE INSURANCE"
Address="101 MISSION STREET, SUITE 740, SAN FRANCISCO, CA, US"
FiscalYearEnd="December"
LatestQuarter="2023-03-31"
MarketCapitalization="114707000"
EBITDA="-182344992"
PERatio="None"
PEGRatio="None"
BookValue="3.471"
DividendPerShare="0"
DividendYield="0"
EPS="-22.95"
RevenuePerShareTTM="30.71"
ProfitMargin="-0.732"
OperatingMarginTTM="-0.464"
ReturnOnAssetsTTM="-0.245"
ReturnOnEquityTTM="-1.645"
RevenueTTM="402342000"
GrossProfitTTM="143704000"
DilutedEPSTTM="-22.95"
QuarterlyEarningsGrowthYOY="0"
QuarterlyRevenueGrowthYOY="-0.337"
AnalystTargetPrice="40.42"
TrailingPE="-"
ForwardPE="-"
PriceToSalesRatioTTM="0.277"
PriceToBookRatio="0.694"
EVToRevenue="0.156"
EVToEBITDA="-0.368"
Beta="1.182"
num_52WeekHigh="26.11"
num_52WeekLow="4.253"
num_50DayMovingAverage="6.75"
num_200DayMovingAverage="10.53"
SharesOutstanding="13322500"
DividendDate="None"
ExDividendDate="None"
symbol="DOMA"
open="7.60"
high="8.75"
low="7.53"
price="8.61"
volume="93771.00"
latest_trading_day="2023-07-28"
previous_close="7.46"
change="1.15"
change_percent="15.4155%"
aroon_positive_momentum_days="0"
aroon_negative_momentum_days="90"
trend_strength="Absent or Weak Trend"
buying_signal="Weak Sell Signal"
volume_analysis="Target Volume"
value_analysis="Expected Range"
Aroon_change="FALSE"
Aroon_momentum="10"
Volume_recent_avg="1180963"
Change_recent_avg="0.04"
Delta_recent_avg="0.2"
Variance_recent_avg="0.1"
Change_ratio_recent_avg="-1.9"
RSI_change="FALSE"
ADX_change="FALSE"

event="FALSE"
Aroon_signal="negative"
Aroon_change="FALSE"
Aroon_momentum_positive="10"
Aroon_momentum_negative="90"
image_negative_thumbnail_id_1="1138"
image_negative_url_1="https://hehge.com/wp-content/uploads/sites/16/2023/06/MI_Finance_Negative_Landscape_0171.jpeg"
image_negative_thumbnail_id_2="1115"
image_negative_url_2="https://hehge.com/wp-content/uploads/sites/16/2023/06/MI_Finance_Negative_Landscape_0148.jpeg"
image_neutral_thumbnail_id_1="570"
image_neutral_url_1="https://hehge.com/wp-content/uploads/sites/16/2023/06/MI_Finance_Neutral_Landscape_0029.jpeg"
image_neutral_thumbnail_id_2="598"
image_neutral_url_2="https://hehge.com/wp-content/uploads/sites/16/2023/06/MI_Finance_Neutral_Landscape_0001.jpeg"
image_positive_thumbnail_id_1="977"
image_positive_url_1="https://hehge.com/wp-content/uploads/sites/16/2023/06/MI_Finance_Positive_Landscape_0139.jpeg"
image_positive_thumbnail_id_2="696"
image_positive_url_2="https://hehge.com/wp-content/uploads/sites/16/2023/06/MI_Finance_Positive_Landscape_0012.jpeg"
image_professor_thumbnail_id_1="1167"
image_professor_url_1="https://hehge.com/wp-content/uploads/sites/16/2023/06/MI_Finance_Professor_Landscape_0001.jpeg"
image_professor_thumbnail_id_2="1200"
image_professor_url_2="https://hehge.com/wp-content/uploads/sites/16/2023/06/MI_Finance_Professor_Landscape_0034.jpeg"
