Symbol="QCRH"
AssetType="Common Stock"
Name="QCR Holdings Inc"
Description="QCR Holdings, Inc., a multi-bank holding company, provides consumer and commercial banking services, trust and asset management services. The company is headquartered in Moline, Illinois."
CIK="906465"
Exchange="NASDAQ"
Currency="USD"
Country="USA"
Sector="FINANCE"
Industry="STATE COMMERCIAL BANKS"
Address="3551 7TH STREET, MOLINE, IL, US"
FiscalYearEnd="December"
LatestQuarter="2023-06-30"
MarketCapitalization="881910000"
EBITDA="None"
PERatio="7.72"
PEGRatio="1.77"
BookValue="49.22"
DividendPerShare="0.24"
DividendYield="0.0045"
EPS="6.83"
RevenuePerShareTTM="19.58"
ProfitMargin="0.352"
OperatingMarginTTM="0.436"
ReturnOnAssetsTTM="0.0148"
ReturnOnEquityTTM="0.148"
RevenueTTM="329144000"
GrossProfitTTM="303565000"
DilutedEPSTTM="6.83"
QuarterlyEarningsGrowthYOY="0.943"
QuarterlyRevenueGrowthYOY="0.157"
AnalystTargetPrice="60.6"
TrailingPE="7.72"
ForwardPE="7.49"
PriceToSalesRatioTTM="2.762"
PriceToBookRatio="1.124"
EVToRevenue="-"
EVToEBITDA="-"
Beta="0.995"
num_52WeekHigh="56.95"
num_52WeekLow="35.09"
num_50DayMovingAverage="47.89"
num_200DayMovingAverage="47.07"
SharesOutstanding="16715500"
DividendDate="2023-10-04"
ExDividendDate="2023-09-14"
symbol="QCRH"
open="52.79"
high="52.91"
low="52.04"
price="52.28"
volume="95423.00"
latest_trading_day="2023-08-30"
previous_close="52.76"
change="-0.48"
change_percent="-0.9098%"
aroon_positive_momentum_days="51"
aroon_negative_momentum_days="0"
trend_strength="Absent or Weak Trend"
buying_signal="Strong Buy Signal"
volume_analysis="Target Volume"
value_analysis="Expected Range"
Aroon_change="FALSE"
Aroon_momentum="51"
Volume_recent_avg="69961"
Change_recent_avg="0.05"
Delta_recent_avg="1.49"
Variance_recent_avg="0.74"
Change_ratio_recent_avg="0.07"
RSI_change="FALSE"
ADX_change="FALSE"

event="FALSE"
Aroon_signal="positive"
Aroon_change="FALSE"
Aroon_momentum_positive="51"
Aroon_momentum_negative="49"
image_negative_thumbnail_id_1="511"
image_negative_url_1="https://hehge.com/wp-content/uploads/sites/16/2023/06/MI_Finance_Negative_Landscape_0094.jpeg"
image_negative_thumbnail_id_2="1099"
image_negative_url_2="https://hehge.com/wp-content/uploads/sites/16/2023/06/MI_Finance_Negative_Landscape_0132.jpeg"
image_neutral_thumbnail_id_1="589"
image_neutral_url_1="https://hehge.com/wp-content/uploads/sites/16/2023/06/MI_Finance_Neutral_Landscape_0010.jpeg"
image_neutral_thumbnail_id_2="525"
image_neutral_url_2="https://hehge.com/wp-content/uploads/sites/16/2023/06/MI_Finance_Neutral_Landscape_0074.jpeg"
image_positive_thumbnail_id_1="692"
image_positive_url_1="https://hehge.com/wp-content/uploads/sites/16/2023/06/MI_Finance_Positive_Landscape_0016.jpeg"
image_positive_thumbnail_id_2="985"
image_positive_url_2="https://hehge.com/wp-content/uploads/sites/16/2023/06/MI_Finance_Positive_Landscape_0147.jpeg"
image_professor_thumbnail_id_1="1175"
image_professor_url_1="https://hehge.com/wp-content/uploads/sites/16/2023/06/MI_Finance_Professor_Landscape_0009.jpeg"
image_professor_thumbnail_id_2="1195"
image_professor_url_2="https://hehge.com/wp-content/uploads/sites/16/2023/06/MI_Finance_Professor_Landscape_0029.jpeg"
