Symbol="ARES"
AssetType="Common Stock"
Name="Ares Management LP"
Description="Ares Management Corporation is an alternative asset manager in the United States, Europe, and Asia. "
CIK="1176948"
Exchange="NYSE"
Currency="USD"
Country="USA"
Sector="FINANCE"
Industry="INVESTMENT ADVICE"
Address="2000 AVE OF THE STARS, 12TH FLOOR, LOS ANGELES, CA, US"
FiscalYearEnd="December"
LatestQuarter="2023-06-30"
MarketCapitalization="29563601000"
EBITDA="1227892000"
PERatio="87.29"
PEGRatio="0.63"
BookValue="9.47"
DividendPerShare="2.76"
DividendYield="0.03"
EPS="1.12"
RevenuePerShareTTM="20.41"
ProfitMargin="0.0879"
OperatingMarginTTM="0.24"
ReturnOnAssetsTTM="0.0247"
ReturnOnEquityTTM="0.16"
RevenueTTM="3645662000"
GrossProfitTTM="1244276000"
DilutedEPSTTM="1.12"
QuarterlyEarningsGrowthYOY="2.596"
QuarterlyRevenueGrowthYOY="0.818"
AnalystTargetPrice="110.82"
TrailingPE="87.29"
ForwardPE="17.73"
PriceToSalesRatioTTM="5.83"
PriceToBookRatio="8.48"
EVToRevenue="7.13"
EVToEBITDA="28.03"
Beta="1.336"
num_52WeekHigh="103.41"
num_52WeekLow="57.04"
num_50DayMovingAverage="97.28"
num_200DayMovingAverage="83.85"
SharesOutstanding="178481000"
DividendDate="2021-09-30"
ExDividendDate="2023-09-14"
symbol="ARES"
open="97.00"
high="99.29"
low="96.11"
price="99.19"
volume="857025.00"
latest_trading_day="2023-08-18"
previous_close="97.55"
change="1.64"
change_percent="1.6812%"
aroon_positive_momentum_days="93"
aroon_negative_momentum_days="0"
trend_strength="Absent or Weak Trend"
buying_signal="Strong Buy Signal"
volume_analysis="Target Volume"
value_analysis="Expected Range"
Aroon_change="FALSE"
Aroon_momentum="93"
Volume_recent_avg="976353"
Change_recent_avg="0.18"
Delta_recent_avg="2.08"
Variance_recent_avg="1.04"
Change_ratio_recent_avg="0.19"
RSI_change="FALSE"
ADX_change="FALSE"

event="FALSE"
Aroon_signal="positive"
Aroon_change="FALSE"
Aroon_momentum_positive="93"
Aroon_momentum_negative="7"
image_negative_thumbnail_id_1="1107"
image_negative_url_1="https://hehge.com/wp-content/uploads/sites/16/2023/06/MI_Finance_Negative_Landscape_0140.jpeg"
image_negative_thumbnail_id_2="152"
image_negative_url_2="https://hehge.com/wp-content/uploads/sites/16/2023/05/MI_Finance_Negative_Landscape_0024.jpeg"
image_neutral_thumbnail_id_1="542"
image_neutral_url_1="https://hehge.com/wp-content/uploads/sites/16/2023/06/MI_Finance_Neutral_Landscape_0057.jpeg"
image_neutral_thumbnail_id_2="540"
image_neutral_url_2="https://hehge.com/wp-content/uploads/sites/16/2023/06/MI_Finance_Neutral_Landscape_0059.jpeg"
image_positive_thumbnail_id_1="663"
image_positive_url_1="https://hehge.com/wp-content/uploads/sites/16/2023/06/MI_Finance_Positive_Landscape_0045.jpeg"
image_positive_thumbnail_id_2="989"
image_positive_url_2="https://hehge.com/wp-content/uploads/sites/16/2023/06/MI_Finance_Positive_Landscape_0151.jpeg"
image_professor_thumbnail_id_1="1203"
image_professor_url_1="https://hehge.com/wp-content/uploads/sites/16/2023/06/MI_Finance_Professor_Landscape_0037.jpeg"
image_professor_thumbnail_id_2="1204"
image_professor_url_2="https://hehge.com/wp-content/uploads/sites/16/2023/06/MI_Finance_Professor_Landscape_0038.jpeg"
