Symbol="HSBC"
AssetType="Common Stock"
Name="HSBC Holdings PLC ADR"
Description="HSBC Holdings plc offers banking and financial products and services globally. The company is headquartered in London, the United Kingdom."
CIK="1089113"
Exchange="NYSE"
Currency="USD"
Country="USA"
Sector="FINANCE"
Industry="SAVINGS INSTITUTION, FEDERALLY CHARTERED"
Address="8 CANADA SQUARE, LONDON, GB"
FiscalYearEnd="December"
LatestQuarter="2023-03-31"
MarketCapitalization="159618957000"
EBITDA="None"
PERatio="7.21"
PEGRatio="0.579"
BookValue="10.81"
DividendPerShare="0.42"
DividendYield="0.052"
EPS="5.6"
RevenuePerShareTTM="3.474"
ProfitMargin="0.428"
OperatingMarginTTM="0.427"
ReturnOnAssetsTTM="0.0081"
ReturnOnEquityTTM="0.121"
RevenueTTM="54945001000"
GrossProfitTTM="50513000000"
DilutedEPSTTM="5.6"
QuarterlyEarningsGrowthYOY="2.78"
QuarterlyRevenueGrowthYOY="0.38"
AnalystTargetPrice="49.98"
TrailingPE="7.21"
ForwardPE="6.25"
PriceToSalesRatioTTM="2.58"
PriceToBookRatio="0.688"
EVToRevenue="-"
EVToEBITDA="-"
Beta="0.577"
num_52WeekHigh="40.63"
num_52WeekLow="23.71"
num_50DayMovingAverage="38.47"
num_200DayMovingAverage="33.95"
SharesOutstanding="3954880000"
DividendDate="2023-06-23"
ExDividendDate="2023-05-11"
symbol="HSBC"
open="40.56"
high="40.63"
low="40.27"
price="40.36"
volume="1255178.00"
latest_trading_day="2023-07-14"
previous_close="40.55"
change="-0.19"
change_percent="-0.4686%"
aroon_positive_momentum_days="77"
aroon_negative_momentum_days="0"
trend_strength="Absent or Weak Trend"
buying_signal="Strong Buy Signal"
volume_analysis="Target Volume"
value_analysis="Expected Range"
Aroon_change="FALSE"
Aroon_momentum="77"
Volume_recent_avg="2039010"
Change_recent_avg="0.02"
Delta_recent_avg="0.42"
Variance_recent_avg="0.21"
Change_ratio_recent_avg="0.05"
RSI_change="FALSE"
ADX_change="FALSE"

event="FALSE"
Aroon_signal="positive"
Aroon_change="FALSE"
Aroon_momentum_positive="77"
Aroon_momentum_negative="23"
image_negative_thumbnail_id_1="1109"
image_negative_url_1="https://hehge.com/wp-content/uploads/sites/16/2023/06/MI_Finance_Negative_Landscape_0142.jpeg"
image_negative_thumbnail_id_2="1126"
image_negative_url_2="https://hehge.com/wp-content/uploads/sites/16/2023/06/MI_Finance_Negative_Landscape_0159.jpeg"
image_neutral_thumbnail_id_1="548"
image_neutral_url_1="https://hehge.com/wp-content/uploads/sites/16/2023/06/MI_Finance_Neutral_Landscape_0051.jpeg"
image_neutral_thumbnail_id_2="560"
image_neutral_url_2="https://hehge.com/wp-content/uploads/sites/16/2023/06/MI_Finance_Neutral_Landscape_0039.jpeg"
image_positive_thumbnail_id_1="1007"
image_positive_url_1="https://hehge.com/wp-content/uploads/sites/16/2023/06/MI_Finance_Positive_Landscape_0169.jpeg"
image_positive_thumbnail_id_2="638"
image_positive_url_2="https://hehge.com/wp-content/uploads/sites/16/2023/06/MI_Finance_Positive_Landscape_0070.jpeg"
image_professor_thumbnail_id_1="1174"
image_professor_url_1="https://hehge.com/wp-content/uploads/sites/16/2023/06/MI_Finance_Professor_Landscape_0008.jpeg"
image_professor_thumbnail_id_2="1204"
image_professor_url_2="https://hehge.com/wp-content/uploads/sites/16/2023/06/MI_Finance_Professor_Landscape_0038.jpeg"
