Symbol="HUT"
AssetType="Common Stock"
Name="Hut 8 Mining Corp"
Description="None"
CIK="1731805"
Exchange="NASDAQ"
Currency="USD"
Country="USA"
Sector="FINANCE"
Industry="FINANCE SERVICES"
Address="24 DUNCAN STREET, SUITE 500, SUITE 500, TORONTO, ON, CA"
FiscalYearEnd="December"
LatestQuarter="2023-03-31"
MarketCapitalization="798792000"
EBITDA="106081000"
PERatio="None"
PEGRatio="None"
BookValue="2.127"
DividendPerShare="0"
DividendYield="0"
EPS="-0.85"
RevenuePerShareTTM="0.581"
ProfitMargin="-1.633"
OperatingMarginTTM="-0.774"
ReturnOnAssetsTTM="-0.087"
ReturnOnEquityTTM="-0.339"
RevenueTTM="116370000"
GrossProfitTTM="-24967000"
DilutedEPSTTM="-0.85"
QuarterlyEarningsGrowthYOY="0.516"
QuarterlyRevenueGrowthYOY="-0.643"
AnalystTargetPrice="None"
TrailingPE="-"
ForwardPE="29.41"
PriceToSalesRatioTTM="1.014"
PriceToBookRatio="0.539"
EVToRevenue="1.119"
EVToEBITDA="-3.225"
Beta="3.341"
num_52WeekHigh="4.55"
num_52WeekLow="0.78"
num_50DayMovingAverage="2.588"
num_200DayMovingAverage="1.877"
SharesOutstanding="221272000"
DividendDate="2018-03-06"
ExDividendDate="None"
symbol="HUT"
open="3.66"
high="3.72"
low="3.43"
price="3.63"
volume="11021644.00"
latest_trading_day="2023-07-21"
previous_close="3.61"
change="0.02"
change_percent="0.5540%"
aroon_positive_momentum_days="82"
aroon_negative_momentum_days="0"
trend_strength="Absent or Weak Trend"
buying_signal="Strong Buy Signal"
volume_analysis="Target Volume"
value_analysis="Expected Range"
Aroon_change="FALSE"
Aroon_momentum="82"
Volume_recent_avg="11339812"
Change_recent_avg="0.01"
Delta_recent_avg="0.18"
Variance_recent_avg="0.09"
Change_ratio_recent_avg="0.08"
RSI_change="FALSE"
ADX_change="FALSE"

event="FALSE"
Aroon_signal="positive"
Aroon_change="FALSE"
Aroon_momentum_positive="82"
Aroon_momentum_negative="18"
image_negative_thumbnail_id_1="113"
image_negative_url_1="https://hehge.com/wp-content/uploads/sites/16/2023/05/MI_Finance_Negative_Landscape_0063.jpeg"
image_negative_thumbnail_id_2="115"
image_negative_url_2="https://hehge.com/wp-content/uploads/sites/16/2023/05/MI_Finance_Negative_Landscape_0061.jpeg"
image_neutral_thumbnail_id_1="574"
image_neutral_url_1="https://hehge.com/wp-content/uploads/sites/16/2023/06/MI_Finance_Neutral_Landscape_0025.jpeg"
image_neutral_thumbnail_id_2="522"
image_neutral_url_2="https://hehge.com/wp-content/uploads/sites/16/2023/06/MI_Finance_Neutral_Landscape_0077.jpeg"
image_positive_thumbnail_id_1="623"
image_positive_url_1="https://hehge.com/wp-content/uploads/sites/16/2023/06/MI_Finance_Positive_Landscape_0085.jpeg"
image_positive_thumbnail_id_2="986"
image_positive_url_2="https://hehge.com/wp-content/uploads/sites/16/2023/06/MI_Finance_Positive_Landscape_0148.jpeg"
image_professor_thumbnail_id_1="1185"
image_professor_url_1="https://hehge.com/wp-content/uploads/sites/16/2023/06/MI_Finance_Professor_Landscape_0019.jpeg"
image_professor_thumbnail_id_2="1196"
image_professor_url_2="https://hehge.com/wp-content/uploads/sites/16/2023/06/MI_Finance_Professor_Landscape_0030.jpeg"
