Symbol="FULT"
AssetType="Common Stock"
Name="Fulton Financial Corporation"
Description="Fulton Financial Corporation is a financial holding company that provides banking and financial services to businesses and consumers. The company is headquartered in Lancaster, Pennsylvania."
CIK="700564"
Exchange="NASDAQ"
Currency="USD"
Country="USA"
Sector="FINANCE"
Industry="NATIONAL COMMERCIAL BANKS"
Address="ONE PENN SQ, PO BOX 4887, LANCASTER, PA, US"
FiscalYearEnd="December"
LatestQuarter="2023-06-30"
MarketCapitalization="2243970000"
EBITDA="None"
PERatio="7.85"
PEGRatio="-7.57"
BookValue="14.24"
DividendPerShare="0"
DividendYield="0.0474"
EPS="1.72"
RevenuePerShareTTM="5.97"
ProfitMargin="0"
OperatingMarginTTM="0"
ReturnOnAssetsTTM="0.011"
ReturnOnEquityTTM="0.112"
RevenueTTM="1000119000"
GrossProfitTTM="980143000"
DilutedEPSTTM="1.72"
QuarterlyEarningsGrowthYOY="0.026"
QuarterlyRevenueGrowthYOY="0.09"
AnalystTargetPrice="14"
TrailingPE="7.85"
ForwardPE="10.57"
PriceToSalesRatioTTM="2.903"
PriceToBookRatio="1.214"
EVToRevenue="-"
EVToEBITDA="-"
Beta="0.78"
num_52WeekHigh="18.24"
num_52WeekLow="9.52"
num_50DayMovingAverage="11.91"
num_200DayMovingAverage="15.09"
SharesOutstanding="166097000"
DividendDate="2023-07-14"
ExDividendDate="2023-06-30"
symbol="FULT"
open="13.45"
high="13.66"
low="13.34"
price="13.52"
volume="2290452.00"
latest_trading_day="2023-07-20"
previous_close="13.51"
change="0.01"
change_percent="0.0740%"
aroon_positive_momentum_days="4"
aroon_negative_momentum_days="0"
trend_strength="Absent or Weak Trend"
buying_signal="Strong Buy Signal"
volume_analysis="Target Volume"
value_analysis="Expected Range"
Aroon_change="FALSE"
Aroon_momentum="4"
Volume_recent_avg="1760769"
Change_recent_avg="-0.05"
Delta_recent_avg="0.46"
Variance_recent_avg="0.23"
Change_ratio_recent_avg="-0.35"
RSI_change="FALSE"
ADX_change="FALSE"

event="FALSE"
Aroon_signal="positive"
Aroon_change="FALSE"
Aroon_momentum_positive="4"
Aroon_momentum_negative="96"
image_negative_thumbnail_id_1="135"
image_negative_url_1="https://hehge.com/wp-content/uploads/sites/16/2023/05/MI_Finance_Negative_Landscape_0041.jpeg"
image_negative_thumbnail_id_2="140"
image_negative_url_2="https://hehge.com/wp-content/uploads/sites/16/2023/05/MI_Finance_Negative_Landscape_0036.jpeg"
image_neutral_thumbnail_id_1="528"
image_neutral_url_1="https://hehge.com/wp-content/uploads/sites/16/2023/06/MI_Finance_Neutral_Landscape_0071.jpeg"
image_neutral_thumbnail_id_2="550"
image_neutral_url_2="https://hehge.com/wp-content/uploads/sites/16/2023/06/MI_Finance_Neutral_Landscape_0049.jpeg"
image_positive_thumbnail_id_1="658"
image_positive_url_1="https://hehge.com/wp-content/uploads/sites/16/2023/06/MI_Finance_Positive_Landscape_0050.jpeg"
image_positive_thumbnail_id_2="1007"
image_positive_url_2="https://hehge.com/wp-content/uploads/sites/16/2023/06/MI_Finance_Positive_Landscape_0169.jpeg"
image_professor_thumbnail_id_1="1196"
image_professor_url_1="https://hehge.com/wp-content/uploads/sites/16/2023/06/MI_Finance_Professor_Landscape_0030.jpeg"
image_professor_thumbnail_id_2="1172"
image_professor_url_2="https://hehge.com/wp-content/uploads/sites/16/2023/06/MI_Finance_Professor_Landscape_0006.jpeg"
