Symbol="DB"
AssetType="Common Stock"
Name="Deutsche Bank AG NA O.N."
Description="Deutsche Bank Aktiengesellschaft offers investment, financial and related products and services to individuals, corporate entities and institutional clients worldwide. The company is headquartered in Frankfurt am Main, Germany."
CIK="1159508"
Exchange="NYSE"
Currency="USD"
Country="USA"
Sector="FINANCE"
Industry="STATE COMMERCIAL BANKS"
Address="DEUTSCHE BANK AG - LEGAL DEPARTMENT, 60 WALL STREET - 36TH FLOOR, ROOM 3609, NEW YORK, NY, US"
FiscalYearEnd="December"
LatestQuarter="2023-06-30"
MarketCapitalization="21984610000"
EBITDA="None"
PERatio="3.938"
PEGRatio="0.122"
BookValue="34.69"
DividendPerShare="0.3"
DividendYield="0.0295"
EPS="2.73"
RevenuePerShareTTM="12.36"
ProfitMargin="0.174"
OperatingMarginTTM="0.202"
ReturnOnAssetsTTM="0.0034"
ReturnOnEquityTTM="0.065"
RevenueTTM="25692000000"
GrossProfitTTM="25985000000"
DilutedEPSTTM="2.73"
QuarterlyEarningsGrowthYOY="-0.903"
QuarterlyRevenueGrowthYOY="-0.108"
AnalystTargetPrice="12.08"
TrailingPE="3.938"
ForwardPE="5.72"
PriceToSalesRatioTTM="0.825"
PriceToBookRatio="0.299"
EVToRevenue="-"
EVToEBITDA="-"
Beta="1.307"
num_52WeekHigh="13.16"
num_52WeekLow="7.02"
num_50DayMovingAverage="10.66"
num_200DayMovingAverage="10.98"
SharesOutstanding="2034430000"
DividendDate="2023-05-22"
ExDividendDate="2023-05-18"
symbol="DB"
open="10.85"
high="10.96"
low="10.79"
price="10.82"
volume="1778139.00"
latest_trading_day="2023-08-09"
previous_close="10.75"
change="0.07"
change_percent="0.6512%"
aroon_positive_momentum_days="42"
aroon_negative_momentum_days="0"
trend_strength="Absent or Weak Trend"
buying_signal="Weak Buy Signal"
volume_analysis="Target Volume"
value_analysis="Expected Range"
Aroon_change="FALSE"
Aroon_momentum="42"
Volume_recent_avg="3602340"
Change_recent_avg="0.01"
Delta_recent_avg="0.18"
Variance_recent_avg="0.09"
Change_ratio_recent_avg="0.02"
RSI_change="FALSE"
ADX_change="FALSE"

event="FALSE"
Aroon_signal="positive"
Aroon_change="FALSE"
Aroon_momentum_positive="42"
Aroon_momentum_negative="58"
image_negative_thumbnail_id_1="174"
image_negative_url_1="https://hehge.com/wp-content/uploads/sites/16/2023/05/MI_Finance_Negative_Landscape_0002.jpeg"
image_negative_thumbnail_id_2="1120"
image_negative_url_2="https://hehge.com/wp-content/uploads/sites/16/2023/06/MI_Finance_Negative_Landscape_0153.jpeg"
image_neutral_thumbnail_id_1="533"
image_neutral_url_1="https://hehge.com/wp-content/uploads/sites/16/2023/06/MI_Finance_Neutral_Landscape_0066.jpeg"
image_neutral_thumbnail_id_2="565"
image_neutral_url_2="https://hehge.com/wp-content/uploads/sites/16/2023/06/MI_Finance_Neutral_Landscape_0034.jpeg"
image_positive_thumbnail_id_1="604"
image_positive_url_1="https://hehge.com/wp-content/uploads/sites/16/2023/06/MI_Finance_Positive_Landscape_0104.jpeg"
image_positive_thumbnail_id_2="979"
image_positive_url_2="https://hehge.com/wp-content/uploads/sites/16/2023/06/MI_Finance_Positive_Landscape_0141.jpeg"
image_professor_thumbnail_id_1="1168"
image_professor_url_1="https://hehge.com/wp-content/uploads/sites/16/2023/06/MI_Finance_Professor_Landscape_0002.jpeg"
image_professor_thumbnail_id_2="1177"
image_professor_url_2="https://hehge.com/wp-content/uploads/sites/16/2023/06/MI_Finance_Professor_Landscape_0011.jpeg"
