Symbol="BUSE"
AssetType="Common Stock"
Name="First Busey Corp"
Description="First Busey Corporation is the banking holding company for Busey Bank offering retail and commercial banking products and services to individual, corporate, institutional and government clients in the United States. The company is headquartered in Champaign, Illinois."
CIK="314489"
Exchange="NASDAQ"
Currency="USD"
Country="USA"
Sector="FINANCE"
Industry="STATE COMMERCIAL BANKS"
Address="201 W MAIN STREET, URBANA, IL, US"
FiscalYearEnd="December"
LatestQuarter="2023-03-31"
MarketCapitalization="1169055000"
EBITDA="None"
PERatio="8.7"
PEGRatio="3.05"
BookValue="21.68"
DividendPerShare="0.93"
DividendYield="0.0454"
EPS="2.43"
RevenuePerShareTTM="8.24"
ProfitMargin="0.299"
OperatingMarginTTM="0.411"
ReturnOnAssetsTTM="0.011"
ReturnOnEquityTTM="0.113"
RevenueTTM="456289000"
GrossProfitTTM="445618000"
DilutedEPSTTM="2.43"
QuarterlyEarningsGrowthYOY="0.275"
QuarterlyRevenueGrowthYOY="0.101"
AnalystTargetPrice="22.67"
TrailingPE="8.7"
ForwardPE="9.2"
PriceToSalesRatioTTM="3.109"
PriceToBookRatio="1.249"
EVToRevenue="-"
EVToEBITDA="-"
Beta="0.847"
num_52WeekHigh="27.36"
num_52WeekLow="16.26"
num_50DayMovingAverage="19.52"
num_200DayMovingAverage="22.45"
SharesOutstanding="55301000"
DividendDate="2023-04-28"
ExDividendDate="2023-07-20"
symbol="BUSE"
open="21.46"
high="21.46"
low="20.86"
price="21.14"
volume="132056.00"
latest_trading_day="2023-07-14"
previous_close="21.32"
change="-0.18"
change_percent="-0.8443%"
aroon_positive_momentum_days="19"
aroon_negative_momentum_days="0"
trend_strength="Absent or Weak Trend"
buying_signal="Weak Buy Signal"
volume_analysis="Target Volume"
value_analysis="Expected Range"
Aroon_change="FALSE"
Aroon_momentum="19"
Volume_recent_avg="196791"
Change_recent_avg="-0.06"
Delta_recent_avg="0.67"
Variance_recent_avg="0.33"
Change_ratio_recent_avg="-0.32"
RSI_change="FALSE"
ADX_change="FALSE"

event="FALSE"
Aroon_signal="positive"
Aroon_change="FALSE"
Aroon_momentum_positive="19"
Aroon_momentum_negative="81"
image_negative_thumbnail_id_1="113"
image_negative_url_1="https://hehge.com/wp-content/uploads/sites/16/2023/05/MI_Finance_Negative_Landscape_0063.jpeg"
image_negative_thumbnail_id_2="1107"
image_negative_url_2="https://hehge.com/wp-content/uploads/sites/16/2023/06/MI_Finance_Negative_Landscape_0140.jpeg"
image_neutral_thumbnail_id_1="549"
image_neutral_url_1="https://hehge.com/wp-content/uploads/sites/16/2023/06/MI_Finance_Neutral_Landscape_0050.jpeg"
image_neutral_thumbnail_id_2="566"
image_neutral_url_2="https://hehge.com/wp-content/uploads/sites/16/2023/06/MI_Finance_Neutral_Landscape_0033.jpeg"
image_positive_thumbnail_id_1="631"
image_positive_url_1="https://hehge.com/wp-content/uploads/sites/16/2023/06/MI_Finance_Positive_Landscape_0077.jpeg"
image_positive_thumbnail_id_2="983"
image_positive_url_2="https://hehge.com/wp-content/uploads/sites/16/2023/06/MI_Finance_Positive_Landscape_0145.jpeg"
image_professor_thumbnail_id_1="1194"
image_professor_url_1="https://hehge.com/wp-content/uploads/sites/16/2023/06/MI_Finance_Professor_Landscape_0028.jpeg"
image_professor_thumbnail_id_2="1171"
image_professor_url_2="https://hehge.com/wp-content/uploads/sites/16/2023/06/MI_Finance_Professor_Landscape_0005.jpeg"
aroon_positive_momentum_days="19"
aroon_negative_momentum_days="0"
trend_strength="Absent or Weak Trend"
buying_signal="Weak Buy Signal"
volume_analysis="Target Volume"
value_analysis="Expected Range"
Aroon_change="FALSE"
Aroon_momentum="19"
Volume_recent_avg="196791"
Change_recent_avg="-0.06"
Delta_recent_avg="0.67"
Variance_recent_avg="0.33"
Change_ratio_recent_avg="-0.32"
RSI_change="FALSE"
ADX_change="FALSE"

event="FALSE"
Aroon_signal="positive"
Aroon_change="FALSE"
Aroon_momentum_positive="19"
Aroon_momentum_negative="81"
image_negative_thumbnail_id_1="1126"
image_negative_url_1="https://hehge.com/wp-content/uploads/sites/16/2023/06/MI_Finance_Negative_Landscape_0159.jpeg"
image_negative_thumbnail_id_2="1115"
image_negative_url_2="https://hehge.com/wp-content/uploads/sites/16/2023/06/MI_Finance_Negative_Landscape_0148.jpeg"
image_neutral_thumbnail_id_1="581"
image_neutral_url_1="https://hehge.com/wp-content/uploads/sites/16/2023/06/MI_Finance_Neutral_Landscape_0018.jpeg"
image_neutral_thumbnail_id_2="550"
image_neutral_url_2="https://hehge.com/wp-content/uploads/sites/16/2023/06/MI_Finance_Neutral_Landscape_0049.jpeg"
image_positive_thumbnail_id_1="676"
image_positive_url_1="https://hehge.com/wp-content/uploads/sites/16/2023/06/MI_Finance_Positive_Landscape_0032.jpeg"
image_positive_thumbnail_id_2="635"
image_positive_url_2="https://hehge.com/wp-content/uploads/sites/16/2023/06/MI_Finance_Positive_Landscape_0073.jpeg"
image_professor_thumbnail_id_1="1179"
image_professor_url_1="https://hehge.com/wp-content/uploads/sites/16/2023/06/MI_Finance_Professor_Landscape_0013.jpeg"
image_professor_thumbnail_id_2="1192"
image_professor_url_2="https://hehge.com/wp-content/uploads/sites/16/2023/06/MI_Finance_Professor_Landscape_0026.jpeg"
