Symbol="TFIN"
AssetType="Common Stock"
Name="Triumph Financial Inc"
Description="Triumph Financial Inc., a financial and technology company, focuses on payments, factoring, and banking. The company is headquartered in Dallas, Texas."
CIK="1539638"
Exchange="NASDAQ"
Currency="USD"
Country="USA"
Sector="FINANCE"
Industry="STATE COMMERCIAL BANKS"
Address="12700 PARK CENTRAL DRIVE, SUITE 1700, DALLAS, TX, US"
FiscalYearEnd="December"
LatestQuarter="2023-06-30"
MarketCapitalization="1665609000"
EBITDA="None"
PERatio="35.25"
PEGRatio="None"
BookValue="35.43"
DividendPerShare="0"
DividendYield="0"
EPS="2.03"
RevenuePerShareTTM="19.58"
ProfitMargin="0"
OperatingMarginTTM="0"
ReturnOnAssetsTTM="0.0152"
ReturnOnEquityTTM="0.104"
RevenueTTM="468727000"
GrossProfitTTM="477635000"
DilutedEPSTTM="2.03"
QuarterlyEarningsGrowthYOY="-0.538"
QuarterlyRevenueGrowthYOY="-0.08"
AnalystTargetPrice="58"
TrailingPE="35.25"
ForwardPE="-"
PriceToSalesRatioTTM="2.481"
PriceToBookRatio="1.622"
EVToRevenue="-"
EVToEBITDA="-"
Beta="1.213"
num_52WeekHigh="76.49"
num_52WeekLow="45.08"
num_50DayMovingAverage="60.72"
num_200DayMovingAverage="56.37"
SharesOutstanding="23275700"
DividendDate="None"
ExDividendDate="None"
symbol="TFIN"
open="71.55"
high="72.62"
low="70.72"
price="70.91"
volume="138876.00"
latest_trading_day="2023-07-31"
previous_close="71.56"
change="-0.65"
change_percent="-0.9083%"
aroon_positive_momentum_days="63"
aroon_negative_momentum_days="0"
trend_strength="Absent or Weak Trend"
buying_signal="Strong Buy Signal"
volume_analysis="Target Volume"
value_analysis="Expected Range"
Aroon_change="FALSE"
Aroon_momentum="63"
Volume_recent_avg="200754"
Change_recent_avg="0.13"
Delta_recent_avg="2.44"
Variance_recent_avg="1.22"
Change_ratio_recent_avg="0.18"
RSI_change="FALSE"
ADX_change="FALSE"

event="FALSE"
Aroon_signal="positive"
Aroon_change="FALSE"
Aroon_momentum_positive="63"
Aroon_momentum_negative="37"
image_negative_thumbnail_id_1="1106"
image_negative_url_1="https://hehge.com/wp-content/uploads/sites/16/2023/06/MI_Finance_Negative_Landscape_0139.jpeg"
image_negative_thumbnail_id_2="122"
image_negative_url_2="https://hehge.com/wp-content/uploads/sites/16/2023/05/MI_Finance_Negative_Landscape_0054.jpeg"
image_neutral_thumbnail_id_1="576"
image_neutral_url_1="https://hehge.com/wp-content/uploads/sites/16/2023/06/MI_Finance_Neutral_Landscape_0023.jpeg"
image_neutral_thumbnail_id_2="567"
image_neutral_url_2="https://hehge.com/wp-content/uploads/sites/16/2023/06/MI_Finance_Neutral_Landscape_0032.jpeg"
image_positive_thumbnail_id_1="632"
image_positive_url_1="https://hehge.com/wp-content/uploads/sites/16/2023/06/MI_Finance_Positive_Landscape_0076.jpeg"
image_positive_thumbnail_id_2="617"
image_positive_url_2="https://hehge.com/wp-content/uploads/sites/16/2023/06/MI_Finance_Positive_Landscape_0091.jpeg"
image_professor_thumbnail_id_1="1186"
image_professor_url_1="https://hehge.com/wp-content/uploads/sites/16/2023/06/MI_Finance_Professor_Landscape_0020.jpeg"
image_professor_thumbnail_id_2="1167"
image_professor_url_2="https://hehge.com/wp-content/uploads/sites/16/2023/06/MI_Finance_Professor_Landscape_0001.jpeg"
