Symbol="HFWA"
AssetType="Common Stock"
Name="Heritage Financial Corporation"
Description="Heritage Financial Corporation is the banking holding company for Heritage Bank providing various financial services to small and medium-sized businesses and individuals in the United States. The company is headquartered in Olympia, Washington."
CIK="1046025"
Exchange="NASDAQ"
Currency="USD"
Country="USA"
Sector="FINANCE"
Industry="SAVINGS INSTITUTIONS, NOT FEDERALLY CHARTERED"
Address="201 FIFTH AVENUE S.W., P O BOX 1578, OLYMPIA, WA, US"
FiscalYearEnd="December"
LatestQuarter="2023-06-30"
MarketCapitalization="618594000"
EBITDA="None"
PERatio="7.71"
PEGRatio="2.13"
BookValue="23.39"
DividendPerShare="0.86"
DividendYield="0.0474"
EPS="2.29"
RevenuePerShareTTM="7.42"
ProfitMargin="0.31"
OperatingMarginTTM="0.397"
ReturnOnAssetsTTM="0.0112"
ReturnOnEquityTTM="0.0995"
RevenueTTM="260546000"
GrossProfitTTM="249402000"
DilutedEPSTTM="2.29"
QuarterlyEarningsGrowthYOY="-0.077"
QuarterlyRevenueGrowthYOY="0.05"
AnalystTargetPrice="21"
TrailingPE="7.71"
ForwardPE="11.96"
PriceToSalesRatioTTM="4.326"
PriceToBookRatio="1.394"
EVToRevenue="-"
EVToEBITDA="-"
Beta="0.569"
num_52WeekHigh="33.23"
num_52WeekLow="14.68"
num_50DayMovingAverage="17.54"
num_200DayMovingAverage="23.66"
SharesOutstanding="35047800"
DividendDate="2023-08-16"
ExDividendDate="2023-08-01"
symbol="HFWA"
open="17.69"
high="17.96"
low="17.68"
price="17.92"
volume="126282.00"
latest_trading_day="2023-08-17"
previous_close="17.65"
change="0.27"
change_percent="1.5297%"
aroon_positive_momentum_days="21"
aroon_negative_momentum_days="0"
trend_strength="Absent or Weak Trend"
buying_signal="Weak Buy Signal"
volume_analysis="Target Volume"
value_analysis="Expected Range"
Aroon_change="FALSE"
Aroon_momentum="21"
Volume_recent_avg="246109"
Change_recent_avg="-0.06"
Delta_recent_avg="0.67"
Variance_recent_avg="0.33"
Change_ratio_recent_avg="-0.33"
RSI_change="FALSE"
ADX_change="FALSE"

event="FALSE"
Aroon_signal="positive"
Aroon_change="FALSE"
Aroon_momentum_positive="21"
Aroon_momentum_negative="79"
image_negative_thumbnail_id_1="1138"
image_negative_url_1="https://hehge.com/wp-content/uploads/sites/16/2023/06/MI_Finance_Negative_Landscape_0171.jpeg"
image_negative_thumbnail_id_2="174"
image_negative_url_2="https://hehge.com/wp-content/uploads/sites/16/2023/05/MI_Finance_Negative_Landscape_0002.jpeg"
image_neutral_thumbnail_id_1="545"
image_neutral_url_1="https://hehge.com/wp-content/uploads/sites/16/2023/06/MI_Finance_Neutral_Landscape_0054.jpeg"
image_neutral_thumbnail_id_2="548"
image_neutral_url_2="https://hehge.com/wp-content/uploads/sites/16/2023/06/MI_Finance_Neutral_Landscape_0051.jpeg"
image_positive_thumbnail_id_1="670"
image_positive_url_1="https://hehge.com/wp-content/uploads/sites/16/2023/06/MI_Finance_Positive_Landscape_0038.jpeg"
image_positive_thumbnail_id_2="991"
image_positive_url_2="https://hehge.com/wp-content/uploads/sites/16/2023/06/MI_Finance_Positive_Landscape_0153.jpeg"
image_professor_thumbnail_id_1="1176"
image_professor_url_1="https://hehge.com/wp-content/uploads/sites/16/2023/06/MI_Finance_Professor_Landscape_0010.jpeg"
image_professor_thumbnail_id_2="1180"
image_professor_url_2="https://hehge.com/wp-content/uploads/sites/16/2023/06/MI_Finance_Professor_Landscape_0014.jpeg"
