Symbol="HUIZ"
AssetType="Common Stock"
Name="Huize Holding Ltd"
Description="Huize Holding Limited, offers insurance brokerage services in the People's Republic of China. The company is headquartered in Shenzhen, the People's Republic of China."
CIK="1778982"
Exchange="NASDAQ"
Currency="USD"
Country="China"
Sector="FINANCE"
Industry="INSURANCE AGENTS, BROKERS & SERVICE"
Address="5/F, BUILDING 3-4, SHENZHEN ANIMATION, PARK, YUEHAI ROAD, NANHAI AVENUE, SHENZHEN, CHINA"
FiscalYearEnd="December"
LatestQuarter="2023-06-30"
MarketCapitalization="63958000"
EBITDA="29180500"
PERatio="15.62"
PEGRatio="None"
BookValue="7.35"
DividendPerShare="0"
DividendYield="0"
EPS="0.08"
RevenuePerShareTTM="25.18"
ProfitMargin="0.0232"
OperatingMarginTTM="0.0041"
ReturnOnAssetsTTM="0.0028"
ReturnOnEquityTTM="0.0786"
RevenueTTM="1277302000"
GrossProfitTTM="451899000"
DilutedEPSTTM="0.08"
QuarterlyEarningsGrowthYOY="0.72"
QuarterlyRevenueGrowthYOY="0.483"
AnalystTargetPrice="1.83"
TrailingPE="15.62"
ForwardPE="-"
PriceToSalesRatioTTM="0.0351"
PriceToBookRatio="1.4"
EVToRevenue="0.0428"
EVToEBITDA="-4.913"
Beta="0.529"
num_52WeekHigh="1.52"
num_52WeekLow="0.45"
num_50DayMovingAverage="1.271"
num_200DayMovingAverage="1.219"
SharesOutstanding="51167000"
DividendDate="None"
ExDividendDate="None"
symbol="HUIZ"
open="1.18"
high="1.26"
low="1.18"
price="1.25"
volume="19077.00"
latest_trading_day="2023-08-28"
previous_close="1.18"
change="0.07"
change_percent="5.9322%"
aroon_positive_momentum_days="0"
aroon_negative_momentum_days="54"
trend_strength="Absent or Weak Trend"
buying_signal="High Volatility / Hold Signal"
volume_analysis="Target Volume"
value_analysis="Expected Range"
Aroon_change="TRUE"
Aroon_momentum="46"
Volume_recent_avg="175164"
Change_recent_avg="0.01"
Delta_recent_avg="0.09"
Variance_recent_avg="0.05"
Change_ratio_recent_avg="0.27"
RSI_change="FALSE"
ADX_change="FALSE"
Aroon_signal="negative"
Aroon_change="TRUE"
Aroon_momentum_positive="46"
Aroon_momentum_negative="54"
image_negative_thumbnail_id_1="520"
image_negative_url_1="https://hehge.com/wp-content/uploads/sites/16/2023/06/MI_Finance_Negative_Landscape_0085.jpeg"
image_negative_thumbnail_id_2="494"
image_negative_url_2="https://hehge.com/wp-content/uploads/sites/16/2023/06/MI_Finance_Negative_Landscape_0111.jpeg"
image_neutral_thumbnail_id_1="556"
image_neutral_url_1="https://hehge.com/wp-content/uploads/sites/16/2023/06/MI_Finance_Neutral_Landscape_0043.jpeg"
image_neutral_thumbnail_id_2="534"
image_neutral_url_2="https://hehge.com/wp-content/uploads/sites/16/2023/06/MI_Finance_Neutral_Landscape_0065.jpeg"
image_positive_thumbnail_id_1="676"
image_positive_url_1="https://hehge.com/wp-content/uploads/sites/16/2023/06/MI_Finance_Positive_Landscape_0032.jpeg"
image_positive_thumbnail_id_2="617"
image_positive_url_2="https://hehge.com/wp-content/uploads/sites/16/2023/06/MI_Finance_Positive_Landscape_0091.jpeg"
image_professor_thumbnail_id_1="1168"
image_professor_url_1="https://hehge.com/wp-content/uploads/sites/16/2023/06/MI_Finance_Professor_Landscape_0002.jpeg"
image_professor_thumbnail_id_2="1190"
image_professor_url_2="https://hehge.com/wp-content/uploads/sites/16/2023/06/MI_Finance_Professor_Landscape_0024.jpeg"
