Symbol="AMNB"
AssetType="Common Stock"
Name="American National Bankshares Inc"
Description="American National Bankshares Inc. is the banking holding company for American National Bank and Trust Company offering financial products and services in Virginia and North Carolina. The company is headquartered in Danville, Virginia."
CIK="741516"
Exchange="NASDAQ"
Currency="USD"
Country="USA"
Sector="FINANCE"
Industry="NATIONAL COMMERCIAL BANKS"
Address="628 MAIN ST, DANVILLE, VA, US"
FiscalYearEnd="December"
LatestQuarter="2023-06-30"
MarketCapitalization="458384000"
EBITDA="None"
PERatio="13.65"
PEGRatio="5.19"
BookValue="30.88"
DividendPerShare="1.18"
DividendYield="0.0277"
EPS="3.16"
RevenuePerShareTTM="10.11"
ProfitMargin="0.313"
OperatingMarginTTM="0.415"
ReturnOnAssetsTTM="0.0106"
ReturnOnEquityTTM="0.102"
RevenueTTM="107393000"
GrossProfitTTM="107448000"
DilutedEPSTTM="3.16"
QuarterlyEarningsGrowthYOY="-0.118"
QuarterlyRevenueGrowthYOY="-0.02"
AnalystTargetPrice="32"
TrailingPE="13.65"
ForwardPE="-"
PriceToSalesRatioTTM="3.461"
PriceToBookRatio="1.264"
EVToRevenue="-"
EVToEBITDA="-"
Beta="0.997"
num_52WeekHigh="43.94"
num_52WeekLow="25.0"
num_50DayMovingAverage="33.1"
num_200DayMovingAverage="33.35"
SharesOutstanding="10625500"
DividendDate="2023-09-15"
ExDividendDate="2023-08-31"
symbol="AMNB"
open="42.38"
high="43.15"
low="42.38"
price="43.14"
volume="50692.00"
latest_trading_day="2023-08-11"
previous_close="42.64"
change="0.50"
change_percent="1.1726%"
aroon_positive_momentum_days="38"
aroon_negative_momentum_days="0"
trend_strength="Absent or Weak Trend"
buying_signal="Strong Buy Signal"
volume_analysis="Trending Low"
value_analysis="Bearish Trend"
Aroon_change="FALSE"
Aroon_momentum="38"
Volume_recent_avg="45806"
Change_recent_avg="0.07"
Delta_recent_avg="1.1"
Variance_recent_avg="0.55"
Change_ratio_recent_avg="0.14"
RSI_change="FALSE"
ADX_change="FALSE"

event="FALSE"
Aroon_signal="positive"
Aroon_change="FALSE"
Aroon_momentum_positive="38"
Aroon_momentum_negative="62"
image_negative_thumbnail_id_1="1122"
image_negative_url_1="https://hehge.com/wp-content/uploads/sites/16/2023/06/MI_Finance_Negative_Landscape_0155.jpeg"
image_negative_thumbnail_id_2="114"
image_negative_url_2="https://hehge.com/wp-content/uploads/sites/16/2023/05/MI_Finance_Negative_Landscape_0062.jpeg"
image_neutral_thumbnail_id_1="585"
image_neutral_url_1="https://hehge.com/wp-content/uploads/sites/16/2023/06/MI_Finance_Neutral_Landscape_0014.jpeg"
image_neutral_thumbnail_id_2="564"
image_neutral_url_2="https://hehge.com/wp-content/uploads/sites/16/2023/06/MI_Finance_Neutral_Landscape_0035.jpeg"
image_positive_thumbnail_id_1="1009"
image_positive_url_1="https://hehge.com/wp-content/uploads/sites/16/2023/06/MI_Finance_Positive_Landscape_0171.jpeg"
image_positive_thumbnail_id_2="692"
image_positive_url_2="https://hehge.com/wp-content/uploads/sites/16/2023/06/MI_Finance_Positive_Landscape_0016.jpeg"
image_professor_thumbnail_id_1="1204"
image_professor_url_1="https://hehge.com/wp-content/uploads/sites/16/2023/06/MI_Finance_Professor_Landscape_0038.jpeg"
image_professor_thumbnail_id_2="1178"
image_professor_url_2="https://hehge.com/wp-content/uploads/sites/16/2023/06/MI_Finance_Professor_Landscape_0012.jpeg"
