Symbol="GL"
AssetType="Common Stock"
Name="Globe Life Inc"
Description="Globe Life is a financial services holding company that operates through its wholly owned subsidiaries providing life insurance, annuity, and supplemental health insurance products. The company is based in McKinney, Texas."
CIK="320335"
Exchange="NYSE"
Currency="USD"
Country="USA"
Sector="FINANCE"
Industry="LIFE INSURANCE"
Address="3700 SOUTH STONEBRIDGE DRIVE, MCKINNEY, TX, US"
FiscalYearEnd="December"
LatestQuarter="2023-06-30"
MarketCapitalization="10720293000"
EBITDA="1005433000"
PERatio="15.2"
PEGRatio="None"
BookValue="50.61"
DividendPerShare="0"
DividendYield="0.008"
EPS="7.38"
RevenuePerShareTTM="53.25"
ProfitMargin="0"
OperatingMarginTTM="0"
ReturnOnAssetsTTM="0.0225"
ReturnOnEquityTTM="14.88"
RevenueTTM="5233598000"
GrossProfitTTM="1350660000"
DilutedEPSTTM="7.38"
QuarterlyEarningsGrowthYOY="-0.038"
QuarterlyRevenueGrowthYOY="0.014"
AnalystTargetPrice="126.11"
TrailingPE="15.2"
ForwardPE="12.71"
PriceToSalesRatioTTM="2.179"
PriceToBookRatio="2.633"
EVToRevenue="2.594"
EVToEBITDA="-"
Beta="0.783"
num_52WeekHigh="123.34"
num_52WeekLow="95.48"
num_50DayMovingAverage="109.02"
num_200DayMovingAverage="113.19"
SharesOutstanding="95555000"
DividendDate="2023-08-01"
ExDividendDate="2023-07-03"
symbol="GL"
open="112.77"
high="112.94"
low="110.94"
price="112.19"
volume="494252.00"
latest_trading_day="2023-07-28"
previous_close="111.13"
change="1.06"
change_percent="0.9538%"
aroon_positive_momentum_days="22"
aroon_negative_momentum_days="0"
trend_strength="Absent or Weak Trend"
buying_signal="Strong Buy Signal"
volume_analysis="Target Volume"
value_analysis="Expected Range"
Aroon_change="FALSE"
Aroon_momentum="22"
Volume_recent_avg="540576"
Change_recent_avg="-0.08"
Delta_recent_avg="1.89"
Variance_recent_avg="0.94"
Change_ratio_recent_avg="-0.08"
RSI_change="FALSE"
ADX_change="FALSE"

event="FALSE"
Aroon_signal="positive"
Aroon_change="FALSE"
Aroon_momentum_positive="22"
Aroon_momentum_negative="78"
image_negative_thumbnail_id_1="1131"
image_negative_url_1="https://hehge.com/wp-content/uploads/sites/16/2023/06/MI_Finance_Negative_Landscape_0164.jpeg"
image_negative_thumbnail_id_2="109"
image_negative_url_2="https://hehge.com/wp-content/uploads/sites/16/2023/05/MI_Finance_Negative_Landscape_0067.jpeg"
image_neutral_thumbnail_id_1="565"
image_neutral_url_1="https://hehge.com/wp-content/uploads/sites/16/2023/06/MI_Finance_Neutral_Landscape_0034.jpeg"
image_neutral_thumbnail_id_2="591"
image_neutral_url_2="https://hehge.com/wp-content/uploads/sites/16/2023/06/MI_Finance_Neutral_Landscape_0008.jpeg"
image_positive_thumbnail_id_1="1016"
image_positive_url_1="https://hehge.com/wp-content/uploads/sites/16/2023/06/MI_Finance_Positive_Landscape_0178.jpeg"
image_positive_thumbnail_id_2="666"
image_positive_url_2="https://hehge.com/wp-content/uploads/sites/16/2023/06/MI_Finance_Positive_Landscape_0042.jpeg"
image_professor_thumbnail_id_1="1180"
image_professor_url_1="https://hehge.com/wp-content/uploads/sites/16/2023/06/MI_Finance_Professor_Landscape_0014.jpeg"
image_professor_thumbnail_id_2="1193"
image_professor_url_2="https://hehge.com/wp-content/uploads/sites/16/2023/06/MI_Finance_Professor_Landscape_0027.jpeg"
