Symbol="STEP"
AssetType="Common Stock"
Name="Stepstone Group Inc"
Description="None"
CIK="1796022"
Exchange="NASDAQ"
Currency="USD"
Country="USA"
Sector="FINANCE"
Industry="INVESTMENT ADVICE"
Address="450 LEXINGTON AVENUE, 31ST FLOOR, NEW YORK, NY, US"
FiscalYearEnd="March"
LatestQuarter="2023-06-30"
MarketCapitalization="3220311000"
EBITDA="119728000"
PERatio="None"
PEGRatio="None"
BookValue="12.19"
DividendPerShare="0.8"
DividendYield="0.0284"
EPS="-0.3"
RevenuePerShareTTM="3.012"
ProfitMargin="0.0741"
OperatingMarginTTM="0.383"
ReturnOnAssetsTTM="0.0121"
ReturnOnEquityTTM="0.015"
RevenueTTM="187655000"
GrossProfitTTM="562830000"
DilutedEPSTTM="-0.3"
QuarterlyEarningsGrowthYOY="-0.363"
QuarterlyRevenueGrowthYOY="-0.527"
AnalystTargetPrice="29.6"
TrailingPE="-"
ForwardPE="18.15"
PriceToSalesRatioTTM="5.17"
PriceToBookRatio="2.36"
EVToRevenue="3.314"
EVToEBITDA="8.42"
Beta="1.446"
num_52WeekHigh="31.11"
num_52WeekLow="19.47"
num_50DayMovingAverage="25.75"
num_200DayMovingAverage="26.26"
SharesOutstanding="62835000"
DividendDate="2023-09-15"
ExDividendDate="2023-06-14"
symbol="STEP"
open="29.30"
high="29.69"
low="29.26"
price="29.67"
volume="135526.00"
latest_trading_day="2023-08-11"
previous_close="29.40"
change="0.27"
change_percent="0.9184%"
aroon_positive_momentum_days="46"
aroon_negative_momentum_days="0"
trend_strength="Absent or Weak Trend"
buying_signal="Strong Buy Signal"
volume_analysis="Target Volume"
value_analysis="Expected Range"
Aroon_change="FALSE"
Aroon_momentum="46"
Volume_recent_avg="281307"
Change_recent_avg="0.04"
Delta_recent_avg="0.67"
Variance_recent_avg="0.34"
Change_ratio_recent_avg="0.12"
RSI_change="FALSE"
ADX_change="FALSE"

event="FALSE"
Aroon_signal="positive"
Aroon_change="FALSE"
Aroon_momentum_positive="46"
Aroon_momentum_negative="54"
image_negative_thumbnail_id_1="491"
image_negative_url_1="https://hehge.com/wp-content/uploads/sites/16/2023/06/MI_Finance_Negative_Landscape_0114.jpeg"
image_negative_thumbnail_id_2="116"
image_negative_url_2="https://hehge.com/wp-content/uploads/sites/16/2023/05/MI_Finance_Negative_Landscape_0060.jpeg"
image_neutral_thumbnail_id_1="550"
image_neutral_url_1="https://hehge.com/wp-content/uploads/sites/16/2023/06/MI_Finance_Neutral_Landscape_0049.jpeg"
image_neutral_thumbnail_id_2="586"
image_neutral_url_2="https://hehge.com/wp-content/uploads/sites/16/2023/06/MI_Finance_Neutral_Landscape_0013.jpeg"
image_positive_thumbnail_id_1="674"
image_positive_url_1="https://hehge.com/wp-content/uploads/sites/16/2023/06/MI_Finance_Positive_Landscape_0034.jpeg"
image_positive_thumbnail_id_2="684"
image_positive_url_2="https://hehge.com/wp-content/uploads/sites/16/2023/06/MI_Finance_Positive_Landscape_0024.jpeg"
image_professor_thumbnail_id_1="1183"
image_professor_url_1="https://hehge.com/wp-content/uploads/sites/16/2023/06/MI_Finance_Professor_Landscape_0017.jpeg"
image_professor_thumbnail_id_2="1184"
image_professor_url_2="https://hehge.com/wp-content/uploads/sites/16/2023/06/MI_Finance_Professor_Landscape_0018.jpeg"
