Symbol="FCCO"
AssetType="Common Stock"
Name="First Community Corporation"
Description="First Community Corporation is the banking holding company for First Community Bank, offering various commercial and retail banking products and services to small and medium-sized businesses, professional companies, and individuals. The company is headquartered in Lexington, South Carolina."
CIK="932781"
Exchange="NASDAQ"
Currency="USD"
Country="USA"
Sector="FINANCE"
Industry="STATE COMMERCIAL BANKS"
Address="5455 SUNSET BLVD, LEXINGTON, SC, US"
FiscalYearEnd="December"
LatestQuarter="2023-03-31"
MarketCapitalization="131643000"
EBITDA="None"
PERatio="9.04"
PEGRatio="0"
BookValue="16.29"
DividendPerShare="0.54"
DividendYield="0.0322"
EPS="1.92"
RevenuePerShareTTM="8.0"
ProfitMargin="0.242"
OperatingMarginTTM="0.321"
ReturnOnAssetsTTM="0.0086"
ReturnOnEquityTTM="0.117"
RevenueTTM="60291000"
GrossProfitTTM="59657000"
DilutedEPSTTM="1.92"
QuarterlyEarningsGrowthYOY="-0.022"
QuarterlyRevenueGrowthYOY="0.045"
AnalystTargetPrice="21.44"
TrailingPE="9.04"
ForwardPE="9.59"
PriceToSalesRatioTTM="2.589"
PriceToBookRatio="1.329"
EVToRevenue="-"
EVToEBITDA="-"
Beta="0.533"
num_52WeekHigh="21.95"
num_52WeekLow="16.3"
num_50DayMovingAverage="17.84"
num_200DayMovingAverage="19.28"
SharesOutstanding="7587500"
DividendDate="2023-05-16"
ExDividendDate="2023-05-01"
symbol="FCCO"
open="17.37"
high="17.68"
low="17.05"
price="17.35"
volume="19241.00"
latest_trading_day="2023-07-06"
previous_close="17.49"
change="-0.14"
change_percent="-0.8005%"
aroon_positive_momentum_days="0"
aroon_negative_momentum_days="83"
trend_strength="Absent or Weak Trend"
buying_signal="Weak Sell Signal"
volume_analysis="Target Volume"
value_analysis="Expected Range"
Aroon_change="FALSE"
Aroon_momentum="17"
Volume_recent_avg="26908"
Change_recent_avg="-0.04"
Delta_recent_avg="0.56"
Variance_recent_avg="0.28"
Change_ratio_recent_avg="-0.22"
RSI_change="FALSE"
ADX_change="FALSE"

event="FALSE"
Aroon_signal="negative"
Aroon_change="FALSE"
Aroon_momentum_positive="17"
Aroon_momentum_negative="83"
image_negative_thumbnail_id_1="129"
image_negative_url_1="https://hehge.com/wp-content/uploads/sites/16/2023/05/MI_Finance_Negative_Landscape_0047.jpeg"
image_negative_thumbnail_id_2="505"
image_negative_url_2="https://hehge.com/wp-content/uploads/sites/16/2023/06/MI_Finance_Negative_Landscape_0100.jpeg"
image_neutral_thumbnail_id_1="550"
image_neutral_url_1="https://hehge.com/wp-content/uploads/sites/16/2023/06/MI_Finance_Neutral_Landscape_0049.jpeg"
image_neutral_thumbnail_id_2="521"
image_neutral_url_2="https://hehge.com/wp-content/uploads/sites/16/2023/06/MI_Finance_Neutral_Landscape_0078.jpeg"
image_positive_thumbnail_id_1="668"
image_positive_url_1="https://hehge.com/wp-content/uploads/sites/16/2023/06/MI_Finance_Positive_Landscape_0040.jpeg"
image_positive_thumbnail_id_2="685"
image_positive_url_2="https://hehge.com/wp-content/uploads/sites/16/2023/06/MI_Finance_Positive_Landscape_0023.jpeg"
image_professor_thumbnail_id_1="1180"
image_professor_url_1="https://hehge.com/wp-content/uploads/sites/16/2023/06/MI_Finance_Professor_Landscape_0014.jpeg"
image_professor_thumbnail_id_2="1189"
image_professor_url_2="https://hehge.com/wp-content/uploads/sites/16/2023/06/MI_Finance_Professor_Landscape_0023.jpeg"
