Symbol="CALB"
AssetType="Common Stock"
Name="California BanCorp"
Description="California BanCorp is the banking holding company of the California Bank of Commerce providing commercial banking services to businesses, professionals, and small and medium-sized business nonprofits in California. The company is headquartered in Oakland, California."
CIK="1752036"
Exchange="NASDAQ"
Currency="USD"
Country="USA"
Sector="FINANCE"
Industry="STATE COMMERCIAL BANKS"
Address="1300 CLAY STREET, SUITE 500, OAKLAND, CA, US"
FiscalYearEnd="December"
LatestQuarter="2023-03-31"
MarketCapitalization="131305000"
EBITDA="None"
PERatio="5.34"
PEGRatio="None"
BookValue="21.37"
DividendPerShare="0"
DividendYield="0"
EPS="2.94"
RevenuePerShareTTM="9.37"
ProfitMargin="0.293"
OperatingMarginTTM="0.415"
ReturnOnAssetsTTM="0.0117"
ReturnOnEquityTTM="0.137"
RevenueTTM="77967000"
GrossProfitTTM="74571000"
DilutedEPSTTM="2.94"
QuarterlyEarningsGrowthYOY="0.455"
QuarterlyRevenueGrowthYOY="0.211"
AnalystTargetPrice="21.67"
TrailingPE="5.34"
ForwardPE="-"
PriceToSalesRatioTTM="3.128"
PriceToBookRatio="1.257"
EVToRevenue="-"
EVToEBITDA="-"
Beta="1.01"
num_52WeekHigh="26.17"
num_52WeekLow="12.78"
num_50DayMovingAverage="14.84"
num_200DayMovingAverage="20.65"
SharesOutstanding="8358100"
DividendDate="None"
ExDividendDate="None"
symbol="CALB"
open="15.35"
high="15.75"
low="15.35"
price="15.71"
volume="2745.00"
latest_trading_day="2023-07-06"
previous_close="15.75"
change="-0.04"
change_percent="-0.2540%"
aroon_positive_momentum_days="0"
aroon_negative_momentum_days="80"
trend_strength="Absent or Weak Trend"
buying_signal="Weak Sell Signal"
volume_analysis="Target Volume"
value_analysis="Expected Range"
Aroon_change="FALSE"
Aroon_momentum="20"
Volume_recent_avg="20921"
Change_recent_avg="-0.14"
Delta_recent_avg="0.57"
Variance_recent_avg="0.28"
Change_ratio_recent_avg="-0.77"
RSI_change="FALSE"
ADX_change="FALSE"

event="FALSE"
Aroon_signal="negative"
Aroon_change="FALSE"
Aroon_momentum_positive="20"
Aroon_momentum_negative="80"
image_negative_thumbnail_id_1="492"
image_negative_url_1="https://hehge.com/wp-content/uploads/sites/16/2023/06/MI_Finance_Negative_Landscape_0113.jpeg"
image_negative_thumbnail_id_2="1137"
image_negative_url_2="https://hehge.com/wp-content/uploads/sites/16/2023/06/MI_Finance_Negative_Landscape_0170.jpeg"
image_neutral_thumbnail_id_1="572"
image_neutral_url_1="https://hehge.com/wp-content/uploads/sites/16/2023/06/MI_Finance_Neutral_Landscape_0027.jpeg"
image_neutral_thumbnail_id_2="546"
image_neutral_url_2="https://hehge.com/wp-content/uploads/sites/16/2023/06/MI_Finance_Neutral_Landscape_0053.jpeg"
image_positive_thumbnail_id_1="972"
image_positive_url_1="https://hehge.com/wp-content/uploads/sites/16/2023/06/MI_Finance_Positive_Landscape_0134.jpeg"
image_positive_thumbnail_id_2="706"
image_positive_url_2="https://hehge.com/wp-content/uploads/sites/16/2023/06/MI_Finance_Positive_Landscape_0002.jpeg"
image_professor_thumbnail_id_1="1170"
image_professor_url_1="https://hehge.com/wp-content/uploads/sites/16/2023/06/MI_Finance_Professor_Landscape_0004.jpeg"
image_professor_thumbnail_id_2="1188"
image_professor_url_2="https://hehge.com/wp-content/uploads/sites/16/2023/06/MI_Finance_Professor_Landscape_0022.jpeg"
