symbol="VGFC"
open="0.06"
high="0.06"
low="0.05"
price="0.05"
volume="7705558.00"
latest_trading_day="2023-01-20"
previous_close="0.05"
change="-0.00"
change_percent="-1.9048%"
aroon_positive_momentum_days="0"
aroon_negative_momentum_days="87"
trend_strength="Absent or Weak Trend"
buying_signal="Weak Sell Signal"
volume_analysis="Trending High"
value_analysis="Bullish Trend"
Aroon_change="FALSE"
Aroon_momentum="13"
Volume_recent_avg="6754963"
Change_recent_avg="0.01"
Delta_recent_avg="0.01"
Variance_recent_avg="0.01"
Change_ratio_recent_avg="-2.75"
RSI_change="FALSE"
ADX_change="FALSE"

event="aroon_milestone_negative_10"
Aroon_signal="negative"
Aroon_change="FALSE"
Aroon_momentum_positive="13"
Aroon_momentum_negative="87"
image_negative_thumbnail_id_1="514"
image_negative_url_1="https://hehge.com/wp-content/uploads/sites/16/2023/06/MI_Finance_Negative_Landscape_0091.jpeg"
image_negative_thumbnail_id_2="1107"
image_negative_url_2="https://hehge.com/wp-content/uploads/sites/16/2023/06/MI_Finance_Negative_Landscape_0140.jpeg"
image_neutral_thumbnail_id_1="548"
image_neutral_url_1="https://hehge.com/wp-content/uploads/sites/16/2023/06/MI_Finance_Neutral_Landscape_0051.jpeg"
image_neutral_thumbnail_id_2="570"
image_neutral_url_2="https://hehge.com/wp-content/uploads/sites/16/2023/06/MI_Finance_Neutral_Landscape_0029.jpeg"
image_positive_thumbnail_id_1="638"
image_positive_url_1="https://hehge.com/wp-content/uploads/sites/16/2023/06/MI_Finance_Positive_Landscape_0070.jpeg"
image_positive_thumbnail_id_2="625"
image_positive_url_2="https://hehge.com/wp-content/uploads/sites/16/2023/06/MI_Finance_Positive_Landscape_0083.jpeg"
image_professor_thumbnail_id_1="1184"
image_professor_url_1="https://hehge.com/wp-content/uploads/sites/16/2023/06/MI_Finance_Professor_Landscape_0018.jpeg"
image_professor_thumbnail_id_2="1195"
image_professor_url_2="https://hehge.com/wp-content/uploads/sites/16/2023/06/MI_Finance_Professor_Landscape_0029.jpeg"
