Symbol="FBK"
AssetType="Common Stock"
Name="FB Financial Corp"
Description="FB Financial Corporation is a banking holding company for FirstBank offering a pool of commercial and consumer banking companies, professionals and individuals. The company is headquartered in Nashville, Tennessee."
CIK="1649749"
Exchange="NYSE"
Currency="USD"
Country="USA"
Sector="FINANCE"
Industry="STATE COMMERCIAL BANKS"
Address="211 COMMERCE STREET, SUITE 300, NASHVILLE, TN, US"
FiscalYearEnd="December"
LatestQuarter="2023-03-31"
MarketCapitalization="1350100000"
EBITDA="None"
PERatio="10.77"
PEGRatio="0"
BookValue="29.29"
DividendPerShare="0.54"
DividendYield="0.0208"
EPS="2.68"
RevenuePerShareTTM="10.67"
ProfitMargin="0.251"
OperatingMarginTTM="0.355"
ReturnOnAssetsTTM="0.0098"
ReturnOnEquityTTM="0.0914"
RevenueTTM="500617000"
GrossProfitTTM="507920000"
DilutedEPSTTM="2.68"
QuarterlyEarningsGrowthYOY="0.053"
QuarterlyRevenueGrowthYOY="-0.055"
AnalystTargetPrice="33.21"
TrailingPE="10.77"
ForwardPE="10.2"
PriceToSalesRatioTTM="3.074"
PriceToBookRatio="1.327"
EVToRevenue="-"
EVToEBITDA="-"
Beta="1.018"
num_52WeekHigh="44.68"
num_52WeekLow="24.2"
num_50DayMovingAverage="27.99"
num_200DayMovingAverage="34.57"
SharesOutstanding="46781000"
DividendDate="2023-05-23"
ExDividendDate="2023-05-08"
symbol="FBK"
open="29.63"
high="29.63"
low="28.74"
price="28.86"
volume="125393.00"
latest_trading_day="2023-07-14"
previous_close="29.39"
change="-0.53"
change_percent="-1.8033%"
aroon_positive_momentum_days="15"
aroon_negative_momentum_days="0"
trend_strength="Absent or Weak Trend"
buying_signal="Weak Buy Signal"
volume_analysis="Target Volume"
value_analysis="Expected Range"
Aroon_change="FALSE"
Aroon_momentum="15"
Volume_recent_avg="174444"
Change_recent_avg="-0.14"
Delta_recent_avg="1.17"
Variance_recent_avg="0.58"
Change_ratio_recent_avg="-0.49"
RSI_change="FALSE"
ADX_change="FALSE"

event="FALSE"
Aroon_signal="positive"
Aroon_change="FALSE"
Aroon_momentum_positive="15"
Aroon_momentum_negative="85"
image_negative_thumbnail_id_1="489"
image_negative_url_1="https://hehge.com/wp-content/uploads/sites/16/2023/06/MI_Finance_Negative_Landscape_0116.jpeg"
image_negative_thumbnail_id_2="492"
image_negative_url_2="https://hehge.com/wp-content/uploads/sites/16/2023/06/MI_Finance_Negative_Landscape_0113.jpeg"
image_neutral_thumbnail_id_1="529"
image_neutral_url_1="https://hehge.com/wp-content/uploads/sites/16/2023/06/MI_Finance_Neutral_Landscape_0070.jpeg"
image_neutral_thumbnail_id_2="595"
image_neutral_url_2="https://hehge.com/wp-content/uploads/sites/16/2023/06/MI_Finance_Neutral_Landscape_0004.jpeg"
image_positive_thumbnail_id_1="658"
image_positive_url_1="https://hehge.com/wp-content/uploads/sites/16/2023/06/MI_Finance_Positive_Landscape_0050.jpeg"
image_positive_thumbnail_id_2="635"
image_positive_url_2="https://hehge.com/wp-content/uploads/sites/16/2023/06/MI_Finance_Positive_Landscape_0073.jpeg"
image_professor_thumbnail_id_1="1186"
image_professor_url_1="https://hehge.com/wp-content/uploads/sites/16/2023/06/MI_Finance_Professor_Landscape_0020.jpeg"
image_professor_thumbnail_id_2="1177"
image_professor_url_2="https://hehge.com/wp-content/uploads/sites/16/2023/06/MI_Finance_Professor_Landscape_0011.jpeg"
