Symbol="TRUP"
AssetType="Common Stock"
Name="Trupanion Inc"
Description="Trupanion, Inc. offers monthly subscription medical insurance for dogs and cats in the United States, Canada, Puerto Rico and Australia. The company is headquartered in Seattle, Washington."
CIK="1371285"
Exchange="NASDAQ"
Currency="USD"
Country="USA"
Sector="FINANCE"
Industry="HOSPITAL & MEDICAL SERVICE PLANS"
Address="907 NW BALLARD WAY, SEATTLE, WA, US"
FiscalYearEnd="December"
LatestQuarter="2023-03-31"
MarketCapitalization="1088763000"
EBITDA="-42238000"
PERatio="None"
PEGRatio="0"
BookValue="7.13"
DividendPerShare="0"
DividendYield="0"
EPS="-1.41"
RevenuePerShareTTM="23.36"
ProfitMargin="-0.0634"
OperatingMarginTTM="-0.0561"
ReturnOnAssetsTTM="-0.0496"
ReturnOnEquityTTM="-0.194"
RevenueTTM="955509000"
GrossProfitTTM="32685000"
DilutedEPSTTM="-1.41"
QuarterlyEarningsGrowthYOY="-0.333"
QuarterlyRevenueGrowthYOY="0.244"
AnalystTargetPrice="34.57"
TrailingPE="-"
ForwardPE="2500"
PriceToSalesRatioTTM="2.554"
PriceToBookRatio="7.13"
EVToRevenue="2.403"
EVToEBITDA="-74.8"
Beta="1.622"
num_52WeekHigh="82.49"
num_52WeekLow="18.45"
num_50DayMovingAverage="23.37"
num_200DayMovingAverage="43.4"
SharesOutstanding="41225400"
DividendDate="None"
ExDividendDate="None"
symbol="TRUP"
open="25.51"
high="26.75"
low="24.96"
price="26.41"
volume="1067344.00"
latest_trading_day="2023-07-21"
previous_close="25.20"
change="1.21"
change_percent="4.8016%"
aroon_positive_momentum_days="0"
aroon_negative_momentum_days="83"
trend_strength="Absent or Weak Trend"
buying_signal="Weak Sell Signal"
volume_analysis="Target Volume"
value_analysis="Expected Range"
Aroon_change="FALSE"
Aroon_momentum="17"
Volume_recent_avg="1302996"
Change_recent_avg="-0.09"
Delta_recent_avg="2.53"
Variance_recent_avg="1.27"
Change_ratio_recent_avg="-0.25"
RSI_change="FALSE"
ADX_change="FALSE"

event="FALSE"
Aroon_signal="negative"
Aroon_change="FALSE"
Aroon_momentum_positive="17"
Aroon_momentum_negative="83"
image_negative_thumbnail_id_1="1144"
image_negative_url_1="https://hehge.com/wp-content/uploads/sites/16/2023/06/MI_Finance_Negative_Landscape_0177.jpeg"
image_negative_thumbnail_id_2="1125"
image_negative_url_2="https://hehge.com/wp-content/uploads/sites/16/2023/06/MI_Finance_Negative_Landscape_0158.jpeg"
image_neutral_thumbnail_id_1="522"
image_neutral_url_1="https://hehge.com/wp-content/uploads/sites/16/2023/06/MI_Finance_Neutral_Landscape_0077.jpeg"
image_neutral_thumbnail_id_2="577"
image_neutral_url_2="https://hehge.com/wp-content/uploads/sites/16/2023/06/MI_Finance_Neutral_Landscape_0022.jpeg"
image_positive_thumbnail_id_1="1004"
image_positive_url_1="https://hehge.com/wp-content/uploads/sites/16/2023/06/MI_Finance_Positive_Landscape_0166.jpeg"
image_positive_thumbnail_id_2="639"
image_positive_url_2="https://hehge.com/wp-content/uploads/sites/16/2023/06/MI_Finance_Positive_Landscape_0069.jpeg"
image_professor_thumbnail_id_1="1178"
image_professor_url_1="https://hehge.com/wp-content/uploads/sites/16/2023/06/MI_Finance_Professor_Landscape_0012.jpeg"
image_professor_thumbnail_id_2="1200"
image_professor_url_2="https://hehge.com/wp-content/uploads/sites/16/2023/06/MI_Finance_Professor_Landscape_0034.jpeg"
