Symbol="TRUP"
AssetType="Common Stock"
Name="Trupanion Inc"
Description="Trupanion, Inc. offers monthly subscription medical insurance for dogs and cats in the United States, Canada, Puerto Rico and Australia. The company is headquartered in Seattle, Washington."
CIK="1371285"
Exchange="NASDAQ"
Currency="USD"
Country="USA"
Sector="FINANCE"
Industry="HOSPITAL & MEDICAL SERVICE PLANS"
Address="907 NW BALLARD WAY, SEATTLE, WA, US"
FiscalYearEnd="December"
LatestQuarter="2023-03-31"
MarketCapitalization="1230578000"
EBITDA="-42238000"
PERatio="None"
PEGRatio="0"
BookValue="7.13"
DividendPerShare="0"
DividendYield="0"
EPS="-1.6"
RevenuePerShareTTM="23.36"
ProfitMargin="-0.0634"
OperatingMarginTTM="-0.0561"
ReturnOnAssetsTTM="-0.0496"
ReturnOnEquityTTM="-0.194"
RevenueTTM="955509000"
GrossProfitTTM="32685000"
DilutedEPSTTM="-1.6"
QuarterlyEarningsGrowthYOY="-0.333"
QuarterlyRevenueGrowthYOY="0.244"
AnalystTargetPrice="34.57"
TrailingPE="-"
ForwardPE="2500"
PriceToSalesRatioTTM="2.554"
PriceToBookRatio="7.13"
EVToRevenue="2.403"
EVToEBITDA="-74.8"
Beta="1.622"
num_52WeekHigh="82.49"
num_52WeekLow="18.45"
num_50DayMovingAverage="24.1"
num_200DayMovingAverage="42.73"
SharesOutstanding="41225400"
DividendDate="None"
ExDividendDate="None"
symbol="TRUP"
open="29.46"
high="32.92"
low="29.42"
price="30.85"
volume="2016125.00"
latest_trading_day="2023-07-31"
previous_close="29.59"
change="1.26"
change_percent="4.2582%"
aroon_positive_momentum_days="0"
aroon_negative_momentum_days="89"
trend_strength="Absent or Weak Trend"
buying_signal="Weak Sell Signal"
volume_analysis="Target Volume"
value_analysis="Expected Range"
Aroon_change="FALSE"
Aroon_momentum="11"
Volume_recent_avg="1339211"
Change_recent_avg="-0.07"
Delta_recent_avg="2.46"
Variance_recent_avg="1.23"
Change_ratio_recent_avg="-0.17"
RSI_change="FALSE"
ADX_change="FALSE"

event="FALSE"
Aroon_signal="negative"
Aroon_change="FALSE"
Aroon_momentum_positive="11"
Aroon_momentum_negative="89"
image_negative_thumbnail_id_1="1143"
image_negative_url_1="https://hehge.com/wp-content/uploads/sites/16/2023/06/MI_Finance_Negative_Landscape_0176.jpeg"
image_negative_thumbnail_id_2="1102"
image_negative_url_2="https://hehge.com/wp-content/uploads/sites/16/2023/06/MI_Finance_Negative_Landscape_0135.jpeg"
image_neutral_thumbnail_id_1="573"
image_neutral_url_1="https://hehge.com/wp-content/uploads/sites/16/2023/06/MI_Finance_Neutral_Landscape_0026.jpeg"
image_neutral_thumbnail_id_2="572"
image_neutral_url_2="https://hehge.com/wp-content/uploads/sites/16/2023/06/MI_Finance_Neutral_Landscape_0027.jpeg"
image_positive_thumbnail_id_1="600"
image_positive_url_1="https://hehge.com/wp-content/uploads/sites/16/2023/06/MI_Finance_Positive_Landscape_0108.jpeg"
image_positive_thumbnail_id_2="663"
image_positive_url_2="https://hehge.com/wp-content/uploads/sites/16/2023/06/MI_Finance_Positive_Landscape_0045.jpeg"
image_professor_thumbnail_id_1="1176"
image_professor_url_1="https://hehge.com/wp-content/uploads/sites/16/2023/06/MI_Finance_Professor_Landscape_0010.jpeg"
image_professor_thumbnail_id_2="1191"
image_professor_url_2="https://hehge.com/wp-content/uploads/sites/16/2023/06/MI_Finance_Professor_Landscape_0025.jpeg"
