Symbol="KINS"
AssetType="Common Stock"
Name="Kingstone Companies Inc"
Description="Kingstone Companies, Inc., through its subsidiary, Kingstone Insurance Company, underwrites property and casualty insurance products to individuals in New York. The company is headquartered in Kingston, New York."
CIK="33992"
Exchange="NASDAQ"
Currency="USD"
Country="USA"
Sector="FINANCE"
Industry="INSURANCE AGENTS, BROKERS & SERVICE"
Address="1158 BROADWAY, HEWLETT, NY, US"
FiscalYearEnd="December"
LatestQuarter="2023-06-30"
MarketCapitalization="13235500"
EBITDA="-16669617"
PERatio="None"
PEGRatio="0"
BookValue="3.093"
DividendPerShare="0.08"
DividendYield="0.0967"
EPS="-1.67"
RevenuePerShareTTM="12.95"
ProfitMargin="-0.133"
OperatingMarginTTM="-0.145"
ReturnOnAssetsTTM="-0.0392"
ReturnOnEquityTTM="-0.401"
RevenueTTM="138236000"
GrossProfitTTM="138380"
DilutedEPSTTM="-1.67"
QuarterlyEarningsGrowthYOY="-0.294"
QuarterlyRevenueGrowthYOY="0.283"
AnalystTargetPrice="1.2"
TrailingPE="-"
ForwardPE="40"
PriceToSalesRatioTTM="0.137"
PriceToBookRatio="0.456"
EVToRevenue="0.239"
EVToEBITDA="76.76"
Beta="0.437"
num_52WeekHigh="4.553"
num_52WeekLow="0.692"
num_50DayMovingAverage="1.317"
num_200DayMovingAverage="1.541"
SharesOutstanding="10760600"
DividendDate="2022-09-15"
ExDividendDate="2022-08-30"
symbol="KINS"
open="1.21"
high="1.27"
low="1.20"
price="1.22"
volume="8533.00"
latest_trading_day="2023-07-13"
previous_close="1.23"
change="-0.01"
change_percent="-0.8130%"
aroon_positive_momentum_days="0"
aroon_negative_momentum_days="84"
trend_strength="Absent or Weak Trend"
buying_signal="High Volatility / Hold Signal"
volume_analysis="Target Volume"
value_analysis="Expected Range"
Aroon_change="FALSE"
Aroon_momentum="16"
Volume_recent_avg="14062"
Change_recent_avg="-0.01"
Delta_recent_avg="0.1"
Variance_recent_avg="0.05"
Change_ratio_recent_avg="-0.99"
RSI_change="FALSE"
ADX_change="FALSE"

event="FALSE"
Aroon_signal="negative"
Aroon_change="FALSE"
Aroon_momentum_positive="16"
Aroon_momentum_negative="84"
image_negative_thumbnail_id_1="1136"
image_negative_url_1="https://hehge.com/wp-content/uploads/sites/16/2023/06/MI_Finance_Negative_Landscape_0169.jpeg"
image_negative_thumbnail_id_2="1128"
image_negative_url_2="https://hehge.com/wp-content/uploads/sites/16/2023/06/MI_Finance_Negative_Landscape_0161.jpeg"
image_neutral_thumbnail_id_1="598"
image_neutral_url_1="https://hehge.com/wp-content/uploads/sites/16/2023/06/MI_Finance_Neutral_Landscape_0001.jpeg"
image_neutral_thumbnail_id_2="590"
image_neutral_url_2="https://hehge.com/wp-content/uploads/sites/16/2023/06/MI_Finance_Neutral_Landscape_0009.jpeg"
image_positive_thumbnail_id_1="606"
image_positive_url_1="https://hehge.com/wp-content/uploads/sites/16/2023/06/MI_Finance_Positive_Landscape_0102.jpeg"
image_positive_thumbnail_id_2="1014"
image_positive_url_2="https://hehge.com/wp-content/uploads/sites/16/2023/06/MI_Finance_Positive_Landscape_0176.jpeg"
image_professor_thumbnail_id_1="1194"
image_professor_url_1="https://hehge.com/wp-content/uploads/sites/16/2023/06/MI_Finance_Professor_Landscape_0028.jpeg"
image_professor_thumbnail_id_2="1184"
image_professor_url_2="https://hehge.com/wp-content/uploads/sites/16/2023/06/MI_Finance_Professor_Landscape_0018.jpeg"
