Symbol="CASH"
AssetType="Common Stock"
Name="Meta Financial Group Inc"
Description="Meta Financial Group, Inc. is the holding company of MetaBank offering various banking products and services in the United States. The company is headquartered in Sioux Falls, South Dakota."
CIK="907471"
Exchange="NASDAQ"
Currency="USD"
Country="USA"
Sector="FINANCE"
Industry="SAVINGS INSTITUTION, FEDERALLY CHARTERED"
Address="5501 SOUTH BROADBAND LANE, P O BOX 1307, SIOUX FALLS, SD, US"
FiscalYearEnd="September"
LatestQuarter="2023-03-31"
MarketCapitalization="1290474000"
EBITDA="None"
PERatio="10.63"
PEGRatio="0"
BookValue="24.9"
DividendPerShare="0.2"
DividendYield="0.0043"
EPS="4.51"
RevenuePerShareTTM="20.77"
ProfitMargin="0.22"
OperatingMarginTTM="0.273"
ReturnOnAssetsTTM="0.0192"
ReturnOnEquityTTM="0.183"
RevenueTTM="584549000"
GrossProfitTTM="572593000"
DilutedEPSTTM="4.51"
QuarterlyEarningsGrowthYOY="0.198"
QuarterlyRevenueGrowthYOY="0.186"
AnalystTargetPrice="54.5"
TrailingPE="10.63"
ForwardPE="-"
PriceToSalesRatioTTM="2.066"
PriceToBookRatio="1.312"
EVToRevenue="-"
EVToEBITDA="-"
Beta="0.786"
num_52WeekHigh="52.6"
num_52WeekLow="31.01"
num_50DayMovingAverage="45.77"
num_200DayMovingAverage="43.64"
SharesOutstanding="26912900"
DividendDate="2023-07-03"
ExDividendDate="2023-06-07"
symbol="CASH"
open="47.04"
high="47.04"
low="46.01"
price="46.58"
volume="157768.00"
latest_trading_day="2023-07-06"
previous_close="47.68"
change="-1.10"
change_percent="-2.3070%"
aroon_positive_momentum_days="43"
aroon_negative_momentum_days="0"
trend_strength="Absent or Weak Trend"
buying_signal="Weak Buy Signal"
volume_analysis="Target Volume"
value_analysis="Expected Range"
Aroon_change="FALSE"
Aroon_momentum="43"
Volume_recent_avg="259643"
Change_recent_avg="-0.04"
Delta_recent_avg="1.52"
Variance_recent_avg="0.76"
Change_ratio_recent_avg="-0.11"
RSI_change="FALSE"
ADX_change="FALSE"

event="FALSE"
Aroon_signal="positive"
Aroon_change="FALSE"
Aroon_momentum_positive="43"
Aroon_momentum_negative="57"
image_negative_thumbnail_id_1="136"
image_negative_url_1="https://hehge.com/wp-content/uploads/sites/16/2023/05/MI_Finance_Negative_Landscape_0040.jpeg"
image_negative_thumbnail_id_2="501"
image_negative_url_2="https://hehge.com/wp-content/uploads/sites/16/2023/06/MI_Finance_Negative_Landscape_0104.jpeg"
image_neutral_thumbnail_id_1="592"
image_neutral_url_1="https://hehge.com/wp-content/uploads/sites/16/2023/06/MI_Finance_Neutral_Landscape_0007.jpeg"
image_neutral_thumbnail_id_2="544"
image_neutral_url_2="https://hehge.com/wp-content/uploads/sites/16/2023/06/MI_Finance_Neutral_Landscape_0055.jpeg"
image_positive_thumbnail_id_1="663"
image_positive_url_1="https://hehge.com/wp-content/uploads/sites/16/2023/06/MI_Finance_Positive_Landscape_0045.jpeg"
image_positive_thumbnail_id_2="622"
image_positive_url_2="https://hehge.com/wp-content/uploads/sites/16/2023/06/MI_Finance_Positive_Landscape_0086.jpeg"
image_professor_thumbnail_id_1="1196"
image_professor_url_1="https://hehge.com/wp-content/uploads/sites/16/2023/06/MI_Finance_Professor_Landscape_0030.jpeg"
image_professor_thumbnail_id_2="1186"
image_professor_url_2="https://hehge.com/wp-content/uploads/sites/16/2023/06/MI_Finance_Professor_Landscape_0020.jpeg"
