Symbol="TIGR"
AssetType="Common Stock"
Name="Up Fintech Holding Ltd"
Description="UP Fintech Holding Limited offers online brokerage services focused on Chinese investors. The company is headquartered in Beijing, China."
CIK="1756699"
Exchange="NASDAQ"
Currency="USD"
Country="China"
Sector="FINANCE"
Industry="SECURITY BROKERS, DEALERS & FLOTATION COMPANIES"
Address="18F,NO.16 TAIYANGGONG RD,CHAOYANG DIST., BEIJING, CHINA"
FiscalYearEnd="March"
LatestQuarter="2023-03-31"
MarketCapitalization="633897000"
EBITDA="None"
PERatio="51.12"
PEGRatio="0"
BookValue="2.968"
DividendPerShare="0"
DividendYield="0"
EPS="0.08"
RevenuePerShareTTM="1.404"
ProfitMargin="0.0541"
OperatingMarginTTM="0.0912"
ReturnOnAssetsTTM="0.0031"
ReturnOnEquityTTM="0.0257"
RevenueTTM="215637000"
GrossProfitTTM="192844000"
DilutedEPSTTM="0.08"
QuarterlyEarningsGrowthYOY="-0.875"
QuarterlyRevenueGrowthYOY="0.183"
AnalystTargetPrice="4.63"
TrailingPE="51.12"
ForwardPE="21.6"
PriceToSalesRatioTTM="3.724"
PriceToBookRatio="1.891"
EVToRevenue="3.082"
EVToEBITDA="-65.39"
Beta="1.366"
num_52WeekHigh="5.79"
num_52WeekLow="2.31"
num_50DayMovingAverage="3.174"
num_200DayMovingAverage="3.645"
SharesOutstanding="154987000"
DividendDate="2017-07-26"
ExDividendDate="None"
symbol="TIGR"
open="4.12"
high="4.16"
low="3.98"
price="4.09"
volume="1190607.00"
latest_trading_day="2023-08-07"
previous_close="4.11"
change="-0.02"
change_percent="-0.4866%"
aroon_positive_momentum_days="17"
aroon_negative_momentum_days="0"
trend_strength="Absent or Weak Trend"
buying_signal="Strong Buy Signal"
volume_analysis="Target Volume"
value_analysis="Expected Range"
Aroon_change="FALSE"
Aroon_momentum="17"
Volume_recent_avg="1099567"
Change_recent_avg="0.01"
Delta_recent_avg="0.15"
Variance_recent_avg="0.08"
Change_ratio_recent_avg="-0.09"
RSI_change="FALSE"
ADX_change="FALSE"

event="FALSE"
Aroon_signal="positive"
Aroon_change="FALSE"
Aroon_momentum_positive="17"
Aroon_momentum_negative="83"
image_negative_thumbnail_id_1="170"
image_negative_url_1="https://hehge.com/wp-content/uploads/sites/16/2023/05/MI_Finance_Negative_Landscape_0006.jpeg"
image_negative_thumbnail_id_2="516"
image_negative_url_2="https://hehge.com/wp-content/uploads/sites/16/2023/06/MI_Finance_Negative_Landscape_0089.jpeg"
image_neutral_thumbnail_id_1="585"
image_neutral_url_1="https://hehge.com/wp-content/uploads/sites/16/2023/06/MI_Finance_Neutral_Landscape_0014.jpeg"
image_neutral_thumbnail_id_2="521"
image_neutral_url_2="https://hehge.com/wp-content/uploads/sites/16/2023/06/MI_Finance_Neutral_Landscape_0078.jpeg"
image_positive_thumbnail_id_1="602"
image_positive_url_1="https://hehge.com/wp-content/uploads/sites/16/2023/06/MI_Finance_Positive_Landscape_0106.jpeg"
image_positive_thumbnail_id_2="1002"
image_positive_url_2="https://hehge.com/wp-content/uploads/sites/16/2023/06/MI_Finance_Positive_Landscape_0164.jpeg"
image_professor_thumbnail_id_1="1175"
image_professor_url_1="https://hehge.com/wp-content/uploads/sites/16/2023/06/MI_Finance_Professor_Landscape_0009.jpeg"
image_professor_thumbnail_id_2="1174"
image_professor_url_2="https://hehge.com/wp-content/uploads/sites/16/2023/06/MI_Finance_Professor_Landscape_0008.jpeg"
