Symbol="SNV"
AssetType="Common Stock"
Name="Synovus Financial Corp"
Description="Synovus Financial Corp. The company is headquartered in Columbus, Georgia."
CIK="18349"
Exchange="NYSE"
Currency="USD"
Country="USA"
Sector="FINANCE"
Industry="NATIONAL COMMERCIAL BANKS"
Address="1111 BAY AVENUE, STE 500, COLUMBUS, GA, US"
FiscalYearEnd="December"
LatestQuarter="2023-03-31"
MarketCapitalization="4560311000"
EBITDA="None"
PERatio="6.05"
PEGRatio="2.34"
BookValue="28.98"
DividendPerShare="1.4"
DividendYield="0.0493"
EPS="5.16"
RevenuePerShareTTM="15.24"
ProfitMargin="0.356"
OperatingMarginTTM="0.474"
ReturnOnAssetsTTM="0.0133"
ReturnOnEquityTTM="0.165"
RevenueTTM="2217224000"
GrossProfitTTM="2121683000"
DilutedEPSTTM="5.16"
QuarterlyEarningsGrowthYOY="0.189"
QuarterlyRevenueGrowthYOY="0.197"
AnalystTargetPrice="36.93"
TrailingPE="6.05"
ForwardPE="7.79"
PriceToSalesRatioTTM="2.51"
PriceToBookRatio="1.562"
EVToRevenue="-"
EVToEBITDA="-"
Beta="1.386"
num_52WeekHigh="43.44"
num_52WeekLow="24.89"
num_50DayMovingAverage="29.14"
num_200DayMovingAverage="35.66"
SharesOutstanding="146117000"
DividendDate="2023-07-03"
ExDividendDate="2023-06-14"
symbol="SNV"
open="30.67"
high="31.34"
low="30.51"
price="31.21"
volume="904766.00"
latest_trading_day="2023-07-10"
previous_close="30.85"
change="0.36"
change_percent="1.1669%"
aroon_positive_momentum_days="34"
aroon_negative_momentum_days="0"
trend_strength="Absent or Weak Trend"
buying_signal="Weak Buy Signal"
volume_analysis="Target Volume"
value_analysis="Expected Range"
Aroon_change="FALSE"
Aroon_momentum="34"
Volume_recent_avg="1781051"
Change_recent_avg="-0.12"
Delta_recent_avg="1.32"
Variance_recent_avg="0.66"
Change_ratio_recent_avg="-0.39"
RSI_change="FALSE"
ADX_change="FALSE"

event="FALSE"
Aroon_signal="positive"
Aroon_change="FALSE"
Aroon_momentum_positive="34"
Aroon_momentum_negative="66"
image_negative_thumbnail_id_1="125"
image_negative_url_1="https://hehge.com/wp-content/uploads/sites/16/2023/05/MI_Finance_Negative_Landscape_0051.jpeg"
image_negative_thumbnail_id_2="1159"
image_negative_url_2="https://hehge.com/wp-content/uploads/sites/16/2023/06/MI_Finance_Negative_Landscape_0193.jpeg"
image_neutral_thumbnail_id_1="524"
image_neutral_url_1="https://hehge.com/wp-content/uploads/sites/16/2023/06/MI_Finance_Neutral_Landscape_0075.jpeg"
image_neutral_thumbnail_id_2="559"
image_neutral_url_2="https://hehge.com/wp-content/uploads/sites/16/2023/06/MI_Finance_Neutral_Landscape_0040.jpeg"
image_positive_thumbnail_id_1="973"
image_positive_url_1="https://hehge.com/wp-content/uploads/sites/16/2023/06/MI_Finance_Positive_Landscape_0135.jpeg"
image_positive_thumbnail_id_2="600"
image_positive_url_2="https://hehge.com/wp-content/uploads/sites/16/2023/06/MI_Finance_Positive_Landscape_0108.jpeg"
image_professor_thumbnail_id_1="1176"
image_professor_url_1="https://hehge.com/wp-content/uploads/sites/16/2023/06/MI_Finance_Professor_Landscape_0010.jpeg"
image_professor_thumbnail_id_2="1171"
image_professor_url_2="https://hehge.com/wp-content/uploads/sites/16/2023/06/MI_Finance_Professor_Landscape_0005.jpeg"
