Symbol="ROOT"
AssetType="Common Stock"
Name="Root Inc"
Description="Root, Inc. offers insurance products and services in the United States. The company is headquartered in Columbus, Ohio."
CIK="1788882"
Exchange="NASDAQ"
Currency="USD"
Country="USA"
Sector="FINANCE"
Industry="FIRE, MARINE & CASUALTY INSURANCE"
Address="80 E RICH STREET, SUITE 500, COLUMBUS, OH, US"
FiscalYearEnd="December"
LatestQuarter="2023-06-30"
MarketCapitalization="134420000"
EBITDA="-135200000"
PERatio="None"
PEGRatio="None"
BookValue="14.89"
DividendPerShare="0"
DividendYield="0"
EPS="-16.85"
RevenuePerShareTTM="20.34"
ProfitMargin="-0.698"
OperatingMarginTTM="-0.497"
ReturnOnAssetsTTM="-0.0673"
ReturnOnEquityTTM="-0.49"
RevenueTTM="289900000"
GrossProfitTTM="-40200000"
DilutedEPSTTM="-16.85"
QuarterlyEarningsGrowthYOY="0"
QuarterlyRevenueGrowthYOY="-0.07"
AnalystTargetPrice="8.75"
TrailingPE="-"
ForwardPE="-"
PriceToSalesRatioTTM="0.21"
PriceToBookRatio="0.239"
EVToRevenue="0.657"
EVToEBITDA="-"
Beta="1.592"
num_52WeekHigh="15.75"
num_52WeekLow="3.31"
num_50DayMovingAverage="9.53"
num_200DayMovingAverage="6.35"
SharesOutstanding="9300000"
DividendDate="None"
ExDividendDate="None"
symbol="ROOT"
open="8.73"
high="9.56"
low="8.68"
price="9.45"
volume="119965.00"
latest_trading_day="2023-08-18"
previous_close="8.86"
change="0.59"
change_percent="6.6591%"
aroon_positive_momentum_days="62"
aroon_negative_momentum_days="0"
trend_strength="Absent or Weak Trend"
buying_signal="Weak Buy Signal"
volume_analysis="Target Volume"
value_analysis="Expected Range"
Aroon_change="FALSE"
Aroon_momentum="62"
Volume_recent_avg="309630"
Change_recent_avg="0.04"
Delta_recent_avg="0.72"
Variance_recent_avg="0.36"
Change_ratio_recent_avg="0.37"
RSI_change="FALSE"
ADX_change="FALSE"

event="FALSE"
Aroon_signal="positive"
Aroon_change="FALSE"
Aroon_momentum_positive="62"
Aroon_momentum_negative="38"
image_negative_thumbnail_id_1="1128"
image_negative_url_1="https://hehge.com/wp-content/uploads/sites/16/2023/06/MI_Finance_Negative_Landscape_0161.jpeg"
image_negative_thumbnail_id_2="164"
image_negative_url_2="https://hehge.com/wp-content/uploads/sites/16/2023/05/MI_Finance_Negative_Landscape_0012.jpeg"
image_neutral_thumbnail_id_1="584"
image_neutral_url_1="https://hehge.com/wp-content/uploads/sites/16/2023/06/MI_Finance_Neutral_Landscape_0015.jpeg"
image_neutral_thumbnail_id_2="574"
image_neutral_url_2="https://hehge.com/wp-content/uploads/sites/16/2023/06/MI_Finance_Neutral_Landscape_0025.jpeg"
image_positive_thumbnail_id_1="652"
image_positive_url_1="https://hehge.com/wp-content/uploads/sites/16/2023/06/MI_Finance_Positive_Landscape_0056.jpeg"
image_positive_thumbnail_id_2="705"
image_positive_url_2="https://hehge.com/wp-content/uploads/sites/16/2023/06/MI_Finance_Positive_Landscape_0003.jpeg"
image_professor_thumbnail_id_1="1187"
image_professor_url_1="https://hehge.com/wp-content/uploads/sites/16/2023/06/MI_Finance_Professor_Landscape_0021.jpeg"
image_professor_thumbnail_id_2="1196"
image_professor_url_2="https://hehge.com/wp-content/uploads/sites/16/2023/06/MI_Finance_Professor_Landscape_0030.jpeg"
