Symbol="WF"
AssetType="Common Stock"
Name="Woori Financial Group Inc"
Description="Woori Financial Group Inc. is a commercial bank providing a range of financial services to individual, commercial and institutional clients in Korea. The company is headquartered in Seoul, South Korea."
CIK="1264136"
Exchange="NYSE"
Currency="USD"
Country="USA"
Sector="FINANCE"
Industry="COMMERCIAL BANKS, NEC"
Address=", SEOUL KOREA, KR"
FiscalYearEnd="December"
LatestQuarter="2023-03-31"
MarketCapitalization="8583834000000"
EBITDA="None"
PERatio="2.847"
PEGRatio="0.716"
BookValue="108156.15"
DividendPerShare="1130"
DividendYield="0.0838"
EPS="4276.32"
RevenuePerShareTTM="42482.36"
ProfitMargin="0.312"
OperatingMarginTTM="0.436"
ReturnOnAssetsTTM="0.0072"
ReturnOnEquityTTM="11.13"
RevenueTTM="10305037926000"
GrossProfitTTM="9984154000000"
DilutedEPSTTM="9.84"
QuarterlyEarningsGrowthYOY="0.077"
QuarterlyRevenueGrowthYOY="0.116"
AnalystTargetPrice="29.08"
TrailingPE="2.797"
ForwardPE="3.019"
PriceToSalesRatioTTM="0.0007"
PriceToBookRatio="0.335"
EVToRevenue="-"
EVToEBITDA="-"
Beta="0.66"
num_52WeekHigh="33.09"
num_52WeekLow="22.18"
num_50DayMovingAverage="27.21"
num_200DayMovingAverage="27.28"
SharesOutstanding="242686000"
DividendDate="2022-08-18"
ExDividendDate="2022-12-29"
symbol="WF"
open="28.15"
high="28.16"
low="27.85"
price="27.96"
volume="29930.00"
latest_trading_day="2023-07-14"
previous_close="27.78"
change="0.18"
change_percent="0.6479%"
aroon_positive_momentum_days="45"
aroon_negative_momentum_days="0"
trend_strength="Absent or Weak Trend"
buying_signal="Weak Buy Signal"
volume_analysis="Target Volume"
value_analysis="Expected Range"
Aroon_change="FALSE"
Aroon_momentum="45"
Volume_recent_avg="45992"
Change_recent_avg="-0.03"
Delta_recent_avg="0.36"
Variance_recent_avg="0.18"
Change_ratio_recent_avg="-0.1"
RSI_change="FALSE"
ADX_change="FALSE"

event="FALSE"
Aroon_signal="positive"
Aroon_change="FALSE"
Aroon_momentum_positive="45"
Aroon_momentum_negative="55"
image_negative_thumbnail_id_1="1161"
image_negative_url_1="https://hehge.com/wp-content/uploads/sites/16/2023/06/MI_Finance_Negative_Landscape_0195.jpeg"
image_negative_thumbnail_id_2="491"
image_negative_url_2="https://hehge.com/wp-content/uploads/sites/16/2023/06/MI_Finance_Negative_Landscape_0114.jpeg"
image_neutral_thumbnail_id_1="528"
image_neutral_url_1="https://hehge.com/wp-content/uploads/sites/16/2023/06/MI_Finance_Neutral_Landscape_0071.jpeg"
image_neutral_thumbnail_id_2="590"
image_neutral_url_2="https://hehge.com/wp-content/uploads/sites/16/2023/06/MI_Finance_Neutral_Landscape_0009.jpeg"
image_positive_thumbnail_id_1="623"
image_positive_url_1="https://hehge.com/wp-content/uploads/sites/16/2023/06/MI_Finance_Positive_Landscape_0085.jpeg"
image_positive_thumbnail_id_2="952"
image_positive_url_2="https://hehge.com/wp-content/uploads/sites/16/2023/06/MI_Finance_Positive_Landscape_0114.jpeg"
image_professor_thumbnail_id_1="1178"
image_professor_url_1="https://hehge.com/wp-content/uploads/sites/16/2023/06/MI_Finance_Professor_Landscape_0012.jpeg"
image_professor_thumbnail_id_2="1185"
image_professor_url_2="https://hehge.com/wp-content/uploads/sites/16/2023/06/MI_Finance_Professor_Landscape_0019.jpeg"
