Symbol="SF"
AssetType="Common Stock"
Name="Stifel Financial Corporation"
Description="Stifel Financial Corp. The company is headquartered in St. Louis, Missouri."
CIK="720672"
Exchange="NYSE"
Currency="USD"
Country="USA"
Sector="FINANCE"
Industry="SECURITY BROKERS, DEALERS & FLOTATION COMPANIES"
Address="ATTN: JAMES G. LASCHOBER, 501 N. BROADWAY, ST. LOUIS, MO, US"
FiscalYearEnd="December"
LatestQuarter="2023-06-30"
MarketCapitalization="6383898000"
EBITDA="None"
PERatio="11.5"
PEGRatio="4.025"
BookValue="44.41"
DividendPerShare="1.32"
DividendYield="0.0234"
EPS="5.02"
RevenuePerShareTTM="39.64"
ProfitMargin="0.144"
OperatingMarginTTM="0.209"
ReturnOnAssetsTTM="0.0168"
ReturnOnEquityTTM="12.8"
RevenueTTM="4299075000"
GrossProfitTTM="4125046000"
DilutedEPSTTM="5.21"
QuarterlyEarningsGrowthYOY="-0.147"
QuarterlyRevenueGrowthYOY="-0.048"
AnalystTargetPrice="71.4"
TrailingPE="11.85"
ForwardPE="9.14"
PriceToSalesRatioTTM="1.356"
PriceToBookRatio="1.404"
EVToRevenue="-"
EVToEBITDA="-"
Beta="1.253"
num_52WeekHigh="67.97"
num_52WeekLow="48.51"
num_50DayMovingAverage="61.27"
num_200DayMovingAverage="61.25"
SharesOutstanding="106131000"
DividendDate="2023-09-15"
ExDividendDate="2023-08-31"
symbol="SF"
open="61.19"
high="62.70"
low="61.19"
price="62.60"
volume="634282.00"
latest_trading_day="2023-08-18"
previous_close="61.75"
change="0.85"
change_percent="1.3765%"
aroon_positive_momentum_days="39"
aroon_negative_momentum_days="0"
trend_strength="Absent or Weak Trend"
buying_signal="Weak Buy Signal"
volume_analysis="Target Volume"
value_analysis="Expected Range"
Aroon_change="FALSE"
Aroon_momentum="39"
Volume_recent_avg="623438"
Change_recent_avg="0.07"
Delta_recent_avg="1.22"
Variance_recent_avg="0.61"
Change_ratio_recent_avg="0.11"
RSI_change="FALSE"
ADX_change="FALSE"

event="FALSE"
Aroon_signal="positive"
Aroon_change="FALSE"
Aroon_momentum_positive="39"
Aroon_momentum_negative="61"
image_negative_thumbnail_id_1="148"
image_negative_url_1="https://hehge.com/wp-content/uploads/sites/16/2023/05/MI_Finance_Negative_Landscape_0028.jpeg"
image_negative_thumbnail_id_2="1146"
image_negative_url_2="https://hehge.com/wp-content/uploads/sites/16/2023/06/MI_Finance_Negative_Landscape_0179.jpeg"
image_neutral_thumbnail_id_1="543"
image_neutral_url_1="https://hehge.com/wp-content/uploads/sites/16/2023/06/MI_Finance_Neutral_Landscape_0056.jpeg"
image_neutral_thumbnail_id_2="566"
image_neutral_url_2="https://hehge.com/wp-content/uploads/sites/16/2023/06/MI_Finance_Neutral_Landscape_0033.jpeg"
image_positive_thumbnail_id_1="662"
image_positive_url_1="https://hehge.com/wp-content/uploads/sites/16/2023/06/MI_Finance_Positive_Landscape_0046.jpeg"
image_positive_thumbnail_id_2="618"
image_positive_url_2="https://hehge.com/wp-content/uploads/sites/16/2023/06/MI_Finance_Positive_Landscape_0090.jpeg"
image_professor_thumbnail_id_1="1197"
image_professor_url_1="https://hehge.com/wp-content/uploads/sites/16/2023/06/MI_Finance_Professor_Landscape_0031.jpeg"
image_professor_thumbnail_id_2="1184"
image_professor_url_2="https://hehge.com/wp-content/uploads/sites/16/2023/06/MI_Finance_Professor_Landscape_0018.jpeg"
