Symbol="TIPT"
AssetType="Common Stock"
Name="Tiptree Inc"
Description="Tiptree Inc., underwrites and manages specialty insurance products primarily in the United States. The company is headquartered in New York, New York."
CIK="1393726"
Exchange="NASDAQ"
Currency="USD"
Country="USA"
Sector="FINANCE"
Industry="FIRE, MARINE & CASUALTY INSURANCE"
Address="299 PARK AVENUE, 13TH FLOOR, NEW YORK, NY, US"
FiscalYearEnd="December"
LatestQuarter="2023-03-31"
MarketCapitalization="547460000"
EBITDA="106135000"
PERatio="None"
PEGRatio="0"
BookValue="10.91"
DividendPerShare="0.17"
DividendYield="0.0137"
EPS="-0.23"
RevenuePerShareTTM="40.13"
ProfitMargin="-0.0058"
OperatingMarginTTM="0.058"
ReturnOnAssetsTTM="0.0133"
ReturnOnEquityTTM="0.0164"
RevenueTTM="1448897000"
GrossProfitTTM="418636000"
DilutedEPSTTM="-0.23"
QuarterlyEarningsGrowthYOY="5.83"
QuarterlyRevenueGrowthYOY="0.168"
AnalystTargetPrice="None"
TrailingPE="-"
ForwardPE="-"
PriceToSalesRatioTTM="0.392"
PriceToBookRatio="1.394"
EVToRevenue="0.313"
EVToEBITDA="14.41"
Beta="1.122"
num_52WeekHigh="16.85"
num_52WeekLow="9.88"
num_50DayMovingAverage="14.15"
num_200DayMovingAverage="14.12"
SharesOutstanding="36742300"
DividendDate="2023-05-30"
ExDividendDate="2023-05-19"
symbol="TIPT"
open="14.90"
high="15.11"
low="14.75"
price="15.06"
volume="42148.00"
latest_trading_day="2023-07-27"
previous_close="14.90"
change="0.16"
change_percent="1.0738%"
aroon_positive_momentum_days="46"
aroon_negative_momentum_days="0"
trend_strength="Absent or Weak Trend"
buying_signal="Weak Buy Signal"
volume_analysis="Target Volume"
value_analysis="Expected Range"
Aroon_change="FALSE"
Aroon_momentum="46"
Volume_recent_avg="85185"
Change_recent_avg="0.01"
Delta_recent_avg="0.45"
Variance_recent_avg="0.23"
Change_ratio_recent_avg="0.01"
RSI_change="FALSE"
ADX_change="FALSE"

event="FALSE"
Aroon_signal="positive"
Aroon_change="FALSE"
Aroon_momentum_positive="46"
Aroon_momentum_negative="54"
image_negative_thumbnail_id_1="487"
image_negative_url_1="https://hehge.com/wp-content/uploads/sites/16/2023/06/MI_Finance_Negative_Landscape_0118.jpeg"
image_negative_thumbnail_id_2="504"
image_negative_url_2="https://hehge.com/wp-content/uploads/sites/16/2023/06/MI_Finance_Negative_Landscape_0101.jpeg"
image_neutral_thumbnail_id_1="551"
image_neutral_url_1="https://hehge.com/wp-content/uploads/sites/16/2023/06/MI_Finance_Neutral_Landscape_0048.jpeg"
image_neutral_thumbnail_id_2="590"
image_neutral_url_2="https://hehge.com/wp-content/uploads/sites/16/2023/06/MI_Finance_Neutral_Landscape_0009.jpeg"
image_positive_thumbnail_id_1="647"
image_positive_url_1="https://hehge.com/wp-content/uploads/sites/16/2023/06/MI_Finance_Positive_Landscape_0061.jpeg"
image_positive_thumbnail_id_2="962"
image_positive_url_2="https://hehge.com/wp-content/uploads/sites/16/2023/06/MI_Finance_Positive_Landscape_0124.jpeg"
image_professor_thumbnail_id_1="1188"
image_professor_url_1="https://hehge.com/wp-content/uploads/sites/16/2023/06/MI_Finance_Professor_Landscape_0022.jpeg"
image_professor_thumbnail_id_2="1195"
image_professor_url_2="https://hehge.com/wp-content/uploads/sites/16/2023/06/MI_Finance_Professor_Landscape_0029.jpeg"
