Symbol="CNOBP"
AssetType="Preferred Stock"
Name="ConnectOne Bancorp Inc"
Description="None"
CIK="712771"
Exchange="NASDAQ"
Currency="USD"
Country="USA"
Sector="FINANCE"
Industry="STATE COMMERCIAL BANKS"
Address="301 SYLVAN AVENUE, ENGLEWOOD CLIFFS, NJ, US"
FiscalYearEnd="December"
LatestQuarter="2023-06-30"
MarketCapitalization="None"
EBITDA="None"
PERatio="5.37"
PEGRatio="None"
BookValue="28.05"
DividendPerShare="0.65"
DividendYield="0.0761"
EPS="3.15"
RevenuePerShareTTM="7.24"
ProfitMargin="0.381"
OperatingMarginTTM="0.546"
ReturnOnAssetsTTM="0.0116"
ReturnOnEquityTTM="0.092"
RevenueTTM="282857000"
GrossProfitTTM="297612000"
DilutedEPSTTM="3.15"
QuarterlyEarningsGrowthYOY="-0.348"
QuarterlyRevenueGrowthYOY="-0.154"
AnalystTargetPrice="None"
TrailingPE="5.37"
ForwardPE="-"
PriceToSalesRatioTTM="-"
PriceToBookRatio="-"
EVToRevenue="-"
EVToEBITDA="-"
Beta="1.192"
num_52WeekHigh="22.09"
num_52WeekLow="13.43"
num_50DayMovingAverage="16.53"
num_200DayMovingAverage="18.33"
SharesOutstanding="0"
DividendDate="2023-09-01"
ExDividendDate="2023-08-14"
symbol="CNOBP"
open="17.05"
high="17.05"
low="16.61"
price="16.91"
volume="5141.00"
latest_trading_day="2023-08-16"
previous_close="16.96"
change="-0.05"
change_percent="-0.2948%"
aroon_positive_momentum_days="47"
aroon_negative_momentum_days="0"
trend_strength="Absent or Weak Trend"
buying_signal="Weak Buy Signal"
volume_analysis="Target Volume"
value_analysis="Expected Range"
Aroon_change="FALSE"
Aroon_momentum="47"
Volume_recent_avg="13196"
Change_recent_avg="-0.04"
Delta_recent_avg="0.45"
Variance_recent_avg="0.23"
Change_ratio_recent_avg="-0.3"
RSI_change="FALSE"
ADX_change="FALSE"

event="FALSE"
Aroon_signal="positive"
Aroon_change="FALSE"
Aroon_momentum_positive="47"
Aroon_momentum_negative="53"
image_negative_thumbnail_id_1="105"
image_negative_url_1="https://hehge.com/wp-content/uploads/sites/16/2023/05/MI_Finance_Negative_Landscape_0071.jpeg"
image_negative_thumbnail_id_2="157"
image_negative_url_2="https://hehge.com/wp-content/uploads/sites/16/2023/05/MI_Finance_Negative_Landscape_0019.jpeg"
image_neutral_thumbnail_id_1="576"
image_neutral_url_1="https://hehge.com/wp-content/uploads/sites/16/2023/06/MI_Finance_Neutral_Landscape_0023.jpeg"
image_neutral_thumbnail_id_2="583"
image_neutral_url_2="https://hehge.com/wp-content/uploads/sites/16/2023/06/MI_Finance_Neutral_Landscape_0016.jpeg"
image_positive_thumbnail_id_1="979"
image_positive_url_1="https://hehge.com/wp-content/uploads/sites/16/2023/06/MI_Finance_Positive_Landscape_0141.jpeg"
image_positive_thumbnail_id_2="617"
image_positive_url_2="https://hehge.com/wp-content/uploads/sites/16/2023/06/MI_Finance_Positive_Landscape_0091.jpeg"
image_professor_thumbnail_id_1="1187"
image_professor_url_1="https://hehge.com/wp-content/uploads/sites/16/2023/06/MI_Finance_Professor_Landscape_0021.jpeg"
image_professor_thumbnail_id_2="1193"
image_professor_url_2="https://hehge.com/wp-content/uploads/sites/16/2023/06/MI_Finance_Professor_Landscape_0027.jpeg"
