Symbol="OPFI"
AssetType="Common Stock"
Name="OppFi Inc"
Description="None"
CIK="1818502"
Exchange="NYSE"
Currency="USD"
Country="USA"
Sector="FINANCE"
Industry="FINANCE SERVICES"
Address="130 E. RANDOLPH STREET, SUITE 3400, CHICAGO, IL, US"
FiscalYearEnd="December"
LatestQuarter="2023-06-30"
MarketCapitalization="265246000"
EBITDA="None"
PERatio="21.47"
PEGRatio="None"
BookValue="0.094"
DividendPerShare="0"
DividendYield="0"
EPS="0.346"
RevenuePerShareTTM="12.91"
ProfitMargin="0.034"
OperatingMarginTTM="0.0177"
ReturnOnAssetsTTM="0.0141"
ReturnOnEquityTTM="0.0472"
RevenueTTM="184333000"
GrossProfitTTM="181798000"
DilutedEPSTTM="0.353"
QuarterlyEarningsGrowthYOY="40.52"
QuarterlyRevenueGrowthYOY="0.059"
AnalystTargetPrice="3.83"
TrailingPE="6.8"
ForwardPE="-"
PriceToSalesRatioTTM="1.271"
PriceToBookRatio="-"
EVToRevenue="0.884"
EVToEBITDA="5.49"
Beta="0.706"
num_52WeekHigh="2.88"
num_52WeekLow="1.7"
num_50DayMovingAverage="2.099"
num_200DayMovingAverage="2.129"
SharesOutstanding="110000000"
DividendDate="None"
ExDividendDate="None"
symbol="OPFI"
open="2.40"
high="2.63"
low="2.40"
price="2.56"
volume="413253.00"
latest_trading_day="2023-08-14"
previous_close="2.40"
change="0.16"
change_percent="6.6667%"
aroon_positive_momentum_days="53"
aroon_negative_momentum_days="0"
trend_strength="Absent or Weak Trend"
buying_signal="Weak Buy Signal"
volume_analysis="Target Volume"
value_analysis="Expected Range"
Aroon_change="FALSE"
Aroon_momentum="53"
Volume_recent_avg="55395"
Change_recent_avg="0.01"
Delta_recent_avg="0.1"
Variance_recent_avg="0.05"
Change_ratio_recent_avg="0.56"
RSI_change="FALSE"
ADX_change="FALSE"

event="FALSE"
Aroon_signal="positive"
Aroon_change="FALSE"
Aroon_momentum_positive="53"
Aroon_momentum_negative="47"
image_negative_thumbnail_id_1="1152"
image_negative_url_1="https://hehge.com/wp-content/uploads/sites/16/2023/06/MI_Finance_Negative_Landscape_0185.jpeg"
image_negative_thumbnail_id_2="159"
image_negative_url_2="https://hehge.com/wp-content/uploads/sites/16/2023/05/MI_Finance_Negative_Landscape_0017.jpeg"
image_neutral_thumbnail_id_1="562"
image_neutral_url_1="https://hehge.com/wp-content/uploads/sites/16/2023/06/MI_Finance_Neutral_Landscape_0037.jpeg"
image_neutral_thumbnail_id_2="524"
image_neutral_url_2="https://hehge.com/wp-content/uploads/sites/16/2023/06/MI_Finance_Neutral_Landscape_0075.jpeg"
image_positive_thumbnail_id_1="686"
image_positive_url_1="https://hehge.com/wp-content/uploads/sites/16/2023/06/MI_Finance_Positive_Landscape_0022.jpeg"
image_positive_thumbnail_id_2="657"
image_positive_url_2="https://hehge.com/wp-content/uploads/sites/16/2023/06/MI_Finance_Positive_Landscape_0051.jpeg"
image_professor_thumbnail_id_1="1180"
image_professor_url_1="https://hehge.com/wp-content/uploads/sites/16/2023/06/MI_Finance_Professor_Landscape_0014.jpeg"
image_professor_thumbnail_id_2="1203"
image_professor_url_2="https://hehge.com/wp-content/uploads/sites/16/2023/06/MI_Finance_Professor_Landscape_0037.jpeg"
