Symbol="IBTX"
AssetType="Common Stock"
Name="Independent Bank Group Inc"
Description="Independent Bank Group, Inc. is the banking holding company of Independent Bank offering various commercial banking products and services to businesses, professionals and individuals in the United States. The company is headquartered in McKinney, Texas."
CIK="1564618"
Exchange="NASDAQ"
Currency="USD"
Country="USA"
Sector="FINANCE"
Industry="STATE COMMERCIAL BANKS"
Address="1600 REDBUD BOULEVARD, SUITE 400, MCKINNEY, TX, US"
FiscalYearEnd="December"
LatestQuarter="2023-06-30"
MarketCapitalization="1750114000"
EBITDA="None"
PERatio="19.72"
PEGRatio="1.81"
BookValue="57.0"
DividendPerShare="1.52"
DividendYield="0.0359"
EPS="2.15"
RevenuePerShareTTM="14.05"
ProfitMargin="0.154"
OperatingMarginTTM="0.412"
ReturnOnAssetsTTM="0.0048"
ReturnOnEquityTTM="0.0376"
RevenueTTM="575900000"
GrossProfitTTM="605184000"
DilutedEPSTTM="2.15"
QuarterlyEarningsGrowthYOY="-0.36"
QuarterlyRevenueGrowthYOY="-0.161"
AnalystTargetPrice="46.83"
TrailingPE="19.72"
ForwardPE="12.03"
PriceToSalesRatioTTM="4.015"
PriceToBookRatio="1.19"
EVToRevenue="-"
EVToEBITDA="-"
Beta="1.389"
num_52WeekHigh="69.48"
num_52WeekLow="28.56"
num_50DayMovingAverage="40.0"
num_200DayMovingAverage="49.37"
SharesOutstanding="41286000"
DividendDate="2023-08-17"
ExDividendDate="2023-08-02"
symbol="IBTX"
open="42.47"
high="42.87"
low="40.85"
price="41.18"
volume="116591.00"
latest_trading_day="2023-08-21"
previous_close="42.39"
change="-1.21"
change_percent="-2.8544%"
aroon_positive_momentum_days="24"
aroon_negative_momentum_days="0"
trend_strength="Absent or Weak Trend"
buying_signal="Weak Buy Signal"
volume_analysis="Target Volume"
value_analysis="Expected Range"
Aroon_change="FALSE"
Aroon_momentum="24"
Volume_recent_avg="285484"
Change_recent_avg="-0.05"
Delta_recent_avg="1.7"
Variance_recent_avg="0.85"
Change_ratio_recent_avg="-0.16"
RSI_change="FALSE"
ADX_change="FALSE"

event="FALSE"
Aroon_signal="positive"
Aroon_change="FALSE"
Aroon_momentum_positive="24"
Aroon_momentum_negative="76"
image_negative_thumbnail_id_1="1151"
image_negative_url_1="https://hehge.com/wp-content/uploads/sites/16/2023/06/MI_Finance_Negative_Landscape_0184.jpeg"
image_negative_thumbnail_id_2="503"
image_negative_url_2="https://hehge.com/wp-content/uploads/sites/16/2023/06/MI_Finance_Negative_Landscape_0102.jpeg"
image_neutral_thumbnail_id_1="535"
image_neutral_url_1="https://hehge.com/wp-content/uploads/sites/16/2023/06/MI_Finance_Neutral_Landscape_0064.jpeg"
image_neutral_thumbnail_id_2="541"
image_neutral_url_2="https://hehge.com/wp-content/uploads/sites/16/2023/06/MI_Finance_Neutral_Landscape_0058.jpeg"
image_positive_thumbnail_id_1="631"
image_positive_url_1="https://hehge.com/wp-content/uploads/sites/16/2023/06/MI_Finance_Positive_Landscape_0077.jpeg"
image_positive_thumbnail_id_2="685"
image_positive_url_2="https://hehge.com/wp-content/uploads/sites/16/2023/06/MI_Finance_Positive_Landscape_0023.jpeg"
image_professor_thumbnail_id_1="1199"
image_professor_url_1="https://hehge.com/wp-content/uploads/sites/16/2023/06/MI_Finance_Professor_Landscape_0033.jpeg"
image_professor_thumbnail_id_2="1198"
image_professor_url_2="https://hehge.com/wp-content/uploads/sites/16/2023/06/MI_Finance_Professor_Landscape_0032.jpeg"
