Symbol="ACGL"
AssetType="Common Stock"
Name="Arch Capital Group Ltd"
Description="Arch Capital Group Ltd., offers insurance, reinsurance and mortgage products worldwide. The company is headquartered in Pembroke, Bermuda."
CIK="947484"
Exchange="NASDAQ"
Currency="USD"
Country="USA"
Sector="FINANCE"
Industry="FIRE, MARINE & CASUALTY INSURANCE"
Address="WATERLOO HOUSE, GROUND FLOOR, 100 PITTS BAY ROAD, PEMBROKE, BM"
FiscalYearEnd="December"
LatestQuarter="2023-06-30"
MarketCapitalization="28751022000"
EBITDA="2584146000"
PERatio="12.81"
PEGRatio="2.24"
BookValue="37.25"
DividendPerShare="0"
DividendYield="0"
EPS="6.02"
RevenuePerShareTTM="32.14"
ProfitMargin="0.192"
OperatingMarginTTM="0.211"
ReturnOnAssetsTTM="0.0312"
ReturnOnEquityTTM="0.168"
RevenueTTM="11788808000"
GrossProfitTTM="2847711000"
DilutedEPSTTM="6.02"
QuarterlyEarningsGrowthYOY="0.683"
QuarterlyRevenueGrowthYOY="0.428"
AnalystTargetPrice="90.5"
TrailingPE="12.81"
ForwardPE="11.34"
PriceToSalesRatioTTM="2.519"
PriceToBookRatio="2.025"
EVToRevenue="2.802"
EVToEBITDA="-"
Beta="0.717"
num_52WeekHigh="84.83"
num_52WeekLow="41.05"
num_50DayMovingAverage="76.34"
num_200DayMovingAverage="69.16"
SharesOutstanding="372900000"
DividendDate="None"
ExDividendDate="None"
symbol="ACGL"
open="75.97"
high="77.46"
low="75.88"
price="77.09"
volume="1779930.00"
latest_trading_day="2023-08-30"
previous_close="75.75"
change="1.34"
change_percent="1.7690%"
aroon_positive_momentum_days="96"
aroon_negative_momentum_days="0"
trend_strength="Absent or Weak Trend"
buying_signal="Weak Buy Signal"
volume_analysis="Target Volume"
value_analysis="Expected Range"
Aroon_change="FALSE"
Aroon_momentum="96"
Volume_recent_avg="1916631"
Change_recent_avg="0.05"
Delta_recent_avg="1.49"
Variance_recent_avg="0.74"
Change_ratio_recent_avg="0.06"
RSI_change="FALSE"
ADX_change="FALSE"

event="FALSE"
Aroon_signal="positive"
Aroon_change="FALSE"
Aroon_momentum_positive="96"
Aroon_momentum_negative="4"
image_negative_thumbnail_id_1="130"
image_negative_url_1="https://hehge.com/wp-content/uploads/sites/16/2023/05/MI_Finance_Negative_Landscape_0046.jpeg"
image_negative_thumbnail_id_2="1107"
image_negative_url_2="https://hehge.com/wp-content/uploads/sites/16/2023/06/MI_Finance_Negative_Landscape_0140.jpeg"
image_neutral_thumbnail_id_1="532"
image_neutral_url_1="https://hehge.com/wp-content/uploads/sites/16/2023/06/MI_Finance_Neutral_Landscape_0067.jpeg"
image_neutral_thumbnail_id_2="529"
image_neutral_url_2="https://hehge.com/wp-content/uploads/sites/16/2023/06/MI_Finance_Neutral_Landscape_0070.jpeg"
image_positive_thumbnail_id_1="639"
image_positive_url_1="https://hehge.com/wp-content/uploads/sites/16/2023/06/MI_Finance_Positive_Landscape_0069.jpeg"
image_positive_thumbnail_id_2="995"
image_positive_url_2="https://hehge.com/wp-content/uploads/sites/16/2023/06/MI_Finance_Positive_Landscape_0157.jpeg"
image_professor_thumbnail_id_1="1176"
image_professor_url_1="https://hehge.com/wp-content/uploads/sites/16/2023/06/MI_Finance_Professor_Landscape_0010.jpeg"
image_professor_thumbnail_id_2="1190"
image_professor_url_2="https://hehge.com/wp-content/uploads/sites/16/2023/06/MI_Finance_Professor_Landscape_0024.jpeg"
