Symbol="ACGL"
AssetType="Common Stock"
Name="Arch Capital Group Ltd"
Description="Arch Capital Group Ltd., offers insurance, reinsurance and mortgage products worldwide. The company is headquartered in Pembroke, Bermuda."
CIK="947484"
Exchange="NASDAQ"
Currency="USD"
Country="USA"
Sector="FINANCE"
Industry="FIRE, MARINE & CASUALTY INSURANCE"
Address="WATERLOO HOUSE, GROUND FLOOR, 100 PITTS BAY ROAD, PEMBROKE, BM"
FiscalYearEnd="December"
LatestQuarter="2023-03-31"
MarketCapitalization="28274354000"
EBITDA="2200146000"
PERatio="14.66"
PEGRatio="2.24"
BookValue="35.56"
DividendPerShare="0"
DividendYield="0"
EPS="5.18"
RevenuePerShareTTM="29.55"
ProfitMargin="0.184"
OperatingMarginTTM="0.194"
ReturnOnAssetsTTM="0.0271"
ReturnOnEquityTTM="0.149"
RevenueTTM="10840808000"
GrossProfitTTM="2847711000"
DilutedEPSTTM="5.18"
QuarterlyEarningsGrowthYOY="2.896"
QuarterlyRevenueGrowthYOY="0.631"
AnalystTargetPrice="84.86"
TrailingPE="14.66"
ForwardPE="11.34"
PriceToSalesRatioTTM="2.519"
PriceToBookRatio="2.025"
EVToRevenue="2.802"
EVToEBITDA="-"
Beta="0.717"
num_52WeekHigh="78.3"
num_52WeekLow="41.05"
num_50DayMovingAverage="73.14"
num_200DayMovingAverage="64.14"
SharesOutstanding="372423000"
DividendDate="None"
ExDividendDate="None"
symbol="ACGL"
open="77.12"
high="77.17"
low="76.34"
price="77.00"
volume="1861683.00"
latest_trading_day="2023-07-14"
previous_close="76.88"
change="0.12"
change_percent="0.1561%"
aroon_positive_momentum_days="0"
aroon_negative_momentum_days="4"
trend_strength="Absent or Weak Trend"
buying_signal="Weak Sell Signal"
volume_analysis="Target Volume"
value_analysis="Expected Range"
Aroon_change="FALSE"
Aroon_momentum="96"
Volume_recent_avg="2028184"
Change_recent_avg="0.09"
Delta_recent_avg="1.46"
Variance_recent_avg="0.73"
Change_ratio_recent_avg="0.12"
RSI_change="FALSE"
ADX_change="FALSE"

event="FALSE"
Aroon_signal="negative"
Aroon_change="FALSE"
Aroon_momentum_positive="96"
Aroon_momentum_negative="4"
image_negative_thumbnail_id_1="1146"
image_negative_url_1="https://hehge.com/wp-content/uploads/sites/16/2023/06/MI_Finance_Negative_Landscape_0179.jpeg"
image_negative_thumbnail_id_2="508"
image_negative_url_2="https://hehge.com/wp-content/uploads/sites/16/2023/06/MI_Finance_Negative_Landscape_0097.jpeg"
image_neutral_thumbnail_id_1="574"
image_neutral_url_1="https://hehge.com/wp-content/uploads/sites/16/2023/06/MI_Finance_Neutral_Landscape_0025.jpeg"
image_neutral_thumbnail_id_2="596"
image_neutral_url_2="https://hehge.com/wp-content/uploads/sites/16/2023/06/MI_Finance_Neutral_Landscape_0003.jpeg"
image_positive_thumbnail_id_1="997"
image_positive_url_1="https://hehge.com/wp-content/uploads/sites/16/2023/06/MI_Finance_Positive_Landscape_0159.jpeg"
image_positive_thumbnail_id_2="979"
image_positive_url_2="https://hehge.com/wp-content/uploads/sites/16/2023/06/MI_Finance_Positive_Landscape_0141.jpeg"
image_professor_thumbnail_id_1="1196"
image_professor_url_1="https://hehge.com/wp-content/uploads/sites/16/2023/06/MI_Finance_Professor_Landscape_0030.jpeg"
image_professor_thumbnail_id_2="1194"
image_professor_url_2="https://hehge.com/wp-content/uploads/sites/16/2023/06/MI_Finance_Professor_Landscape_0028.jpeg"
