Symbol="FRST"
AssetType="Common Stock"
Name="Primis Financial Corp"
Description="Primis Financial Corp. The company is headquartered in McLean, Virginia."
CIK="1325670"
Exchange="NASDAQ"
Currency="USD"
Country="USA"
Sector="FINANCE"
Industry="STATE COMMERCIAL BANKS"
Address="1770 TIMBERWOOD BOULEVARD, SUITE 100, CHARLOTTESVILLE, VA, US"
FiscalYearEnd="December"
LatestQuarter="2023-03-31"
MarketCapitalization="228090000"
EBITDA="None"
PERatio="12.16"
PEGRatio="0"
BookValue="16.21"
DividendPerShare="0.4"
DividendYield="0.0432"
EPS="0.76"
RevenuePerShareTTM="5.03"
ProfitMargin="0.153"
OperatingMarginTTM="0.204"
ReturnOnAssetsTTM="0.0051"
ReturnOnEquityTTM="0.0471"
RevenueTTM="123770000"
GrossProfitTTM="113860000"
DilutedEPSTTM="0.76"
QuarterlyEarningsGrowthYOY="0.227"
QuarterlyRevenueGrowthYOY="0.399"
AnalystTargetPrice="12.17"
TrailingPE="12.16"
ForwardPE="9.9"
PriceToSalesRatioTTM="2.649"
PriceToBookRatio="0.76"
EVToRevenue="-"
EVToEBITDA="-"
Beta="0.792"
num_52WeekHigh="13.98"
num_52WeekLow="6.92"
num_50DayMovingAverage="8.13"
num_200DayMovingAverage="10.52"
SharesOutstanding="24685100"
DividendDate="2023-05-26"
ExDividendDate="2023-05-11"
symbol="FRST"
open="9.45"
high="9.49"
low="9.40"
price="9.42"
volume="37270.00"
latest_trading_day="2023-07-25"
previous_close="9.42"
change="0.00"
change_percent="0.0000%"
aroon_positive_momentum_days="3"
aroon_negative_momentum_days="0"
trend_strength="Absent or Weak Trend"
buying_signal="Strong Buy Signal"
volume_analysis="Target Volume"
value_analysis="Expected Range"
Aroon_change="FALSE"
Aroon_momentum="3"
Volume_recent_avg="68666"
Change_recent_avg="-0.04"
Delta_recent_avg="0.28"
Variance_recent_avg="0.14"
Change_ratio_recent_avg="-0.41"
RSI_change="FALSE"
ADX_change="FALSE"

event="FALSE"
Aroon_signal="positive"
Aroon_change="FALSE"
Aroon_momentum_positive="3"
Aroon_momentum_negative="97"
image_negative_thumbnail_id_1="100"
image_negative_url_1="https://hehge.com/wp-content/uploads/sites/16/2023/05/MI_Finance_Negative_Landscape_0076.jpeg"
image_negative_thumbnail_id_2="495"
image_negative_url_2="https://hehge.com/wp-content/uploads/sites/16/2023/06/MI_Finance_Negative_Landscape_0110.jpeg"
image_neutral_thumbnail_id_1="548"
image_neutral_url_1="https://hehge.com/wp-content/uploads/sites/16/2023/06/MI_Finance_Neutral_Landscape_0051.jpeg"
image_neutral_thumbnail_id_2="526"
image_neutral_url_2="https://hehge.com/wp-content/uploads/sites/16/2023/06/MI_Finance_Neutral_Landscape_0073.jpeg"
image_positive_thumbnail_id_1="610"
image_positive_url_1="https://hehge.com/wp-content/uploads/sites/16/2023/06/MI_Finance_Positive_Landscape_0098.jpeg"
image_positive_thumbnail_id_2="962"
image_positive_url_2="https://hehge.com/wp-content/uploads/sites/16/2023/06/MI_Finance_Positive_Landscape_0124.jpeg"
image_professor_thumbnail_id_1="1198"
image_professor_url_1="https://hehge.com/wp-content/uploads/sites/16/2023/06/MI_Finance_Professor_Landscape_0032.jpeg"
image_professor_thumbnail_id_2="1196"
image_professor_url_2="https://hehge.com/wp-content/uploads/sites/16/2023/06/MI_Finance_Professor_Landscape_0030.jpeg"
