Symbol="VEL"
AssetType="Common Stock"
Name="Velocity Financial Llc"
Description="Velocity Financial, Inc. is a real estate finance company in the United States. The company is headquartered in Westlake Village, California."
CIK="1692376"
Exchange="NYSE"
Currency="USD"
Country="USA"
Sector="FINANCE"
Industry="FINANCE SERVICES"
Address="30699 RUSSELL RANCH ROAD, BUILDING 111, SUITE 295, WESTLAKE VILLAGE, CA, US"
FiscalYearEnd="December"
LatestQuarter="2023-06-30"
MarketCapitalization="430352000"
EBITDA="None"
PERatio="11.09"
PEGRatio="None"
BookValue="12.27"
DividendPerShare="0"
DividendYield="0"
EPS="1.19"
RevenuePerShareTTM="3.252"
ProfitMargin="0.397"
OperatingMarginTTM="0.551"
ReturnOnAssetsTTM="0.0114"
ReturnOnEquityTTM="0.108"
RevenueTTM="104103000"
GrossProfitTTM="76805000"
DilutedEPSTTM="1.19"
QuarterlyEarningsGrowthYOY="0.142"
QuarterlyRevenueGrowthYOY="0.064"
AnalystTargetPrice="14.75"
TrailingPE="11.09"
ForwardPE="-"
PriceToSalesRatioTTM="3.436"
PriceToBookRatio="0.855"
EVToRevenue="-"
EVToEBITDA="-"
Beta="0.898"
num_52WeekHigh="15.55"
num_52WeekLow="7.81"
num_50DayMovingAverage="12.15"
num_200DayMovingAverage="10.11"
SharesOutstanding="32602400"
DividendDate="None"
ExDividendDate="None"
symbol="VEL"
open="12.97"
high="13.10"
low="12.05"
price="12.75"
volume="21771.00"
latest_trading_day="2023-08-18"
previous_close="13.20"
change="-0.45"
change_percent="-3.4091%"
aroon_positive_momentum_days="54"
aroon_negative_momentum_days="0"
trend_strength="Absent or Weak Trend"
buying_signal="Strong Buy Signal"
volume_analysis="Target Volume"
value_analysis="Expected Range"
Aroon_change="FALSE"
Aroon_momentum="54"
Volume_recent_avg="17531"
Change_recent_avg="0.01"
Delta_recent_avg="0.49"
Variance_recent_avg="0.25"
Change_ratio_recent_avg="-0.1"
RSI_change="FALSE"
ADX_change="FALSE"

event="FALSE"
Aroon_signal="positive"
Aroon_change="FALSE"
Aroon_momentum_positive="54"
Aroon_momentum_negative="46"
image_negative_thumbnail_id_1="146"
image_negative_url_1="https://hehge.com/wp-content/uploads/sites/16/2023/05/MI_Finance_Negative_Landscape_0030.jpeg"
image_negative_thumbnail_id_2="1094"
image_negative_url_2="https://hehge.com/wp-content/uploads/sites/16/2023/06/MI_Finance_Negative_Landscape_0127.jpeg"
image_neutral_thumbnail_id_1="560"
image_neutral_url_1="https://hehge.com/wp-content/uploads/sites/16/2023/06/MI_Finance_Neutral_Landscape_0039.jpeg"
image_neutral_thumbnail_id_2="597"
image_neutral_url_2="https://hehge.com/wp-content/uploads/sites/16/2023/06/MI_Finance_Neutral_Landscape_0002.jpeg"
image_positive_thumbnail_id_1="989"
image_positive_url_1="https://hehge.com/wp-content/uploads/sites/16/2023/06/MI_Finance_Positive_Landscape_0151.jpeg"
image_positive_thumbnail_id_2="686"
image_positive_url_2="https://hehge.com/wp-content/uploads/sites/16/2023/06/MI_Finance_Positive_Landscape_0022.jpeg"
image_professor_thumbnail_id_1="1187"
image_professor_url_1="https://hehge.com/wp-content/uploads/sites/16/2023/06/MI_Finance_Professor_Landscape_0021.jpeg"
image_professor_thumbnail_id_2="1200"
image_professor_url_2="https://hehge.com/wp-content/uploads/sites/16/2023/06/MI_Finance_Professor_Landscape_0034.jpeg"
