Symbol="MBIN"
AssetType="Common Stock"
Name="Merchants Bancorp"
Description="Merchants Bancorp is the diversified bank holding company in the United States. The company is headquartered in Carmel, Indiana."
CIK="1629019"
Exchange="NASDAQ"
Currency="USD"
Country="USA"
Sector="FINANCE"
Industry="STATE COMMERCIAL BANKS"
Address="410 MONON BLVD, CARMEL, IN, US"
FiscalYearEnd="December"
LatestQuarter="2023-06-30"
MarketCapitalization="1288794000"
EBITDA="None"
PERatio="6.6"
PEGRatio="None"
BookValue="24.53"
DividendPerShare="0.3"
DividendYield="0.0106"
EPS="4.52"
RevenuePerShareTTM="10.32"
ProfitMargin="0.53"
OperatingMarginTTM="0.679"
ReturnOnAssetsTTM="0.0175"
ReturnOnEquityTTM="0.169"
RevenueTTM="445317000"
GrossProfitTTM="427192000"
DilutedEPSTTM="4.52"
QuarterlyEarningsGrowthYOY="0.18"
QuarterlyRevenueGrowthYOY="0.075"
AnalystTargetPrice="39.5"
TrailingPE="6.6"
ForwardPE="-"
PriceToSalesRatioTTM="2.478"
PriceToBookRatio="1.173"
EVToRevenue="-"
EVToEBITDA="-"
Beta="1.178"
num_52WeekHigh="33.59"
num_52WeekLow="21.44"
num_50DayMovingAverage="28.28"
num_200DayMovingAverage="26.38"
SharesOutstanding="43233600"
DividendDate="2023-07-03"
ExDividendDate="2023-06-14"
symbol="MBIN"
open="29.97"
high="30.02"
low="29.75"
price="29.81"
volume="30709.00"
latest_trading_day="2023-08-17"
previous_close="30.10"
change="-0.29"
change_percent="-0.9635%"
aroon_positive_momentum_days="43"
aroon_negative_momentum_days="0"
trend_strength="Absent or Weak Trend"
buying_signal="Weak Buy Signal"
volume_analysis="Target Volume"
value_analysis="Expected Range"
Aroon_change="FALSE"
Aroon_momentum="43"
Volume_recent_avg="70433"
Change_recent_avg="0.02"
Delta_recent_avg="0.83"
Variance_recent_avg="0.41"
Change_ratio_recent_avg="0.05"
RSI_change="FALSE"
ADX_change="FALSE"

event="FALSE"
Aroon_signal="positive"
Aroon_change="FALSE"
Aroon_momentum_positive="43"
Aroon_momentum_negative="57"
image_negative_thumbnail_id_1="118"
image_negative_url_1="https://hehge.com/wp-content/uploads/sites/16/2023/05/MI_Finance_Negative_Landscape_0058.jpeg"
image_negative_thumbnail_id_2="117"
image_negative_url_2="https://hehge.com/wp-content/uploads/sites/16/2023/05/MI_Finance_Negative_Landscape_0059.jpeg"
image_neutral_thumbnail_id_1="549"
image_neutral_url_1="https://hehge.com/wp-content/uploads/sites/16/2023/06/MI_Finance_Neutral_Landscape_0050.jpeg"
image_neutral_thumbnail_id_2="579"
image_neutral_url_2="https://hehge.com/wp-content/uploads/sites/16/2023/06/MI_Finance_Neutral_Landscape_0020.jpeg"
image_positive_thumbnail_id_1="668"
image_positive_url_1="https://hehge.com/wp-content/uploads/sites/16/2023/06/MI_Finance_Positive_Landscape_0040.jpeg"
image_positive_thumbnail_id_2="628"
image_positive_url_2="https://hehge.com/wp-content/uploads/sites/16/2023/06/MI_Finance_Positive_Landscape_0080.jpeg"
image_professor_thumbnail_id_1="1200"
image_professor_url_1="https://hehge.com/wp-content/uploads/sites/16/2023/06/MI_Finance_Professor_Landscape_0034.jpeg"
image_professor_thumbnail_id_2="1174"
image_professor_url_2="https://hehge.com/wp-content/uploads/sites/16/2023/06/MI_Finance_Professor_Landscape_0008.jpeg"
