Symbol="CIA"
AssetType="Common Stock"
Name="Citizens Inc"
Description="Citizens, Inc., offers life insurance products in the United States and internationally. The company is headquartered in Austin, Texas."
CIK="24090"
Exchange="NYSE"
Currency="USD"
Country="USA"
Sector="FINANCE"
Industry="LIFE INSURANCE"
Address="400 EAST ANDERSON LANE, AUSTIN, TX, US"
FiscalYearEnd="December"
LatestQuarter="2023-03-31"
MarketCapitalization="122149000"
EBITDA="-7025000"
PERatio="7961.54"
PEGRatio="0"
BookValue="3.095"
DividendPerShare="0"
DividendYield="0"
EPS="-0.0091"
RevenuePerShareTTM="4.658"
ProfitMargin="-0.0352"
OperatingMarginTTM="-0.0323"
ReturnOnAssetsTTM="-0.0028"
ReturnOnEquityTTM="-0.247"
RevenueTTM="233081000"
GrossProfitTTM="39084000"
DilutedEPSTTM="-0.16"
QuarterlyEarningsGrowthYOY="-0.239"
QuarterlyRevenueGrowthYOY="0.01"
AnalystTargetPrice="7"
TrailingPE="-"
ForwardPE="-"
PriceToSalesRatioTTM="0.472"
PriceToBookRatio="1.46"
EVToRevenue="0.508"
EVToEBITDA="-"
Beta="0.231"
num_52WeekHigh="4.125"
num_52WeekLow="1.64"
num_50DayMovingAverage="2.205"
num_200DayMovingAverage="2.625"
SharesOutstanding="49856900"
DividendDate="None"
ExDividendDate="None"
symbol="CIA"
open="2.45"
high="2.49"
low="2.42"
price="2.45"
volume="24564.00"
latest_trading_day="2023-07-14"
previous_close="2.43"
change="0.02"
change_percent="0.8230%"
aroon_positive_momentum_days="33"
aroon_negative_momentum_days="0"
trend_strength="Absent or Weak Trend"
buying_signal="High Volatility / Hold Signal"
volume_analysis="Target Volume"
value_analysis="Expected Range"
Aroon_change="FALSE"
Aroon_momentum="33"
Volume_recent_avg="88126"
Change_recent_avg="0.01"
Delta_recent_avg="0.2"
Variance_recent_avg="0.1"
Change_ratio_recent_avg="-0.05"
RSI_change="FALSE"
ADX_change="FALSE"

event="FALSE"
Aroon_signal="positive"
Aroon_change="FALSE"
Aroon_momentum_positive="33"
Aroon_momentum_negative="67"
image_negative_thumbnail_id_1="1128"
image_negative_url_1="https://hehge.com/wp-content/uploads/sites/16/2023/06/MI_Finance_Negative_Landscape_0161.jpeg"
image_negative_thumbnail_id_2="1102"
image_negative_url_2="https://hehge.com/wp-content/uploads/sites/16/2023/06/MI_Finance_Negative_Landscape_0135.jpeg"
image_neutral_thumbnail_id_1="542"
image_neutral_url_1="https://hehge.com/wp-content/uploads/sites/16/2023/06/MI_Finance_Neutral_Landscape_0057.jpeg"
image_neutral_thumbnail_id_2="522"
image_neutral_url_2="https://hehge.com/wp-content/uploads/sites/16/2023/06/MI_Finance_Neutral_Landscape_0077.jpeg"
image_positive_thumbnail_id_1="605"
image_positive_url_1="https://hehge.com/wp-content/uploads/sites/16/2023/06/MI_Finance_Positive_Landscape_0103.jpeg"
image_positive_thumbnail_id_2="695"
image_positive_url_2="https://hehge.com/wp-content/uploads/sites/16/2023/06/MI_Finance_Positive_Landscape_0013.jpeg"
image_professor_thumbnail_id_1="1191"
image_professor_url_1="https://hehge.com/wp-content/uploads/sites/16/2023/06/MI_Finance_Professor_Landscape_0025.jpeg"
image_professor_thumbnail_id_2="1203"
image_professor_url_2="https://hehge.com/wp-content/uploads/sites/16/2023/06/MI_Finance_Professor_Landscape_0037.jpeg"
aroon_positive_momentum_days="33"
aroon_negative_momentum_days="0"
trend_strength="Absent or Weak Trend"
buying_signal="High Volatility / Hold Signal"
volume_analysis="Target Volume"
value_analysis="Expected Range"
Aroon_change="FALSE"
Aroon_momentum="33"
Volume_recent_avg="88126"
Change_recent_avg="0.01"
Delta_recent_avg="0.2"
Variance_recent_avg="0.1"
Change_ratio_recent_avg="-0.05"
RSI_change="FALSE"
ADX_change="FALSE"

event="FALSE"
Aroon_signal="positive"
Aroon_change="FALSE"
Aroon_momentum_positive="33"
Aroon_momentum_negative="67"
image_negative_thumbnail_id_1="1102"
image_negative_url_1="https://hehge.com/wp-content/uploads/sites/16/2023/06/MI_Finance_Negative_Landscape_0135.jpeg"
image_negative_thumbnail_id_2="134"
image_negative_url_2="https://hehge.com/wp-content/uploads/sites/16/2023/05/MI_Finance_Negative_Landscape_0042.jpeg"
image_neutral_thumbnail_id_1="559"
image_neutral_url_1="https://hehge.com/wp-content/uploads/sites/16/2023/06/MI_Finance_Neutral_Landscape_0040.jpeg"
image_neutral_thumbnail_id_2="596"
image_neutral_url_2="https://hehge.com/wp-content/uploads/sites/16/2023/06/MI_Finance_Neutral_Landscape_0003.jpeg"
image_positive_thumbnail_id_1="965"
image_positive_url_1="https://hehge.com/wp-content/uploads/sites/16/2023/06/MI_Finance_Positive_Landscape_0127.jpeg"
image_positive_thumbnail_id_2="652"
image_positive_url_2="https://hehge.com/wp-content/uploads/sites/16/2023/06/MI_Finance_Positive_Landscape_0056.jpeg"
image_professor_thumbnail_id_1="1191"
image_professor_url_1="https://hehge.com/wp-content/uploads/sites/16/2023/06/MI_Finance_Professor_Landscape_0025.jpeg"
image_professor_thumbnail_id_2="1168"
image_professor_url_2="https://hehge.com/wp-content/uploads/sites/16/2023/06/MI_Finance_Professor_Landscape_0002.jpeg"
