Symbol="LSAK"
AssetType="Common Stock"
Name="Lesaka Technologies Inc"
Description="None"
CIK="1041514"
Exchange="NASDAQ"
Currency="USD"
Country="USA"
Sector="FINANCE"
Industry="FUNCTIONS RELATED TO DEPOSITORY BANKING, NEC"
Address="4TH FLOOR, PRESIDENT PLACE, CNR. JAN SMUTS & BOLTON, ROSEBANK, JOHANNESBURG, ZA"
FiscalYearEnd="June"
LatestQuarter="2023-03-31"
MarketCapitalization="234158000"
EBITDA="8780000"
PERatio="None"
PEGRatio="None"
BookValue="3.319"
DividendPerShare="0"
DividendYield="0"
EPS="-0.61"
RevenuePerShareTTM="8.62"
ProfitMargin="-0.0742"
OperatingMarginTTM="-0.0283"
ReturnOnAssetsTTM="-0.0174"
ReturnOnEquityTTM="-0.169"
RevenueTTM="516611000"
GrossProfitTTM="54292000"
DilutedEPSTTM="-0.61"
QuarterlyEarningsGrowthYOY="0"
QuarterlyRevenueGrowthYOY="2.806"
AnalystTargetPrice="8"
TrailingPE="-"
ForwardPE="-"
PriceToSalesRatioTTM="0.716"
PriceToBookRatio="0.781"
EVToRevenue="1.266"
EVToEBITDA="-27.18"
Beta="1.046"
num_52WeekHigh="5.99"
num_52WeekLow="3.02"
num_50DayMovingAverage="3.744"
num_200DayMovingAverage="4.042"
SharesOutstanding="61620000"
DividendDate="None"
ExDividendDate="None"
symbol="LSAK"
open="3.81"
high="3.90"
low="3.64"
price="3.78"
volume="74015.00"
latest_trading_day="2023-07-26"
previous_close="3.80"
change="-0.02"
change_percent="-0.5263%"
aroon_positive_momentum_days="37"
aroon_negative_momentum_days="0"
trend_strength="Absent or Weak Trend"
buying_signal="High Volatility / Hold Signal"
volume_analysis="Target Volume"
value_analysis="Expected Range"
Aroon_change="FALSE"
Aroon_momentum="37"
Volume_recent_avg="48550"
Change_recent_avg="0.01"
Delta_recent_avg="0.24"
Variance_recent_avg="0.12"
Change_ratio_recent_avg="0.04"
RSI_change="FALSE"
ADX_change="FALSE"

event="FALSE"
Aroon_signal="positive"
Aroon_change="FALSE"
Aroon_momentum_positive="37"
Aroon_momentum_negative="63"
image_negative_thumbnail_id_1="1160"
image_negative_url_1="https://hehge.com/wp-content/uploads/sites/16/2023/06/MI_Finance_Negative_Landscape_0194.jpeg"
image_negative_thumbnail_id_2="129"
image_negative_url_2="https://hehge.com/wp-content/uploads/sites/16/2023/05/MI_Finance_Negative_Landscape_0047.jpeg"
image_neutral_thumbnail_id_1="545"
image_neutral_url_1="https://hehge.com/wp-content/uploads/sites/16/2023/06/MI_Finance_Neutral_Landscape_0054.jpeg"
image_neutral_thumbnail_id_2="549"
image_neutral_url_2="https://hehge.com/wp-content/uploads/sites/16/2023/06/MI_Finance_Neutral_Landscape_0050.jpeg"
image_positive_thumbnail_id_1="980"
image_positive_url_1="https://hehge.com/wp-content/uploads/sites/16/2023/06/MI_Finance_Positive_Landscape_0142.jpeg"
image_positive_thumbnail_id_2="698"
image_positive_url_2="https://hehge.com/wp-content/uploads/sites/16/2023/06/MI_Finance_Positive_Landscape_0010.jpeg"
image_professor_thumbnail_id_1="1195"
image_professor_url_1="https://hehge.com/wp-content/uploads/sites/16/2023/06/MI_Finance_Professor_Landscape_0029.jpeg"
image_professor_thumbnail_id_2="1175"
image_professor_url_2="https://hehge.com/wp-content/uploads/sites/16/2023/06/MI_Finance_Professor_Landscape_0009.jpeg"
