Symbol="IBCP"
AssetType="Common Stock"
Name="Independent Bank Corporation"
Description="Independent Bank Corporation is the bank holding company of Independent Bank providing various banking services to individuals and businesses. The company is headquartered in Grand Rapids, Michigan."
CIK="39311"
Exchange="NASDAQ"
Currency="USD"
Country="USA"
Sector="FINANCE"
Industry="STATE COMMERCIAL BANKS"
Address="4200 E BELTLINE AVE, GRAND RAPIDS, MI, US"
FiscalYearEnd="December"
LatestQuarter="2023-06-30"
MarketCapitalization="431650000"
EBITDA="None"
PERatio="7.28"
PEGRatio="2.33"
BookValue="17.91"
DividendPerShare="0.9"
DividendYield="0.0438"
EPS="2.83"
RevenuePerShareTTM="9.57"
ProfitMargin="0.298"
OperatingMarginTTM="0.38"
ReturnOnAssetsTTM="0.0121"
ReturnOnEquityTTM="0.17"
RevenueTTM="201575000"
GrossProfitTTM="206129000"
DilutedEPSTTM="2.83"
QuarterlyEarningsGrowthYOY="0.148"
QuarterlyRevenueGrowthYOY="0.044"
AnalystTargetPrice="21.8"
TrailingPE="7.28"
ForwardPE="7.73"
PriceToSalesRatioTTM="2.37"
PriceToBookRatio="1.289"
EVToRevenue="-"
EVToEBITDA="-"
Beta="0.96"
num_52WeekHigh="24.1"
num_52WeekLow="14.73"
num_50DayMovingAverage="18.53"
num_200DayMovingAverage="20.39"
SharesOutstanding="20943700"
DividendDate="2023-08-14"
ExDividendDate="2023-08-03"
symbol="IBCP"
open="20.71"
high="20.94"
low="20.44"
price="20.51"
volume="80512.00"
latest_trading_day="2023-08-10"
previous_close="20.61"
change="-0.10"
change_percent="-0.4852%"
aroon_positive_momentum_days="41"
aroon_negative_momentum_days="0"
trend_strength="Absent or Weak Trend"
buying_signal="Strong Buy Signal"
volume_analysis="Target Volume"
value_analysis="Expected Range"
Aroon_change="FALSE"
Aroon_momentum="41"
Volume_recent_avg="90261"
Change_recent_avg="0.02"
Delta_recent_avg="0.6"
Variance_recent_avg="0.3"
Change_ratio_recent_avg="0.05"
RSI_change="FALSE"
ADX_change="FALSE"

event="FALSE"
Aroon_signal="positive"
Aroon_change="FALSE"
Aroon_momentum_positive="41"
Aroon_momentum_negative="59"
image_negative_thumbnail_id_1="106"
image_negative_url_1="https://hehge.com/wp-content/uploads/sites/16/2023/05/MI_Finance_Negative_Landscape_0070.jpeg"
image_negative_thumbnail_id_2="102"
image_negative_url_2="https://hehge.com/wp-content/uploads/sites/16/2023/05/MI_Finance_Negative_Landscape_0074.jpeg"
image_neutral_thumbnail_id_1="578"
image_neutral_url_1="https://hehge.com/wp-content/uploads/sites/16/2023/06/MI_Finance_Neutral_Landscape_0021.jpeg"
image_neutral_thumbnail_id_2="532"
image_neutral_url_2="https://hehge.com/wp-content/uploads/sites/16/2023/06/MI_Finance_Neutral_Landscape_0067.jpeg"
image_positive_thumbnail_id_1="634"
image_positive_url_1="https://hehge.com/wp-content/uploads/sites/16/2023/06/MI_Finance_Positive_Landscape_0074.jpeg"
image_positive_thumbnail_id_2="706"
image_positive_url_2="https://hehge.com/wp-content/uploads/sites/16/2023/06/MI_Finance_Positive_Landscape_0002.jpeg"
image_professor_thumbnail_id_1="1185"
image_professor_url_1="https://hehge.com/wp-content/uploads/sites/16/2023/06/MI_Finance_Professor_Landscape_0019.jpeg"
image_professor_thumbnail_id_2="1187"
image_professor_url_2="https://hehge.com/wp-content/uploads/sites/16/2023/06/MI_Finance_Professor_Landscape_0021.jpeg"
