Symbol="IBCP"
AssetType="Common Stock"
Name="Independent Bank Corporation"
Description="Independent Bank Corporation is the bank holding company of Independent Bank providing various banking services to individuals and businesses. The company is headquartered in Grand Rapids, Michigan."
CIK="39311"
Exchange="NASDAQ"
Currency="USD"
Country="USA"
Sector="FINANCE"
Industry="STATE COMMERCIAL BANKS"
Address="4200 E BELTLINE AVE, GRAND RAPIDS, MI, US"
FiscalYearEnd="December"
LatestQuarter="2023-03-31"
MarketCapitalization="420072000"
EBITDA="None"
PERatio="7.25"
PEGRatio="2.33"
BookValue="17.4"
DividendPerShare="0.89"
DividendYield="0.0464"
EPS="2.74"
RevenuePerShareTTM="9.46"
ProfitMargin="0.293"
OperatingMarginTTM="0.371"
ReturnOnAssetsTTM="0.0118"
ReturnOnEquityTTM="0.161"
RevenueTTM="199439000"
GrossProfitTTM="206129000"
DilutedEPSTTM="2.74"
QuarterlyEarningsGrowthYOY="-0.274"
QuarterlyRevenueGrowthYOY="-0.125"
AnalystTargetPrice="20.1"
TrailingPE="7.25"
ForwardPE="7.73"
PriceToSalesRatioTTM="2.37"
PriceToBookRatio="1.289"
EVToRevenue="-"
EVToEBITDA="-"
Beta="0.934"
num_52WeekHigh="24.37"
num_52WeekLow="14.9"
num_50DayMovingAverage="17.61"
num_200DayMovingAverage="20.35"
SharesOutstanding="21141000"
DividendDate="2023-08-14"
ExDividendDate="2023-08-03"
symbol="IBCP"
open="19.84"
high="20.57"
low="19.53"
price="19.87"
volume="66796.00"
latest_trading_day="2023-07-25"
previous_close="19.84"
change="0.03"
change_percent="0.1512%"
aroon_positive_momentum_days="29"
aroon_negative_momentum_days="0"
trend_strength="Absent or Weak Trend"
buying_signal="Strong Buy Signal"
volume_analysis="Target Volume"
value_analysis="Expected Range"
Aroon_change="FALSE"
Aroon_momentum="29"
Volume_recent_avg="96783"
Change_recent_avg="-0.02"
Delta_recent_avg="0.64"
Variance_recent_avg="0.32"
Change_ratio_recent_avg="-0.13"
RSI_change="FALSE"
ADX_change="FALSE"

event="FALSE"
Aroon_signal="positive"
Aroon_change="FALSE"
Aroon_momentum_positive="29"
Aroon_momentum_negative="71"
image_negative_thumbnail_id_1="99"
image_negative_url_1="https://hehge.com/wp-content/uploads/sites/16/2023/05/MI_Finance_Negative_Landscape_0077.jpeg"
image_negative_thumbnail_id_2="509"
image_negative_url_2="https://hehge.com/wp-content/uploads/sites/16/2023/06/MI_Finance_Negative_Landscape_0096.jpeg"
image_neutral_thumbnail_id_1="535"
image_neutral_url_1="https://hehge.com/wp-content/uploads/sites/16/2023/06/MI_Finance_Neutral_Landscape_0064.jpeg"
image_neutral_thumbnail_id_2="533"
image_neutral_url_2="https://hehge.com/wp-content/uploads/sites/16/2023/06/MI_Finance_Neutral_Landscape_0066.jpeg"
image_positive_thumbnail_id_1="608"
image_positive_url_1="https://hehge.com/wp-content/uploads/sites/16/2023/06/MI_Finance_Positive_Landscape_0100.jpeg"
image_positive_thumbnail_id_2="613"
image_positive_url_2="https://hehge.com/wp-content/uploads/sites/16/2023/06/MI_Finance_Positive_Landscape_0095.jpeg"
image_professor_thumbnail_id_1="1203"
image_professor_url_1="https://hehge.com/wp-content/uploads/sites/16/2023/06/MI_Finance_Professor_Landscape_0037.jpeg"
image_professor_thumbnail_id_2="1181"
image_professor_url_2="https://hehge.com/wp-content/uploads/sites/16/2023/06/MI_Finance_Professor_Landscape_0015.jpeg"
