Symbol="MUFG"
AssetType="Common Stock"
Name="Mitsubishi UFJ Financial Group Inc ADR"
Description="Mitsubishi UFJ Financial Group, Inc., a banking holding company, offers financial services in Japan, the United States, and Asia / Oceania. The company is headquartered in Tokyo, Japan."
CIK="67088"
Exchange="NYSE"
Currency="USD"
Country="USA"
Sector="FINANCE"
Industry="COMMERCIAL BANKS, NEC"
Address="7-1 MARUNOUCHI 2-CHOME, CHIYODA-KU, TOKYO, JP"
FiscalYearEnd="March"
LatestQuarter="2023-06-30"
MarketCapitalization="93835952000"
EBITDA="None"
PERatio="8.93"
PEGRatio="6.52"
BookValue="1503.17"
DividendPerShare="32"
DividendYield="0.0296"
EPS="0.87"
RevenuePerShareTTM="488.26"
ProfitMargin="0.263"
OperatingMarginTTM="0.25"
ReturnOnAssetsTTM="0.0042"
ReturnOnEquityTTM="0.0892"
RevenueTTM="5939641975000"
GrossProfitTTM="2953234000000"
DilutedEPSTTM="0.87"
QuarterlyEarningsGrowthYOY="4.184"
QuarterlyRevenueGrowthYOY="-0.107"
AnalystTargetPrice="8.46"
TrailingPE="8.93"
ForwardPE="8.48"
PriceToSalesRatioTTM="0.0196"
PriceToBookRatio="0.578"
EVToRevenue="-"
EVToEBITDA="-"
Beta="0.783"
num_52WeekHigh="8.19"
num_52WeekLow="4.31"
num_50DayMovingAverage="7.54"
num_200DayMovingAverage="6.76"
SharesOutstanding="12022300000"
DividendDate="2023-07-13"
ExDividendDate="2023-03-30"
symbol="MUFG"
open="7.78"
high="7.79"
low="7.70"
price="7.77"
volume="1839386.00"
latest_trading_day="2023-08-25"
previous_close="7.74"
change="0.03"
change_percent="0.3876%"
aroon_positive_momentum_days="57"
aroon_negative_momentum_days="0"
trend_strength="Absent or Weak Trend"
buying_signal="Weak Buy Signal"
volume_analysis="Target Volume"
value_analysis="Expected Range"
Aroon_change="FALSE"
Aroon_momentum="57"
Volume_recent_avg="3271708"
Change_recent_avg="0.01"
Delta_recent_avg="0.09"
Variance_recent_avg="0.05"
Change_ratio_recent_avg="0.04"
RSI_change="FALSE"
ADX_change="FALSE"

event="FALSE"
Aroon_signal="positive"
Aroon_change="FALSE"
Aroon_momentum_positive="57"
Aroon_momentum_negative="43"
image_negative_thumbnail_id_1="492"
image_negative_url_1="https://hehge.com/wp-content/uploads/sites/16/2023/06/MI_Finance_Negative_Landscape_0113.jpeg"
image_negative_thumbnail_id_2="1121"
image_negative_url_2="https://hehge.com/wp-content/uploads/sites/16/2023/06/MI_Finance_Negative_Landscape_0154.jpeg"
image_neutral_thumbnail_id_1="579"
image_neutral_url_1="https://hehge.com/wp-content/uploads/sites/16/2023/06/MI_Finance_Neutral_Landscape_0020.jpeg"
image_neutral_thumbnail_id_2="567"
image_neutral_url_2="https://hehge.com/wp-content/uploads/sites/16/2023/06/MI_Finance_Neutral_Landscape_0032.jpeg"
image_positive_thumbnail_id_1="1001"
image_positive_url_1="https://hehge.com/wp-content/uploads/sites/16/2023/06/MI_Finance_Positive_Landscape_0163.jpeg"
image_positive_thumbnail_id_2="981"
image_positive_url_2="https://hehge.com/wp-content/uploads/sites/16/2023/06/MI_Finance_Positive_Landscape_0143.jpeg"
image_professor_thumbnail_id_1="1181"
image_professor_url_1="https://hehge.com/wp-content/uploads/sites/16/2023/06/MI_Finance_Professor_Landscape_0015.jpeg"
image_professor_thumbnail_id_2="1197"
image_professor_url_2="https://hehge.com/wp-content/uploads/sites/16/2023/06/MI_Finance_Professor_Landscape_0031.jpeg"
