Symbol="CTBI"
AssetType="Common Stock"
Name="Community Trust Bancorp Inc"
Description="Community Trust Bancorp, Inc. is the banking holding company for Community Trust Bank, Inc. providing commercial and personal banking services to small and medium-sized communities. The company is headquartered in Pikeville, Kentucky."
CIK="350852"
Exchange="NASDAQ"
Currency="USD"
Country="USA"
Sector="FINANCE"
Industry="STATE COMMERCIAL BANKS"
Address="346 NORTH MAYO TRAIL, P.O. BOX 2947, PIKEVILLE, KY, US"
FiscalYearEnd="December"
LatestQuarter="2023-03-31"
MarketCapitalization="653528000"
EBITDA="None"
PERatio="7.93"
PEGRatio="3.55"
BookValue="36.54"
DividendPerShare="1.72"
DividendYield="0.0491"
EPS="4.58"
RevenuePerShareTTM="12.42"
ProfitMargin="0.367"
OperatingMarginTTM="0.467"
ReturnOnAssetsTTM="0.0148"
ReturnOnEquityTTM="0.124"
RevenueTTM="221756000"
GrossProfitTTM="219260000"
DilutedEPSTTM="4.58"
QuarterlyEarningsGrowthYOY="-0.024"
QuarterlyRevenueGrowthYOY="0.047"
AnalystTargetPrice="45"
TrailingPE="7.93"
ForwardPE="-"
PriceToSalesRatioTTM="3.742"
PriceToBookRatio="1.385"
EVToRevenue="-"
EVToEBITDA="-"
Beta="0.712"
num_52WeekHigh="46.55"
num_52WeekLow="32.31"
num_50DayMovingAverage="35.75"
num_200DayMovingAverage="41.37"
SharesOutstanding="17983700"
DividendDate="2023-07-03"
ExDividendDate="2023-06-14"
symbol="CTBI"
open="35.94"
high="36.63"
low="35.25"
price="35.59"
volume="34118.00"
latest_trading_day="2023-07-06"
previous_close="36.14"
change="-0.55"
change_percent="-1.5219%"
aroon_positive_momentum_days="14"
aroon_negative_momentum_days="0"
trend_strength="Absent or Weak Trend"
buying_signal="Weak Buy Signal"
volume_analysis="Target Volume"
value_analysis="Expected Range"
Aroon_change="FALSE"
Aroon_momentum="14"
Volume_recent_avg="56679"
Change_recent_avg="-0.12"
Delta_recent_avg="1.05"
Variance_recent_avg="0.53"
Change_ratio_recent_avg="-0.33"
RSI_change="FALSE"
ADX_change="FALSE"

event="FALSE"
Aroon_signal="positive"
Aroon_change="FALSE"
Aroon_momentum_positive="14"
Aroon_momentum_negative="86"
image_negative_thumbnail_id_1="1112"
image_negative_url_1="https://hehge.com/wp-content/uploads/sites/16/2023/06/MI_Finance_Negative_Landscape_0145.jpeg"
image_negative_thumbnail_id_2="1153"
image_negative_url_2="https://hehge.com/wp-content/uploads/sites/16/2023/06/MI_Finance_Negative_Landscape_0186.jpeg"
image_neutral_thumbnail_id_1="593"
image_neutral_url_1="https://hehge.com/wp-content/uploads/sites/16/2023/06/MI_Finance_Neutral_Landscape_0006.jpeg"
image_neutral_thumbnail_id_2="588"
image_neutral_url_2="https://hehge.com/wp-content/uploads/sites/16/2023/06/MI_Finance_Neutral_Landscape_0011.jpeg"
image_positive_thumbnail_id_1="1008"
image_positive_url_1="https://hehge.com/wp-content/uploads/sites/16/2023/06/MI_Finance_Positive_Landscape_0170.jpeg"
image_positive_thumbnail_id_2="641"
image_positive_url_2="https://hehge.com/wp-content/uploads/sites/16/2023/06/MI_Finance_Positive_Landscape_0067.jpeg"
image_professor_thumbnail_id_1="1188"
image_professor_url_1="https://hehge.com/wp-content/uploads/sites/16/2023/06/MI_Finance_Professor_Landscape_0022.jpeg"
image_professor_thumbnail_id_2="1176"
image_professor_url_2="https://hehge.com/wp-content/uploads/sites/16/2023/06/MI_Finance_Professor_Landscape_0010.jpeg"
