Symbol="PNFPP"
AssetType="Preferred Stock"
Name="Pinnacle Financial Partners Inc"
Description="Pinnacle Financial Partners, Inc., is the banking holding company for Pinnacle Bank offering various banking products and services in the United States. The company is headquartered in Nashville, Tennessee."
CIK="1115055"
Exchange="NASDAQ"
Currency="USD"
Country="USA"
Sector="FINANCE"
Industry="NATIONAL COMMERCIAL BANKS"
Address="150 THIRD AVENUE SOUTH, SUITE 900, NASHVILLE, TN, US"
FiscalYearEnd="December"
LatestQuarter="2023-03-31"
MarketCapitalization="None"
EBITDA="None"
PERatio="3.448"
PEGRatio="None"
BookValue="71.87"
DividendPerShare="0.88"
DividendYield="0.0712"
EPS="6.79"
RevenuePerShareTTM="20.05"
ProfitMargin="0.374"
OperatingMarginTTM="0.473"
ReturnOnAssetsTTM="0.0135"
ReturnOnEquityTTM="0.104"
RevenueTTM="1520234000"
GrossProfitTTM="1477492000"
DilutedEPSTTM="6.79"
QuarterlyEarningsGrowthYOY="0.065"
QuarterlyRevenueGrowthYOY="0.126"
AnalystTargetPrice="None"
TrailingPE="3.448"
ForwardPE="-"
PriceToSalesRatioTTM="-"
PriceToBookRatio="-"
EVToRevenue="-"
EVToEBITDA="-"
Beta="1.125"
num_52WeekHigh="25.9"
num_52WeekLow="18.98"
num_50DayMovingAverage="22.32"
num_200DayMovingAverage="23.94"
SharesOutstanding="0"
DividendDate="2023-06-01"
ExDividendDate="2023-05-16"
symbol="PNFPP"
open="23.44"
high="23.68"
low="23.15"
price="23.39"
volume="8505.00"
latest_trading_day="2023-07-18"
previous_close="23.10"
change="0.29"
change_percent="1.2554%"
aroon_positive_momentum_days="11"
aroon_negative_momentum_days="0"
trend_strength="Absent or Weak Trend"
buying_signal="Strong Buy Signal"
volume_analysis="Target Volume"
value_analysis="Expected Range"
Aroon_change="TRUE"
Aroon_momentum="11"
Volume_recent_avg="19814"
Change_recent_avg="-0.04"
Delta_recent_avg="0.93"
Variance_recent_avg="0.46"
Change_ratio_recent_avg="-0.23"
RSI_change="FALSE"
ADX_change="FALSE"
Aroon_signal="positive"
Aroon_change="TRUE"
Aroon_momentum_positive="11"
Aroon_momentum_negative="89"
image_negative_thumbnail_id_1="126"
image_negative_url_1="https://hehge.com/wp-content/uploads/sites/16/2023/05/MI_Finance_Negative_Landscape_0050.jpeg"
image_negative_thumbnail_id_2="514"
image_negative_url_2="https://hehge.com/wp-content/uploads/sites/16/2023/06/MI_Finance_Negative_Landscape_0091.jpeg"
image_neutral_thumbnail_id_1="552"
image_neutral_url_1="https://hehge.com/wp-content/uploads/sites/16/2023/06/MI_Finance_Neutral_Landscape_0047.jpeg"
image_neutral_thumbnail_id_2="581"
image_neutral_url_2="https://hehge.com/wp-content/uploads/sites/16/2023/06/MI_Finance_Neutral_Landscape_0018.jpeg"
image_positive_thumbnail_id_1="968"
image_positive_url_1="https://hehge.com/wp-content/uploads/sites/16/2023/06/MI_Finance_Positive_Landscape_0130.jpeg"
image_positive_thumbnail_id_2="621"
image_positive_url_2="https://hehge.com/wp-content/uploads/sites/16/2023/06/MI_Finance_Positive_Landscape_0087.jpeg"
image_professor_thumbnail_id_1="1171"
image_professor_url_1="https://hehge.com/wp-content/uploads/sites/16/2023/06/MI_Finance_Professor_Landscape_0005.jpeg"
image_professor_thumbnail_id_2="1204"
image_professor_url_2="https://hehge.com/wp-content/uploads/sites/16/2023/06/MI_Finance_Professor_Landscape_0038.jpeg"
