Symbol="RELI"
AssetType="Common Stock"
Name="Reliance Global Group Inc"
Description="Reliance Global Group, Inc. is engaged in the acquisition and management of wholesale and retail insurance agencies in the United States. The company is headquartered in Lakewood, New Jersey."
CIK="1812727"
Exchange="NASDAQ"
Currency="USD"
Country="USA"
Sector="FINANCE"
Industry="INSURANCE AGENTS, BROKERS & SERVICE"
Address="300 BOULEVARD OF THE AMERICAS,, SUITE 105, LAKEWOOD, NJ, US"
FiscalYearEnd="December"
LatestQuarter="2023-06-30"
MarketCapitalization="4501700"
EBITDA="-2448707"
PERatio="None"
PEGRatio="None"
BookValue="7.31"
DividendPerShare="0"
DividendYield="0"
EPS="-1.07"
RevenuePerShareTTM="15.3"
ProfitMargin="0"
OperatingMarginTTM="0"
ReturnOnAssetsTTM="-0.0782"
ReturnOnEquityTTM="-0.0032"
RevenueTTM="17636300"
GrossProfitTTM="2610100"
DilutedEPSTTM="-1.07"
QuarterlyEarningsGrowthYOY="0"
QuarterlyRevenueGrowthYOY="0.288"
AnalystTargetPrice="7"
TrailingPE="-"
ForwardPE="-"
PriceToSalesRatioTTM="0.728"
PriceToBookRatio="0.395"
EVToRevenue="1.73"
EVToEBITDA="-6.4"
Beta="-0.243"
num_52WeekHigh="15.3"
num_52WeekLow="2.5"
num_50DayMovingAverage="4.121"
num_200DayMovingAverage="6.02"
SharesOutstanding="1631000"
DividendDate="None"
ExDividendDate="None"
symbol="RELI"
open="2.95"
high="2.95"
low="2.75"
price="2.76"
volume="22044.00"
latest_trading_day="2023-08-14"
previous_close="2.94"
change="-0.18"
change_percent="-6.1224%"
aroon_positive_momentum_days="0"
aroon_negative_momentum_days="61"
trend_strength="Absent or Weak Trend"
buying_signal="Strong Sell Signal"
volume_analysis="Target Volume"
value_analysis="Expected Range"
Aroon_change="FALSE"
Aroon_momentum="39"
Volume_recent_avg="66655"
Change_recent_avg="-0.05"
Delta_recent_avg="0.33"
Variance_recent_avg="0.17"
Change_ratio_recent_avg="-1.35"
RSI_change="FALSE"
ADX_change="FALSE"

event="FALSE"
Aroon_signal="negative"
Aroon_change="FALSE"
Aroon_momentum_positive="39"
Aroon_momentum_negative="61"
image_negative_thumbnail_id_1="166"
image_negative_url_1="https://hehge.com/wp-content/uploads/sites/16/2023/05/MI_Finance_Negative_Landscape_0010.jpeg"
image_negative_thumbnail_id_2="1088"
image_negative_url_2="https://hehge.com/wp-content/uploads/sites/16/2023/06/MI_Finance_Negative_Landscape_0121.jpeg"
image_neutral_thumbnail_id_1="544"
image_neutral_url_1="https://hehge.com/wp-content/uploads/sites/16/2023/06/MI_Finance_Neutral_Landscape_0055.jpeg"
image_neutral_thumbnail_id_2="528"
image_neutral_url_2="https://hehge.com/wp-content/uploads/sites/16/2023/06/MI_Finance_Neutral_Landscape_0071.jpeg"
image_positive_thumbnail_id_1="994"
image_positive_url_1="https://hehge.com/wp-content/uploads/sites/16/2023/06/MI_Finance_Positive_Landscape_0156.jpeg"
image_positive_thumbnail_id_2="977"
image_positive_url_2="https://hehge.com/wp-content/uploads/sites/16/2023/06/MI_Finance_Positive_Landscape_0139.jpeg"
image_professor_thumbnail_id_1="1181"
image_professor_url_1="https://hehge.com/wp-content/uploads/sites/16/2023/06/MI_Finance_Professor_Landscape_0015.jpeg"
image_professor_thumbnail_id_2="1172"
image_professor_url_2="https://hehge.com/wp-content/uploads/sites/16/2023/06/MI_Finance_Professor_Landscape_0006.jpeg"
