Symbol="RELI"
AssetType="Common Stock"
Name="Reliance Global Group Inc"
Description="Reliance Global Group, Inc. is engaged in the acquisition and management of wholesale and retail insurance agencies in the United States. The company is headquartered in Lakewood, New Jersey."
CIK="1812727"
Exchange="NASDAQ"
Currency="USD"
Country="USA"
Sector="FINANCE"
Industry="INSURANCE AGENTS, BROKERS & SERVICE"
Address="300 BLVD. OF THE AMERICAS, SUITE 105, LAKEWOOD, NJ, UNITED STATES"
FiscalYearEnd="December"
LatestQuarter="2023-03-31"
MarketCapitalization="5333500"
EBITDA="-2448707"
PERatio="None"
PEGRatio="None"
BookValue="7.81"
DividendPerShare="0"
DividendYield="0"
EPS="-1.07"
RevenuePerShareTTM="14.24"
ProfitMargin="-0.264"
OperatingMarginTTM="-0.302"
ReturnOnAssetsTTM="-0.0782"
ReturnOnEquityTTM="-0.0032"
RevenueTTM="17636300"
GrossProfitTTM="2610100"
DilutedEPSTTM="-1.07"
QuarterlyEarningsGrowthYOY="0"
QuarterlyRevenueGrowthYOY="0.288"
AnalystTargetPrice="7"
TrailingPE="-"
ForwardPE="-"
PriceToSalesRatioTTM="0.728"
PriceToBookRatio="0.395"
EVToRevenue="1.73"
EVToEBITDA="-6.4"
Beta="-0.195"
num_52WeekHigh="17.25"
num_52WeekLow="2.5"
num_50DayMovingAverage="4.397"
num_200DayMovingAverage="6.43"
SharesOutstanding="1631000"
DividendDate="None"
ExDividendDate="None"
symbol="RELI"
open="3.38"
high="3.51"
low="3.27"
price="3.27"
volume="13255.00"
latest_trading_day="2023-07-28"
previous_close="3.44"
change="-0.17"
change_percent="-4.9419%"
aroon_positive_momentum_days="39"
aroon_negative_momentum_days="0"
trend_strength="Absent or Weak Trend"
buying_signal="Weak Buy Signal"
volume_analysis="Target Volume"
value_analysis="Expected Range"
Aroon_change="FALSE"
Aroon_momentum="39"
Volume_recent_avg="79415"
Change_recent_avg="-0.06"
Delta_recent_avg="0.37"
Variance_recent_avg="0.18"
Change_ratio_recent_avg="-1.78"
RSI_change="FALSE"
ADX_change="FALSE"

event="FALSE"
Aroon_signal="positive"
Aroon_change="FALSE"
Aroon_momentum_positive="39"
Aroon_momentum_negative="61"
image_negative_thumbnail_id_1="143"
image_negative_url_1="https://hehge.com/wp-content/uploads/sites/16/2023/05/MI_Finance_Negative_Landscape_0033.jpeg"
image_negative_thumbnail_id_2="518"
image_negative_url_2="https://hehge.com/wp-content/uploads/sites/16/2023/06/MI_Finance_Negative_Landscape_0087.jpeg"
image_neutral_thumbnail_id_1="545"
image_neutral_url_1="https://hehge.com/wp-content/uploads/sites/16/2023/06/MI_Finance_Neutral_Landscape_0054.jpeg"
image_neutral_thumbnail_id_2="586"
image_neutral_url_2="https://hehge.com/wp-content/uploads/sites/16/2023/06/MI_Finance_Neutral_Landscape_0013.jpeg"
image_positive_thumbnail_id_1="686"
image_positive_url_1="https://hehge.com/wp-content/uploads/sites/16/2023/06/MI_Finance_Positive_Landscape_0022.jpeg"
image_positive_thumbnail_id_2="669"
image_positive_url_2="https://hehge.com/wp-content/uploads/sites/16/2023/06/MI_Finance_Positive_Landscape_0039.jpeg"
image_professor_thumbnail_id_1="1171"
image_professor_url_1="https://hehge.com/wp-content/uploads/sites/16/2023/06/MI_Finance_Professor_Landscape_0005.jpeg"
image_professor_thumbnail_id_2="1180"
image_professor_url_2="https://hehge.com/wp-content/uploads/sites/16/2023/06/MI_Finance_Professor_Landscape_0014.jpeg"
