Symbol="GS"
AssetType="Common Stock"
Name="Goldman Sachs Group Inc"
Description="The Goldman Sachs Group, Inc., is an American multinational investment bank and financial services company headquartered in New York City. It offers services in investment management, securities, asset management, prime brokerage, and securities underwriting. It also provides investment banking to institutional investors."
CIK="886982"
Exchange="NYSE"
Currency="USD"
Country="USA"
Sector="FINANCE"
Industry="SECURITY BROKERS, DEALERS & FLOTATION COMPANIES"
Address="200 WEST STREET, NEW YORK, NY, US"
FiscalYearEnd="December"
LatestQuarter="2023-06-30"
MarketCapitalization="112220000000"
EBITDA="None"
PERatio="10.59"
PEGRatio="1.253"
BookValue="303.87"
DividendPerShare="10"
DividendYield="0.0316"
EPS="23.44"
RevenuePerShareTTM="125.83"
ProfitMargin="0.202"
OperatingMarginTTM="0.299"
ReturnOnAssetsTTM="0.0056"
ReturnOnEquityTTM="7.8"
RevenueTTM="43755999000"
GrossProfitTTM="37530000000"
DilutedEPSTTM="23.51"
QuarterlyEarningsGrowthYOY="-0.601"
QuarterlyRevenueGrowthYOY="-0.082"
AnalystTargetPrice="349.42"
TrailingPE="14.58"
ForwardPE="9.21"
PriceToSalesRatioTTM="2.503"
PriceToBookRatio="1.124"
EVToRevenue="-"
EVToEBITDA="-"
Beta="1.385"
num_52WeekHigh="381.38"
num_52WeekLow="281.7"
num_50DayMovingAverage="334.44"
num_200DayMovingAverage="344.14"
SharesOutstanding="332448000"
DividendDate="2023-09-28"
ExDividendDate="2023-08-30"
symbol="GS"
open="339.93"
high="341.79"
low="337.55"
price="340.73"
volume="1256837.00"
latest_trading_day="2023-08-11"
previous_close="340.40"
change="0.33"
change_percent="0.0969%"
aroon_positive_momentum_days="30"
aroon_negative_momentum_days="0"
trend_strength="Absent or Weak Trend"
buying_signal="Weak Buy Signal"
volume_analysis="Target Volume"
value_analysis="Expected Range"
Aroon_change="FALSE"
Aroon_momentum="30"
Volume_recent_avg="2238015"
Change_recent_avg="0.17"
Delta_recent_avg="6.08"
Variance_recent_avg="3.04"
Change_ratio_recent_avg="0.04"
RSI_change="FALSE"
ADX_change="FALSE"

event="FALSE"
Aroon_signal="positive"
Aroon_change="FALSE"
Aroon_momentum_positive="30"
Aroon_momentum_negative="70"
image_negative_thumbnail_id_1="94"
image_negative_url_1="https://hehge.com/wp-content/uploads/sites/16/2023/05/MI_Finance_Negative_Landscape_0082.jpeg"
image_negative_thumbnail_id_2="499"
image_negative_url_2="https://hehge.com/wp-content/uploads/sites/16/2023/06/MI_Finance_Negative_Landscape_0106.jpeg"
image_neutral_thumbnail_id_1="589"
image_neutral_url_1="https://hehge.com/wp-content/uploads/sites/16/2023/06/MI_Finance_Neutral_Landscape_0010.jpeg"
image_neutral_thumbnail_id_2="580"
image_neutral_url_2="https://hehge.com/wp-content/uploads/sites/16/2023/06/MI_Finance_Neutral_Landscape_0019.jpeg"
image_positive_thumbnail_id_1="962"
image_positive_url_1="https://hehge.com/wp-content/uploads/sites/16/2023/06/MI_Finance_Positive_Landscape_0124.jpeg"
image_positive_thumbnail_id_2="641"
image_positive_url_2="https://hehge.com/wp-content/uploads/sites/16/2023/06/MI_Finance_Positive_Landscape_0067.jpeg"
image_professor_thumbnail_id_1="1203"
image_professor_url_1="https://hehge.com/wp-content/uploads/sites/16/2023/06/MI_Finance_Professor_Landscape_0037.jpeg"
image_professor_thumbnail_id_2="1173"
image_professor_url_2="https://hehge.com/wp-content/uploads/sites/16/2023/06/MI_Finance_Professor_Landscape_0007.jpeg"
